2026-06-06 03:00:03,175 [INFO] Browser launched
2026-06-06 03:00:03,622 [INFO] Browser context and page created
2026-06-06 03:00:03,622 [INFO] Navigation attempt 1/3 to https://www.msport.com/ng/web/virtual
2026-06-06 03:00:17,892 [DEBUG] networkidle wait timeout (non-critical)
2026-06-06 03:00:17,892 [INFO] Navigation OK — URL: https://www.msport.com/ng/web/welcome
2026-06-06 03:00:17,897 [DEBUG] Playwright event listeners installed
2026-06-06 03:00:17,897 [WARNING] Requestly SDK not found at /tmp/node_modules/@requestly/web-sdk/dist/requestly-web-sdk.min.js — skipping Layer 2
2026-06-06 03:02:17,968 [INFO] HEARTBEAT — elapsed=136s events=39 requestly=0 url=https://www.msport.com/ng/web/welcome
2026-06-06 03:04:18,032 [INFO] HEARTBEAT — elapsed=257s events=79 requestly=0 url=https://www.msport.com/ng/web/welcome
2026-06-06 03:06:18,122 [INFO] HEARTBEAT — elapsed=377s events=119 requestly=0 url=https://www.msport.com/ng/web/welcome
2026-06-06 03:08:18,224 [INFO] HEARTBEAT — elapsed=497s events=160 requestly=0 url=https://www.msport.com/ng/web/welcome
2026-06-06 03:10:18,360 [INFO] HEARTBEAT — elapsed=617s events=197 requestly=0 url=https://www.msport.com/ng/web/welcome
2026-06-06 03:12:18,416 [INFO] HEARTBEAT — elapsed=737s events=235 requestly=0 url=https://www.msport.com/ng/web/welcome
2026-06-06 03:14:18,493 [INFO] HEARTBEAT — elapsed=857s events=275 requestly=0 url=https://www.msport.com/ng/web/welcome
2026-06-06 03:16:18,534 [INFO] HEARTBEAT — elapsed=977s events=314 requestly=0 url=https://www.msport.com/ng/web/welcome
2026-06-06 03:18:18,581 [INFO] HEARTBEAT — elapsed=1097s events=355 requestly=0 url=https://www.msport.com/ng/web/welcome
2026-06-06 03:20:18,646 [INFO] HEARTBEAT — elapsed=1217s events=395 requestly=0 url=https://www.msport.com/ng/web/welcome
2026-06-06 03:22:18,706 [INFO] HEARTBEAT — elapsed=1337s events=435 requestly=0 url=https://www.msport.com/ng/web/welcome
2026-06-06 03:24:18,756 [INFO] HEARTBEAT — elapsed=1457s events=474 requestly=0 url=https://www.msport.com/ng/web/welcome
2026-06-06 03:26:18,826 [INFO] HEARTBEAT — elapsed=1577s events=514 requestly=0 url=https://www.msport.com/ng/web/welcome
2026-06-06 03:28:18,884 [INFO] HEARTBEAT — elapsed=1697s events=555 requestly=0 url=https://www.msport.com/ng/web/welcome
2026-06-06 03:30:01,514 [INFO] Capture complete (1800s elapsed)
2026-06-06 03:30:01,514 [INFO] Finalizing capture (status=completed, duration=1800s)
2026-06-06 03:30:01,603 [DEBUG] Browser closed
2026-06-06 03:30:01,607 [INFO] Index metadata written: /home/ubuntu/faith-workspace/vfl-empire/network-capture/2026-06-06_030001/index.json
2026-06-06 03:30:01,607 [INFO] Capture finalized. Output: /home/ubuntu/faith-workspace/vfl-empire/network-capture/2026-06-06_030001
2026-06-06 03:30:01,634 [INFO] Successfully captured 589 Playwright events and 0 Requestly events
