2026-06-03 18:00:01,992 [INFO] Browser launched
2026-06-03 18:00:02,105 [INFO] Browser context and page created
2026-06-03 18:00:02,105 [INFO] Navigation attempt 1/3 to https://www.msport.com/ng/web/virtual
2026-06-03 18:00:16,745 [DEBUG] networkidle wait timeout (non-critical)
2026-06-03 18:00:16,745 [INFO] Navigation OK — URL: https://www.msport.com/ng/web/welcome
2026-06-03 18:00:16,748 [DEBUG] Playwright event listeners installed
2026-06-03 18:00:16,748 [WARNING] Requestly SDK not found at /tmp/node_modules/@requestly/web-sdk/dist/requestly-web-sdk.min.js — skipping Layer 2
2026-06-03 18:02:16,849 [INFO] HEARTBEAT — elapsed=135s events=37 requestly=0 url=https://www.msport.com/ng/web/welcome
2026-06-03 18:04:16,923 [INFO] HEARTBEAT — elapsed=255s events=74 requestly=0 url=https://www.msport.com/ng/web/welcome
2026-06-03 18:06:17,007 [INFO] HEARTBEAT — elapsed=376s events=111 requestly=0 url=https://www.msport.com/ng/web/welcome
2026-06-03 18:08:17,103 [INFO] HEARTBEAT — elapsed=496s events=149 requestly=0 url=https://www.msport.com/ng/web/welcome
2026-06-03 18:10:17,184 [INFO] HEARTBEAT — elapsed=616s events=185 requestly=0 url=https://www.msport.com/ng/web/welcome
2026-06-03 18:12:17,255 [INFO] HEARTBEAT — elapsed=736s events=222 requestly=0 url=https://www.msport.com/ng/web/welcome
2026-06-03 18:14:17,353 [INFO] HEARTBEAT — elapsed=856s events=259 requestly=0 url=https://www.msport.com/ng/web/welcome
2026-06-03 18:16:17,417 [INFO] HEARTBEAT — elapsed=976s events=297 requestly=0 url=https://www.msport.com/ng/web/welcome
2026-06-03 18:18:17,493 [INFO] HEARTBEAT — elapsed=1096s events=334 requestly=0 url=https://www.msport.com/ng/web/welcome
2026-06-03 18:20:17,561 [INFO] HEARTBEAT — elapsed=1216s events=371 requestly=0 url=https://www.msport.com/ng/web/welcome
2026-06-03 18:22:17,626 [INFO] HEARTBEAT — elapsed=1336s events=408 requestly=0 url=https://www.msport.com/ng/web/welcome
2026-06-03 18:24:17,720 [INFO] HEARTBEAT — elapsed=1456s events=446 requestly=0 url=https://www.msport.com/ng/web/welcome
2026-06-03 18:26:17,766 [INFO] HEARTBEAT — elapsed=1576s events=483 requestly=0 url=https://www.msport.com/ng/web/welcome
2026-06-03 18:28:17,838 [INFO] HEARTBEAT — elapsed=1696s events=521 requestly=0 url=https://www.msport.com/ng/web/welcome
2026-06-03 18:30:01,487 [INFO] Capture complete (1800s elapsed)
2026-06-03 18:30:01,487 [INFO] Finalizing capture (status=completed, duration=1800s)
2026-06-03 18:30:01,691 [DEBUG] Browser closed
2026-06-03 18:30:01,695 [INFO] Index metadata written: /home/ubuntu/faith-workspace/vfl-empire/network-capture/2026-06-03_180001/index.json
2026-06-03 18:30:01,695 [INFO] Capture finalized. Output: /home/ubuntu/faith-workspace/vfl-empire/network-capture/2026-06-03_180001
2026-06-03 18:30:01,717 [INFO] Successfully captured 553 Playwright events and 0 Requestly events
