2026-06-14 00:00:02,681 [INFO] Browser launched
2026-06-14 00:00:03,205 [INFO] Browser context and page created
2026-06-14 00:00:03,206 [INFO] Navigation attempt 1/3 to https://www.msport.com/ng/web/virtual
2026-06-14 00:00:08,892 [INFO] Navigation OK — URL: https://www.msport.com/ng/web/welcome
2026-06-14 00:00:08,909 [DEBUG] Playwright event listeners installed
2026-06-14 00:00:08,909 [WARNING] Requestly SDK not found at /tmp/node_modules/@requestly/web-sdk/dist/requestly-web-sdk.min.js — skipping Layer 2
2026-06-14 00:02:09,105 [INFO] HEARTBEAT — elapsed=128s events=45 requestly=0 url=https://www.msport.com/ng/web/welcome
2026-06-14 00:04:09,202 [INFO] HEARTBEAT — elapsed=248s events=72 requestly=0 url=https://www.msport.com/ng/web/welcome
2026-06-14 00:06:09,449 [INFO] HEARTBEAT — elapsed=368s events=99 requestly=0 url=https://www.msport.com/ng/web/welcome
2026-06-14 00:08:09,562 [INFO] HEARTBEAT — elapsed=488s events=126 requestly=0 url=https://www.msport.com/ng/web/welcome
2026-06-14 00:10:09,794 [INFO] HEARTBEAT — elapsed=608s events=153 requestly=0 url=https://www.msport.com/ng/web/welcome
2026-06-14 00:12:09,929 [INFO] HEARTBEAT — elapsed=728s events=180 requestly=0 url=https://www.msport.com/ng/web/welcome
2026-06-14 00:14:10,211 [INFO] HEARTBEAT — elapsed=849s events=206 requestly=0 url=https://www.msport.com/ng/web/welcome
2026-06-14 00:16:10,476 [INFO] HEARTBEAT — elapsed=969s events=233 requestly=0 url=https://www.msport.com/ng/web/welcome
2026-06-14 00:18:10,651 [INFO] HEARTBEAT — elapsed=1089s events=260 requestly=0 url=https://www.msport.com/ng/web/welcome
2026-06-14 00:20:10,791 [INFO] HEARTBEAT — elapsed=1209s events=286 requestly=0 url=https://www.msport.com/ng/web/welcome
2026-06-14 00:22:10,904 [INFO] HEARTBEAT — elapsed=1329s events=312 requestly=0 url=https://www.msport.com/ng/web/welcome
2026-06-14 00:24:11,025 [INFO] HEARTBEAT — elapsed=1449s events=338 requestly=0 url=https://www.msport.com/ng/web/welcome
2026-06-14 00:26:11,129 [INFO] HEARTBEAT — elapsed=1570s events=365 requestly=0 url=https://www.msport.com/ng/web/welcome
2026-06-14 00:28:11,330 [INFO] HEARTBEAT — elapsed=1690s events=392 requestly=0 url=https://www.msport.com/ng/web/welcome
2026-06-14 00:30:01,576 [INFO] Capture complete (1800s elapsed)
2026-06-14 00:30:01,576 [INFO] Finalizing capture (status=completed, duration=1800s)
2026-06-14 00:30:01,822 [DEBUG] Browser closed
2026-06-14 00:30:01,828 [INFO] Index metadata written: /home/ubuntu/faith-workspace/vfl-empire/network-capture/2026-06-14_000001/index.json
2026-06-14 00:30:01,828 [INFO] Capture finalized. Output: /home/ubuntu/faith-workspace/vfl-empire/network-capture/2026-06-14_000001
2026-06-14 00:30:01,892 [INFO] Successfully captured 417 Playwright events and 0 Requestly events
