2026-06-04 00:00:02,533 [INFO] Browser launched
2026-06-04 00:00:02,607 [INFO] Browser context and page created
2026-06-04 00:00:02,607 [INFO] Navigation attempt 1/3 to https://www.msport.com/ng/web/virtual
2026-06-04 00:00:17,405 [DEBUG] networkidle wait timeout (non-critical)
2026-06-04 00:00:17,405 [INFO] Navigation OK — URL: https://www.msport.com/ng/web/welcome
2026-06-04 00:00:17,410 [DEBUG] Playwright event listeners installed
2026-06-04 00:00:17,411 [WARNING] Requestly SDK not found at /tmp/node_modules/@requestly/web-sdk/dist/requestly-web-sdk.min.js — skipping Layer 2
2026-06-04 00:02:17,515 [INFO] HEARTBEAT — elapsed=136s events=38 requestly=0 url=https://www.msport.com/ng/web/welcome
2026-06-04 00:04:17,603 [INFO] HEARTBEAT — elapsed=256s events=75 requestly=0 url=https://www.msport.com/ng/web/welcome
2026-06-04 00:06:17,645 [INFO] HEARTBEAT — elapsed=376s events=113 requestly=0 url=https://www.msport.com/ng/web/welcome
2026-06-04 00:08:17,714 [INFO] HEARTBEAT — elapsed=496s events=151 requestly=0 url=https://www.msport.com/ng/web/welcome
2026-06-04 00:10:17,773 [INFO] HEARTBEAT — elapsed=616s events=189 requestly=0 url=https://www.msport.com/ng/web/welcome
2026-06-04 00:12:17,847 [INFO] HEARTBEAT — elapsed=736s events=228 requestly=0 url=https://www.msport.com/ng/web/welcome
2026-06-04 00:14:17,911 [INFO] HEARTBEAT — elapsed=856s events=266 requestly=0 url=https://www.msport.com/ng/web/welcome
2026-06-04 00:16:17,991 [INFO] HEARTBEAT — elapsed=976s events=304 requestly=0 url=https://www.msport.com/ng/web/welcome
2026-06-04 00:18:18,074 [INFO] HEARTBEAT — elapsed=1096s events=342 requestly=0 url=https://www.msport.com/ng/web/welcome
2026-06-04 00:20:18,183 [INFO] HEARTBEAT — elapsed=1216s events=381 requestly=0 url=https://www.msport.com/ng/web/welcome
2026-06-04 00:22:18,269 [INFO] HEARTBEAT — elapsed=1336s events=419 requestly=0 url=https://www.msport.com/ng/web/welcome
2026-06-04 00:24:18,372 [INFO] HEARTBEAT — elapsed=1456s events=458 requestly=0 url=https://www.msport.com/ng/web/welcome
2026-06-04 00:26:18,422 [INFO] HEARTBEAT — elapsed=1577s events=497 requestly=0 url=https://www.msport.com/ng/web/welcome
2026-06-04 00:28:18,490 [INFO] HEARTBEAT — elapsed=1697s events=535 requestly=0 url=https://www.msport.com/ng/web/welcome
2026-06-04 00:30:01,893 [INFO] Capture complete (1800s elapsed)
2026-06-04 00:30:01,893 [INFO] Finalizing capture (status=completed, duration=1800s)
2026-06-04 00:30:02,027 [DEBUG] Browser closed
2026-06-04 00:30:02,032 [INFO] Index metadata written: /home/ubuntu/faith-workspace/vfl-empire/network-capture/2026-06-04_000001/index.json
2026-06-04 00:30:02,033 [INFO] Capture finalized. Output: /home/ubuntu/faith-workspace/vfl-empire/network-capture/2026-06-04_000001
2026-06-04 00:30:02,059 [INFO] Successfully captured 568 Playwright events and 0 Requestly events
