2026-06-04 03:00:02,465 [INFO] Browser launched
2026-06-04 03:00:02,574 [INFO] Browser context and page created
2026-06-04 03:00:02,574 [INFO] Navigation attempt 1/3 to https://www.msport.com/ng/web/virtual
2026-06-04 03:00:16,882 [DEBUG] networkidle wait timeout (non-critical)
2026-06-04 03:00:16,882 [INFO] Navigation OK — URL: https://www.msport.com/ng/web/welcome
2026-06-04 03:00:16,885 [DEBUG] Playwright event listeners installed
2026-06-04 03:00:16,885 [WARNING] Requestly SDK not found at /tmp/node_modules/@requestly/web-sdk/dist/requestly-web-sdk.min.js — skipping Layer 2
2026-06-04 03:02:16,983 [INFO] HEARTBEAT — elapsed=135s events=38 requestly=0 url=https://www.msport.com/ng/web/welcome
2026-06-04 03:04:17,120 [INFO] HEARTBEAT — elapsed=255s events=75 requestly=0 url=https://www.msport.com/ng/web/welcome
2026-06-04 03:06:17,236 [INFO] HEARTBEAT — elapsed=375s events=113 requestly=0 url=https://www.msport.com/ng/web/welcome
2026-06-04 03:08:17,313 [INFO] HEARTBEAT — elapsed=495s events=150 requestly=0 url=https://www.msport.com/ng/web/welcome
2026-06-04 03:10:17,373 [INFO] HEARTBEAT — elapsed=616s events=188 requestly=0 url=https://www.msport.com/ng/web/welcome
2026-06-04 03:12:17,445 [INFO] HEARTBEAT — elapsed=736s events=226 requestly=0 url=https://www.msport.com/ng/web/welcome
2026-06-04 03:14:17,530 [INFO] HEARTBEAT — elapsed=856s events=264 requestly=0 url=https://www.msport.com/ng/web/welcome
2026-06-04 03:16:17,605 [INFO] HEARTBEAT — elapsed=976s events=302 requestly=0 url=https://www.msport.com/ng/web/welcome
2026-06-04 03:18:17,666 [INFO] HEARTBEAT — elapsed=1096s events=340 requestly=0 url=https://www.msport.com/ng/web/welcome
2026-06-04 03:20:17,745 [INFO] HEARTBEAT — elapsed=1216s events=378 requestly=0 url=https://www.msport.com/ng/web/welcome
2026-06-04 03:22:17,821 [INFO] HEARTBEAT — elapsed=1336s events=416 requestly=0 url=https://www.msport.com/ng/web/welcome
2026-06-04 03:24:17,882 [INFO] HEARTBEAT — elapsed=1456s events=454 requestly=0 url=https://www.msport.com/ng/web/welcome
2026-06-04 03:26:17,959 [INFO] HEARTBEAT — elapsed=1576s events=492 requestly=0 url=https://www.msport.com/ng/web/welcome
2026-06-04 03:28:18,026 [INFO] HEARTBEAT — elapsed=1696s events=530 requestly=0 url=https://www.msport.com/ng/web/welcome
2026-06-04 03:30:01,854 [INFO] Capture complete (1800s elapsed)
2026-06-04 03:30:01,854 [INFO] Finalizing capture (status=completed, duration=1800s)
2026-06-04 03:30:02,068 [DEBUG] Browser closed
2026-06-04 03:30:02,088 [INFO] Index metadata written: /home/ubuntu/faith-workspace/vfl-empire/network-capture/2026-06-04_030001/index.json
2026-06-04 03:30:02,088 [INFO] Capture finalized. Output: /home/ubuntu/faith-workspace/vfl-empire/network-capture/2026-06-04_030001
2026-06-04 03:30:02,117 [INFO] Successfully captured 563 Playwright events and 0 Requestly events
