2026-06-04 16:00:01,899 [INFO] Browser launched
2026-06-04 16:00:01,995 [INFO] Browser context and page created
2026-06-04 16:00:01,995 [INFO] Navigation attempt 1/3 to https://www.msport.com/ng/web/virtual
2026-06-04 16:00:06,283 [INFO] Navigation OK — URL: https://www.msport.com/ng/web/welcome
2026-06-04 16:00:06,284 [DEBUG] Playwright event listeners installed
2026-06-04 16:00:06,285 [WARNING] Requestly SDK not found at /tmp/node_modules/@requestly/web-sdk/dist/requestly-web-sdk.min.js — skipping Layer 2
2026-06-04 16:02:06,360 [INFO] HEARTBEAT — elapsed=125s events=56 requestly=0 url=https://www.msport.com/ng/web/welcome
2026-06-04 16:04:06,429 [INFO] HEARTBEAT — elapsed=245s events=95 requestly=0 url=https://www.msport.com/ng/web/welcome
2026-06-04 16:06:06,494 [INFO] HEARTBEAT — elapsed=365s events=134 requestly=0 url=https://www.msport.com/ng/web/welcome
2026-06-04 16:08:06,536 [INFO] HEARTBEAT — elapsed=485s events=174 requestly=0 url=https://www.msport.com/ng/web/welcome
2026-06-04 16:10:06,606 [INFO] HEARTBEAT — elapsed=605s events=213 requestly=0 url=https://www.msport.com/ng/web/welcome
2026-06-04 16:12:06,660 [INFO] HEARTBEAT — elapsed=725s events=252 requestly=0 url=https://www.msport.com/ng/web/welcome
2026-06-04 16:14:06,716 [INFO] HEARTBEAT — elapsed=845s events=292 requestly=0 url=https://www.msport.com/ng/web/welcome
2026-06-04 16:16:06,796 [INFO] HEARTBEAT — elapsed=965s events=331 requestly=0 url=https://www.msport.com/ng/web/welcome
2026-06-04 16:18:06,835 [INFO] HEARTBEAT — elapsed=1085s events=371 requestly=0 url=https://www.msport.com/ng/web/welcome
2026-06-04 16:20:06,896 [INFO] HEARTBEAT — elapsed=1206s events=410 requestly=0 url=https://www.msport.com/ng/web/welcome
2026-06-04 16:22:06,947 [INFO] HEARTBEAT — elapsed=1326s events=450 requestly=0 url=https://www.msport.com/ng/web/welcome
2026-06-04 16:24:07,049 [INFO] HEARTBEAT — elapsed=1446s events=490 requestly=0 url=https://www.msport.com/ng/web/welcome
2026-06-04 16:26:07,160 [INFO] HEARTBEAT — elapsed=1566s events=530 requestly=0 url=https://www.msport.com/ng/web/welcome
2026-06-04 16:28:07,268 [INFO] HEARTBEAT — elapsed=1686s events=569 requestly=0 url=https://www.msport.com/ng/web/welcome
2026-06-04 16:30:01,360 [INFO] Capture complete (1800s elapsed)
2026-06-04 16:30:01,360 [INFO] Finalizing capture (status=completed, duration=1800s)
2026-06-04 16:30:01,485 [DEBUG] Browser closed
2026-06-04 16:30:01,489 [INFO] Index metadata written: /home/ubuntu/faith-workspace/vfl-empire/network-capture/2026-06-04_160001/index.json
2026-06-04 16:30:01,489 [INFO] Capture finalized. Output: /home/ubuntu/faith-workspace/vfl-empire/network-capture/2026-06-04_160001
2026-06-04 16:30:01,509 [INFO] Successfully captured 607 Playwright events and 0 Requestly events
