2026-06-13 15:00:04,512 [INFO] Browser launched
2026-06-13 15:00:04,951 [INFO] Browser context and page created
2026-06-13 15:00:04,951 [INFO] Navigation attempt 1/3 to https://www.msport.com/ng/web/virtual
2026-06-13 15:00:09,579 [INFO] Navigation OK — URL: https://www.msport.com/ng/web/welcome
2026-06-13 15:00:09,584 [DEBUG] Playwright event listeners installed
2026-06-13 15:00:09,584 [WARNING] Requestly SDK not found at /tmp/node_modules/@requestly/web-sdk/dist/requestly-web-sdk.min.js — skipping Layer 2
2026-06-13 15:02:09,842 [INFO] HEARTBEAT — elapsed=128s events=44 requestly=0 url=https://www.msport.com/ng/web/welcome
2026-06-13 15:04:09,927 [INFO] HEARTBEAT — elapsed=248s events=70 requestly=0 url=https://www.msport.com/ng/web/welcome
2026-06-13 15:06:10,038 [INFO] HEARTBEAT — elapsed=368s events=96 requestly=0 url=https://www.msport.com/ng/web/welcome
2026-06-13 15:08:10,427 [INFO] HEARTBEAT — elapsed=488s events=123 requestly=0 url=https://www.msport.com/ng/web/welcome
2026-06-13 15:10:10,533 [INFO] HEARTBEAT — elapsed=609s events=148 requestly=0 url=https://www.msport.com/ng/web/welcome
2026-06-13 15:12:10,746 [INFO] HEARTBEAT — elapsed=729s events=174 requestly=0 url=https://www.msport.com/ng/web/welcome
2026-06-13 15:14:10,853 [INFO] HEARTBEAT — elapsed=849s events=201 requestly=0 url=https://www.msport.com/ng/web/welcome
2026-06-13 15:16:10,956 [INFO] HEARTBEAT — elapsed=969s events=227 requestly=0 url=https://www.msport.com/ng/web/welcome
2026-06-13 15:18:11,718 [INFO] HEARTBEAT — elapsed=1090s events=253 requestly=0 url=https://www.msport.com/ng/web/welcome
2026-06-13 15:20:11,825 [INFO] HEARTBEAT — elapsed=1210s events=279 requestly=0 url=https://www.msport.com/ng/web/welcome
2026-06-13 15:22:11,939 [INFO] HEARTBEAT — elapsed=1330s events=305 requestly=0 url=https://www.msport.com/ng/web/welcome
2026-06-13 15:24:12,021 [INFO] HEARTBEAT — elapsed=1450s events=332 requestly=0 url=https://www.msport.com/ng/web/welcome
2026-06-13 15:26:12,132 [INFO] HEARTBEAT — elapsed=1570s events=358 requestly=0 url=https://www.msport.com/ng/web/welcome
2026-06-13 15:28:12,275 [INFO] HEARTBEAT — elapsed=1690s events=384 requestly=0 url=https://www.msport.com/ng/web/welcome
2026-06-13 15:30:02,024 [INFO] Capture complete (1800s elapsed)
2026-06-13 15:30:02,024 [INFO] Finalizing capture (status=completed, duration=1800s)
2026-06-13 15:30:02,449 [DEBUG] Browser closed
2026-06-13 15:30:02,458 [INFO] Index metadata written: /home/ubuntu/faith-workspace/vfl-empire/network-capture/2026-06-13_150001/index.json
2026-06-13 15:30:02,459 [INFO] Capture finalized. Output: /home/ubuntu/faith-workspace/vfl-empire/network-capture/2026-06-13_150001
2026-06-13 15:30:02,503 [INFO] Successfully captured 409 Playwright events and 0 Requestly events
