2026-06-05 13:00:03,674 [INFO] Browser launched
2026-06-05 13:00:04,165 [INFO] Browser context and page created
2026-06-05 13:00:04,165 [INFO] Navigation attempt 1/3 to https://www.msport.com/ng/web/virtual
2026-06-05 13:00:10,667 [INFO] Navigation OK — URL: https://www.msport.com/ng/web/welcome
2026-06-05 13:00:10,673 [DEBUG] Playwright event listeners installed
2026-06-05 13:00:10,673 [WARNING] Requestly SDK not found at /tmp/node_modules/@requestly/web-sdk/dist/requestly-web-sdk.min.js — skipping Layer 2
2026-06-05 13:02:10,825 [INFO] HEARTBEAT — elapsed=128s events=45 requestly=0 url=https://www.msport.com/ng/web/welcome
2026-06-05 13:04:10,961 [INFO] HEARTBEAT — elapsed=248s events=71 requestly=0 url=https://www.msport.com/ng/web/welcome
2026-06-05 13:06:11,364 [INFO] HEARTBEAT — elapsed=369s events=96 requestly=0 url=https://www.msport.com/ng/web/welcome
2026-06-05 13:08:11,645 [INFO] HEARTBEAT — elapsed=489s events=120 requestly=0 url=https://www.msport.com/ng/web/welcome
2026-06-05 13:10:11,718 [INFO] HEARTBEAT — elapsed=609s events=149 requestly=0 url=https://www.msport.com/ng/web/welcome
2026-06-05 13:12:11,816 [INFO] HEARTBEAT — elapsed=729s events=179 requestly=0 url=https://www.msport.com/ng/web/welcome
2026-06-05 13:14:11,930 [INFO] HEARTBEAT — elapsed=849s events=209 requestly=0 url=https://www.msport.com/ng/web/welcome
2026-06-05 13:16:12,054 [INFO] HEARTBEAT — elapsed=970s events=236 requestly=0 url=https://www.msport.com/ng/web/welcome
2026-06-05 13:18:12,349 [INFO] HEARTBEAT — elapsed=1090s events=263 requestly=0 url=https://www.msport.com/ng/web/welcome
2026-06-05 13:20:12,609 [INFO] HEARTBEAT — elapsed=1210s events=288 requestly=0 url=https://www.msport.com/ng/web/welcome
2026-06-05 13:22:12,727 [INFO] HEARTBEAT — elapsed=1330s events=319 requestly=0 url=https://www.msport.com/ng/web/welcome
2026-06-05 13:24:12,788 [INFO] HEARTBEAT — elapsed=1450s events=351 requestly=0 url=https://www.msport.com/ng/web/welcome
2026-06-05 13:26:12,854 [INFO] HEARTBEAT — elapsed=1570s events=385 requestly=0 url=https://www.msport.com/ng/web/welcome
2026-06-05 13:28:12,938 [INFO] HEARTBEAT — elapsed=1690s events=417 requestly=0 url=https://www.msport.com/ng/web/welcome
2026-06-05 13:30:02,550 [INFO] Capture complete (1800s elapsed)
2026-06-05 13:30:02,551 [INFO] Finalizing capture (status=completed, duration=1800s)
2026-06-05 13:30:02,732 [DEBUG] Browser closed
2026-06-05 13:30:02,736 [INFO] Index metadata written: /home/ubuntu/faith-workspace/vfl-empire/network-capture/2026-06-05_130002/index.json
2026-06-05 13:30:02,738 [INFO] Capture finalized. Output: /home/ubuntu/faith-workspace/vfl-empire/network-capture/2026-06-05_130002
2026-06-05 13:30:02,760 [INFO] Successfully captured 448 Playwright events and 0 Requestly events
