2026-06-04 09:00:01,976 [INFO] Browser launched
2026-06-04 09:00:02,085 [INFO] Browser context and page created
2026-06-04 09:00:02,086 [INFO] Navigation attempt 1/3 to https://www.msport.com/ng/web/virtual
2026-06-04 09:00:05,877 [INFO] Navigation OK — URL: https://www.msport.com/ng/web/welcome
2026-06-04 09:00:05,879 [DEBUG] Playwright event listeners installed
2026-06-04 09:00:05,879 [WARNING] Requestly SDK not found at /tmp/node_modules/@requestly/web-sdk/dist/requestly-web-sdk.min.js — skipping Layer 2
2026-06-04 09:02:05,969 [INFO] HEARTBEAT — elapsed=125s events=57 requestly=0 url=https://www.msport.com/ng/web/welcome
2026-06-04 09:04:06,037 [INFO] HEARTBEAT — elapsed=245s events=95 requestly=0 url=https://www.msport.com/ng/web/welcome
2026-06-04 09:06:06,122 [INFO] HEARTBEAT — elapsed=365s events=133 requestly=0 url=https://www.msport.com/ng/web/welcome
2026-06-04 09:08:06,231 [INFO] HEARTBEAT — elapsed=485s events=171 requestly=0 url=https://www.msport.com/ng/web/welcome
2026-06-04 09:10:06,337 [INFO] HEARTBEAT — elapsed=605s events=209 requestly=0 url=https://www.msport.com/ng/web/welcome
2026-06-04 09:12:06,454 [INFO] HEARTBEAT — elapsed=725s events=247 requestly=0 url=https://www.msport.com/ng/web/welcome
2026-06-04 09:14:06,506 [INFO] HEARTBEAT — elapsed=845s events=285 requestly=0 url=https://www.msport.com/ng/web/welcome
2026-06-04 09:16:06,562 [INFO] HEARTBEAT — elapsed=965s events=323 requestly=0 url=https://www.msport.com/ng/web/welcome
2026-06-04 09:18:06,639 [INFO] HEARTBEAT — elapsed=1085s events=362 requestly=0 url=https://www.msport.com/ng/web/welcome
2026-06-04 09:20:06,693 [INFO] HEARTBEAT — elapsed=1205s events=400 requestly=0 url=https://www.msport.com/ng/web/welcome
2026-06-04 09:22:06,760 [INFO] HEARTBEAT — elapsed=1325s events=438 requestly=0 url=https://www.msport.com/ng/web/welcome
2026-06-04 09:24:06,837 [INFO] HEARTBEAT — elapsed=1445s events=476 requestly=0 url=https://www.msport.com/ng/web/welcome
2026-06-04 09:26:06,879 [INFO] HEARTBEAT — elapsed=1565s events=515 requestly=0 url=https://www.msport.com/ng/web/welcome
2026-06-04 09:28:06,966 [INFO] HEARTBEAT — elapsed=1686s events=553 requestly=0 url=https://www.msport.com/ng/web/welcome
2026-06-04 09:30:01,419 [INFO] Capture complete (1800s elapsed)
2026-06-04 09:30:01,420 [INFO] Finalizing capture (status=completed, duration=1800s)
2026-06-04 09:30:01,511 [DEBUG] Browser closed
2026-06-04 09:30:01,516 [INFO] Index metadata written: /home/ubuntu/faith-workspace/vfl-empire/network-capture/2026-06-04_090001/index.json
2026-06-04 09:30:01,516 [INFO] Capture finalized. Output: /home/ubuntu/faith-workspace/vfl-empire/network-capture/2026-06-04_090001
2026-06-04 09:30:01,554 [INFO] Successfully captured 589 Playwright events and 0 Requestly events
