2026-06-15 00:00:05,359 [INFO] Browser launched
2026-06-15 00:00:05,727 [INFO] Browser context and page created
2026-06-15 00:00:05,727 [INFO] Navigation attempt 1/3 to https://www.msport.com/ng/web/virtual
2026-06-15 00:00:21,073 [DEBUG] networkidle wait timeout (non-critical)
2026-06-15 00:00:21,073 [INFO] Navigation OK — URL: https://www.msport.com/ng/web/welcome
2026-06-15 00:00:21,081 [DEBUG] Playwright event listeners installed
2026-06-15 00:00:21,083 [WARNING] Requestly SDK not found at /tmp/node_modules/@requestly/web-sdk/dist/requestly-web-sdk.min.js — skipping Layer 2
2026-06-15 00:02:21,534 [INFO] HEARTBEAT — elapsed=139s events=26 requestly=0 url=https://www.msport.com/ng/web/welcome
2026-06-15 00:04:21,737 [INFO] HEARTBEAT — elapsed=259s events=51 requestly=0 url=https://www.msport.com/ng/web/welcome
2026-06-15 00:06:21,881 [INFO] HEARTBEAT — elapsed=380s events=76 requestly=0 url=https://www.msport.com/ng/web/welcome
2026-06-15 00:08:21,979 [INFO] HEARTBEAT — elapsed=500s events=102 requestly=0 url=https://www.msport.com/ng/web/welcome
2026-06-15 00:10:22,807 [INFO] HEARTBEAT — elapsed=620s events=126 requestly=0 url=https://www.msport.com/ng/web/welcome
2026-06-15 00:12:22,957 [INFO] HEARTBEAT — elapsed=741s events=152 requestly=0 url=https://www.msport.com/ng/web/welcome
2026-06-15 00:14:23,196 [INFO] HEARTBEAT — elapsed=861s events=178 requestly=0 url=https://www.msport.com/ng/web/welcome
2026-06-15 00:16:23,545 [INFO] HEARTBEAT — elapsed=981s events=203 requestly=0 url=https://www.msport.com/ng/web/welcome
2026-06-15 00:18:23,709 [INFO] HEARTBEAT — elapsed=1101s events=229 requestly=0 url=https://www.msport.com/ng/web/welcome
2026-06-15 00:20:23,788 [INFO] HEARTBEAT — elapsed=1221s events=254 requestly=0 url=https://www.msport.com/ng/web/welcome
2026-06-15 00:22:23,951 [INFO] HEARTBEAT — elapsed=1342s events=280 requestly=0 url=https://www.msport.com/ng/web/welcome
2026-06-15 00:24:24,197 [INFO] HEARTBEAT — elapsed=1462s events=304 requestly=0 url=https://www.msport.com/ng/web/welcome
2026-06-15 00:26:24,284 [INFO] HEARTBEAT — elapsed=1582s events=329 requestly=0 url=https://www.msport.com/ng/web/welcome
2026-06-15 00:28:24,543 [INFO] HEARTBEAT — elapsed=1702s events=353 requestly=0 url=https://www.msport.com/ng/web/welcome
2026-06-15 00:30:02,393 [INFO] Capture complete (1800s elapsed)
2026-06-15 00:30:02,393 [INFO] Finalizing capture (status=completed, duration=1800s)
2026-06-15 00:30:02,949 [DEBUG] Browser closed
2026-06-15 00:30:02,965 [INFO] Index metadata written: /home/ubuntu/faith-workspace/vfl-empire/network-capture/2026-06-15_000002/index.json
2026-06-15 00:30:02,966 [INFO] Capture finalized. Output: /home/ubuntu/faith-workspace/vfl-empire/network-capture/2026-06-15_000002
2026-06-15 00:30:02,997 [INFO] Successfully captured 375 Playwright events and 0 Requestly events
