2026-06-16 09:00:03,798 [INFO] Browser launched
2026-06-16 09:00:04,058 [INFO] Browser context and page created
2026-06-16 09:00:04,058 [INFO] Navigation attempt 1/3 to https://www.msport.com/ng/web/virtual
2026-06-16 09:00:09,077 [INFO] Navigation OK — URL: https://www.msport.com/ng/web/welcome
2026-06-16 09:00:09,083 [DEBUG] Playwright event listeners installed
2026-06-16 09:00:09,083 [WARNING] Requestly SDK not found at /tmp/node_modules/@requestly/web-sdk/dist/requestly-web-sdk.min.js — skipping Layer 2
2026-06-16 09:02:09,345 [INFO] HEARTBEAT — elapsed=128s events=48 requestly=0 url=https://www.msport.com/ng/web/welcome
2026-06-16 09:04:09,485 [INFO] HEARTBEAT — elapsed=248s events=76 requestly=0 url=https://www.msport.com/ng/web/welcome
2026-06-16 09:06:09,625 [INFO] HEARTBEAT — elapsed=368s events=105 requestly=0 url=https://www.msport.com/ng/web/welcome
2026-06-16 09:08:09,710 [INFO] HEARTBEAT — elapsed=488s events=133 requestly=0 url=https://www.msport.com/ng/web/welcome
2026-06-16 09:10:09,891 [INFO] HEARTBEAT — elapsed=608s events=162 requestly=0 url=https://www.msport.com/ng/web/welcome
2026-06-16 09:12:09,973 [INFO] HEARTBEAT — elapsed=728s events=191 requestly=0 url=https://www.msport.com/ng/web/welcome
2026-06-16 09:14:10,093 [INFO] HEARTBEAT — elapsed=848s events=220 requestly=0 url=https://www.msport.com/ng/web/welcome
2026-06-16 09:16:10,277 [INFO] HEARTBEAT — elapsed=969s events=248 requestly=0 url=https://www.msport.com/ng/web/welcome
2026-06-16 09:18:10,511 [INFO] HEARTBEAT — elapsed=1089s events=276 requestly=0 url=https://www.msport.com/ng/web/welcome
2026-06-16 09:20:10,656 [INFO] HEARTBEAT — elapsed=1209s events=305 requestly=0 url=https://www.msport.com/ng/web/welcome
2026-06-16 09:22:10,745 [INFO] HEARTBEAT — elapsed=1329s events=333 requestly=0 url=https://www.msport.com/ng/web/welcome
2026-06-16 09:24:10,843 [INFO] HEARTBEAT — elapsed=1449s events=362 requestly=0 url=https://www.msport.com/ng/web/welcome
2026-06-16 09:26:11,140 [INFO] HEARTBEAT — elapsed=1570s events=390 requestly=0 url=https://www.msport.com/ng/web/welcome
2026-06-16 09:28:11,313 [INFO] HEARTBEAT — elapsed=1690s events=418 requestly=0 url=https://www.msport.com/ng/web/welcome
2026-06-16 09:30:01,679 [INFO] Capture complete (1800s elapsed)
2026-06-16 09:30:01,680 [INFO] Finalizing capture (status=completed, duration=1800s)
2026-06-16 09:30:01,916 [DEBUG] Browser closed
2026-06-16 09:30:01,925 [INFO] Index metadata written: /home/ubuntu/faith-workspace/vfl-empire/network-capture/2026-06-16_090001/index.json
2026-06-16 09:30:01,926 [INFO] Capture finalized. Output: /home/ubuntu/faith-workspace/vfl-empire/network-capture/2026-06-16_090001
2026-06-16 09:30:01,958 [INFO] Successfully captured 441 Playwright events and 0 Requestly events
