2026-06-05 04:00:01,870 [INFO] Browser launched
2026-06-05 04:00:01,945 [INFO] Browser context and page created
2026-06-05 04:00:01,945 [INFO] Navigation attempt 1/3 to https://www.msport.com/ng/web/virtual
2026-06-05 04:00:16,780 [DEBUG] networkidle wait timeout (non-critical)
2026-06-05 04:00:16,780 [INFO] Navigation OK — URL: https://www.msport.com/ng/web/welcome
2026-06-05 04:00:16,783 [DEBUG] Playwright event listeners installed
2026-06-05 04:00:16,783 [WARNING] Requestly SDK not found at /tmp/node_modules/@requestly/web-sdk/dist/requestly-web-sdk.min.js — skipping Layer 2
2026-06-05 04:02:16,894 [INFO] HEARTBEAT — elapsed=136s events=35 requestly=0 url=https://www.msport.com/ng/web/welcome
2026-06-05 04:04:16,966 [INFO] HEARTBEAT — elapsed=256s events=70 requestly=0 url=https://www.msport.com/ng/web/welcome
2026-06-05 04:06:17,039 [INFO] HEARTBEAT — elapsed=376s events=107 requestly=0 url=https://www.msport.com/ng/web/welcome
2026-06-05 04:08:17,263 [INFO] HEARTBEAT — elapsed=496s events=143 requestly=0 url=https://www.msport.com/ng/web/welcome
2026-06-05 04:10:17,396 [INFO] HEARTBEAT — elapsed=616s events=180 requestly=0 url=https://www.msport.com/ng/web/welcome
2026-06-05 04:12:17,461 [INFO] HEARTBEAT — elapsed=736s events=218 requestly=0 url=https://www.msport.com/ng/web/welcome
2026-06-05 04:14:17,530 [INFO] HEARTBEAT — elapsed=856s events=257 requestly=0 url=https://www.msport.com/ng/web/welcome
2026-06-05 04:16:17,615 [INFO] HEARTBEAT — elapsed=976s events=294 requestly=0 url=https://www.msport.com/ng/web/welcome
2026-06-05 04:18:17,672 [INFO] HEARTBEAT — elapsed=1096s events=331 requestly=0 url=https://www.msport.com/ng/web/welcome
2026-06-05 04:20:17,802 [INFO] HEARTBEAT — elapsed=1217s events=363 requestly=0 url=https://www.msport.com/ng/web/welcome
2026-06-05 04:22:17,967 [INFO] HEARTBEAT — elapsed=1337s events=382 requestly=0 url=https://www.msport.com/ng/web/welcome
2026-06-05 04:24:18,135 [INFO] HEARTBEAT — elapsed=1457s events=408 requestly=0 url=https://www.msport.com/ng/web/welcome
2026-06-05 04:26:18,529 [INFO] HEARTBEAT — elapsed=1577s events=436 requestly=0 url=https://www.msport.com/ng/web/welcome
2026-06-05 04:28:18,714 [INFO] HEARTBEAT — elapsed=1697s events=471 requestly=0 url=https://www.msport.com/ng/web/welcome
2026-06-05 04:30:01,307 [INFO] Capture complete (1800s elapsed)
2026-06-05 04:30:01,307 [INFO] Finalizing capture (status=completed, duration=1800s)
2026-06-05 04:30:01,453 [DEBUG] Browser closed
2026-06-05 04:30:01,459 [INFO] Index metadata written: /home/ubuntu/faith-workspace/vfl-empire/network-capture/2026-06-05_040001/index.json
2026-06-05 04:30:01,460 [INFO] Capture finalized. Output: /home/ubuntu/faith-workspace/vfl-empire/network-capture/2026-06-05_040001
2026-06-05 04:30:01,494 [INFO] Successfully captured 503 Playwright events and 0 Requestly events
