2026-06-03 15:00:02,426 [INFO] Browser launched
2026-06-03 15:00:02,501 [INFO] Browser context and page created
2026-06-03 15:00:02,501 [INFO] Navigation attempt 1/3 to https://www.msport.com/ng/web/virtual
2026-06-03 15:00:17,542 [DEBUG] networkidle wait timeout (non-critical)
2026-06-03 15:00:17,542 [INFO] Navigation OK — URL: https://www.msport.com/ng/web/welcome
2026-06-03 15:00:17,544 [DEBUG] Playwright event listeners installed
2026-06-03 15:00:17,544 [WARNING] Requestly SDK not found at /tmp/node_modules/@requestly/web-sdk/dist/requestly-web-sdk.min.js — skipping Layer 2
2026-06-03 15:02:17,633 [INFO] HEARTBEAT — elapsed=136s events=39 requestly=0 url=https://www.msport.com/ng/web/welcome
2026-06-03 15:04:17,705 [INFO] HEARTBEAT — elapsed=256s events=79 requestly=0 url=https://www.msport.com/ng/web/welcome
2026-06-03 15:06:17,768 [INFO] HEARTBEAT — elapsed=376s events=118 requestly=0 url=https://www.msport.com/ng/web/welcome
2026-06-03 15:08:17,827 [INFO] HEARTBEAT — elapsed=496s events=157 requestly=0 url=https://www.msport.com/ng/web/welcome
2026-06-03 15:10:17,909 [INFO] HEARTBEAT — elapsed=616s events=196 requestly=0 url=https://www.msport.com/ng/web/welcome
2026-06-03 15:12:17,954 [INFO] HEARTBEAT — elapsed=736s events=236 requestly=0 url=https://www.msport.com/ng/web/welcome
2026-06-03 15:14:18,053 [INFO] HEARTBEAT — elapsed=856s events=275 requestly=0 url=https://www.msport.com/ng/web/welcome
2026-06-03 15:16:18,173 [INFO] HEARTBEAT — elapsed=976s events=315 requestly=0 url=https://www.msport.com/ng/web/welcome
2026-06-03 15:18:18,276 [INFO] HEARTBEAT — elapsed=1096s events=355 requestly=0 url=https://www.msport.com/ng/web/welcome
2026-06-03 15:20:18,326 [INFO] HEARTBEAT — elapsed=1216s events=395 requestly=0 url=https://www.msport.com/ng/web/welcome
2026-06-03 15:22:18,385 [INFO] HEARTBEAT — elapsed=1337s events=434 requestly=0 url=https://www.msport.com/ng/web/welcome
2026-06-03 15:24:18,452 [INFO] HEARTBEAT — elapsed=1457s events=473 requestly=0 url=https://www.msport.com/ng/web/welcome
2026-06-03 15:26:18,549 [INFO] HEARTBEAT — elapsed=1577s events=513 requestly=0 url=https://www.msport.com/ng/web/welcome
2026-06-03 15:28:18,620 [INFO] HEARTBEAT — elapsed=1697s events=552 requestly=0 url=https://www.msport.com/ng/web/welcome
2026-06-03 15:30:01,889 [INFO] Capture complete (1800s elapsed)
2026-06-03 15:30:01,889 [INFO] Finalizing capture (status=completed, duration=1800s)
2026-06-03 15:30:02,032 [DEBUG] Browser closed
2026-06-03 15:30:02,036 [INFO] Index metadata written: /home/ubuntu/faith-workspace/vfl-empire/network-capture/2026-06-03_150001/index.json
2026-06-03 15:30:02,037 [INFO] Capture finalized. Output: /home/ubuntu/faith-workspace/vfl-empire/network-capture/2026-06-03_150001
2026-06-03 15:30:02,083 [INFO] Successfully captured 586 Playwright events and 0 Requestly events
