2026-06-16 11:00:03,632 [INFO] Browser launched
2026-06-16 11:00:03,772 [INFO] Browser context and page created
2026-06-16 11:00:03,772 [INFO] Navigation attempt 1/3 to https://www.msport.com/ng/web/virtual
2026-06-16 11:00:09,316 [INFO] Navigation OK — URL: https://www.msport.com/ng/web/welcome
2026-06-16 11:00:09,325 [DEBUG] Playwright event listeners installed
2026-06-16 11:00:09,325 [WARNING] Requestly SDK not found at /tmp/node_modules/@requestly/web-sdk/dist/requestly-web-sdk.min.js — skipping Layer 2
2026-06-16 11:02:09,490 [INFO] HEARTBEAT — elapsed=127s events=48 requestly=0 url=https://www.msport.com/ng/web/welcome
2026-06-16 11:04:09,624 [INFO] HEARTBEAT — elapsed=247s events=76 requestly=0 url=https://www.msport.com/ng/web/welcome
2026-06-16 11:06:09,729 [INFO] HEARTBEAT — elapsed=367s events=105 requestly=0 url=https://www.msport.com/ng/web/welcome
2026-06-16 11:08:09,844 [INFO] HEARTBEAT — elapsed=487s events=135 requestly=0 url=https://www.msport.com/ng/web/welcome
2026-06-16 11:10:09,953 [INFO] HEARTBEAT — elapsed=607s events=163 requestly=0 url=https://www.msport.com/ng/web/welcome
2026-06-16 11:12:10,068 [INFO] HEARTBEAT — elapsed=728s events=193 requestly=0 url=https://www.msport.com/ng/web/welcome
2026-06-16 11:14:10,436 [INFO] HEARTBEAT — elapsed=848s events=222 requestly=0 url=https://www.msport.com/ng/web/welcome
2026-06-16 11:16:10,588 [INFO] HEARTBEAT — elapsed=968s events=245 requestly=0 url=https://www.msport.com/ng/web/welcome
2026-06-16 11:18:10,701 [INFO] HEARTBEAT — elapsed=1088s events=274 requestly=0 url=https://www.msport.com/ng/web/welcome
2026-06-16 11:20:10,823 [INFO] HEARTBEAT — elapsed=1208s events=303 requestly=0 url=https://www.msport.com/ng/web/welcome
2026-06-16 11:22:10,928 [INFO] HEARTBEAT — elapsed=1328s events=332 requestly=0 url=https://www.msport.com/ng/web/welcome
2026-06-16 11:24:11,166 [INFO] HEARTBEAT — elapsed=1449s events=358 requestly=0 url=https://www.msport.com/ng/web/welcome
2026-06-16 11:26:11,407 [INFO] HEARTBEAT — elapsed=1569s events=386 requestly=0 url=https://www.msport.com/ng/web/welcome
2026-06-16 11:28:11,583 [INFO] HEARTBEAT — elapsed=1689s events=414 requestly=0 url=https://www.msport.com/ng/web/welcome
2026-06-16 11:30:02,559 [INFO] Capture complete (1800s elapsed)
2026-06-16 11:30:02,560 [INFO] Finalizing capture (status=completed, duration=1800s)
2026-06-16 11:30:02,708 [DEBUG] Browser closed
2026-06-16 11:30:02,714 [INFO] Index metadata written: /home/ubuntu/faith-workspace/vfl-empire/network-capture/2026-06-16_110002/index.json
2026-06-16 11:30:02,715 [INFO] Capture finalized. Output: /home/ubuntu/faith-workspace/vfl-empire/network-capture/2026-06-16_110002
2026-06-16 11:30:02,823 [INFO] Successfully captured 440 Playwright events and 0 Requestly events
