2026-06-03 13:00:02,505 [INFO] Browser launched
2026-06-03 13:00:02,594 [INFO] Browser context and page created
2026-06-03 13:00:02,594 [INFO] Navigation attempt 1/3 to https://www.msport.com/ng/web/virtual
2026-06-03 13:00:16,690 [DEBUG] networkidle wait timeout (non-critical)
2026-06-03 13:00:16,690 [INFO] Navigation OK — URL: https://www.msport.com/ng/web/welcome
2026-06-03 13:00:16,692 [DEBUG] Playwright event listeners installed
2026-06-03 13:00:16,692 [WARNING] Requestly SDK not found at /tmp/node_modules/@requestly/web-sdk/dist/requestly-web-sdk.min.js — skipping Layer 2
2026-06-03 13:02:16,770 [INFO] HEARTBEAT — elapsed=135s events=39 requestly=0 url=https://www.msport.com/ng/web/welcome
2026-06-03 13:04:16,823 [INFO] HEARTBEAT — elapsed=255s events=78 requestly=0 url=https://www.msport.com/ng/web/welcome
2026-06-03 13:06:16,894 [INFO] HEARTBEAT — elapsed=375s events=118 requestly=0 url=https://www.msport.com/ng/web/welcome
2026-06-03 13:08:16,966 [INFO] HEARTBEAT — elapsed=495s events=158 requestly=0 url=https://www.msport.com/ng/web/welcome
2026-06-03 13:10:17,027 [INFO] HEARTBEAT — elapsed=615s events=197 requestly=0 url=https://www.msport.com/ng/web/welcome
2026-06-03 13:12:17,130 [INFO] HEARTBEAT — elapsed=735s events=238 requestly=0 url=https://www.msport.com/ng/web/welcome
2026-06-03 13:14:17,222 [INFO] HEARTBEAT — elapsed=855s events=278 requestly=0 url=https://www.msport.com/ng/web/welcome
2026-06-03 13:16:17,266 [INFO] HEARTBEAT — elapsed=975s events=318 requestly=0 url=https://www.msport.com/ng/web/welcome
2026-06-03 13:18:17,351 [INFO] HEARTBEAT — elapsed=1095s events=358 requestly=0 url=https://www.msport.com/ng/web/welcome
2026-06-03 13:20:17,412 [INFO] HEARTBEAT — elapsed=1215s events=399 requestly=0 url=https://www.msport.com/ng/web/welcome
2026-06-03 13:22:17,490 [INFO] HEARTBEAT — elapsed=1336s events=438 requestly=0 url=https://www.msport.com/ng/web/welcome
2026-06-03 13:24:17,546 [INFO] HEARTBEAT — elapsed=1456s events=479 requestly=0 url=https://www.msport.com/ng/web/welcome
2026-06-03 13:26:17,608 [INFO] HEARTBEAT — elapsed=1576s events=519 requestly=0 url=https://www.msport.com/ng/web/welcome
2026-06-03 13:28:17,676 [INFO] HEARTBEAT — elapsed=1696s events=559 requestly=0 url=https://www.msport.com/ng/web/welcome
2026-06-03 13:30:01,948 [INFO] Capture complete (1800s elapsed)
2026-06-03 13:30:01,948 [INFO] Finalizing capture (status=completed, duration=1800s)
2026-06-03 13:30:02,135 [DEBUG] Browser closed
2026-06-03 13:30:02,140 [INFO] Index metadata written: /home/ubuntu/faith-workspace/vfl-empire/network-capture/2026-06-03_130001/index.json
2026-06-03 13:30:02,140 [INFO] Capture finalized. Output: /home/ubuntu/faith-workspace/vfl-empire/network-capture/2026-06-03_130001
2026-06-03 13:30:02,188 [INFO] Successfully captured 588 Playwright events and 0 Requestly events
