2026-06-05 10:00:03,109 [INFO] Browser launched
2026-06-05 10:00:03,381 [INFO] Browser context and page created
2026-06-05 10:00:03,382 [INFO] Navigation attempt 1/3 to https://www.msport.com/ng/web/virtual
2026-06-05 10:00:07,141 [INFO] Navigation OK — URL: https://www.msport.com/ng/web/welcome
2026-06-05 10:00:07,145 [DEBUG] Playwright event listeners installed
2026-06-05 10:00:07,145 [WARNING] Requestly SDK not found at /tmp/node_modules/@requestly/web-sdk/dist/requestly-web-sdk.min.js — skipping Layer 2
2026-06-05 10:02:07,435 [INFO] HEARTBEAT — elapsed=126s events=51 requestly=0 url=https://www.msport.com/ng/web/welcome
2026-06-05 10:04:07,500 [INFO] HEARTBEAT — elapsed=246s events=85 requestly=0 url=https://www.msport.com/ng/web/welcome
2026-06-05 10:06:07,598 [INFO] HEARTBEAT — elapsed=366s events=118 requestly=0 url=https://www.msport.com/ng/web/welcome
2026-06-05 10:08:07,689 [INFO] HEARTBEAT — elapsed=486s events=152 requestly=0 url=https://www.msport.com/ng/web/welcome
2026-06-05 10:10:07,797 [INFO] HEARTBEAT — elapsed=606s events=184 requestly=0 url=https://www.msport.com/ng/web/welcome
2026-06-05 10:12:07,928 [INFO] HEARTBEAT — elapsed=726s events=217 requestly=0 url=https://www.msport.com/ng/web/welcome
2026-06-05 10:14:07,994 [INFO] HEARTBEAT — elapsed=846s events=249 requestly=0 url=https://www.msport.com/ng/web/welcome
2026-06-05 10:16:08,137 [INFO] HEARTBEAT — elapsed=966s events=282 requestly=0 url=https://www.msport.com/ng/web/welcome
2026-06-05 10:18:08,348 [INFO] HEARTBEAT — elapsed=1087s events=315 requestly=0 url=https://www.msport.com/ng/web/welcome
2026-06-05 10:20:08,445 [INFO] HEARTBEAT — elapsed=1207s events=344 requestly=0 url=https://www.msport.com/ng/web/welcome
2026-06-05 10:22:08,632 [INFO] HEARTBEAT — elapsed=1327s events=375 requestly=0 url=https://www.msport.com/ng/web/welcome
2026-06-05 10:24:08,805 [INFO] HEARTBEAT — elapsed=1447s events=404 requestly=0 url=https://www.msport.com/ng/web/welcome
2026-06-05 10:26:09,040 [INFO] HEARTBEAT — elapsed=1567s events=435 requestly=0 url=https://www.msport.com/ng/web/welcome
2026-06-05 10:28:09,208 [INFO] HEARTBEAT — elapsed=1687s events=464 requestly=0 url=https://www.msport.com/ng/web/welcome
2026-06-05 10:30:01,824 [INFO] Capture complete (1800s elapsed)
2026-06-05 10:30:01,824 [INFO] Finalizing capture (status=completed, duration=1800s)
2026-06-05 10:30:02,655 [DEBUG] Browser closed
2026-06-05 10:30:02,660 [INFO] Index metadata written: /home/ubuntu/faith-workspace/vfl-empire/network-capture/2026-06-05_100001/index.json
2026-06-05 10:30:02,660 [INFO] Capture finalized. Output: /home/ubuntu/faith-workspace/vfl-empire/network-capture/2026-06-05_100001
2026-06-05 10:30:02,687 [INFO] Successfully captured 490 Playwright events and 0 Requestly events
