2026-06-03 14:00:01,910 [INFO] Browser launched
2026-06-03 14:00:02,031 [INFO] Browser context and page created
2026-06-03 14:00:02,031 [INFO] Navigation attempt 1/3 to https://www.msport.com/ng/web/virtual
2026-06-03 14:00:05,816 [INFO] Navigation OK — URL: https://www.msport.com/ng/web/welcome
2026-06-03 14:00:05,817 [DEBUG] Playwright event listeners installed
2026-06-03 14:00:05,817 [WARNING] Requestly SDK not found at /tmp/node_modules/@requestly/web-sdk/dist/requestly-web-sdk.min.js — skipping Layer 2
2026-06-03 14:02:05,909 [INFO] HEARTBEAT — elapsed=125s events=58 requestly=0 url=https://www.msport.com/ng/web/welcome
2026-06-03 14:04:05,967 [INFO] HEARTBEAT — elapsed=245s events=96 requestly=0 url=https://www.msport.com/ng/web/welcome
2026-06-03 14:06:06,041 [INFO] HEARTBEAT — elapsed=365s events=136 requestly=0 url=https://www.msport.com/ng/web/welcome
2026-06-03 14:08:06,160 [INFO] HEARTBEAT — elapsed=485s events=175 requestly=0 url=https://www.msport.com/ng/web/welcome
2026-06-03 14:10:06,236 [INFO] HEARTBEAT — elapsed=605s events=214 requestly=0 url=https://www.msport.com/ng/web/welcome
2026-06-03 14:12:06,295 [INFO] HEARTBEAT — elapsed=725s events=253 requestly=0 url=https://www.msport.com/ng/web/welcome
2026-06-03 14:14:06,343 [INFO] HEARTBEAT — elapsed=845s events=292 requestly=0 url=https://www.msport.com/ng/web/welcome
2026-06-03 14:16:06,435 [INFO] HEARTBEAT — elapsed=965s events=332 requestly=0 url=https://www.msport.com/ng/web/welcome
2026-06-03 14:18:06,493 [INFO] HEARTBEAT — elapsed=1085s events=371 requestly=0 url=https://www.msport.com/ng/web/welcome
2026-06-03 14:20:06,555 [INFO] HEARTBEAT — elapsed=1205s events=410 requestly=0 url=https://www.msport.com/ng/web/welcome
2026-06-03 14:22:06,605 [INFO] HEARTBEAT — elapsed=1325s events=449 requestly=0 url=https://www.msport.com/ng/web/welcome
2026-06-03 14:24:06,690 [INFO] HEARTBEAT — elapsed=1445s events=488 requestly=0 url=https://www.msport.com/ng/web/welcome
2026-06-03 14:26:06,760 [INFO] HEARTBEAT — elapsed=1565s events=527 requestly=0 url=https://www.msport.com/ng/web/welcome
2026-06-03 14:28:06,828 [INFO] HEARTBEAT — elapsed=1686s events=567 requestly=0 url=https://www.msport.com/ng/web/welcome
2026-06-03 14:30:01,303 [INFO] Capture complete (1800s elapsed)
2026-06-03 14:30:01,303 [INFO] Finalizing capture (status=completed, duration=1800s)
2026-06-03 14:30:01,427 [DEBUG] Browser closed
2026-06-03 14:30:01,431 [INFO] Index metadata written: /home/ubuntu/faith-workspace/vfl-empire/network-capture/2026-06-03_140001/index.json
2026-06-03 14:30:01,431 [INFO] Capture finalized. Output: /home/ubuntu/faith-workspace/vfl-empire/network-capture/2026-06-03_140001
2026-06-03 14:30:01,473 [INFO] Successfully captured 604 Playwright events and 0 Requestly events
