2026-06-03 08:00:02,731 [INFO] Browser launched
2026-06-03 08:00:02,814 [INFO] Browser context and page created
2026-06-03 08:00:02,814 [INFO] Navigation attempt 1/3 to https://www.msport.com/ng/web/virtual
2026-06-03 08:00:05,828 [INFO] Navigation OK — URL: https://www.msport.com/ng/web/welcome
2026-06-03 08:00:05,830 [DEBUG] Playwright event listeners installed
2026-06-03 08:00:05,830 [WARNING] Requestly SDK not found at /tmp/node_modules/@requestly/web-sdk/dist/requestly-web-sdk.min.js — skipping Layer 2
2026-06-03 08:02:05,908 [INFO] HEARTBEAT — elapsed=124s events=58 requestly=0 url=https://www.msport.com/ng/web/welcome
2026-06-03 08:04:05,957 [INFO] HEARTBEAT — elapsed=244s events=97 requestly=0 url=https://www.msport.com/ng/web/welcome
2026-06-03 08:06:06,024 [INFO] HEARTBEAT — elapsed=364s events=137 requestly=0 url=https://www.msport.com/ng/web/welcome
2026-06-03 08:08:06,109 [INFO] HEARTBEAT — elapsed=484s events=177 requestly=0 url=https://www.msport.com/ng/web/welcome
2026-06-03 08:10:06,193 [INFO] HEARTBEAT — elapsed=604s events=216 requestly=0 url=https://www.msport.com/ng/web/welcome
2026-06-03 08:12:06,257 [INFO] HEARTBEAT — elapsed=724s events=256 requestly=0 url=https://www.msport.com/ng/web/welcome
2026-06-03 08:14:06,332 [INFO] HEARTBEAT — elapsed=844s events=295 requestly=0 url=https://www.msport.com/ng/web/welcome
2026-06-03 08:16:06,416 [INFO] HEARTBEAT — elapsed=964s events=335 requestly=0 url=https://www.msport.com/ng/web/welcome
2026-06-03 08:18:06,474 [INFO] HEARTBEAT — elapsed=1084s events=374 requestly=0 url=https://www.msport.com/ng/web/welcome
2026-06-03 08:20:06,530 [INFO] HEARTBEAT — elapsed=1204s events=414 requestly=0 url=https://www.msport.com/ng/web/welcome
2026-06-03 08:22:06,611 [INFO] HEARTBEAT — elapsed=1324s events=454 requestly=0 url=https://www.msport.com/ng/web/welcome
2026-06-03 08:24:06,683 [INFO] HEARTBEAT — elapsed=1445s events=493 requestly=0 url=https://www.msport.com/ng/web/welcome
2026-06-03 08:26:06,735 [INFO] HEARTBEAT — elapsed=1565s events=533 requestly=0 url=https://www.msport.com/ng/web/welcome
2026-06-03 08:28:06,782 [INFO] HEARTBEAT — elapsed=1685s events=573 requestly=0 url=https://www.msport.com/ng/web/welcome
2026-06-03 08:30:02,183 [INFO] Capture complete (1800s elapsed)
2026-06-03 08:30:02,184 [INFO] Finalizing capture (status=completed, duration=1800s)
2026-06-03 08:30:02,384 [DEBUG] Browser closed
2026-06-03 08:30:02,389 [INFO] Index metadata written: /home/ubuntu/faith-workspace/vfl-empire/network-capture/2026-06-03_080002/index.json
2026-06-03 08:30:02,389 [INFO] Capture finalized. Output: /home/ubuntu/faith-workspace/vfl-empire/network-capture/2026-06-03_080002
2026-06-03 08:30:02,411 [INFO] Successfully captured 611 Playwright events and 0 Requestly events
