2026-06-13 14:00:03,782 [INFO] Browser launched
2026-06-13 14:00:03,942 [INFO] Browser context and page created
2026-06-13 14:00:03,943 [INFO] Navigation attempt 1/3 to https://www.msport.com/ng/web/virtual
2026-06-13 14:00:09,347 [INFO] Navigation OK — URL: https://www.msport.com/ng/web/welcome
2026-06-13 14:00:09,369 [DEBUG] Playwright event listeners installed
2026-06-13 14:00:09,369 [WARNING] Requestly SDK not found at /tmp/node_modules/@requestly/web-sdk/dist/requestly-web-sdk.min.js — skipping Layer 2
2026-06-13 14:02:09,612 [INFO] HEARTBEAT — elapsed=127s events=45 requestly=0 url=https://www.msport.com/ng/web/welcome
2026-06-13 14:04:09,833 [INFO] HEARTBEAT — elapsed=248s events=72 requestly=0 url=https://www.msport.com/ng/web/welcome
2026-06-13 14:06:10,289 [INFO] HEARTBEAT — elapsed=368s events=97 requestly=0 url=https://www.msport.com/ng/web/welcome
2026-06-13 14:08:10,545 [INFO] HEARTBEAT — elapsed=488s events=124 requestly=0 url=https://www.msport.com/ng/web/welcome
2026-06-13 14:10:10,659 [INFO] HEARTBEAT — elapsed=608s events=150 requestly=0 url=https://www.msport.com/ng/web/welcome
2026-06-13 14:12:10,853 [INFO] HEARTBEAT — elapsed=729s events=176 requestly=0 url=https://www.msport.com/ng/web/welcome
2026-06-13 14:14:10,980 [INFO] HEARTBEAT — elapsed=849s events=203 requestly=0 url=https://www.msport.com/ng/web/welcome
2026-06-13 14:16:11,286 [INFO] HEARTBEAT — elapsed=969s events=230 requestly=0 url=https://www.msport.com/ng/web/welcome
2026-06-13 14:18:11,549 [INFO] HEARTBEAT — elapsed=1089s events=256 requestly=0 url=https://www.msport.com/ng/web/welcome
2026-06-13 14:20:11,680 [INFO] HEARTBEAT — elapsed=1209s events=283 requestly=0 url=https://www.msport.com/ng/web/welcome
2026-06-13 14:22:11,864 [INFO] HEARTBEAT — elapsed=1330s events=309 requestly=0 url=https://www.msport.com/ng/web/welcome
2026-06-13 14:24:12,762 [INFO] HEARTBEAT — elapsed=1451s events=335 requestly=0 url=https://www.msport.com/ng/web/welcome
2026-06-13 14:26:12,838 [INFO] HEARTBEAT — elapsed=1571s events=362 requestly=0 url=https://www.msport.com/ng/web/welcome
2026-06-13 14:28:13,015 [INFO] HEARTBEAT — elapsed=1691s events=388 requestly=0 url=https://www.msport.com/ng/web/welcome
2026-06-13 14:30:02,242 [INFO] Capture complete (1800s elapsed)
2026-06-13 14:30:02,242 [INFO] Finalizing capture (status=completed, duration=1800s)
2026-06-13 14:30:02,614 [DEBUG] Browser closed
2026-06-13 14:30:02,621 [INFO] Index metadata written: /home/ubuntu/faith-workspace/vfl-empire/network-capture/2026-06-13_140002/index.json
2026-06-13 14:30:02,621 [INFO] Capture finalized. Output: /home/ubuntu/faith-workspace/vfl-empire/network-capture/2026-06-13_140002
2026-06-13 14:30:02,649 [INFO] Successfully captured 413 Playwright events and 0 Requestly events
