2026-06-14 10:00:03,685 [INFO] Browser launched
2026-06-14 10:00:03,943 [INFO] Browser context and page created
2026-06-14 10:00:03,943 [INFO] Navigation attempt 1/3 to https://www.msport.com/ng/web/virtual
2026-06-14 10:00:09,863 [INFO] Navigation OK — URL: https://www.msport.com/ng/web/welcome
2026-06-14 10:00:09,867 [DEBUG] Playwright event listeners installed
2026-06-14 10:00:09,868 [WARNING] Requestly SDK not found at /tmp/node_modules/@requestly/web-sdk/dist/requestly-web-sdk.min.js — skipping Layer 2
2026-06-14 10:02:10,008 [INFO] HEARTBEAT — elapsed=128s events=45 requestly=0 url=https://www.msport.com/ng/web/welcome
2026-06-14 10:04:10,162 [INFO] HEARTBEAT — elapsed=248s events=71 requestly=0 url=https://www.msport.com/ng/web/welcome
2026-06-14 10:06:10,338 [INFO] HEARTBEAT — elapsed=368s events=97 requestly=0 url=https://www.msport.com/ng/web/welcome
2026-06-14 10:08:10,571 [INFO] HEARTBEAT — elapsed=488s events=125 requestly=0 url=https://www.msport.com/ng/web/welcome
2026-06-14 10:10:10,657 [INFO] HEARTBEAT — elapsed=608s events=152 requestly=0 url=https://www.msport.com/ng/web/welcome
2026-06-14 10:12:10,772 [INFO] HEARTBEAT — elapsed=729s events=180 requestly=0 url=https://www.msport.com/ng/web/welcome
2026-06-14 10:14:10,899 [INFO] HEARTBEAT — elapsed=849s events=206 requestly=0 url=https://www.msport.com/ng/web/welcome
2026-06-14 10:16:11,095 [INFO] HEARTBEAT — elapsed=969s events=233 requestly=0 url=https://www.msport.com/ng/web/welcome
2026-06-14 10:18:11,276 [INFO] HEARTBEAT — elapsed=1089s events=259 requestly=0 url=https://www.msport.com/ng/web/welcome
2026-06-14 10:20:11,594 [INFO] HEARTBEAT — elapsed=1209s events=287 requestly=0 url=https://www.msport.com/ng/web/welcome
2026-06-14 10:22:11,673 [INFO] HEARTBEAT — elapsed=1329s events=313 requestly=0 url=https://www.msport.com/ng/web/welcome
2026-06-14 10:24:12,063 [INFO] HEARTBEAT — elapsed=1450s events=340 requestly=0 url=https://www.msport.com/ng/web/welcome
2026-06-14 10:26:12,176 [INFO] HEARTBEAT — elapsed=1570s events=366 requestly=0 url=https://www.msport.com/ng/web/welcome
2026-06-14 10:28:12,430 [INFO] HEARTBEAT — elapsed=1690s events=393 requestly=0 url=https://www.msport.com/ng/web/welcome
2026-06-14 10:30:02,304 [INFO] Capture complete (1800s elapsed)
2026-06-14 10:30:02,304 [INFO] Finalizing capture (status=completed, duration=1800s)
2026-06-14 10:30:02,610 [DEBUG] Browser closed
2026-06-14 10:30:02,616 [INFO] Index metadata written: /home/ubuntu/faith-workspace/vfl-empire/network-capture/2026-06-14_100002/index.json
2026-06-14 10:30:02,616 [INFO] Capture finalized. Output: /home/ubuntu/faith-workspace/vfl-empire/network-capture/2026-06-14_100002
2026-06-14 10:30:02,650 [INFO] Successfully captured 418 Playwright events and 0 Requestly events
