2026-06-14 12:00:02,484 [INFO] Browser launched
2026-06-14 12:00:02,616 [INFO] Browser context and page created
2026-06-14 12:00:02,616 [INFO] Navigation attempt 1/3 to https://www.msport.com/ng/web/virtual
2026-06-14 12:00:08,234 [INFO] Navigation OK — URL: https://www.msport.com/ng/web/welcome
2026-06-14 12:00:08,252 [DEBUG] Playwright event listeners installed
2026-06-14 12:00:08,252 [WARNING] Requestly SDK not found at /tmp/node_modules/@requestly/web-sdk/dist/requestly-web-sdk.min.js — skipping Layer 2
2026-06-14 12:02:08,470 [INFO] HEARTBEAT — elapsed=127s events=45 requestly=0 url=https://www.msport.com/ng/web/welcome
2026-06-14 12:04:08,586 [INFO] HEARTBEAT — elapsed=247s events=71 requestly=0 url=https://www.msport.com/ng/web/welcome
2026-06-14 12:06:08,820 [INFO] HEARTBEAT — elapsed=367s events=97 requestly=0 url=https://www.msport.com/ng/web/welcome
2026-06-14 12:08:09,159 [INFO] HEARTBEAT — elapsed=488s events=124 requestly=0 url=https://www.msport.com/ng/web/welcome
2026-06-14 12:10:09,313 [INFO] HEARTBEAT — elapsed=608s events=150 requestly=0 url=https://www.msport.com/ng/web/welcome
2026-06-14 12:12:09,544 [INFO] HEARTBEAT — elapsed=728s events=177 requestly=0 url=https://www.msport.com/ng/web/welcome
2026-06-14 12:14:09,669 [INFO] HEARTBEAT — elapsed=848s events=203 requestly=0 url=https://www.msport.com/ng/web/welcome
2026-06-14 12:16:09,777 [INFO] HEARTBEAT — elapsed=968s events=230 requestly=0 url=https://www.msport.com/ng/web/welcome
2026-06-14 12:18:09,884 [INFO] HEARTBEAT — elapsed=1088s events=257 requestly=0 url=https://www.msport.com/ng/web/welcome
2026-06-14 12:20:10,109 [INFO] HEARTBEAT — elapsed=1209s events=282 requestly=0 url=https://www.msport.com/ng/web/welcome
2026-06-14 12:22:10,176 [INFO] HEARTBEAT — elapsed=1329s events=306 requestly=0 url=https://www.msport.com/ng/web/welcome
2026-06-14 12:24:10,271 [INFO] HEARTBEAT — elapsed=1449s events=332 requestly=0 url=https://www.msport.com/ng/web/welcome
2026-06-14 12:26:10,548 [INFO] HEARTBEAT — elapsed=1569s events=359 requestly=0 url=https://www.msport.com/ng/web/welcome
2026-06-14 12:28:10,643 [INFO] HEARTBEAT — elapsed=1689s events=385 requestly=0 url=https://www.msport.com/ng/web/welcome
2026-06-14 12:30:01,653 [INFO] Capture complete (1800s elapsed)
2026-06-14 12:30:01,654 [INFO] Finalizing capture (status=completed, duration=1800s)
2026-06-14 12:30:02,044 [DEBUG] Browser closed
2026-06-14 12:30:02,057 [INFO] Index metadata written: /home/ubuntu/faith-workspace/vfl-empire/network-capture/2026-06-14_120001/index.json
2026-06-14 12:30:02,057 [INFO] Capture finalized. Output: /home/ubuntu/faith-workspace/vfl-empire/network-capture/2026-06-14_120001
2026-06-14 12:30:02,121 [INFO] Successfully captured 410 Playwright events and 0 Requestly events
