2026-06-14 11:00:02,981 [INFO] Browser launched
2026-06-14 11:00:03,389 [INFO] Browser context and page created
2026-06-14 11:00:03,389 [INFO] Navigation attempt 1/3 to https://www.msport.com/ng/web/virtual
2026-06-14 11:00:08,443 [INFO] Navigation OK — URL: https://www.msport.com/ng/web/welcome
2026-06-14 11:00:08,460 [DEBUG] Playwright event listeners installed
2026-06-14 11:00:08,460 [WARNING] Requestly SDK not found at /tmp/node_modules/@requestly/web-sdk/dist/requestly-web-sdk.min.js — skipping Layer 2
2026-06-14 11:02:08,720 [INFO] HEARTBEAT — elapsed=127s events=46 requestly=0 url=https://www.msport.com/ng/web/welcome
2026-06-14 11:04:09,021 [INFO] HEARTBEAT — elapsed=247s events=72 requestly=0 url=https://www.msport.com/ng/web/welcome
2026-06-14 11:06:09,177 [INFO] HEARTBEAT — elapsed=367s events=99 requestly=0 url=https://www.msport.com/ng/web/welcome
2026-06-14 11:08:09,355 [INFO] HEARTBEAT — elapsed=488s events=126 requestly=0 url=https://www.msport.com/ng/web/welcome
2026-06-14 11:10:09,560 [INFO] HEARTBEAT — elapsed=608s events=153 requestly=0 url=https://www.msport.com/ng/web/welcome
2026-06-14 11:12:09,673 [INFO] HEARTBEAT — elapsed=728s events=180 requestly=0 url=https://www.msport.com/ng/web/welcome
2026-06-14 11:14:09,758 [INFO] HEARTBEAT — elapsed=848s events=208 requestly=0 url=https://www.msport.com/ng/web/welcome
2026-06-14 11:16:09,860 [INFO] HEARTBEAT — elapsed=968s events=234 requestly=0 url=https://www.msport.com/ng/web/welcome
2026-06-14 11:18:10,044 [INFO] HEARTBEAT — elapsed=1088s events=261 requestly=0 url=https://www.msport.com/ng/web/welcome
2026-06-14 11:20:10,315 [INFO] HEARTBEAT — elapsed=1209s events=287 requestly=0 url=https://www.msport.com/ng/web/welcome
2026-06-14 11:22:10,483 [INFO] HEARTBEAT — elapsed=1329s events=314 requestly=0 url=https://www.msport.com/ng/web/welcome
2026-06-14 11:24:10,653 [INFO] HEARTBEAT — elapsed=1449s events=340 requestly=0 url=https://www.msport.com/ng/web/welcome
2026-06-14 11:26:10,830 [INFO] HEARTBEAT — elapsed=1569s events=366 requestly=0 url=https://www.msport.com/ng/web/welcome
2026-06-14 11:28:11,050 [INFO] HEARTBEAT — elapsed=1689s events=391 requestly=0 url=https://www.msport.com/ng/web/welcome
2026-06-14 11:30:01,787 [INFO] Capture complete (1800s elapsed)
2026-06-14 11:30:01,787 [INFO] Finalizing capture (status=completed, duration=1800s)
2026-06-14 11:30:02,393 [DEBUG] Browser closed
2026-06-14 11:30:02,401 [INFO] Index metadata written: /home/ubuntu/faith-workspace/vfl-empire/network-capture/2026-06-14_110001/index.json
2026-06-14 11:30:02,401 [INFO] Capture finalized. Output: /home/ubuntu/faith-workspace/vfl-empire/network-capture/2026-06-14_110001
2026-06-14 11:30:02,421 [INFO] Successfully captured 413 Playwright events and 0 Requestly events
