2026-06-04 01:00:02,296 [INFO] Browser launched
2026-06-04 01:00:02,379 [INFO] Browser context and page created
2026-06-04 01:00:02,379 [INFO] Navigation attempt 1/3 to https://www.msport.com/ng/web/virtual
2026-06-04 01:00:05,584 [INFO] Navigation OK — URL: https://www.msport.com/ng/web/welcome
2026-06-04 01:00:05,587 [DEBUG] Playwright event listeners installed
2026-06-04 01:00:05,588 [WARNING] Requestly SDK not found at /tmp/node_modules/@requestly/web-sdk/dist/requestly-web-sdk.min.js — skipping Layer 2
2026-06-04 01:02:05,690 [INFO] HEARTBEAT — elapsed=124s events=58 requestly=0 url=https://www.msport.com/ng/web/welcome
2026-06-04 01:04:05,771 [INFO] HEARTBEAT — elapsed=244s events=97 requestly=0 url=https://www.msport.com/ng/web/welcome
2026-06-04 01:06:05,841 [INFO] HEARTBEAT — elapsed=364s events=136 requestly=0 url=https://www.msport.com/ng/web/welcome
2026-06-04 01:08:05,940 [INFO] HEARTBEAT — elapsed=484s events=176 requestly=0 url=https://www.msport.com/ng/web/welcome
2026-06-04 01:10:06,028 [INFO] HEARTBEAT — elapsed=604s events=216 requestly=0 url=https://www.msport.com/ng/web/welcome
2026-06-04 01:12:06,093 [INFO] HEARTBEAT — elapsed=724s events=255 requestly=0 url=https://www.msport.com/ng/web/welcome
2026-06-04 01:14:06,220 [INFO] HEARTBEAT — elapsed=845s events=295 requestly=0 url=https://www.msport.com/ng/web/welcome
2026-06-04 01:16:06,274 [INFO] HEARTBEAT — elapsed=965s events=335 requestly=0 url=https://www.msport.com/ng/web/welcome
2026-06-04 01:18:06,348 [INFO] HEARTBEAT — elapsed=1085s events=375 requestly=0 url=https://www.msport.com/ng/web/welcome
2026-06-04 01:20:06,455 [INFO] HEARTBEAT — elapsed=1205s events=414 requestly=0 url=https://www.msport.com/ng/web/welcome
2026-06-04 01:22:06,538 [INFO] HEARTBEAT — elapsed=1325s events=454 requestly=0 url=https://www.msport.com/ng/web/welcome
2026-06-04 01:24:06,581 [INFO] HEARTBEAT — elapsed=1445s events=494 requestly=0 url=https://www.msport.com/ng/web/welcome
2026-06-04 01:26:06,644 [INFO] HEARTBEAT — elapsed=1565s events=534 requestly=0 url=https://www.msport.com/ng/web/welcome
2026-06-04 01:28:06,703 [INFO] HEARTBEAT — elapsed=1685s events=573 requestly=0 url=https://www.msport.com/ng/web/welcome
2026-06-04 01:30:01,726 [INFO] Capture complete (1800s elapsed)
2026-06-04 01:30:01,726 [INFO] Finalizing capture (status=completed, duration=1800s)
2026-06-04 01:30:01,843 [DEBUG] Browser closed
2026-06-04 01:30:01,850 [INFO] Index metadata written: /home/ubuntu/faith-workspace/vfl-empire/network-capture/2026-06-04_010001/index.json
2026-06-04 01:30:01,850 [INFO] Capture finalized. Output: /home/ubuntu/faith-workspace/vfl-empire/network-capture/2026-06-04_010001
2026-06-04 01:30:01,893 [INFO] Successfully captured 611 Playwright events and 0 Requestly events
