2026-06-05 07:00:02,652 [INFO] Browser launched
2026-06-05 07:00:02,757 [INFO] Browser context and page created
2026-06-05 07:00:02,758 [INFO] Navigation attempt 1/3 to https://www.msport.com/ng/web/virtual
2026-06-05 07:00:08,251 [INFO] Navigation OK — URL: https://www.msport.com/ng/web/welcome
2026-06-05 07:00:08,258 [DEBUG] Playwright event listeners installed
2026-06-05 07:00:08,262 [WARNING] Requestly SDK not found at /tmp/node_modules/@requestly/web-sdk/dist/requestly-web-sdk.min.js — skipping Layer 2
2026-06-05 07:02:08,376 [INFO] HEARTBEAT — elapsed=126s events=37 requestly=0 url=https://www.msport.com/ng/web/welcome
2026-06-05 07:04:08,427 [INFO] HEARTBEAT — elapsed=246s events=74 requestly=0 url=https://www.msport.com/ng/web/welcome
2026-06-05 07:06:08,491 [INFO] HEARTBEAT — elapsed=367s events=112 requestly=0 url=https://www.msport.com/ng/web/welcome
2026-06-05 07:08:08,542 [INFO] HEARTBEAT — elapsed=487s events=149 requestly=0 url=https://www.msport.com/ng/web/welcome
2026-06-05 07:10:08,607 [INFO] HEARTBEAT — elapsed=607s events=187 requestly=0 url=https://www.msport.com/ng/web/welcome
2026-06-05 07:12:08,694 [INFO] HEARTBEAT — elapsed=727s events=225 requestly=0 url=https://www.msport.com/ng/web/welcome
2026-06-05 07:14:08,794 [INFO] HEARTBEAT — elapsed=847s events=262 requestly=0 url=https://www.msport.com/ng/web/welcome
2026-06-05 07:16:08,934 [INFO] HEARTBEAT — elapsed=967s events=299 requestly=0 url=https://www.msport.com/ng/web/welcome
2026-06-05 07:18:08,991 [INFO] HEARTBEAT — elapsed=1087s events=337 requestly=0 url=https://www.msport.com/ng/web/welcome
2026-06-05 07:20:09,100 [INFO] HEARTBEAT — elapsed=1207s events=375 requestly=0 url=https://www.msport.com/ng/web/welcome
2026-06-05 07:22:09,166 [INFO] HEARTBEAT — elapsed=1327s events=412 requestly=0 url=https://www.msport.com/ng/web/welcome
2026-06-05 07:24:09,259 [INFO] HEARTBEAT — elapsed=1447s events=450 requestly=0 url=https://www.msport.com/ng/web/welcome
2026-06-05 07:26:09,445 [INFO] HEARTBEAT — elapsed=1567s events=488 requestly=0 url=https://www.msport.com/ng/web/welcome
2026-06-05 07:28:09,512 [INFO] HEARTBEAT — elapsed=1688s events=526 requestly=0 url=https://www.msport.com/ng/web/welcome
2026-06-05 07:30:02,009 [INFO] Capture complete (1800s elapsed)
2026-06-05 07:30:02,010 [INFO] Finalizing capture (status=completed, duration=1800s)
2026-06-05 07:30:02,177 [DEBUG] Browser closed
2026-06-05 07:30:02,182 [INFO] Index metadata written: /home/ubuntu/faith-workspace/vfl-empire/network-capture/2026-06-05_070001/index.json
2026-06-05 07:30:02,182 [INFO] Capture finalized. Output: /home/ubuntu/faith-workspace/vfl-empire/network-capture/2026-06-05_070001
2026-06-05 07:30:02,219 [INFO] Successfully captured 562 Playwright events and 0 Requestly events
