2026-06-05 15:00:02,132 [INFO] Browser launched
2026-06-05 15:00:02,310 [INFO] Browser context and page created
2026-06-05 15:00:02,310 [INFO] Navigation attempt 1/3 to https://www.msport.com/ng/web/virtual
2026-06-05 15:00:08,334 [INFO] Navigation OK — URL: https://www.msport.com/ng/web/welcome
2026-06-05 15:00:08,337 [DEBUG] Playwright event listeners installed
2026-06-05 15:00:08,337 [WARNING] Requestly SDK not found at /tmp/node_modules/@requestly/web-sdk/dist/requestly-web-sdk.min.js — skipping Layer 2
2026-06-05 15:02:08,452 [INFO] HEARTBEAT — elapsed=127s events=33 requestly=0 url=https://www.msport.com/ng/web/welcome
2026-06-05 15:04:08,531 [INFO] HEARTBEAT — elapsed=247s events=67 requestly=0 url=https://www.msport.com/ng/web/welcome
2026-06-05 15:06:08,659 [INFO] HEARTBEAT — elapsed=367s events=99 requestly=0 url=https://www.msport.com/ng/web/welcome
2026-06-05 15:08:08,715 [INFO] HEARTBEAT — elapsed=487s events=133 requestly=0 url=https://www.msport.com/ng/web/welcome
2026-06-05 15:10:08,770 [INFO] HEARTBEAT — elapsed=607s events=165 requestly=0 url=https://www.msport.com/ng/web/welcome
2026-06-05 15:12:08,836 [INFO] HEARTBEAT — elapsed=727s events=198 requestly=0 url=https://www.msport.com/ng/web/welcome
2026-06-05 15:14:08,917 [INFO] HEARTBEAT — elapsed=848s events=232 requestly=0 url=https://www.msport.com/ng/web/welcome
2026-06-05 15:16:08,981 [INFO] HEARTBEAT — elapsed=968s events=264 requestly=0 url=https://www.msport.com/ng/web/welcome
2026-06-05 15:18:09,194 [INFO] HEARTBEAT — elapsed=1088s events=298 requestly=0 url=https://www.msport.com/ng/web/welcome
2026-06-05 15:20:09,333 [INFO] HEARTBEAT — elapsed=1208s events=332 requestly=0 url=https://www.msport.com/ng/web/welcome
2026-06-05 15:22:09,413 [INFO] HEARTBEAT — elapsed=1328s events=365 requestly=0 url=https://www.msport.com/ng/web/welcome
2026-06-05 15:24:09,535 [INFO] HEARTBEAT — elapsed=1448s events=398 requestly=0 url=https://www.msport.com/ng/web/welcome
2026-06-05 15:26:09,609 [INFO] HEARTBEAT — elapsed=1568s events=431 requestly=0 url=https://www.msport.com/ng/web/welcome
2026-06-05 15:28:09,745 [INFO] HEARTBEAT — elapsed=1688s events=464 requestly=0 url=https://www.msport.com/ng/web/welcome
2026-06-05 15:30:01,444 [INFO] Capture complete (1800s elapsed)
2026-06-05 15:30:01,446 [INFO] Finalizing capture (status=completed, duration=1800s)
2026-06-05 15:30:01,702 [DEBUG] Browser closed
2026-06-05 15:30:01,706 [INFO] Index metadata written: /home/ubuntu/faith-workspace/vfl-empire/network-capture/2026-06-05_150001/index.json
2026-06-05 15:30:01,706 [INFO] Capture finalized. Output: /home/ubuntu/faith-workspace/vfl-empire/network-capture/2026-06-05_150001
2026-06-05 15:30:01,744 [INFO] Successfully captured 495 Playwright events and 0 Requestly events
