2026-06-05 11:00:02,206 [INFO] Browser launched
2026-06-05 11:00:02,366 [INFO] Browser context and page created
2026-06-05 11:00:02,366 [INFO] Navigation attempt 1/3 to https://www.msport.com/ng/web/virtual
2026-06-05 11:00:06,754 [INFO] Navigation OK — URL: https://www.msport.com/ng/web/welcome
2026-06-05 11:00:06,757 [DEBUG] Playwright event listeners installed
2026-06-05 11:00:06,757 [WARNING] Requestly SDK not found at /tmp/node_modules/@requestly/web-sdk/dist/requestly-web-sdk.min.js — skipping Layer 2
2026-06-05 11:02:06,846 [INFO] HEARTBEAT — elapsed=125s events=57 requestly=0 url=https://www.msport.com/ng/web/welcome
2026-06-05 11:04:06,918 [INFO] HEARTBEAT — elapsed=245s events=95 requestly=0 url=https://www.msport.com/ng/web/welcome
2026-06-05 11:06:06,989 [INFO] HEARTBEAT — elapsed=366s events=133 requestly=0 url=https://www.msport.com/ng/web/welcome
2026-06-05 11:08:07,049 [INFO] HEARTBEAT — elapsed=486s events=172 requestly=0 url=https://www.msport.com/ng/web/welcome
2026-06-05 11:10:07,154 [INFO] HEARTBEAT — elapsed=606s events=210 requestly=0 url=https://www.msport.com/ng/web/welcome
2026-06-05 11:12:07,250 [INFO] HEARTBEAT — elapsed=726s events=250 requestly=0 url=https://www.msport.com/ng/web/welcome
2026-06-05 11:14:07,370 [INFO] HEARTBEAT — elapsed=846s events=288 requestly=0 url=https://www.msport.com/ng/web/welcome
2026-06-05 11:16:07,432 [INFO] HEARTBEAT — elapsed=966s events=327 requestly=0 url=https://www.msport.com/ng/web/welcome
2026-06-05 11:18:07,522 [INFO] HEARTBEAT — elapsed=1086s events=365 requestly=0 url=https://www.msport.com/ng/web/welcome
2026-06-05 11:20:07,608 [INFO] HEARTBEAT — elapsed=1206s events=404 requestly=0 url=https://www.msport.com/ng/web/welcome
2026-06-05 11:22:07,697 [INFO] HEARTBEAT — elapsed=1326s events=442 requestly=0 url=https://www.msport.com/ng/web/welcome
2026-06-05 11:24:07,751 [INFO] HEARTBEAT — elapsed=1446s events=481 requestly=0 url=https://www.msport.com/ng/web/welcome
2026-06-05 11:26:07,825 [INFO] HEARTBEAT — elapsed=1566s events=520 requestly=0 url=https://www.msport.com/ng/web/welcome
2026-06-05 11:28:07,880 [INFO] HEARTBEAT — elapsed=1686s events=559 requestly=0 url=https://www.msport.com/ng/web/welcome
2026-06-05 11:30:01,481 [INFO] Capture complete (1800s elapsed)
2026-06-05 11:30:01,482 [INFO] Finalizing capture (status=completed, duration=1800s)
2026-06-05 11:30:01,624 [DEBUG] Browser closed
2026-06-05 11:30:01,628 [INFO] Index metadata written: /home/ubuntu/faith-workspace/vfl-empire/network-capture/2026-06-05_110001/index.json
2026-06-05 11:30:01,628 [INFO] Capture finalized. Output: /home/ubuntu/faith-workspace/vfl-empire/network-capture/2026-06-05_110001
2026-06-05 11:30:01,653 [INFO] Successfully captured 596 Playwright events and 0 Requestly events
