2026-06-05 12:00:02,256 [INFO] Browser launched
2026-06-05 12:00:02,403 [INFO] Browser context and page created
2026-06-05 12:00:02,403 [INFO] Navigation attempt 1/3 to https://www.msport.com/ng/web/virtual
2026-06-05 12:00:07,171 [INFO] Navigation OK — URL: https://www.msport.com/ng/web/welcome
2026-06-05 12:00:07,173 [DEBUG] Playwright event listeners installed
2026-06-05 12:00:07,173 [WARNING] Requestly SDK not found at /tmp/node_modules/@requestly/web-sdk/dist/requestly-web-sdk.min.js — skipping Layer 2
2026-06-05 12:02:07,271 [INFO] HEARTBEAT — elapsed=126s events=37 requestly=0 url=https://www.msport.com/ng/web/welcome
2026-06-05 12:04:07,343 [INFO] HEARTBEAT — elapsed=246s events=75 requestly=0 url=https://www.msport.com/ng/web/welcome
2026-06-05 12:06:07,483 [INFO] HEARTBEAT — elapsed=366s events=112 requestly=0 url=https://www.msport.com/ng/web/welcome
2026-06-05 12:08:07,549 [INFO] HEARTBEAT — elapsed=486s events=150 requestly=0 url=https://www.msport.com/ng/web/welcome
2026-06-05 12:10:07,613 [INFO] HEARTBEAT — elapsed=606s events=187 requestly=0 url=https://www.msport.com/ng/web/welcome
2026-06-05 12:12:07,683 [INFO] HEARTBEAT — elapsed=726s events=223 requestly=0 url=https://www.msport.com/ng/web/welcome
2026-06-05 12:14:07,740 [INFO] HEARTBEAT — elapsed=846s events=260 requestly=0 url=https://www.msport.com/ng/web/welcome
2026-06-05 12:16:07,822 [INFO] HEARTBEAT — elapsed=966s events=292 requestly=0 url=https://www.msport.com/ng/web/welcome
2026-06-05 12:18:07,930 [INFO] HEARTBEAT — elapsed=1086s events=321 requestly=0 url=https://www.msport.com/ng/web/welcome
2026-06-05 12:20:08,158 [INFO] HEARTBEAT — elapsed=1207s events=348 requestly=0 url=https://www.msport.com/ng/web/welcome
2026-06-05 12:22:08,330 [INFO] HEARTBEAT — elapsed=1327s events=377 requestly=0 url=https://www.msport.com/ng/web/welcome
2026-06-05 12:24:08,529 [INFO] HEARTBEAT — elapsed=1447s events=408 requestly=0 url=https://www.msport.com/ng/web/welcome
2026-06-05 12:26:08,739 [INFO] HEARTBEAT — elapsed=1567s events=438 requestly=0 url=https://www.msport.com/ng/web/welcome
2026-06-05 12:28:08,841 [INFO] HEARTBEAT — elapsed=1687s events=468 requestly=0 url=https://www.msport.com/ng/web/welcome
2026-06-05 12:30:01,671 [INFO] Capture complete (1800s elapsed)
2026-06-05 12:30:01,672 [INFO] Finalizing capture (status=completed, duration=1800s)
2026-06-05 12:30:01,832 [DEBUG] Browser closed
2026-06-05 12:30:01,838 [INFO] Index metadata written: /home/ubuntu/faith-workspace/vfl-empire/network-capture/2026-06-05_120001/index.json
2026-06-05 12:30:01,838 [INFO] Capture finalized. Output: /home/ubuntu/faith-workspace/vfl-empire/network-capture/2026-06-05_120001
2026-06-05 12:30:01,895 [INFO] Successfully captured 492 Playwright events and 0 Requestly events
