2026-06-15 19:00:04,691 [INFO] Browser launched
2026-06-15 19:00:05,133 [INFO] Browser context and page created
2026-06-15 19:00:05,133 [INFO] Navigation attempt 1/3 to https://www.msport.com/ng/web/virtual
2026-06-15 19:00:12,405 [INFO] Navigation OK — URL: https://www.msport.com/ng/web/welcome
2026-06-15 19:00:12,451 [DEBUG] Playwright event listeners installed
2026-06-15 19:00:12,482 [WARNING] Requestly SDK not found at /tmp/node_modules/@requestly/web-sdk/dist/requestly-web-sdk.min.js — skipping Layer 2
2026-06-15 19:02:12,725 [INFO] HEARTBEAT — elapsed=131s events=43 requestly=0 url=https://www.msport.com/ng/web/welcome
2026-06-15 19:04:12,833 [INFO] HEARTBEAT — elapsed=251s events=67 requestly=0 url=https://www.msport.com/ng/web/welcome
2026-06-15 19:06:12,903 [INFO] HEARTBEAT — elapsed=371s events=92 requestly=0 url=https://www.msport.com/ng/web/welcome
2026-06-15 19:08:13,831 [INFO] HEARTBEAT — elapsed=492s events=116 requestly=0 url=https://www.msport.com/ng/web/welcome
2026-06-15 19:10:13,943 [INFO] HEARTBEAT — elapsed=612s events=141 requestly=0 url=https://www.msport.com/ng/web/welcome
2026-06-15 19:12:14,277 [INFO] HEARTBEAT — elapsed=733s events=165 requestly=0 url=https://www.msport.com/ng/web/welcome
2026-06-15 19:14:14,803 [INFO] HEARTBEAT — elapsed=853s events=190 requestly=0 url=https://www.msport.com/ng/web/welcome
2026-06-15 19:16:14,986 [INFO] HEARTBEAT — elapsed=973s events=214 requestly=0 url=https://www.msport.com/ng/web/welcome
2026-06-15 19:18:15,220 [INFO] HEARTBEAT — elapsed=1093s events=240 requestly=0 url=https://www.msport.com/ng/web/welcome
2026-06-15 19:20:15,902 [INFO] HEARTBEAT — elapsed=1214s events=264 requestly=0 url=https://www.msport.com/ng/web/welcome
2026-06-15 19:22:16,022 [INFO] HEARTBEAT — elapsed=1334s events=290 requestly=0 url=https://www.msport.com/ng/web/welcome
2026-06-15 19:24:16,230 [INFO] HEARTBEAT — elapsed=1454s events=314 requestly=0 url=https://www.msport.com/ng/web/welcome
2026-06-15 19:26:16,724 [INFO] HEARTBEAT — elapsed=1575s events=339 requestly=0 url=https://www.msport.com/ng/web/welcome
2026-06-15 19:28:16,798 [INFO] HEARTBEAT — elapsed=1695s events=363 requestly=0 url=https://www.msport.com/ng/web/welcome
2026-06-15 19:30:01,752 [INFO] Capture complete (1800s elapsed)
2026-06-15 19:30:01,754 [INFO] Finalizing capture (status=completed, duration=1800s)
2026-06-15 19:30:02,292 [DEBUG] Browser closed
2026-06-15 19:30:02,501 [INFO] Index metadata written: /home/ubuntu/faith-workspace/vfl-empire/network-capture/2026-06-15_190001/index.json
2026-06-15 19:30:02,501 [INFO] Capture finalized. Output: /home/ubuntu/faith-workspace/vfl-empire/network-capture/2026-06-15_190001
2026-06-15 19:30:02,778 [INFO] Successfully captured 385 Playwright events and 0 Requestly events
