2026-06-04 11:00:02,062 [INFO] Browser launched
2026-06-04 11:00:02,212 [INFO] Browser context and page created
2026-06-04 11:00:02,212 [INFO] Navigation attempt 1/3 to https://www.msport.com/ng/web/virtual
2026-06-04 11:00:07,163 [INFO] Navigation OK — URL: https://www.msport.com/ng/web/welcome
2026-06-04 11:00:07,165 [DEBUG] Playwright event listeners installed
2026-06-04 11:00:07,165 [WARNING] Requestly SDK not found at /tmp/node_modules/@requestly/web-sdk/dist/requestly-web-sdk.min.js — skipping Layer 2
2026-06-04 11:02:07,267 [INFO] HEARTBEAT — elapsed=126s events=38 requestly=0 url=https://www.msport.com/ng/web/welcome
2026-06-04 11:04:07,409 [INFO] HEARTBEAT — elapsed=246s events=77 requestly=0 url=https://www.msport.com/ng/web/welcome
2026-06-04 11:06:07,465 [INFO] HEARTBEAT — elapsed=366s events=116 requestly=0 url=https://www.msport.com/ng/web/welcome
2026-06-04 11:08:07,536 [INFO] HEARTBEAT — elapsed=486s events=155 requestly=0 url=https://www.msport.com/ng/web/welcome
2026-06-04 11:10:07,605 [INFO] HEARTBEAT — elapsed=606s events=194 requestly=0 url=https://www.msport.com/ng/web/welcome
2026-06-04 11:12:07,703 [INFO] HEARTBEAT — elapsed=726s events=232 requestly=0 url=https://www.msport.com/ng/web/welcome
2026-06-04 11:14:07,795 [INFO] HEARTBEAT — elapsed=846s events=272 requestly=0 url=https://www.msport.com/ng/web/welcome
2026-06-04 11:16:07,863 [INFO] HEARTBEAT — elapsed=966s events=310 requestly=0 url=https://www.msport.com/ng/web/welcome
2026-06-04 11:18:07,915 [INFO] HEARTBEAT — elapsed=1086s events=349 requestly=0 url=https://www.msport.com/ng/web/welcome
2026-06-04 11:20:08,005 [INFO] HEARTBEAT — elapsed=1206s events=388 requestly=0 url=https://www.msport.com/ng/web/welcome
2026-06-04 11:22:08,094 [INFO] HEARTBEAT — elapsed=1327s events=427 requestly=0 url=https://www.msport.com/ng/web/welcome
2026-06-04 11:24:08,198 [INFO] HEARTBEAT — elapsed=1447s events=467 requestly=0 url=https://www.msport.com/ng/web/welcome
2026-06-04 11:26:08,290 [INFO] HEARTBEAT — elapsed=1567s events=506 requestly=0 url=https://www.msport.com/ng/web/welcome
2026-06-04 11:28:08,355 [INFO] HEARTBEAT — elapsed=1687s events=545 requestly=0 url=https://www.msport.com/ng/web/welcome
2026-06-04 11:30:01,578 [INFO] Capture complete (1800s elapsed)
2026-06-04 11:30:01,578 [INFO] Finalizing capture (status=completed, duration=1800s)
2026-06-04 11:30:01,784 [DEBUG] Browser closed
2026-06-04 11:30:01,793 [INFO] Index metadata written: /home/ubuntu/faith-workspace/vfl-empire/network-capture/2026-06-04_110001/index.json
2026-06-04 11:30:01,793 [INFO] Capture finalized. Output: /home/ubuntu/faith-workspace/vfl-empire/network-capture/2026-06-04_110001
2026-06-04 11:30:01,811 [INFO] Successfully captured 582 Playwright events and 0 Requestly events
