2026-06-03 23:00:02,955 [INFO] Browser launched
2026-06-03 23:00:03,385 [INFO] Browser context and page created
2026-06-03 23:00:03,385 [INFO] Navigation attempt 1/3 to https://www.msport.com/ng/web/virtual
2026-06-03 23:00:18,033 [DEBUG] networkidle wait timeout (non-critical)
2026-06-03 23:00:18,033 [INFO] Navigation OK — URL: https://www.msport.com/ng/web/welcome
2026-06-03 23:00:18,036 [DEBUG] Playwright event listeners installed
2026-06-03 23:00:18,036 [WARNING] Requestly SDK not found at /tmp/node_modules/@requestly/web-sdk/dist/requestly-web-sdk.min.js — skipping Layer 2
2026-06-03 23:02:18,152 [INFO] HEARTBEAT — elapsed=136s events=38 requestly=0 url=https://www.msport.com/ng/web/welcome
2026-06-03 23:04:18,233 [INFO] HEARTBEAT — elapsed=256s events=75 requestly=0 url=https://www.msport.com/ng/web/welcome
2026-06-03 23:06:18,310 [INFO] HEARTBEAT — elapsed=377s events=113 requestly=0 url=https://www.msport.com/ng/web/welcome
2026-06-03 23:08:18,405 [INFO] HEARTBEAT — elapsed=497s events=151 requestly=0 url=https://www.msport.com/ng/web/welcome
2026-06-03 23:10:18,497 [INFO] HEARTBEAT — elapsed=617s events=188 requestly=0 url=https://www.msport.com/ng/web/welcome
2026-06-03 23:12:18,561 [INFO] HEARTBEAT — elapsed=737s events=226 requestly=0 url=https://www.msport.com/ng/web/welcome
2026-06-03 23:14:18,626 [INFO] HEARTBEAT — elapsed=857s events=264 requestly=0 url=https://www.msport.com/ng/web/welcome
2026-06-03 23:16:18,693 [INFO] HEARTBEAT — elapsed=977s events=301 requestly=0 url=https://www.msport.com/ng/web/welcome
2026-06-03 23:18:18,747 [INFO] HEARTBEAT — elapsed=1097s events=339 requestly=0 url=https://www.msport.com/ng/web/welcome
2026-06-03 23:20:18,808 [INFO] HEARTBEAT — elapsed=1217s events=377 requestly=0 url=https://www.msport.com/ng/web/welcome
2026-06-03 23:22:18,851 [INFO] HEARTBEAT — elapsed=1337s events=415 requestly=0 url=https://www.msport.com/ng/web/welcome
2026-06-03 23:24:18,921 [INFO] HEARTBEAT — elapsed=1457s events=453 requestly=0 url=https://www.msport.com/ng/web/welcome
2026-06-03 23:26:18,992 [INFO] HEARTBEAT — elapsed=1577s events=491 requestly=0 url=https://www.msport.com/ng/web/welcome
2026-06-03 23:28:19,083 [INFO] HEARTBEAT — elapsed=1697s events=529 requestly=0 url=https://www.msport.com/ng/web/welcome
2026-06-03 23:30:01,811 [INFO] Capture complete (1800s elapsed)
2026-06-03 23:30:01,812 [INFO] Finalizing capture (status=completed, duration=1800s)
2026-06-03 23:30:01,986 [DEBUG] Browser closed
2026-06-03 23:30:01,995 [INFO] Index metadata written: /home/ubuntu/faith-workspace/vfl-empire/network-capture/2026-06-03_230001/index.json
2026-06-03 23:30:01,995 [INFO] Capture finalized. Output: /home/ubuntu/faith-workspace/vfl-empire/network-capture/2026-06-03_230001
2026-06-03 23:30:02,026 [INFO] Successfully captured 561 Playwright events and 0 Requestly events
