2026-06-03 17:00:02,328 [INFO] Browser launched
2026-06-03 17:00:02,430 [INFO] Browser context and page created
2026-06-03 17:00:02,430 [INFO] Navigation attempt 1/3 to https://www.msport.com/ng/web/virtual
2026-06-03 17:00:17,292 [DEBUG] networkidle wait timeout (non-critical)
2026-06-03 17:00:17,292 [INFO] Navigation OK — URL: https://www.msport.com/ng/web/welcome
2026-06-03 17:00:17,296 [DEBUG] Playwright event listeners installed
2026-06-03 17:00:17,296 [WARNING] Requestly SDK not found at /tmp/node_modules/@requestly/web-sdk/dist/requestly-web-sdk.min.js — skipping Layer 2
2026-06-03 17:02:17,408 [INFO] HEARTBEAT — elapsed=136s events=37 requestly=0 url=https://www.msport.com/ng/web/welcome
2026-06-03 17:04:17,480 [INFO] HEARTBEAT — elapsed=256s events=74 requestly=0 url=https://www.msport.com/ng/web/welcome
2026-06-03 17:06:17,542 [INFO] HEARTBEAT — elapsed=376s events=111 requestly=0 url=https://www.msport.com/ng/web/welcome
2026-06-03 17:08:17,602 [INFO] HEARTBEAT — elapsed=496s events=148 requestly=0 url=https://www.msport.com/ng/web/welcome
2026-06-03 17:10:17,664 [INFO] HEARTBEAT — elapsed=616s events=186 requestly=0 url=https://www.msport.com/ng/web/welcome
2026-06-03 17:12:17,754 [INFO] HEARTBEAT — elapsed=736s events=223 requestly=0 url=https://www.msport.com/ng/web/welcome
2026-06-03 17:14:17,832 [INFO] HEARTBEAT — elapsed=856s events=260 requestly=0 url=https://www.msport.com/ng/web/welcome
2026-06-03 17:16:17,907 [INFO] HEARTBEAT — elapsed=976s events=298 requestly=0 url=https://www.msport.com/ng/web/welcome
2026-06-03 17:18:17,979 [INFO] HEARTBEAT — elapsed=1096s events=336 requestly=0 url=https://www.msport.com/ng/web/welcome
2026-06-03 17:20:18,072 [INFO] HEARTBEAT — elapsed=1216s events=373 requestly=0 url=https://www.msport.com/ng/web/welcome
2026-06-03 17:22:18,167 [INFO] HEARTBEAT — elapsed=1336s events=411 requestly=0 url=https://www.msport.com/ng/web/welcome
2026-06-03 17:24:18,260 [INFO] HEARTBEAT — elapsed=1457s events=448 requestly=0 url=https://www.msport.com/ng/web/welcome
2026-06-03 17:26:18,362 [INFO] HEARTBEAT — elapsed=1577s events=486 requestly=0 url=https://www.msport.com/ng/web/welcome
2026-06-03 17:28:18,442 [INFO] HEARTBEAT — elapsed=1697s events=524 requestly=0 url=https://www.msport.com/ng/web/welcome
2026-06-03 17:30:01,760 [INFO] Capture complete (1800s elapsed)
2026-06-03 17:30:01,760 [INFO] Finalizing capture (status=completed, duration=1800s)
2026-06-03 17:30:01,892 [DEBUG] Browser closed
2026-06-03 17:30:01,896 [INFO] Index metadata written: /home/ubuntu/faith-workspace/vfl-empire/network-capture/2026-06-03_170001/index.json
2026-06-03 17:30:01,897 [INFO] Capture finalized. Output: /home/ubuntu/faith-workspace/vfl-empire/network-capture/2026-06-03_170001
2026-06-03 17:30:01,921 [INFO] Successfully captured 556 Playwright events and 0 Requestly events
