2026-06-13 19:00:03,572 [INFO] Browser launched
2026-06-13 19:00:03,694 [INFO] Browser context and page created
2026-06-13 19:00:03,694 [INFO] Navigation attempt 1/3 to https://www.msport.com/ng/web/virtual
2026-06-13 19:00:09,038 [INFO] Navigation OK — URL: https://www.msport.com/ng/web/welcome
2026-06-13 19:00:09,042 [DEBUG] Playwright event listeners installed
2026-06-13 19:00:09,047 [WARNING] Requestly SDK not found at /tmp/node_modules/@requestly/web-sdk/dist/requestly-web-sdk.min.js — skipping Layer 2
2026-06-13 19:02:09,554 [INFO] HEARTBEAT — elapsed=127s events=45 requestly=0 url=https://www.msport.com/ng/web/welcome
2026-06-13 19:04:09,695 [INFO] HEARTBEAT — elapsed=248s events=72 requestly=0 url=https://www.msport.com/ng/web/welcome
2026-06-13 19:06:09,784 [INFO] HEARTBEAT — elapsed=368s events=98 requestly=0 url=https://www.msport.com/ng/web/welcome
2026-06-13 19:08:09,928 [INFO] HEARTBEAT — elapsed=488s events=124 requestly=0 url=https://www.msport.com/ng/web/welcome
2026-06-13 19:10:10,010 [INFO] HEARTBEAT — elapsed=608s events=150 requestly=0 url=https://www.msport.com/ng/web/welcome
2026-06-13 19:12:10,386 [INFO] HEARTBEAT — elapsed=728s events=177 requestly=0 url=https://www.msport.com/ng/web/welcome
2026-06-13 19:14:10,595 [INFO] HEARTBEAT — elapsed=848s events=204 requestly=0 url=https://www.msport.com/ng/web/welcome
2026-06-13 19:16:10,812 [INFO] HEARTBEAT — elapsed=969s events=230 requestly=0 url=https://www.msport.com/ng/web/welcome
2026-06-13 19:18:11,011 [INFO] HEARTBEAT — elapsed=1089s events=256 requestly=0 url=https://www.msport.com/ng/web/welcome
2026-06-13 19:20:11,304 [INFO] HEARTBEAT — elapsed=1209s events=283 requestly=0 url=https://www.msport.com/ng/web/welcome
2026-06-13 19:22:11,580 [INFO] HEARTBEAT — elapsed=1329s events=309 requestly=0 url=https://www.msport.com/ng/web/welcome
2026-06-13 19:24:11,695 [INFO] HEARTBEAT — elapsed=1450s events=336 requestly=0 url=https://www.msport.com/ng/web/welcome
2026-06-13 19:26:11,796 [INFO] HEARTBEAT — elapsed=1570s events=362 requestly=0 url=https://www.msport.com/ng/web/welcome
2026-06-13 19:28:11,937 [INFO] HEARTBEAT — elapsed=1690s events=389 requestly=0 url=https://www.msport.com/ng/web/welcome
2026-06-13 19:30:02,397 [INFO] Capture complete (1800s elapsed)
2026-06-13 19:30:02,397 [INFO] Finalizing capture (status=completed, duration=1800s)
2026-06-13 19:30:02,667 [DEBUG] Browser closed
2026-06-13 19:30:02,682 [INFO] Index metadata written: /home/ubuntu/faith-workspace/vfl-empire/network-capture/2026-06-13_190002/index.json
2026-06-13 19:30:02,683 [INFO] Capture finalized. Output: /home/ubuntu/faith-workspace/vfl-empire/network-capture/2026-06-13_190002
2026-06-13 19:30:02,734 [INFO] Successfully captured 414 Playwright events and 0 Requestly events
