2026-06-05 20:00:02,139 [INFO] Browser launched
2026-06-05 20:00:02,482 [INFO] Browser context and page created
2026-06-05 20:00:02,482 [INFO] Navigation attempt 1/3 to https://www.msport.com/ng/web/virtual
2026-06-05 20:00:07,436 [INFO] Navigation OK — URL: https://www.msport.com/ng/web/welcome
2026-06-05 20:00:07,445 [DEBUG] Playwright event listeners installed
2026-06-05 20:00:07,446 [WARNING] Requestly SDK not found at /tmp/node_modules/@requestly/web-sdk/dist/requestly-web-sdk.min.js — skipping Layer 2
2026-06-05 20:02:07,583 [INFO] HEARTBEAT — elapsed=126s events=50 requestly=0 url=https://www.msport.com/ng/web/welcome
2026-06-05 20:04:07,730 [INFO] HEARTBEAT — elapsed=246s events=80 requestly=0 url=https://www.msport.com/ng/web/welcome
2026-06-05 20:06:07,818 [INFO] HEARTBEAT — elapsed=366s events=110 requestly=0 url=https://www.msport.com/ng/web/welcome
2026-06-05 20:08:07,928 [INFO] HEARTBEAT — elapsed=486s events=139 requestly=0 url=https://www.msport.com/ng/web/welcome
2026-06-05 20:10:07,990 [INFO] HEARTBEAT — elapsed=607s events=168 requestly=0 url=https://www.msport.com/ng/web/welcome
2026-06-05 20:12:08,114 [INFO] HEARTBEAT — elapsed=727s events=200 requestly=0 url=https://www.msport.com/ng/web/welcome
2026-06-05 20:14:08,277 [INFO] HEARTBEAT — elapsed=847s events=234 requestly=0 url=https://www.msport.com/ng/web/welcome
2026-06-05 20:16:08,400 [INFO] HEARTBEAT — elapsed=967s events=265 requestly=0 url=https://www.msport.com/ng/web/welcome
2026-06-05 20:18:08,544 [INFO] HEARTBEAT — elapsed=1087s events=297 requestly=0 url=https://www.msport.com/ng/web/welcome
2026-06-05 20:20:08,602 [INFO] HEARTBEAT — elapsed=1207s events=329 requestly=0 url=https://www.msport.com/ng/web/welcome
2026-06-05 20:22:08,666 [INFO] HEARTBEAT — elapsed=1327s events=359 requestly=0 url=https://www.msport.com/ng/web/welcome
2026-06-05 20:24:08,779 [INFO] HEARTBEAT — elapsed=1447s events=392 requestly=0 url=https://www.msport.com/ng/web/welcome
2026-06-05 20:26:08,863 [INFO] HEARTBEAT — elapsed=1567s events=422 requestly=0 url=https://www.msport.com/ng/web/welcome
2026-06-05 20:28:09,047 [INFO] HEARTBEAT — elapsed=1688s events=455 requestly=0 url=https://www.msport.com/ng/web/welcome
2026-06-05 20:30:01,480 [INFO] Capture complete (1800s elapsed)
2026-06-05 20:30:01,480 [INFO] Finalizing capture (status=completed, duration=1800s)
2026-06-05 20:30:01,684 [DEBUG] Browser closed
2026-06-05 20:30:01,688 [INFO] Index metadata written: /home/ubuntu/faith-workspace/vfl-empire/network-capture/2026-06-05_200001/index.json
2026-06-05 20:30:01,689 [INFO] Capture finalized. Output: /home/ubuntu/faith-workspace/vfl-empire/network-capture/2026-06-05_200001
2026-06-05 20:30:01,719 [INFO] Successfully captured 483 Playwright events and 0 Requestly events
