2026-06-03 20:00:02,383 [INFO] Browser launched
2026-06-03 20:00:02,469 [INFO] Browser context and page created
2026-06-03 20:00:02,469 [INFO] Navigation attempt 1/3 to https://www.msport.com/ng/web/virtual
2026-06-03 20:00:16,929 [DEBUG] networkidle wait timeout (non-critical)
2026-06-03 20:00:16,929 [INFO] Navigation OK — URL: https://www.msport.com/ng/web/welcome
2026-06-03 20:00:16,931 [DEBUG] Playwright event listeners installed
2026-06-03 20:00:16,931 [WARNING] Requestly SDK not found at /tmp/node_modules/@requestly/web-sdk/dist/requestly-web-sdk.min.js — skipping Layer 2
2026-06-03 20:02:17,026 [INFO] HEARTBEAT — elapsed=135s events=38 requestly=0 url=https://www.msport.com/ng/web/welcome
2026-06-03 20:04:17,122 [INFO] HEARTBEAT — elapsed=255s events=75 requestly=0 url=https://www.msport.com/ng/web/welcome
2026-06-03 20:06:17,215 [INFO] HEARTBEAT — elapsed=375s events=113 requestly=0 url=https://www.msport.com/ng/web/welcome
2026-06-03 20:08:17,254 [INFO] HEARTBEAT — elapsed=495s events=151 requestly=0 url=https://www.msport.com/ng/web/welcome
2026-06-03 20:10:17,349 [INFO] HEARTBEAT — elapsed=616s events=189 requestly=0 url=https://www.msport.com/ng/web/welcome
2026-06-03 20:12:17,422 [INFO] HEARTBEAT — elapsed=736s events=227 requestly=0 url=https://www.msport.com/ng/web/welcome
2026-06-03 20:14:17,493 [INFO] HEARTBEAT — elapsed=856s events=265 requestly=0 url=https://www.msport.com/ng/web/welcome
2026-06-03 20:16:17,569 [INFO] HEARTBEAT — elapsed=976s events=302 requestly=0 url=https://www.msport.com/ng/web/welcome
2026-06-03 20:18:17,630 [INFO] HEARTBEAT — elapsed=1096s events=341 requestly=0 url=https://www.msport.com/ng/web/welcome
2026-06-03 20:20:17,685 [INFO] HEARTBEAT — elapsed=1216s events=379 requestly=0 url=https://www.msport.com/ng/web/welcome
2026-06-03 20:22:17,740 [INFO] HEARTBEAT — elapsed=1336s events=417 requestly=0 url=https://www.msport.com/ng/web/welcome
2026-06-03 20:24:17,784 [INFO] HEARTBEAT — elapsed=1456s events=454 requestly=0 url=https://www.msport.com/ng/web/welcome
2026-06-03 20:26:17,850 [INFO] HEARTBEAT — elapsed=1576s events=493 requestly=0 url=https://www.msport.com/ng/web/welcome
2026-06-03 20:28:17,905 [INFO] HEARTBEAT — elapsed=1696s events=531 requestly=0 url=https://www.msport.com/ng/web/welcome
2026-06-03 20:30:01,776 [INFO] Capture complete (1800s elapsed)
2026-06-03 20:30:01,776 [INFO] Finalizing capture (status=completed, duration=1800s)
2026-06-03 20:30:01,891 [DEBUG] Browser closed
2026-06-03 20:30:01,895 [INFO] Index metadata written: /home/ubuntu/faith-workspace/vfl-empire/network-capture/2026-06-03_200001/index.json
2026-06-03 20:30:01,895 [INFO] Capture finalized. Output: /home/ubuntu/faith-workspace/vfl-empire/network-capture/2026-06-03_200001
2026-06-03 20:30:01,917 [INFO] Successfully captured 564 Playwright events and 0 Requestly events
