2026-06-04 20:00:02,456 [INFO] Browser launched
2026-06-04 20:00:02,529 [INFO] Browser context and page created
2026-06-04 20:00:02,530 [INFO] Navigation attempt 1/3 to https://www.msport.com/ng/web/virtual
2026-06-04 20:00:17,034 [DEBUG] networkidle wait timeout (non-critical)
2026-06-04 20:00:17,034 [INFO] Navigation OK — URL: https://www.msport.com/ng/web/welcome
2026-06-04 20:00:17,040 [DEBUG] Playwright event listeners installed
2026-06-04 20:00:17,040 [WARNING] Requestly SDK not found at /tmp/node_modules/@requestly/web-sdk/dist/requestly-web-sdk.min.js — skipping Layer 2
2026-06-04 20:02:17,178 [INFO] HEARTBEAT — elapsed=135s events=37 requestly=0 url=https://www.msport.com/ng/web/welcome
2026-06-04 20:04:17,290 [INFO] HEARTBEAT — elapsed=255s events=74 requestly=0 url=https://www.msport.com/ng/web/welcome
2026-06-04 20:06:17,387 [INFO] HEARTBEAT — elapsed=376s events=110 requestly=0 url=https://www.msport.com/ng/web/welcome
2026-06-04 20:08:17,477 [INFO] HEARTBEAT — elapsed=496s events=148 requestly=0 url=https://www.msport.com/ng/web/welcome
2026-06-04 20:10:17,518 [INFO] HEARTBEAT — elapsed=616s events=184 requestly=0 url=https://www.msport.com/ng/web/welcome
2026-06-04 20:12:17,610 [INFO] HEARTBEAT — elapsed=736s events=221 requestly=0 url=https://www.msport.com/ng/web/welcome
2026-06-04 20:14:17,671 [INFO] HEARTBEAT — elapsed=856s events=258 requestly=0 url=https://www.msport.com/ng/web/welcome
2026-06-04 20:16:17,749 [INFO] HEARTBEAT — elapsed=976s events=296 requestly=0 url=https://www.msport.com/ng/web/welcome
2026-06-04 20:18:17,844 [INFO] HEARTBEAT — elapsed=1096s events=333 requestly=0 url=https://www.msport.com/ng/web/welcome
2026-06-04 20:20:17,926 [INFO] HEARTBEAT — elapsed=1216s events=370 requestly=0 url=https://www.msport.com/ng/web/welcome
2026-06-04 20:22:17,984 [INFO] HEARTBEAT — elapsed=1336s events=407 requestly=0 url=https://www.msport.com/ng/web/welcome
2026-06-04 20:24:18,080 [INFO] HEARTBEAT — elapsed=1456s events=445 requestly=0 url=https://www.msport.com/ng/web/welcome
2026-06-04 20:26:18,188 [INFO] HEARTBEAT — elapsed=1576s events=482 requestly=0 url=https://www.msport.com/ng/web/welcome
2026-06-04 20:28:18,260 [INFO] HEARTBEAT — elapsed=1696s events=518 requestly=0 url=https://www.msport.com/ng/web/welcome
2026-06-04 20:30:01,917 [INFO] Capture complete (1800s elapsed)
2026-06-04 20:30:01,917 [INFO] Finalizing capture (status=completed, duration=1800s)
2026-06-04 20:30:02,148 [DEBUG] Browser closed
2026-06-04 20:30:02,153 [INFO] Index metadata written: /home/ubuntu/faith-workspace/vfl-empire/network-capture/2026-06-04_200001/index.json
2026-06-04 20:30:02,153 [INFO] Capture finalized. Output: /home/ubuntu/faith-workspace/vfl-empire/network-capture/2026-06-04_200001
2026-06-04 20:30:02,180 [INFO] Successfully captured 551 Playwright events and 0 Requestly events
