2026-06-04 23:00:02,005 [INFO] Browser launched
2026-06-04 23:00:02,154 [INFO] Browser context and page created
2026-06-04 23:00:02,154 [INFO] Navigation attempt 1/3 to https://www.msport.com/ng/web/virtual
2026-06-04 23:00:16,398 [DEBUG] networkidle wait timeout (non-critical)
2026-06-04 23:00:16,398 [INFO] Navigation OK — URL: https://www.msport.com/ng/web/welcome
2026-06-04 23:00:16,400 [DEBUG] Playwright event listeners installed
2026-06-04 23:00:16,400 [WARNING] Requestly SDK not found at /tmp/node_modules/@requestly/web-sdk/dist/requestly-web-sdk.min.js — skipping Layer 2
2026-06-04 23:02:16,498 [INFO] HEARTBEAT — elapsed=135s events=37 requestly=0 url=https://www.msport.com/ng/web/welcome
2026-06-04 23:04:16,544 [INFO] HEARTBEAT — elapsed=255s events=75 requestly=0 url=https://www.msport.com/ng/web/welcome
2026-06-04 23:06:16,604 [INFO] HEARTBEAT — elapsed=375s events=113 requestly=0 url=https://www.msport.com/ng/web/welcome
2026-06-04 23:08:16,674 [INFO] HEARTBEAT — elapsed=495s events=150 requestly=0 url=https://www.msport.com/ng/web/welcome
2026-06-04 23:10:16,730 [INFO] HEARTBEAT — elapsed=615s events=187 requestly=0 url=https://www.msport.com/ng/web/welcome
2026-06-04 23:12:16,807 [INFO] HEARTBEAT — elapsed=735s events=225 requestly=0 url=https://www.msport.com/ng/web/welcome
2026-06-04 23:14:16,860 [INFO] HEARTBEAT — elapsed=855s events=263 requestly=0 url=https://www.msport.com/ng/web/welcome
2026-06-04 23:16:16,924 [INFO] HEARTBEAT — elapsed=975s events=301 requestly=0 url=https://www.msport.com/ng/web/welcome
2026-06-04 23:18:17,006 [INFO] HEARTBEAT — elapsed=1096s events=339 requestly=0 url=https://www.msport.com/ng/web/welcome
2026-06-04 23:20:17,121 [INFO] HEARTBEAT — elapsed=1216s events=377 requestly=0 url=https://www.msport.com/ng/web/welcome
2026-06-04 23:22:17,263 [INFO] HEARTBEAT — elapsed=1336s events=415 requestly=0 url=https://www.msport.com/ng/web/welcome
2026-06-04 23:24:17,320 [INFO] HEARTBEAT — elapsed=1456s events=453 requestly=0 url=https://www.msport.com/ng/web/welcome
2026-06-04 23:26:17,427 [INFO] HEARTBEAT — elapsed=1576s events=491 requestly=0 url=https://www.msport.com/ng/web/welcome
2026-06-04 23:28:17,495 [INFO] HEARTBEAT — elapsed=1696s events=529 requestly=0 url=https://www.msport.com/ng/web/welcome
2026-06-04 23:30:01,497 [INFO] Capture complete (1800s elapsed)
2026-06-04 23:30:01,498 [INFO] Finalizing capture (status=completed, duration=1800s)
2026-06-04 23:30:01,655 [DEBUG] Browser closed
2026-06-04 23:30:01,660 [INFO] Index metadata written: /home/ubuntu/faith-workspace/vfl-empire/network-capture/2026-06-04_230001/index.json
2026-06-04 23:30:01,660 [INFO] Capture finalized. Output: /home/ubuntu/faith-workspace/vfl-empire/network-capture/2026-06-04_230001
2026-06-04 23:30:01,682 [INFO] Successfully captured 563 Playwright events and 0 Requestly events
