2026-06-04 07:00:02,531 [INFO] Browser launched
2026-06-04 07:00:02,623 [INFO] Browser context and page created
2026-06-04 07:00:02,623 [INFO] Navigation attempt 1/3 to https://www.msport.com/ng/web/virtual
2026-06-04 07:00:06,317 [INFO] Navigation OK — URL: https://www.msport.com/ng/web/welcome
2026-06-04 07:00:06,329 [DEBUG] Playwright event listeners installed
2026-06-04 07:00:06,329 [WARNING] Requestly SDK not found at /tmp/node_modules/@requestly/web-sdk/dist/requestly-web-sdk.min.js — skipping Layer 2
2026-06-04 07:02:06,513 [INFO] HEARTBEAT — elapsed=125s events=57 requestly=0 url=https://www.msport.com/ng/web/welcome
2026-06-04 07:04:06,590 [INFO] HEARTBEAT — elapsed=245s events=95 requestly=0 url=https://www.msport.com/ng/web/welcome
2026-06-04 07:06:06,672 [INFO] HEARTBEAT — elapsed=365s events=133 requestly=0 url=https://www.msport.com/ng/web/welcome
2026-06-04 07:08:06,766 [INFO] HEARTBEAT — elapsed=485s events=172 requestly=0 url=https://www.msport.com/ng/web/welcome
2026-06-04 07:10:06,843 [INFO] HEARTBEAT — elapsed=605s events=210 requestly=0 url=https://www.msport.com/ng/web/welcome
2026-06-04 07:12:06,891 [INFO] HEARTBEAT — elapsed=725s events=249 requestly=0 url=https://www.msport.com/ng/web/welcome
2026-06-04 07:14:06,951 [INFO] HEARTBEAT — elapsed=845s events=287 requestly=0 url=https://www.msport.com/ng/web/welcome
2026-06-04 07:16:07,048 [INFO] HEARTBEAT — elapsed=965s events=326 requestly=0 url=https://www.msport.com/ng/web/welcome
2026-06-04 07:18:07,161 [INFO] HEARTBEAT — elapsed=1085s events=364 requestly=0 url=https://www.msport.com/ng/web/welcome
2026-06-04 07:20:07,237 [INFO] HEARTBEAT — elapsed=1205s events=403 requestly=0 url=https://www.msport.com/ng/web/welcome
2026-06-04 07:22:07,343 [INFO] HEARTBEAT — elapsed=1326s events=441 requestly=0 url=https://www.msport.com/ng/web/welcome
2026-06-04 07:24:07,415 [INFO] HEARTBEAT — elapsed=1446s events=480 requestly=0 url=https://www.msport.com/ng/web/welcome
2026-06-04 07:26:07,488 [INFO] HEARTBEAT — elapsed=1566s events=519 requestly=0 url=https://www.msport.com/ng/web/welcome
2026-06-04 07:28:07,602 [INFO] HEARTBEAT — elapsed=1686s events=557 requestly=0 url=https://www.msport.com/ng/web/welcome
2026-06-04 07:30:01,808 [INFO] Capture complete (1800s elapsed)
2026-06-04 07:30:01,808 [INFO] Finalizing capture (status=completed, duration=1800s)
2026-06-04 07:30:01,960 [DEBUG] Browser closed
2026-06-04 07:30:01,965 [INFO] Index metadata written: /home/ubuntu/faith-workspace/vfl-empire/network-capture/2026-06-04_070001/index.json
2026-06-04 07:30:01,968 [INFO] Capture finalized. Output: /home/ubuntu/faith-workspace/vfl-empire/network-capture/2026-06-04_070001
2026-06-04 07:30:01,987 [INFO] Successfully captured 593 Playwright events and 0 Requestly events
