2026-06-05 05:00:02,224 [INFO] Browser launched
2026-06-05 05:00:02,328 [INFO] Browser context and page created
2026-06-05 05:00:02,329 [INFO] Navigation attempt 1/3 to https://www.msport.com/ng/web/virtual
2026-06-05 05:00:16,681 [DEBUG] networkidle wait timeout (non-critical)
2026-06-05 05:00:16,681 [INFO] Navigation OK — URL: https://www.msport.com/ng/web/welcome
2026-06-05 05:00:16,684 [DEBUG] Playwright event listeners installed
2026-06-05 05:00:16,684 [WARNING] Requestly SDK not found at /tmp/node_modules/@requestly/web-sdk/dist/requestly-web-sdk.min.js — skipping Layer 2
2026-06-05 05:02:16,861 [INFO] HEARTBEAT — elapsed=135s events=33 requestly=0 url=https://www.msport.com/ng/web/welcome
2026-06-05 05:04:17,094 [INFO] HEARTBEAT — elapsed=256s events=61 requestly=0 url=https://www.msport.com/ng/web/welcome
2026-06-05 05:06:17,355 [INFO] HEARTBEAT — elapsed=376s events=93 requestly=0 url=https://www.msport.com/ng/web/welcome
2026-06-05 05:08:17,472 [INFO] HEARTBEAT — elapsed=496s events=128 requestly=0 url=https://www.msport.com/ng/web/welcome
2026-06-05 05:10:17,563 [INFO] HEARTBEAT — elapsed=616s events=163 requestly=0 url=https://www.msport.com/ng/web/welcome
2026-06-05 05:12:17,666 [INFO] HEARTBEAT — elapsed=736s events=199 requestly=0 url=https://www.msport.com/ng/web/welcome
2026-06-05 05:14:17,757 [INFO] HEARTBEAT — elapsed=856s events=234 requestly=0 url=https://www.msport.com/ng/web/welcome
2026-06-05 05:16:17,805 [INFO] HEARTBEAT — elapsed=976s events=268 requestly=0 url=https://www.msport.com/ng/web/welcome
2026-06-05 05:18:17,908 [INFO] HEARTBEAT — elapsed=1096s events=303 requestly=0 url=https://www.msport.com/ng/web/welcome
2026-06-05 05:20:17,973 [INFO] HEARTBEAT — elapsed=1216s events=338 requestly=0 url=https://www.msport.com/ng/web/welcome
2026-06-05 05:22:18,058 [INFO] HEARTBEAT — elapsed=1336s events=374 requestly=0 url=https://www.msport.com/ng/web/welcome
2026-06-05 05:24:18,186 [INFO] HEARTBEAT — elapsed=1457s events=410 requestly=0 url=https://www.msport.com/ng/web/welcome
2026-06-05 05:26:18,330 [INFO] HEARTBEAT — elapsed=1577s events=442 requestly=0 url=https://www.msport.com/ng/web/welcome
2026-06-05 05:28:18,430 [INFO] HEARTBEAT — elapsed=1697s events=476 requestly=0 url=https://www.msport.com/ng/web/welcome
2026-06-05 05:30:01,596 [INFO] Capture complete (1800s elapsed)
2026-06-05 05:30:01,596 [INFO] Finalizing capture (status=completed, duration=1800s)
2026-06-05 05:30:01,703 [DEBUG] Browser closed
2026-06-05 05:30:01,710 [INFO] Index metadata written: /home/ubuntu/faith-workspace/vfl-empire/network-capture/2026-06-05_050001/index.json
2026-06-05 05:30:01,710 [INFO] Capture finalized. Output: /home/ubuntu/faith-workspace/vfl-empire/network-capture/2026-06-05_050001
2026-06-05 05:30:01,783 [INFO] Successfully captured 506 Playwright events and 0 Requestly events
