2026-06-03 12:00:02,440 [INFO] Browser launched
2026-06-03 12:00:02,521 [INFO] Browser context and page created
2026-06-03 12:00:02,521 [INFO] Navigation attempt 1/3 to https://www.msport.com/ng/web/virtual
2026-06-03 12:00:05,898 [INFO] Navigation OK — URL: https://www.msport.com/ng/web/welcome
2026-06-03 12:00:05,902 [DEBUG] Playwright event listeners installed
2026-06-03 12:00:05,902 [WARNING] Requestly SDK not found at /tmp/node_modules/@requestly/web-sdk/dist/requestly-web-sdk.min.js — skipping Layer 2
2026-06-03 12:02:05,980 [INFO] HEARTBEAT — elapsed=124s events=56 requestly=0 url=https://www.msport.com/ng/web/welcome
2026-06-03 12:04:06,039 [INFO] HEARTBEAT — elapsed=244s events=94 requestly=0 url=https://www.msport.com/ng/web/welcome
2026-06-03 12:06:06,124 [INFO] HEARTBEAT — elapsed=364s events=132 requestly=0 url=https://www.msport.com/ng/web/welcome
2026-06-03 12:08:06,212 [INFO] HEARTBEAT — elapsed=484s events=170 requestly=0 url=https://www.msport.com/ng/web/welcome
2026-06-03 12:10:06,263 [INFO] HEARTBEAT — elapsed=604s events=208 requestly=0 url=https://www.msport.com/ng/web/welcome
2026-06-03 12:12:06,320 [INFO] HEARTBEAT — elapsed=724s events=245 requestly=0 url=https://www.msport.com/ng/web/welcome
2026-06-03 12:14:06,396 [INFO] HEARTBEAT — elapsed=845s events=283 requestly=0 url=https://www.msport.com/ng/web/welcome
2026-06-03 12:16:06,486 [INFO] HEARTBEAT — elapsed=965s events=321 requestly=0 url=https://www.msport.com/ng/web/welcome
2026-06-03 12:18:06,559 [INFO] HEARTBEAT — elapsed=1085s events=359 requestly=0 url=https://www.msport.com/ng/web/welcome
2026-06-03 12:20:06,612 [INFO] HEARTBEAT — elapsed=1205s events=397 requestly=0 url=https://www.msport.com/ng/web/welcome
2026-06-03 12:22:06,701 [INFO] HEARTBEAT — elapsed=1325s events=434 requestly=0 url=https://www.msport.com/ng/web/welcome
2026-06-03 12:24:06,745 [INFO] HEARTBEAT — elapsed=1445s events=472 requestly=0 url=https://www.msport.com/ng/web/welcome
2026-06-03 12:26:06,810 [INFO] HEARTBEAT — elapsed=1565s events=509 requestly=0 url=https://www.msport.com/ng/web/welcome
2026-06-03 12:28:06,856 [INFO] HEARTBEAT — elapsed=1685s events=547 requestly=0 url=https://www.msport.com/ng/web/welcome
2026-06-03 12:30:01,836 [INFO] Capture complete (1800s elapsed)
2026-06-03 12:30:01,837 [INFO] Finalizing capture (status=completed, duration=1800s)
2026-06-03 12:30:02,038 [DEBUG] Browser closed
2026-06-03 12:30:02,043 [INFO] Index metadata written: /home/ubuntu/faith-workspace/vfl-empire/network-capture/2026-06-03_120001/index.json
2026-06-03 12:30:02,045 [INFO] Capture finalized. Output: /home/ubuntu/faith-workspace/vfl-empire/network-capture/2026-06-03_120001
2026-06-03 12:30:02,080 [INFO] Successfully captured 583 Playwright events and 0 Requestly events
