2026-06-16 12:00:04,510 [INFO] Browser launched
2026-06-16 12:00:04,613 [INFO] Browser context and page created
2026-06-16 12:00:04,613 [INFO] Navigation attempt 1/3 to https://www.msport.com/ng/web/virtual
2026-06-16 12:00:10,481 [INFO] Navigation OK — URL: https://www.msport.com/ng/web/welcome
2026-06-16 12:00:10,483 [DEBUG] Playwright event listeners installed
2026-06-16 12:00:10,484 [WARNING] Requestly SDK not found at /tmp/node_modules/@requestly/web-sdk/dist/requestly-web-sdk.min.js — skipping Layer 2
2026-06-16 12:02:10,662 [INFO] HEARTBEAT — elapsed=128s events=53 requestly=0 url=https://www.msport.com/ng/web/welcome
2026-06-16 12:04:10,774 [INFO] HEARTBEAT — elapsed=248s events=80 requestly=0 url=https://www.msport.com/ng/web/welcome
2026-06-16 12:06:10,887 [INFO] HEARTBEAT — elapsed=368s events=107 requestly=0 url=https://www.msport.com/ng/web/welcome
2026-06-16 12:08:10,996 [INFO] HEARTBEAT — elapsed=488s events=134 requestly=0 url=https://www.msport.com/ng/web/welcome
2026-06-16 12:10:11,115 [INFO] HEARTBEAT — elapsed=609s events=162 requestly=0 url=https://www.msport.com/ng/web/welcome
2026-06-16 12:12:11,363 [INFO] HEARTBEAT — elapsed=729s events=188 requestly=0 url=https://www.msport.com/ng/web/welcome
2026-06-16 12:14:11,502 [INFO] HEARTBEAT — elapsed=849s events=216 requestly=0 url=https://www.msport.com/ng/web/welcome
2026-06-16 12:16:11,622 [INFO] HEARTBEAT — elapsed=969s events=243 requestly=0 url=https://www.msport.com/ng/web/welcome
2026-06-16 12:18:11,716 [INFO] HEARTBEAT — elapsed=1089s events=270 requestly=0 url=https://www.msport.com/ng/web/welcome
2026-06-16 12:20:12,104 [INFO] HEARTBEAT — elapsed=1210s events=298 requestly=0 url=https://www.msport.com/ng/web/welcome
2026-06-16 12:22:12,254 [INFO] HEARTBEAT — elapsed=1330s events=325 requestly=0 url=https://www.msport.com/ng/web/welcome
2026-06-16 12:24:12,394 [INFO] HEARTBEAT — elapsed=1450s events=353 requestly=0 url=https://www.msport.com/ng/web/welcome
2026-06-16 12:26:12,878 [INFO] HEARTBEAT — elapsed=1570s events=381 requestly=0 url=https://www.msport.com/ng/web/welcome
2026-06-16 12:28:12,977 [INFO] HEARTBEAT — elapsed=1690s events=408 requestly=0 url=https://www.msport.com/ng/web/welcome
2026-06-16 12:30:02,565 [INFO] Capture complete (1800s elapsed)
2026-06-16 12:30:02,567 [INFO] Finalizing capture (status=completed, duration=1800s)
2026-06-16 12:30:02,775 [DEBUG] Browser closed
2026-06-16 12:30:02,781 [INFO] Index metadata written: /home/ubuntu/faith-workspace/vfl-empire/network-capture/2026-06-16_120002/index.json
2026-06-16 12:30:02,782 [INFO] Capture finalized. Output: /home/ubuntu/faith-workspace/vfl-empire/network-capture/2026-06-16_120002
2026-06-16 12:30:02,816 [INFO] Successfully captured 433 Playwright events and 0 Requestly events
