2026-06-04 21:00:01,977 [INFO] Browser launched
2026-06-04 21:00:02,164 [INFO] Browser context and page created
2026-06-04 21:00:02,165 [INFO] Navigation attempt 1/3 to https://www.msport.com/ng/web/virtual
2026-06-04 21:00:16,538 [DEBUG] networkidle wait timeout (non-critical)
2026-06-04 21:00:16,538 [INFO] Navigation OK — URL: https://www.msport.com/ng/web/welcome
2026-06-04 21:00:16,540 [DEBUG] Playwright event listeners installed
2026-06-04 21:00:16,540 [WARNING] Requestly SDK not found at /tmp/node_modules/@requestly/web-sdk/dist/requestly-web-sdk.min.js — skipping Layer 2
2026-06-04 21:02:16,641 [INFO] HEARTBEAT — elapsed=135s events=36 requestly=0 url=https://www.msport.com/ng/web/welcome
2026-06-04 21:04:16,692 [INFO] HEARTBEAT — elapsed=255s events=72 requestly=0 url=https://www.msport.com/ng/web/welcome
2026-06-04 21:06:16,747 [INFO] HEARTBEAT — elapsed=375s events=109 requestly=0 url=https://www.msport.com/ng/web/welcome
2026-06-04 21:08:16,808 [INFO] HEARTBEAT — elapsed=495s events=145 requestly=0 url=https://www.msport.com/ng/web/welcome
2026-06-04 21:10:16,880 [INFO] HEARTBEAT — elapsed=615s events=181 requestly=0 url=https://www.msport.com/ng/web/welcome
2026-06-04 21:12:16,937 [INFO] HEARTBEAT — elapsed=735s events=218 requestly=0 url=https://www.msport.com/ng/web/welcome
2026-06-04 21:14:17,006 [INFO] HEARTBEAT — elapsed=856s events=255 requestly=0 url=https://www.msport.com/ng/web/welcome
2026-06-04 21:16:17,128 [INFO] HEARTBEAT — elapsed=976s events=290 requestly=0 url=https://www.msport.com/ng/web/welcome
2026-06-04 21:18:17,224 [INFO] HEARTBEAT — elapsed=1096s events=327 requestly=0 url=https://www.msport.com/ng/web/welcome
2026-06-04 21:20:17,288 [INFO] HEARTBEAT — elapsed=1216s events=363 requestly=0 url=https://www.msport.com/ng/web/welcome
2026-06-04 21:22:17,375 [INFO] HEARTBEAT — elapsed=1336s events=400 requestly=0 url=https://www.msport.com/ng/web/welcome
2026-06-04 21:24:17,443 [INFO] HEARTBEAT — elapsed=1456s events=437 requestly=0 url=https://www.msport.com/ng/web/welcome
2026-06-04 21:26:17,530 [INFO] HEARTBEAT — elapsed=1576s events=474 requestly=0 url=https://www.msport.com/ng/web/welcome
2026-06-04 21:28:17,587 [INFO] HEARTBEAT — elapsed=1696s events=511 requestly=0 url=https://www.msport.com/ng/web/welcome
2026-06-04 21:30:01,464 [INFO] Capture complete (1800s elapsed)
2026-06-04 21:30:01,464 [INFO] Finalizing capture (status=completed, duration=1800s)
2026-06-04 21:30:01,608 [DEBUG] Browser closed
2026-06-04 21:30:01,612 [INFO] Index metadata written: /home/ubuntu/faith-workspace/vfl-empire/network-capture/2026-06-04_210001/index.json
2026-06-04 21:30:01,612 [INFO] Capture finalized. Output: /home/ubuntu/faith-workspace/vfl-empire/network-capture/2026-06-04_210001
2026-06-04 21:30:01,643 [INFO] Successfully captured 542 Playwright events and 0 Requestly events
