2026-06-14 14:00:03,590 [INFO] Browser launched
2026-06-14 14:00:03,827 [INFO] Browser context and page created
2026-06-14 14:00:03,829 [INFO] Navigation attempt 1/3 to https://www.msport.com/ng/web/virtual
2026-06-14 14:00:08,191 [INFO] Navigation OK — URL: https://www.msport.com/ng/web/welcome
2026-06-14 14:00:08,243 [DEBUG] Playwright event listeners installed
2026-06-14 14:00:08,246 [WARNING] Requestly SDK not found at /tmp/node_modules/@requestly/web-sdk/dist/requestly-web-sdk.min.js — skipping Layer 2
2026-06-14 14:02:08,739 [INFO] HEARTBEAT — elapsed=127s events=48 requestly=0 url=https://www.msport.com/ng/web/welcome
2026-06-14 14:04:08,991 [INFO] HEARTBEAT — elapsed=247s events=72 requestly=0 url=https://www.msport.com/ng/web/welcome
2026-06-14 14:06:09,616 [INFO] HEARTBEAT — elapsed=367s events=97 requestly=0 url=https://www.msport.com/ng/web/welcome
2026-06-14 14:08:10,025 [INFO] HEARTBEAT — elapsed=488s events=123 requestly=0 url=https://www.msport.com/ng/web/welcome
2026-06-14 14:10:10,351 [INFO] HEARTBEAT — elapsed=608s events=148 requestly=0 url=https://www.msport.com/ng/web/welcome
2026-06-14 14:12:10,547 [INFO] HEARTBEAT — elapsed=728s events=174 requestly=0 url=https://www.msport.com/ng/web/welcome
2026-06-14 14:14:10,738 [INFO] HEARTBEAT — elapsed=849s events=199 requestly=0 url=https://www.msport.com/ng/web/welcome
2026-06-14 14:16:10,806 [INFO] HEARTBEAT — elapsed=969s events=225 requestly=0 url=https://www.msport.com/ng/web/welcome
2026-06-14 14:18:10,892 [INFO] HEARTBEAT — elapsed=1089s events=251 requestly=0 url=https://www.msport.com/ng/web/welcome
2026-06-14 14:20:10,953 [INFO] HEARTBEAT — elapsed=1209s events=277 requestly=0 url=https://www.msport.com/ng/web/welcome
2026-06-14 14:22:11,044 [INFO] HEARTBEAT — elapsed=1329s events=304 requestly=0 url=https://www.msport.com/ng/web/welcome
2026-06-14 14:24:11,191 [INFO] HEARTBEAT — elapsed=1449s events=330 requestly=0 url=https://www.msport.com/ng/web/welcome
2026-06-14 14:26:11,879 [INFO] HEARTBEAT — elapsed=1570s events=356 requestly=0 url=https://www.msport.com/ng/web/welcome
2026-06-14 14:28:12,047 [INFO] HEARTBEAT — elapsed=1690s events=382 requestly=0 url=https://www.msport.com/ng/web/welcome
2026-06-14 14:30:02,471 [INFO] Capture complete (1800s elapsed)
2026-06-14 14:30:02,475 [INFO] Finalizing capture (status=completed, duration=1800s)
2026-06-14 14:30:02,790 [DEBUG] Browser closed
2026-06-14 14:30:02,796 [INFO] Index metadata written: /home/ubuntu/faith-workspace/vfl-empire/network-capture/2026-06-14_140002/index.json
2026-06-14 14:30:02,796 [INFO] Capture finalized. Output: /home/ubuntu/faith-workspace/vfl-empire/network-capture/2026-06-14_140002
2026-06-14 14:30:02,818 [INFO] Successfully captured 406 Playwright events and 0 Requestly events
