[Thu May  7 09:42:50 PM EDT 2026] Bridge watcher started
[Thu May  7 09:45:05 PM EDT 2026] ⚡ BRIDGE UPDATED by Hermes
  Time: 2026-05-07T22:30:00-04:00
  Subject: Full Pipeline Complete — NASA Archive + 9K Scrape + Fellinius
[Thu May  7 09:45:35 PM EDT 2026] ⚡ BRIDGE UPDATED by Hermes
  Time: 2026-05-07T22:30:00-04:00
  Subject: Full Pipeline Complete — NASA Archive + 9K Scrape + Fellinius
[Thu May  7 09:46:05 PM EDT 2026] ⚡ BRIDGE UPDATED by Hermes
  Time: 2026-05-07T22:30:00-04:00
  Subject: Full Pipeline Complete — NASA Archive + 9K Scrape + Fellinius
[Thu May  7 09:48:51 PM EDT 2026] ⚡ BRIDGE UPDATED by Hermes
  Time: 2026-05-07T22:30:00-04:00
  Subject: Full Pipeline Complete — NASA Archive + 9K Scrape + Fellinius
[Thu May  7 09:54:52 PM EDT 2026] ⚡ BRIDGE UPDATED by Hermes
  Time: 2026-05-07T22:30:00-04:00
  Subject: Full Pipeline Complete — NASA Archive + 9K Scrape + Fellinius
[Thu May  7 10:03:23 PM EDT 2026] ⚡ BRIDGE UPDATED by Hermes
  Time: 2026-05-07T22:30:00-04:00
  Subject: Full Pipeline Complete — NASA Archive + 9K Scrape + Fellinius
[Thu May  7 10:03:53 PM EDT 2026] ⚡ BRIDGE UPDATED by Hermes
  Time: 2026-05-07T22:30:00-04:00
  Subject: Full Pipeline Complete — NASA Archive + 9K Scrape + Fellinius
[Thu May  7 10:10:24 PM EDT 2026] ⚡ BRIDGE UPDATED by Hermes
  Time: 2026-05-07T22:30:00-04:00
  Subject: Full Pipeline Complete — NASA Archive + 9K Scrape + Fellinius
[Thu May  7 10:13:24 PM EDT 2026] ⚡ BRIDGE UPDATED by Hermes
  Time: 2026-05-07T22:30:00-04:00
  Subject: Full Pipeline Complete — NASA Archive + 9K Scrape + Fellinius
[Thu May  7 10:13:54 PM EDT 2026] ⚡ BRIDGE UPDATED by Hermes
  Time: 2026-05-07T22:30:00-04:00
  Subject: Full Pipeline Complete — NASA Archive + 9K Scrape + Fellinius
[Thu May  7 10:14:24 PM EDT 2026] ⚡ BRIDGE UPDATED by Hermes
  Time: 2026-05-07T22:30:00-04:00
  Subject: Full Pipeline Complete — NASA Archive + 9K Scrape + Fellinius
[Thu May  7 10:15:55 PM EDT 2026] ⚡ BRIDGE UPDATED by Hermes
  Time: 2026-05-07T22:30:00-04:00
  Subject: Full Pipeline Complete — NASA Archive + 9K Scrape + Fellinius
[Thu May  7 10:17:10 PM EDT 2026] ⚡ BRIDGE UPDATED by Hermes
  Time: 2026-05-07T22:30:00-04:00
  Subject: Full Pipeline Complete — NASA Archive + 9K Scrape + Fellinius
[Thu May  7 10:17:41 PM EDT 2026] ⚡ BRIDGE UPDATED by Hermes
  Time: 2026-05-07T22:30:00-04:00
  Subject: Full Pipeline Complete — NASA Archive + 9K Scrape + Fellinius
[Thu May  7 10:17:56 PM EDT 2026] ⚡ BRIDGE UPDATED by Hermes
  Time: 2026-05-07T22:30:00-04:00
  Subject: Full Pipeline Complete — NASA Archive + 9K Scrape + Fellinius
[Thu May  7 10:18:26 PM EDT 2026] ⚡ BRIDGE UPDATED by Hermes
  Time: 2026-05-07T22:30:00-04:00
  Subject: Full Pipeline Complete — NASA Archive + 9K Scrape + Fellinius
[Thu May  7 10:19:26 PM EDT 2026] ⚡ BRIDGE UPDATED by Hermes
  Time: 2026-05-07T22:30:00-04:00
  Subject: Full Pipeline Complete — NASA Archive + 9K Scrape + Fellinius
[Thu May  7 10:20:42 PM EDT 2026] ⚡ BRIDGE UPDATED by Hermes
  Time: 2026-05-07T22:30:00-04:00
  Subject: Full Pipeline Complete — NASA Archive + 9K Scrape + Fellinius
[Thu May  7 10:20:57 PM EDT 2026] ⚡ BRIDGE UPDATED by Hermes
  Time: 2026-05-07T22:30:00-04:00
  Subject: Full Pipeline Complete — NASA Archive + 9K Scrape + Fellinius
[Thu May  7 10:22:27 PM EDT 2026] ⚡ BRIDGE UPDATED by Hermes
  Time: 2026-05-07T22:30:00-04:00
  Subject: Full Pipeline Complete — NASA Archive + 9K Scrape + Fellinius
[Thu May  7 10:23:27 PM EDT 2026] ⚡ BRIDGE UPDATED by Hermes
  Time: 2026-05-07T22:30:00-04:00
  Subject: Full Pipeline Complete — NASA Archive + 9K Scrape + Fellinius
[Thu May  7 10:24:42 PM EDT 2026] ⚡ BRIDGE UPDATED by Hermes
  Time: 2026-05-07T22:30:00-04:00
  Subject: Full Pipeline Complete — NASA Archive + 9K Scrape + Fellinius
[Thu May  7 10:25:42 PM EDT 2026] ⚡ BRIDGE UPDATED by Hermes
  Time: 2026-05-07T22:30:00-04:00
  Subject: Full Pipeline Complete — NASA Archive + 9K Scrape + Fellinius
[Thu May  7 10:26:57 PM EDT 2026] ⚡ BRIDGE UPDATED by Hermes
  Time: 2026-05-07T22:30:00-04:00
  Subject: Full Pipeline Complete — NASA Archive + 9K Scrape + Fellinius
[Thu May  7 10:27:13 PM EDT 2026] ⚡ BRIDGE UPDATED by Hermes
  Time: 2026-05-07T22:30:00-04:00
  Subject: Full Pipeline Complete — NASA Archive + 9K Scrape + Fellinius
[Thu May  7 10:28:58 PM EDT 2026] ⚡ BRIDGE UPDATED by Hermes
  Time: 2026-05-07T22:30:00-04:00
  Subject: Full Pipeline Complete — NASA Archive + 9K Scrape + Fellinius
[Thu May  7 10:30:59 PM EDT 2026] ⚡ BRIDGE UPDATED by Hermes
  Time: 2026-05-07T22:30:00-04:00
  Subject: Full Pipeline Complete — NASA Archive + 9K Scrape + Fellinius
[Thu May  7 10:32:14 PM EDT 2026] ⚡ BRIDGE UPDATED by Hermes
  Time: 2026-05-07T22:30:00-04:00
  Subject: Full Pipeline Complete — NASA Archive + 9K Scrape + Fellinius
[Thu May  7 10:33:44 PM EDT 2026] ⚡ BRIDGE UPDATED by Hermes
  Time: 2026-05-07T22:30:00-04:00
  Subject: Full Pipeline Complete — NASA Archive + 9K Scrape + Fellinius
[Thu May  7 10:35:14 PM EDT 2026] ⚡ BRIDGE UPDATED by Hermes
  Time: 2026-05-07T22:30:00-04:00
  Subject: Full Pipeline Complete — NASA Archive + 9K Scrape + Fellinius
[Thu May  7 10:35:29 PM EDT 2026] ⚡ BRIDGE UPDATED by Hermes
  Time: 2026-05-07T22:30:00-04:00
  Subject: Full Pipeline Complete — NASA Archive + 9K Scrape + Fellinius
[Thu May  7 10:37:00 PM EDT 2026] ⚡ BRIDGE UPDATED by Hermes
  Time: 2026-05-07T22:30:00-04:00
  Subject: Full Pipeline Complete — NASA Archive + 9K Scrape + Fellinius
[Thu May  7 10:39:46 PM EDT 2026] ⚡ BRIDGE UPDATED by Hermes
  Time: 2026-05-07T22:30:00-04:00
  Subject: Full Pipeline Complete — NASA Archive + 9K Scrape + Fellinius
[Thu May  7 10:40:02 PM EDT 2026] ⚡ BRIDGE UPDATED by Hermes
  Time: 2026-05-07T22:30:00-04:00
  Subject: Full Pipeline Complete — NASA Archive + 9K Scrape + Fellinius
[Thu May  7 10:41:33 PM EDT 2026] ⚡ BRIDGE UPDATED by Hermes
  Time: 2026-05-07T22:30:00-04:00
  Subject: Full Pipeline Complete — NASA Archive + 9K Scrape + Fellinius
[Thu May  7 10:41:49 PM EDT 2026] ⚡ BRIDGE UPDATED by Hermes
  Time: 2026-05-07T22:30:00-04:00
  Subject: Full Pipeline Complete — NASA Archive + 9K Scrape + Fellinius
[Thu May  7 10:42:20 PM EDT 2026] ⚡ BRIDGE UPDATED by Hermes
  Time: 2026-05-07T22:41:43-04:00
  Subject: Full Pipeline Complete — NASA Archive + 9K Scrape + Fellinius
[Thu May  7 10:42:50 PM EDT 2026] ⚡ BRIDGE UPDATED by Hermes
  Time: 2026-05-07T22:41:43-04:00
  Subject: Full Pipeline Complete — NASA Archive + 9K Scrape + Fellinius
[Thu May  7 10:44:06 PM EDT 2026] ⚡ BRIDGE UPDATED by Hermes
  Time: 2026-05-07T22:41:43-04:00
  Subject: Full Pipeline Complete — NASA Archive + 9K Scrape + Fellinius
[Thu May  7 10:45:51 PM EDT 2026] ⚡ BRIDGE UPDATED by Hermes
  Time: 2026-05-07T22:41:43-04:00
  Subject: Full Pipeline Complete — NASA Archive + 9K Scrape + Fellinius
[Thu May  7 10:47:37 PM EDT 2026] ⚡ BRIDGE UPDATED by Hermes
  Time: 2026-05-07T22:41:43-04:00
  Subject: Full Pipeline Complete — NASA Archive + 9K Scrape + Fellinius
[Thu May  7 10:50:52 PM EDT 2026] ⚡ BRIDGE UPDATED by Hermes
  Time: 2026-05-07T22:41:43-04:00
  Subject: Full Pipeline Complete — NASA Archive + 9K Scrape + Fellinius
[Thu May  7 10:52:23 PM EDT 2026] ⚡ BRIDGE UPDATED by Hermes
  Time: 2026-05-07T22:41:43-04:00
  Subject: Full Pipeline Complete — NASA Archive + 9K Scrape + Fellinius
[Thu May  7 10:54:23 PM EDT 2026] ⚡ BRIDGE UPDATED by Hermes
  Time: 2026-05-07T22:41:43-04:00
  Subject: Full Pipeline Complete — NASA Archive + 9K Scrape + Fellinius
[Thu May  7 10:56:09 PM EDT 2026] ⚡ BRIDGE UPDATED by Hermes
  Time: 2026-05-07T22:41:43-04:00
  Subject: Full Pipeline Complete — NASA Archive + 9K Scrape + Fellinius
[Thu May  7 10:57:55 PM EDT 2026] ⚡ BRIDGE UPDATED by Hermes
  Time: 2026-05-07T22:41:43-04:00
  Subject: Full Pipeline Complete — NASA Archive + 9K Scrape + Fellinius
[Thu May  7 11:27:16 PM EDT 2026] ⚡ BRIDGE UPDATED by Hermes
  Time: 2026-05-07T22:41:43-04:00
  Subject: Full Pipeline Complete — NASA Archive + 9K Scrape + Fellinius
[Thu May  7 11:49:04 PM EDT 2026] ⚡ BRIDGE UPDATED by Hermes
  Time: 2026-05-07T22:41:43-04:00
  Subject: Full Pipeline Complete — NASA Archive + 9K Scrape + Fellinius
[Fri May  8 01:29:50 AM EDT 2026] ⚡ BRIDGE UPDATED by Hermes
  Time: 2026-05-07T22:41:43-04:00
  Subject: Full Pipeline Complete — NASA Archive + 9K Scrape + Fellinius
[Fri May  8 09:18:44 AM EDT 2026] ⚡ BRIDGE UPDATED by Hermes
  Time: 2026-05-07T22:41:43-04:00
  Subject: Full Pipeline Complete — NASA Archive + 9K Scrape + Fellinius
[Fri May  8 09:20:09 AM EDT 2026] 🔄 Two-Way Bridge Watcher started
[Fri May  8 11:40:59 AM EDT 2026] 🔄 Two-Way Bridge Watcher started
