2026-06-15 18:00:05,982 [INFO] Browser launched
2026-06-15 18:00:06,367 [INFO] Browser context and page created
2026-06-15 18:00:06,367 [INFO] Navigation attempt 1/3 to https://www.msport.com/ng/web/virtual
2026-06-15 18:00:13,621 [INFO] Navigation OK — URL: https://www.msport.com/ng/web/welcome
2026-06-15 18:00:13,632 [DEBUG] Playwright event listeners installed
2026-06-15 18:00:13,633 [WARNING] Requestly SDK not found at /tmp/node_modules/@requestly/web-sdk/dist/requestly-web-sdk.min.js — skipping Layer 2
2026-06-15 18:02:14,204 [INFO] HEARTBEAT — elapsed=131s events=26 requestly=0 url=https://www.msport.com/ng/web/welcome
2026-06-15 18:04:14,641 [INFO] HEARTBEAT — elapsed=252s events=50 requestly=0 url=https://www.msport.com/ng/web/welcome
2026-06-15 18:06:14,789 [INFO] HEARTBEAT — elapsed=372s events=73 requestly=0 url=https://www.msport.com/ng/web/welcome
2026-06-15 18:08:14,974 [INFO] HEARTBEAT — elapsed=492s events=98 requestly=0 url=https://www.msport.com/ng/web/welcome
2026-06-15 18:10:15,144 [INFO] HEARTBEAT — elapsed=612s events=122 requestly=0 url=https://www.msport.com/ng/web/welcome
2026-06-15 18:12:15,346 [INFO] HEARTBEAT — elapsed=732s events=145 requestly=0 url=https://www.msport.com/ng/web/welcome
2026-06-15 18:14:15,760 [INFO] HEARTBEAT — elapsed=853s events=170 requestly=0 url=https://www.msport.com/ng/web/welcome
2026-06-15 18:16:15,863 [INFO] HEARTBEAT — elapsed=973s events=194 requestly=0 url=https://www.msport.com/ng/web/welcome
2026-06-15 18:18:16,333 [INFO] HEARTBEAT — elapsed=1093s events=219 requestly=0 url=https://www.msport.com/ng/web/welcome
2026-06-15 18:20:16,694 [INFO] HEARTBEAT — elapsed=1214s events=243 requestly=0 url=https://www.msport.com/ng/web/welcome
2026-06-15 18:22:17,020 [INFO] HEARTBEAT — elapsed=1334s events=266 requestly=0 url=https://www.msport.com/ng/web/welcome
2026-06-15 18:24:17,240 [INFO] HEARTBEAT — elapsed=1454s events=290 requestly=0 url=https://www.msport.com/ng/web/welcome
2026-06-15 18:26:17,594 [INFO] HEARTBEAT — elapsed=1575s events=314 requestly=0 url=https://www.msport.com/ng/web/welcome
2026-06-15 18:28:18,020 [INFO] HEARTBEAT — elapsed=1695s events=337 requestly=0 url=https://www.msport.com/ng/web/welcome
2026-06-15 18:30:03,075 [INFO] Capture complete (1800s elapsed)
2026-06-15 18:30:03,075 [INFO] Finalizing capture (status=completed, duration=1800s)
2026-06-15 18:30:03,858 [DEBUG] Browser closed
2026-06-15 18:30:03,873 [INFO] Index metadata written: /home/ubuntu/faith-workspace/vfl-empire/network-capture/2026-06-15_180003/index.json
2026-06-15 18:30:03,873 [INFO] Capture finalized. Output: /home/ubuntu/faith-workspace/vfl-empire/network-capture/2026-06-15_180003
2026-06-15 18:30:04,493 [INFO] Successfully captured 358 Playwright events and 0 Requestly events
