2026-06-05 22:00:02,119 [INFO] Browser launched
2026-06-05 22:00:02,257 [INFO] Browser context and page created
2026-06-05 22:00:02,257 [INFO] Navigation attempt 1/3 to https://www.msport.com/ng/web/virtual
2026-06-05 22:00:16,497 [DEBUG] networkidle wait timeout (non-critical)
2026-06-05 22:00:16,497 [INFO] Navigation OK — URL: https://www.msport.com/ng/web/welcome
2026-06-05 22:00:16,499 [DEBUG] Playwright event listeners installed
2026-06-05 22:00:16,499 [WARNING] Requestly SDK not found at /tmp/node_modules/@requestly/web-sdk/dist/requestly-web-sdk.min.js — skipping Layer 2
2026-06-05 22:02:16,606 [INFO] HEARTBEAT — elapsed=135s events=39 requestly=0 url=https://www.msport.com/ng/web/welcome
2026-06-05 22:04:16,674 [INFO] HEARTBEAT — elapsed=255s events=76 requestly=0 url=https://www.msport.com/ng/web/welcome
2026-06-05 22:06:16,761 [INFO] HEARTBEAT — elapsed=375s events=116 requestly=0 url=https://www.msport.com/ng/web/welcome
2026-06-05 22:08:16,820 [INFO] HEARTBEAT — elapsed=496s events=155 requestly=0 url=https://www.msport.com/ng/web/welcome
2026-06-05 22:10:16,888 [INFO] HEARTBEAT — elapsed=616s events=194 requestly=0 url=https://www.msport.com/ng/web/welcome
2026-06-05 22:12:16,925 [INFO] HEARTBEAT — elapsed=736s events=233 requestly=0 url=https://www.msport.com/ng/web/welcome
2026-06-05 22:14:16,986 [INFO] HEARTBEAT — elapsed=856s events=272 requestly=0 url=https://www.msport.com/ng/web/welcome
2026-06-05 22:16:17,082 [INFO] HEARTBEAT — elapsed=976s events=311 requestly=0 url=https://www.msport.com/ng/web/welcome
2026-06-05 22:18:17,196 [INFO] HEARTBEAT — elapsed=1096s events=350 requestly=0 url=https://www.msport.com/ng/web/welcome
2026-06-05 22:20:17,258 [INFO] HEARTBEAT — elapsed=1216s events=390 requestly=0 url=https://www.msport.com/ng/web/welcome
2026-06-05 22:22:17,316 [INFO] HEARTBEAT — elapsed=1336s events=429 requestly=0 url=https://www.msport.com/ng/web/welcome
2026-06-05 22:24:17,383 [INFO] HEARTBEAT — elapsed=1456s events=469 requestly=0 url=https://www.msport.com/ng/web/welcome
2026-06-05 22:26:17,450 [INFO] HEARTBEAT — elapsed=1576s events=508 requestly=0 url=https://www.msport.com/ng/web/welcome
2026-06-05 22:28:17,514 [INFO] HEARTBEAT — elapsed=1696s events=548 requestly=0 url=https://www.msport.com/ng/web/welcome
2026-06-05 22:30:01,304 [INFO] Capture complete (1800s elapsed)
2026-06-05 22:30:01,305 [INFO] Finalizing capture (status=completed, duration=1800s)
2026-06-05 22:30:01,536 [DEBUG] Browser closed
2026-06-05 22:30:01,541 [INFO] Index metadata written: /home/ubuntu/faith-workspace/vfl-empire/network-capture/2026-06-05_220001/index.json
2026-06-05 22:30:01,542 [INFO] Capture finalized. Output: /home/ubuntu/faith-workspace/vfl-empire/network-capture/2026-06-05_220001
2026-06-05 22:30:01,593 [INFO] Successfully captured 582 Playwright events and 0 Requestly events
