2026-06-14 04:00:03,194 [INFO] Browser launched
2026-06-14 04:00:03,555 [INFO] Browser context and page created
2026-06-14 04:00:03,555 [INFO] Navigation attempt 1/3 to https://www.msport.com/ng/web/virtual
2026-06-14 04:00:21,798 [DEBUG] networkidle wait timeout (non-critical)
2026-06-14 04:00:21,798 [INFO] Navigation OK — URL: https://www.msport.com/ng/web/welcome
2026-06-14 04:00:21,800 [DEBUG] Playwright event listeners installed
2026-06-14 04:00:21,800 [WARNING] Requestly SDK not found at /tmp/node_modules/@requestly/web-sdk/dist/requestly-web-sdk.min.js — skipping Layer 2
2026-06-14 04:02:22,018 [INFO] HEARTBEAT — elapsed=140s events=26 requestly=0 url=https://www.msport.com/ng/web/welcome
2026-06-14 04:04:22,531 [INFO] HEARTBEAT — elapsed=261s events=52 requestly=0 url=https://www.msport.com/ng/web/welcome
2026-06-14 04:06:22,987 [INFO] HEARTBEAT — elapsed=381s events=79 requestly=0 url=https://www.msport.com/ng/web/welcome
2026-06-14 04:08:23,120 [INFO] HEARTBEAT — elapsed=501s events=106 requestly=0 url=https://www.msport.com/ng/web/welcome
2026-06-14 04:10:23,287 [INFO] HEARTBEAT — elapsed=621s events=133 requestly=0 url=https://www.msport.com/ng/web/welcome
2026-06-14 04:12:23,811 [INFO] HEARTBEAT — elapsed=742s events=159 requestly=0 url=https://www.msport.com/ng/web/welcome
2026-06-14 04:14:24,069 [INFO] HEARTBEAT — elapsed=862s events=186 requestly=0 url=https://www.msport.com/ng/web/welcome
2026-06-14 04:16:24,300 [INFO] HEARTBEAT — elapsed=982s events=212 requestly=0 url=https://www.msport.com/ng/web/welcome
2026-06-14 04:18:24,943 [INFO] HEARTBEAT — elapsed=1103s events=239 requestly=0 url=https://www.msport.com/ng/web/welcome
2026-06-14 04:20:25,415 [INFO] HEARTBEAT — elapsed=1223s events=265 requestly=0 url=https://www.msport.com/ng/web/welcome
2026-06-14 04:22:25,602 [INFO] HEARTBEAT — elapsed=1344s events=292 requestly=0 url=https://www.msport.com/ng/web/welcome
2026-06-14 04:24:25,686 [INFO] HEARTBEAT — elapsed=1464s events=318 requestly=0 url=https://www.msport.com/ng/web/welcome
2026-06-14 04:26:25,858 [INFO] HEARTBEAT — elapsed=1584s events=345 requestly=0 url=https://www.msport.com/ng/web/welcome
2026-06-14 04:28:26,048 [INFO] HEARTBEAT — elapsed=1704s events=371 requestly=0 url=https://www.msport.com/ng/web/welcome
2026-06-14 04:30:02,040 [INFO] Capture complete (1800s elapsed)
2026-06-14 04:30:02,040 [INFO] Finalizing capture (status=completed, duration=1800s)
2026-06-14 04:30:02,526 [DEBUG] Browser closed
2026-06-14 04:30:02,531 [INFO] Index metadata written: /home/ubuntu/faith-workspace/vfl-empire/network-capture/2026-06-14_040001/index.json
2026-06-14 04:30:02,531 [INFO] Capture finalized. Output: /home/ubuntu/faith-workspace/vfl-empire/network-capture/2026-06-14_040001
2026-06-14 04:30:02,566 [INFO] Successfully captured 393 Playwright events and 0 Requestly events
