2026-06-11 07:15:24,043 [INFO] Starting 10-minute dual capture → /home/ubuntu/faith-workspace/vfl-empire/network-capture/2026-06-11_071524_interactive
2026-06-11 07:15:26,476 [INFO] CDP Network layer enabled
2026-06-11 07:15:29,479 [INFO] Interaction cycle 1 (t=5s) pw=108 cdp=56 apis=9
2026-06-11 07:15:34,989 [INFO] Clicked matchday tab 1/2
2026-06-11 07:15:37,099 [INFO] Clicked matchday tab 2/2
2026-06-11 07:15:39,975 [INFO] Opened virtual event 1/8
2026-06-11 07:15:45,256 [INFO] Opened virtual event 2/8
2026-06-11 07:15:50,228 [INFO] Opened virtual event 3/8
2026-06-11 07:15:55,370 [INFO] Opened virtual event 4/8
2026-06-11 07:15:59,478 [INFO] HEARTBEAT t=35s pw=757 cdp=655 unique_api_paths=133 url=https://www.msport.com/ng/web/virtual/details/vf:match:1404082452
2026-06-11 07:16:00,406 [INFO] Opened virtual event 5/8
2026-06-11 07:16:05,707 [INFO] Opened virtual event 6/8
2026-06-11 07:16:11,157 [INFO] Opened virtual event 7/8
2026-06-11 07:16:17,289 [INFO] Opened virtual event 8/8
2026-06-11 07:16:29,531 [INFO] HEARTBEAT t=65s pw=1283 cdp=1142 unique_api_paths=216 url=https://www.msport.com/ng/web/virtual
2026-06-11 07:16:32,490 [INFO] Interaction cycle 2 (t=68s) pw=1283 cdp=1142 apis=216
2026-06-11 07:16:34,676 [INFO] Clicked matchday tab 1/3
2026-06-11 07:16:36,741 [INFO] Clicked matchday tab 2/3
2026-06-11 07:16:38,810 [INFO] Clicked matchday tab 3/3
2026-06-11 07:16:41,626 [INFO] Opened virtual event 1/8
2026-06-11 07:16:47,027 [INFO] Opened virtual event 2/8
2026-06-11 07:16:52,342 [INFO] Opened virtual event 3/8
2026-06-11 07:16:58,053 [INFO] Opened virtual event 4/8
2026-06-11 07:16:59,538 [INFO] HEARTBEAT t=95s pw=1691 cdp=1512 unique_api_paths=276 url=https://www.msport.com/ng/web/virtual
2026-06-11 07:17:03,630 [INFO] Opened virtual event 5/8
2026-06-11 07:17:08,430 [INFO] Opened virtual event 6/8
2026-06-11 07:17:14,349 [INFO] Opened virtual event 7/8
2026-06-11 07:17:20,145 [INFO] Opened virtual event 8/8
2026-06-11 07:17:25,491 [INFO] On results page: https://www.msport.com/ng/web/virtual/result
2026-06-11 07:17:29,541 [INFO] HEARTBEAT t=125s pw=2517 cdp=2297 unique_api_paths=394 url=https://www.msport.com/ng/web/virtual
2026-06-11 07:17:38,314 [INFO] Interaction cycle 3 (t=134s) pw=2518 cdp=2297 apis=395
2026-06-11 07:17:40,569 [INFO] Clicked matchday tab 1/2
2026-06-11 07:17:42,619 [INFO] Clicked matchday tab 2/2
2026-06-11 07:17:45,379 [INFO] Opened virtual event 1/8
2026-06-11 07:17:51,597 [INFO] Opened virtual event 2/8
2026-06-11 07:17:56,710 [INFO] Opened virtual event 3/8
2026-06-11 07:17:59,542 [INFO] HEARTBEAT t=155s pw=2918 cdp=2669 unique_api_paths=460 url=https://www.msport.com/ng/web/virtual/details/vf:match:1404082456
2026-06-11 07:18:01,525 [INFO] Opened virtual event 4/8
2026-06-11 07:18:07,120 [INFO] Opened virtual event 5/8
2026-06-11 07:18:13,124 [INFO] Opened virtual event 6/8
2026-06-11 07:18:18,691 [INFO] Opened virtual event 7/8
2026-06-11 07:18:24,077 [INFO] Opened virtual event 8/8
2026-06-11 07:18:29,547 [INFO] HEARTBEAT t=186s pw=3560 cdp=3263 unique_api_paths=561 url=https://www.msport.com/ng/web/virtual
2026-06-11 07:18:37,950 [INFO] Interaction cycle 4 (t=194s) pw=3561 cdp=3263 apis=562
2026-06-11 07:18:42,704 [INFO] Clicked matchday tab 1/2
2026-06-11 07:18:44,747 [INFO] Clicked matchday tab 2/2
2026-06-11 07:18:47,509 [INFO] Opened virtual event 1/8
2026-06-11 07:18:54,005 [INFO] Opened virtual event 2/8
2026-06-11 07:18:59,548 [INFO] HEARTBEAT t=216s pw=3946 cdp=3617 unique_api_paths=621 url=https://www.msport.com/ng/web/virtual/details/vf:match:1404082455
2026-06-11 07:19:00,110 [INFO] Opened virtual event 3/8
2026-06-11 07:19:05,382 [INFO] Opened virtual event 4/8
2026-06-11 07:19:10,940 [INFO] Opened virtual event 5/8
2026-06-11 07:19:17,214 [INFO] Opened virtual event 6/8
2026-06-11 07:19:22,344 [INFO] Opened virtual event 7/8
2026-06-11 07:19:27,420 [INFO] Opened virtual event 8/8
2026-06-11 07:19:29,550 [INFO] HEARTBEAT t=246s pw=4694 cdp=4310 unique_api_paths=722 url=https://www.msport.com/ng/web/virtual/result
2026-06-11 07:19:32,662 [INFO] On results page: https://www.msport.com/ng/web/virtual/result
2026-06-11 07:19:45,910 [INFO] Interaction cycle 5 (t=262s) pw=4929 cdp=4530 apis=757
2026-06-11 07:19:48,064 [INFO] Clicked matchday tab 1/2
2026-06-11 07:19:50,111 [INFO] Clicked matchday tab 2/2
2026-06-11 07:19:52,945 [INFO] Opened virtual event 1/8
2026-06-11 07:19:58,503 [INFO] Opened virtual event 2/8
2026-06-11 07:19:59,554 [INFO] HEARTBEAT t=276s pw=5082 cdp=4667 unique_api_paths=779 url=https://www.msport.com/ng/web/virtual
2026-06-11 07:20:04,365 [INFO] Opened virtual event 3/8
2026-06-11 07:20:09,577 [INFO] Opened virtual event 4/8
2026-06-11 07:20:14,217 [DEBUG] Event click 4 failed: Locator.scroll_into_view_if_needed: Timeout 1438ms exceeded.
Call log:
  - attempting scroll into view action
    - waiting for element to be stable

2026-06-11 07:20:18,247 [DEBUG] Event click 5 failed: Locator.scroll_into_view_if_needed: Timeout 3000ms exceeded.
Call log:
  - waiting for locator(".virtual-event").nth(5)
    - locator resolved to visible <div class="virtual-event">…</div>

2026-06-11 07:20:24,151 [INFO] Opened virtual event 7/8
2026-06-11 07:20:29,476 [INFO] Opened virtual event 8/8
2026-06-11 07:20:29,555 [INFO] HEARTBEAT t=306s pw=5831 cdp=5363 unique_api_paths=892 url=https://www.msport.com/ng/web/virtual
2026-06-11 07:20:43,313 [INFO] Interaction cycle 6 (t=319s) pw=5946 cdp=5469 apis=912
2026-06-11 07:20:45,442 [INFO] Clicked matchday tab 1/3
2026-06-11 07:20:47,489 [INFO] Clicked matchday tab 2/3
2026-06-11 07:20:49,570 [INFO] Clicked matchday tab 3/3
2026-06-11 07:20:52,327 [INFO] Opened virtual event 1/8
2026-06-11 07:20:59,535 [INFO] Opened virtual event 2/8
2026-06-11 07:20:59,555 [INFO] HEARTBEAT t=336s pw=6096 cdp=5608 unique_api_paths=935 url=https://www.msport.com/ng/web/virtual/details/vf:match:1404082454
2026-06-11 07:21:05,982 [INFO] Opened virtual event 3/8
2026-06-11 07:21:11,237 [INFO] Opened virtual event 4/8
2026-06-11 07:21:16,988 [INFO] Opened virtual event 5/8
2026-06-11 07:21:23,011 [INFO] Opened virtual event 6/8
2026-06-11 07:21:29,557 [INFO] HEARTBEAT t=366s pw=6742 cdp=6206 unique_api_paths=1040 url=https://www.msport.com/ng/web/virtual/details/vf:match:1404082462
2026-06-11 07:21:29,597 [INFO] Opened virtual event 7/8
2026-06-11 07:21:35,945 [INFO] Opened virtual event 8/8
2026-06-11 07:21:41,241 [INFO] On results page: https://www.msport.com/ng/web/virtual/result
2026-06-11 07:21:54,593 [INFO] Interaction cycle 7 (t=391s) pw=7209 cdp=6641 apis=1098
2026-06-11 07:21:59,559 [INFO] HEARTBEAT t=396s pw=7324 cdp=6748 unique_api_paths=1115 url=https://www.msport.com/ng/web/virtual
2026-06-11 07:21:59,800 [INFO] Clicked matchday tab 1/2
2026-06-11 07:22:01,854 [INFO] Clicked matchday tab 2/2
2026-06-11 07:22:04,537 [INFO] Opened virtual event 1/8
2026-06-11 07:22:09,858 [INFO] Opened virtual event 2/8
2026-06-11 07:22:16,247 [INFO] Opened virtual event 3/8
2026-06-11 07:22:21,413 [INFO] Opened virtual event 4/8
2026-06-11 07:22:26,827 [INFO] Opened virtual event 5/8
2026-06-11 07:22:29,574 [INFO] HEARTBEAT t=426s pw=7972 cdp=7347 unique_api_paths=1216 url=https://www.msport.com/ng/web/virtual/details/vf:match:1404082461
2026-06-11 07:22:32,101 [INFO] Opened virtual event 6/8
2026-06-11 07:22:37,364 [INFO] Opened virtual event 7/8
2026-06-11 07:22:42,880 [INFO] Opened virtual event 8/8
2026-06-11 07:22:56,993 [INFO] Interaction cycle 8 (t=453s) pw=8370 cdp=7714 apis=1279
2026-06-11 07:22:59,227 [INFO] Clicked matchday tab 1/2
2026-06-11 07:22:59,576 [INFO] HEARTBEAT t=456s pw=8378 cdp=7722 unique_api_paths=1279 url=https://www.msport.com/ng/web/virtual
2026-06-11 07:23:01,336 [INFO] Clicked matchday tab 2/2
2026-06-11 07:23:04,027 [INFO] Opened virtual event 1/8
2026-06-11 07:23:09,987 [INFO] Opened virtual event 2/8
2026-06-11 07:23:16,454 [INFO] Opened virtual event 3/8
2026-06-11 07:23:21,975 [INFO] Opened virtual event 4/8
2026-06-11 07:23:28,229 [INFO] Opened virtual event 5/8
2026-06-11 07:23:29,579 [INFO] HEARTBEAT t=486s pw=8984 cdp=8284 unique_api_paths=1361 url=https://www.msport.com/ng/web/virtual
2026-06-11 07:23:33,421 [INFO] Opened virtual event 6/8
2026-06-11 07:23:38,512 [INFO] Opened virtual event 7/8
2026-06-11 07:23:43,367 [INFO] Opened virtual event 8/8
2026-06-11 07:23:48,967 [INFO] On results page: https://www.msport.com/ng/web/virtual/result
2026-06-11 07:23:59,582 [INFO] HEARTBEAT t=516s pw=9637 cdp=8888 unique_api_paths=1461 url=https://www.msport.com/ng/web/virtual
2026-06-11 07:24:01,967 [INFO] Interaction cycle 9 (t=518s) pw=9637 cdp=8888 apis=1461
2026-06-11 07:24:04,180 [INFO] Clicked matchday tab 1/3
2026-06-11 07:24:06,232 [INFO] Clicked matchday tab 2/3
2026-06-11 07:24:08,307 [INFO] Clicked matchday tab 3/3
2026-06-11 07:24:11,217 [INFO] Opened virtual event 1/8
2026-06-11 07:24:18,367 [INFO] Opened virtual event 2/8
2026-06-11 07:24:24,139 [INFO] Opened virtual event 3/8
2026-06-11 07:24:29,584 [INFO] HEARTBEAT t=546s pw=10050 cdp=9270 unique_api_paths=1522 url=https://www.msport.com/ng/web/virtual/details/vf:match:1404082467
2026-06-11 07:24:29,587 [INFO] Opened virtual event 4/8
2026-06-11 07:24:35,184 [INFO] Opened virtual event 5/8
2026-06-11 07:24:42,074 [INFO] Opened virtual event 6/8
2026-06-11 07:24:49,340 [INFO] Opened virtual event 7/8
2026-06-11 07:24:55,169 [INFO] Opened virtual event 8/8
2026-06-11 07:24:59,592 [INFO] HEARTBEAT t=576s pw=10694 cdp=9861 unique_api_paths=1622 url=https://www.msport.com/ng/web/virtual
2026-06-11 07:25:09,074 [INFO] Interaction cycle 10 (t=585s) pw=10695 cdp=9861 apis=1623
2026-06-11 07:25:14,637 [INFO] Clicked matchday tab 1/2
2026-06-11 07:25:16,683 [INFO] Clicked matchday tab 2/2
2026-06-11 07:25:19,348 [INFO] Opened virtual event 1/8
2026-06-11 07:25:25,189 [INFO] Opened virtual event 2/8
2026-06-11 07:25:29,593 [INFO] HEARTBEAT t=606s pw=11100 cdp=10236 unique_api_paths=1686 url=https://www.msport.com/ng/web/virtual/details/vf:match:1404082471
2026-06-11 07:25:29,867 [INFO] Done. summary={
  "started_at": "2026-06-11T07:15:24.042412+00:00",
  "duration_seconds": 600,
  "playwright_events": 11100,
  "cdp_events": 10236,
  "unique_api_endpoints": 1686,
  "top_api_endpoints": [
    [
      "GET /api/ng/facts-center/query/frontend/virtual/current/match/day/info",
      300
    ],
    [
      "GET /api/ng/facts-center/query/frontend/virtual/event/list?sportId=vf:sport:1",
      213
    ],
    [
      "GET /api/ng/facts-center/query/frontend/countries-a-z-menu/matchLabels",
      173
    ],
    [
      "GET /dist/css/my_matches.db2bdae5.css",
      173
    ],
    [
      "GET /dist/js/my_matches.5e82398a.js",
      173
    ],
    [
      "GET /dist/css/matches.a4251b52.css",
      173
    ],
    [
      "GET /dist/js/matches.ae7927bd.js",
      173
    ],
    [
      "GET /dist/js/virtual.f819da1f.js",
      173
    ],
    [
      "GET /dist/css/virtual.15744867.css",
      173
    ],
    [
      "GET /api/ng/marketing/market/bonus/valid?planName=virtual",
      172
    ],
    [
      "GET /api/ng/facts-center/query/frontend/virtual/productStatus",
      172
    ],
    [
      "GET /en_US/fbevents.js",
      168
    ],
    [
      "GET /signals/config/1482606082556206?v=2.9.337&r=stable&domain=www.msport.com&hme=a4ca9981c995923b5752040373feb3dd5ae6be6b3954c741d676eccf72e2f0a2&ex_m=105%2C208%2C156%2C22%2C73%2C74%2C147%2C69%2C68%2C11%2C165%2C91%2C16%2C139%2C128%2C39%2C76%2C79%2C135%2C161%2C167%2C8%2C4%2C5%2C7%2C6%2C3%2C92%2C102%2C168%2C173%2C222%2C30%2C75%2C234%2C233%2C232%2C23%2C33%2C55%2C104%2C61%2C10%2C64%2C98%2C99%2C100%2C106%2C131%2C31%2C29%2C133%2C134%2C130%2C129%2C157%2C77%2C160%2C158%2C159%2C50%2C60%2C124%2C15%2C164%2C45%2C267%2C268%2C266%2C26%2C27%2C28%2C48%2C148%2C78%2C113%2C18%2C20%2C44%2C40%2C42%2C41%2C84%2C93%2C97%2C111%2C146%2C149%2C46%2C112%2C24%2C21%2C120%2C70%2C36%2C151%2C150%2C152%2C143%2C141%2C25%2C35%2C59%2C110%2C163%2C71%2C17%2C154%2C115%2C82%2C67%2C19%2C86%2C87%2C117%2C85%2C137%2C136%2C140%2C162%2C34%2C281%2C297%2C215%2C204%2C62%2C205%
