2026-06-16 13:00:02,792 [INFO] Browser launched
2026-06-16 13:00:03,042 [INFO] Browser context and page created
2026-06-16 13:00:03,042 [INFO] Navigation attempt 1/3 to https://www.msport.com/ng/web/virtual
2026-06-16 13:00:08,866 [INFO] Navigation OK — URL: https://www.msport.com/ng/web/welcome
2026-06-16 13:00:08,870 [DEBUG] Playwright event listeners installed
2026-06-16 13:00:08,870 [WARNING] Requestly SDK not found at /tmp/node_modules/@requestly/web-sdk/dist/requestly-web-sdk.min.js — skipping Layer 2
2026-06-16 13:02:09,039 [INFO] HEARTBEAT — elapsed=127s events=45 requestly=0 url=https://www.msport.com/ng/web/welcome
2026-06-16 13:04:09,525 [INFO] HEARTBEAT — elapsed=248s events=71 requestly=0 url=https://www.msport.com/ng/web/welcome
2026-06-16 13:06:09,843 [INFO] HEARTBEAT — elapsed=368s events=97 requestly=0 url=https://www.msport.com/ng/web/welcome
2026-06-16 13:08:10,169 [INFO] HEARTBEAT — elapsed=488s events=123 requestly=0 url=https://www.msport.com/ng/web/welcome
2026-06-16 13:10:10,417 [INFO] HEARTBEAT — elapsed=609s events=149 requestly=0 url=https://www.msport.com/ng/web/welcome
2026-06-16 13:12:10,614 [INFO] HEARTBEAT — elapsed=729s events=176 requestly=0 url=https://www.msport.com/ng/web/welcome
2026-06-16 13:14:10,758 [INFO] HEARTBEAT — elapsed=849s events=201 requestly=0 url=https://www.msport.com/ng/web/welcome
2026-06-16 13:16:10,963 [INFO] HEARTBEAT — elapsed=969s events=226 requestly=0 url=https://www.msport.com/ng/web/welcome
2026-06-16 13:18:11,770 [INFO] HEARTBEAT — elapsed=1090s events=253 requestly=0 url=https://www.msport.com/ng/web/welcome
2026-06-16 13:20:11,887 [INFO] HEARTBEAT — elapsed=1210s events=278 requestly=0 url=https://www.msport.com/ng/web/welcome
2026-06-16 13:22:12,008 [INFO] HEARTBEAT — elapsed=1330s events=305 requestly=0 url=https://www.msport.com/ng/web/welcome
2026-06-16 13:24:12,186 [INFO] HEARTBEAT — elapsed=1450s events=331 requestly=0 url=https://www.msport.com/ng/web/welcome
2026-06-16 13:26:12,387 [INFO] HEARTBEAT — elapsed=1571s events=356 requestly=0 url=https://www.msport.com/ng/web/welcome
2026-06-16 13:28:12,597 [INFO] HEARTBEAT — elapsed=1691s events=383 requestly=0 url=https://www.msport.com/ng/web/welcome
2026-06-16 13:30:01,868 [INFO] Capture complete (1800s elapsed)
2026-06-16 13:30:01,873 [INFO] Finalizing capture (status=completed, duration=1800s)
2026-06-16 13:30:02,589 [DEBUG] Browser closed
2026-06-16 13:30:02,650 [INFO] Index metadata written: /home/ubuntu/faith-workspace/vfl-empire/network-capture/2026-06-16_130001/index.json
2026-06-16 13:30:02,650 [INFO] Capture finalized. Output: /home/ubuntu/faith-workspace/vfl-empire/network-capture/2026-06-16_130001
2026-06-16 13:30:02,694 [INFO] Successfully captured 406 Playwright events and 0 Requestly events
