2026-06-14 12:31:57,913 Backfilling from fixture_markets...
2026-06-14 12:31:58,136 PostgreSQL connection pool initialized
2026-06-14 12:32:55,180 fixture_markets backfill progress: 56000 rows (last_id=157857)
2026-06-14 12:33:57,738 fixture_markets backfill progress: 104000 rows (last_id=205857)
2026-06-14 12:34:56,824 fixture_markets backfill progress: 152000 rows (last_id=253857)
2026-06-14 12:35:50,957 fixture_markets backfill progress: 200000 rows (last_id=301857)
2026-06-14 12:36:53,803 fixture_markets backfill progress: 256000 rows (last_id=389007)
2026-06-14 12:37:49,138 fixture_markets backfill progress: 304000 rows (last_id=573367)
2026-06-14 12:38:40,840 fixture_markets backfill progress: 352000 rows (last_id=822561)
2026-06-14 12:39:12,040 fixture_markets backfill progress: 400000 rows (last_id=1037076)
2026-06-14 12:39:53,600 fixture_markets backfill progress: 456000 rows (last_id=1291333)
2026-06-14 12:40:25,443 fixture_markets backfill progress: 504000 rows (last_id=1511904)
2026-06-14 12:41:05,251 fixture_markets backfill progress: 552000 rows (last_id=1728180)
2026-06-14 12:41:48,542 fixture_markets backfill progress: 600000 rows (last_id=1854392)
2026-06-14 12:42:47,379 fixture_markets backfill progress: 656000 rows (last_id=1910392)
2026-06-14 12:43:40,654 fixture_markets backfill progress: 704000 rows (last_id=1958392)
2026-06-14 12:44:33,788 fixture_markets backfill progress: 752000 rows (last_id=2006392)
2026-06-14 12:45:22,071 fixture_markets backfill progress: 800000 rows (last_id=2054392)
2026-06-14 12:46:15,613 fixture_markets backfill progress: 856000 rows (last_id=2111336)
2026-06-14 12:47:08,798 fixture_markets backfill progress: 904000 rows (last_id=2160278)
2026-06-14 12:48:08,797 fixture_markets backfill progress: 952000 rows (last_id=2208278)
2026-06-14 12:48:57,250 fixture_markets backfill progress: 1000000 rows (last_id=2256278)
2026-06-14 12:50:14,612 fixture_markets backfill progress: 1056000 rows (last_id=2312278)
2026-06-14 12:51:10,159 fixture_markets backfill progress: 1104000 rows (last_id=2360278)
2026-06-14 12:51:51,773 fixture_markets backfill progress: 1152000 rows (last_id=2408278)
2026-06-14 12:52:23,748 fixture_markets backfill progress: 1200000 rows (last_id=2456278)
2026-06-14 12:53:28,941 fixture_markets backfill progress: 1256000 rows (last_id=2512278)
2026-06-14 12:54:22,196 fixture_markets backfill progress: 1304000 rows (last_id=2560278)
2026-06-14 12:55:33,068 fixture_markets backfill progress: 1352000 rows (last_id=2610166)
2026-06-14 12:56:39,578 fixture_markets backfill progress: 1400000 rows (last_id=2660050)
2026-06-14 12:58:24,921 fixture_markets backfill progress: 1456000 rows (last_id=2716050)
2026-06-14 12:59:49,099 fixture_markets backfill progress: 1504000 rows (last_id=2764050)
2026-06-14 13:02:40,522 fixture_markets backfill progress: 1552000 rows (last_id=2812050)
2026-06-14 13:04:21,112 fixture_markets backfill progress: 1600000 rows (last_id=2860050)
2026-06-14 13:06:43,622 fixture_markets backfill progress: 1656000 rows (last_id=2916050)
2026-06-14 13:08:33,681 fixture_markets backfill progress: 1704000 rows (last_id=2964050)
2026-06-14 13:11:07,930 fixture_markets backfill progress: 1752000 rows (last_id=3012050)
2026-06-14 13:13:18,475 fixture_markets backfill progress: 1800000 rows (last_id=3060050)
2026-06-14 13:15:58,208 fixture_markets backfill progress: 1856000 rows (last_id=3116994)
2026-06-14 13:17:56,968 fixture_markets backfill progress: 1904000 rows (last_id=3167817)
2026-06-14 13:20:36,102 fixture_markets backfill progress: 1952000 rows (last_id=3215817)
2026-06-14 13:22:15,854 fixture_markets backfill progress: 2000000 rows (last_id=3263817)
2026-06-14 13:24:44,911 fixture_markets backfill progress: 2056000 rows (last_id=3319817)
2026-06-14 13:26:54,513 fixture_markets backfill progress: 2104000 rows (last_id=3367817)
2026-06-14 13:28:44,617 fixture_markets backfill progress: 2152000 rows (last_id=3415817)
2026-06-14 13:30:03,099 fixture_markets backfill progress: 2200000 rows (last_id=3463817)
2026-06-14 13:31:44,771 fixture_markets backfill progress: 2256000 rows (last_id=3519817)
2026-06-14 13:32:21,320 fixture_markets backfill progress: 2304000 rows (last_id=3567817)
2026-06-14 13:32:57,425 fixture_markets backfill progress: 2352000 rows (last_id=3615817)
2026-06-14 13:33:48,401 fixture_markets backfill progress: 2400000 rows (last_id=3776973)
2026-06-14 13:35:10,616 fixture_markets backfill progress: 2456000 rows (last_id=5053198)
2026-06-14 13:35:51,988 fixture_markets backfill progress: 2504000 rows (last_id=6210679)
2026-06-14 13:36:40,513 fixture_markets backfill progress: 2552000 rows (last_id=7366299)
2026-06-14 13:37:36,036 fixture_markets backfill progress: 2600000 rows (last_id=8491573)
2026-06-14 13:38:37,691 fixture_markets backfill progress: 2656000 rows (last_id=9850628)
2026-06-14 13:39:23,707 fixture_markets backfill progress: 2704000 rows (last_id=11009124)
2026-06-14 13:40:05,852 fixture_markets backfill progress: 2752000 rows (last_id=12472342)
2026-06-14 13:41:02,720 fixture_markets backfill progress: 2800000 rows (last_id=13953651)
2026-06-14 13:42:25,793 fixture_markets backfill progress: 2856000 rows (last_id=15727753)
2026-06-14 13:43:09,976 fixture_markets backfill progress: 2904000 rows (last_id=17081835)
2026-06-14 13:43:54,802 fixture_markets backfill progress: 2952000 rows (last_id=18395163)
2026-06-14 13:44:36,220 fixture_markets backfill progress: 3000000 rows (last_id=19658355)
2026-06-14 13:45:52,823 fixture_markets backfill progress: 3056000 rows (last_id=21094532)
2026-06-14 13:47:03,999 fixture_markets backfill progress: 3104000 rows (last_id=22244393)
2026-06-14 13:48:09,807 fixture_markets backfill progress: 3152000 rows (last_id=23365690)
2026-06-14 13:49:13,397 fixture_markets backfill progress: 3200000 rows (last_id=24430127)
2026-06-14 13:50:55,284 fixture_markets backfill progress: 3256000 rows (last_id=25603498)
2026-06-14 13:51:54,864 fixture_markets backfill progress: 3304000 rows (last_id=26567169)
2026-06-14 13:52:46,294 fixture_markets backfill progress: 3352000 rows (last_id=27536554)
2026-06-14 13:54:19,853 fixture_markets backfill progress: 3400000 rows (last_id=28479888)
2026-06-14 13:55:43,817 fixture_markets backfill progress: 3456000 rows (last_id=29558514)
2026-06-14 13:56:38,901 fixture_markets backfill progress: 3504000 rows (last_id=30463957)
2026-06-14 13:57:52,699 fixture_markets backfill progress: 3552000 rows (last_id=31357734)
2026-06-14 13:58:39,713 fixture_markets backfill progress: 3600000 rows (last_id=32265112)
2026-06-14 14:01:53,907 fixture_markets backfill progress: 3656000 rows (last_id=33322381)
2026-06-14 14:05:48,973 fixture_markets backfill progress: 3704000 rows (last_id=34213187)
2026-06-14 14:08:13,092 fixture_markets backfill progress: 3752000 rows (last_id=35088960)
2026-06-14 14:10:31,655 fixture_markets backfill progress: 3800000 rows (last_id=35955140)
2026-06-14 14:14:02,639 fixture_markets backfill progress: 3856000 rows (last_id=36926143)
2026-06-14 14:16:30,227 fixture_markets done: 3896177 rows in 6272.3s
2026-06-14 14:16:30,228 Backfilling from vfl_odds_v2 (fills gaps only on conflict)...
2026-06-14 14:19:52,031 vfl_odds_v2 backfill progress: ~44164 selection rows (last_id=8000)
2026-06-14 14:23:57,145 vfl_odds_v2 backfill progress: ~92164 selection rows (last_id=16000)
2026-06-14 14:27:51,561 vfl_odds_v2 backfill progress: ~139852 selection rows (last_id=24000)
2026-06-14 14:30:55,588 vfl_odds_v2 backfill progress: ~187852 selection rows (last_id=32000)
2026-06-14 14:32:11,513 vfl_odds_v2 backfill progress: ~235852 selection rows (last_id=40000)
2026-06-14 14:33:46,890 vfl_odds_v2 backfill progress: ~283852 selection rows (last_id=48000)
2026-06-14 14:35:11,349 vfl_odds_v2 backfill progress: ~331852 selection rows (last_id=56000)
2026-06-14 14:36:40,399 vfl_odds_v2 backfill progress: ~379852 selection rows (last_id=64000)
2026-06-14 14:37:49,828 vfl_odds_v2 backfill progress: ~427852 selection rows (last_id=72000)
2026-06-14 14:39:05,965 vfl_odds_v2 backfill progress: ~475852 selection rows (last_id=80000)
2026-06-14 14:40:40,941 vfl_odds_v2 backfill progress: ~523852 selection rows (last_id=88000)
2026-06-14 14:42:21,571 vfl_odds_v2 backfill progress: ~571852 selection rows (last_id=96000)
2026-06-14 14:43:27,111 vfl_odds_v2 backfill progress: ~619852 selection rows (last_id=104000)
2026-06-14 14:44:45,427 vfl_odds_v2 backfill progress: ~667852 selection rows (last_id=112000)
2026-06-14 14:46:11,764 vfl_odds_v2 backfill progress: ~715852 selection rows (last_id=120000)
2026-06-14 14:47:24,941 vfl_odds_v2 backfill progress: ~763852 selection rows (last_id=128000)
2026-06-14 14:48:53,857 vfl_odds_v2 backfill progress: ~811852 selection rows (last_id=136000)
2026-06-14 14:50:22,951 vfl_odds_v2 backfill progress: ~859852 selection rows (last_id=144000)
2026-06-14 14:52:13,822 vfl_odds_v2 backfill progress: ~907852 selection rows (last_id=152000)
2026-06-14 14:53:46,598 vfl_odds_v2 backfill progress: ~955852 selection rows (last_id=160000)
2026-06-14 14:55:18,790 vfl_odds_v2 backfill progress: ~1003852 selection rows (last_id=168000)
2026-06-14 14:56:54,849 vfl_odds_v2 backfill progress: ~1051852 selection rows (last_id=176000)
2026-06-14 14:58:17,734 vfl_odds_v2 backfill progress: ~1099852 selection rows (last_id=184000)
2026-06-14 14:59:51,964 vfl_odds_v2 backfill progress: ~1147852 selection rows (last_id=192000)
2026-06-14 15:03:33,034 vfl_odds_v2 backfill progress: ~1195852 selection rows (last_id=200000)
2026-06-14 15:08:00,463 vfl_odds_v2 backfill progress: ~1243852 selection rows (last_id=208000)
2026-06-14 15:10:58,830 vfl_odds_v2 backfill progress: ~1291852 selection rows (last_id=216000)
2026-06-14 15:13:54,660 vfl_odds_v2 backfill progress: ~1339852 selection rows (last_id=224000)
2026-06-14 15:16:09,763 vfl_odds_v2 backfill progress: ~1387852 selection rows (last_id=232000)
2026-06-14 15:19:01,939 vfl_odds_v2 backfill progress: ~1435852 selection rows (last_id=240000)
2026-06-14 15:22:30,690 vfl_odds_v2 backfill progress: ~1483852 selection rows (last_id=248000)
2026-06-14 15:26:34,846 vfl_odds_v2 backfill progress: ~1531852 selection rows (last_id=256000)
2026-06-14 15:28:39,700 vfl_odds_v2 backfill progress: ~1579852 selection rows (last_id=264000)
2026-06-14 15:31:01,669 vfl_odds_v2 backfill progress: ~1627852 selection rows (last_id=272000)
2026-06-14 15:32:52,099 vfl_odds_v2 backfill progress: ~1675852 selection rows (last_id=280000)
2026-06-14 15:34:15,483 vfl_odds_v2 backfill progress: ~1723852 selection rows (last_id=288000)
2026-06-14 15:35:16,003 vfl_odds_v2 backfill progress: ~1771852 selection rows (last_id=296000)
2026-06-14 15:36:12,799 vfl_odds_v2 backfill progress: ~1819852 selection rows (last_id=304000)
2026-06-14 15:37:44,382 vfl_odds_v2 backfill progress: ~1867852 selection rows (last_id=312000)
2026-06-14 15:39:11,590 vfl_odds_v2 backfill progress: ~1915852 selection rows (last_id=320000)
2026-06-14 15:40:30,284 vfl_odds_v2 backfill progress: ~1963852 selection rows (last_id=328000)
2026-06-14 15:41:45,160 vfl_odds_v2 backfill progress: ~2011852 selection rows (last_id=336000)
2026-06-14 15:42:43,009 vfl_odds_v2 backfill progress: ~2059852 selection rows (last_id=344000)
2026-06-14 15:44:09,832 vfl_odds_v2 backfill progress: ~2107852 selection rows (last_id=352000)
2026-06-14 15:45:45,598 vfl_odds_v2 backfill progress: ~2155852 selection rows (last_id=360000)
2026-06-14 15:47:23,857 vfl_odds_v2 backfill progress: ~2203852 selection rows (last_id=368000)
2026-06-14 15:49:11,726 vfl_odds_v2 backfill progress: ~2251852 selection rows (last_id=376000)
2026-06-14 15:50:21,292 vfl_odds_v2 backfill progress: ~2299852 selection rows (last_id=384000)
2026-06-14 15:51:59,862 vfl_odds_v2 backfill progress: ~2347852 selection rows (last_id=392000)
2026-06-14 15:53:05,116 vfl_odds_v2 backfill progress: ~2395852 selection rows (last_id=400000)
2026-06-14 15:54:06,917 vfl_odds_v2 backfill progress: ~2443852 selection rows (last_id=408000)
2026-06-14 15:55:45,216 vfl_odds_v2 backfill progress: ~2491852 selection rows (last_id=416000)
2026-06-14 15:57:13,472 vfl_odds_v2 backfill progress: ~2539852 selection rows (last_id=424000)
2026-06-14 15:59:18,674 vfl_odds_v2 backfill progress: ~2587852 selection rows (last_id=432000)
2026-06-14 16:01:40,992 vfl_odds_v2 backfill progress: ~2635852 selection rows (last_id=440000)
2026-06-14 16:05:02,220 vfl_odds_v2 backfill progress: ~2683852 selection rows (last_id=448000)
2026-06-14 16:08:54,856 vfl_odds_v2 backfill progress: ~2731852 selection rows (last_id=456000)
2026-06-14 16:12:50,564 vfl_odds_v2 backfill progress: ~2779852 selection rows (last_id=464000)
2026-06-14 16:15:53,434 vfl_odds_v2 backfill progress: ~2827852 selection rows (last_id=472000)
2026-06-14 16:18:23,948 vfl_odds_v2 backfill progress: ~2875852 selection rows (last_id=480000)
2026-06-14 16:21:07,928 vfl_odds_v2 backfill progress: ~2923852 selection rows (last_id=488000)
2026-06-14 16:23:44,505 vfl_odds_v2 backfill progress: ~2971852 selection rows (last_id=496000)
2026-06-14 16:26:18,148 vfl_odds_v2 backfill progress: ~3019852 selection rows (last_id=504000)
2026-06-14 16:29:07,824 vfl_odds_v2 backfill progress: ~3067852 selection rows (last_id=512000)
2026-06-14 16:30:48,230 vfl_odds_v2 backfill progress: ~3115852 selection rows (last_id=520000)
2026-06-14 16:32:35,818 vfl_odds_v2 backfill progress: ~3163852 selection rows (last_id=528000)
2026-06-14 16:33:59,966 vfl_odds_v2 backfill progress: ~3211852 selection rows (last_id=536000)
2026-06-14 16:35:13,818 vfl_odds_v2 backfill progress: ~3259852 selection rows (last_id=544000)
2026-06-14 16:36:36,095 vfl_odds_v2 backfill progress: ~3307852 selection rows (last_id=552000)
2026-06-14 16:37:45,539 vfl_odds_v2 backfill progress: ~3355852 selection rows (last_id=560000)
2026-06-14 16:39:28,112 vfl_odds_v2 backfill progress: ~3403852 selection rows (last_id=568000)
2026-06-14 16:40:50,065 vfl_odds_v2 backfill progress: ~3451852 selection rows (last_id=576000)
2026-06-14 16:42:27,399 vfl_odds_v2 backfill progress: ~3499852 selection rows (last_id=584011)
2026-06-14 16:43:51,855 vfl_odds_v2 backfill progress: ~3547852 selection rows (last_id=592011)
2026-06-14 16:45:15,478 vfl_odds_v2 backfill progress: ~3595852 selection rows (last_id=600011)
2026-06-14 16:46:50,616 vfl_odds_v2 backfill progress: ~3643852 selection rows (last_id=608011)
2026-06-14 16:47:56,045 vfl_odds_v2 backfill progress: ~3691852 selection rows (last_id=616011)
2026-06-14 16:49:15,736 vfl_odds_v2 backfill progress: ~3739852 selection rows (last_id=624011)
2026-06-14 16:51:00,609 vfl_odds_v2 backfill progress: ~3787852 selection rows (last_id=632011)
2026-06-14 16:52:10,013 vfl_odds_v2 backfill progress: ~3835852 selection rows (last_id=640011)
2026-06-14 16:53:47,959 vfl_odds_v2 backfill progress: ~3883852 selection rows (last_id=648011)
2026-06-14 16:55:12,856 vfl_odds_v2 backfill progress: ~3931852 selection rows (last_id=656011)
2026-06-14 16:56:50,153 vfl_odds_v2 backfill progress: ~3979852 selection rows (last_id=664011)
2026-06-14 16:58:17,799 vfl_odds_v2 backfill progress: ~4027852 selection rows (last_id=672011)
2026-06-14 16:59:38,294 vfl_odds_v2 backfill progress: ~4075852 selection rows (last_id=680011)
2026-06-14 17:02:37,989 vfl_odds_v2 backfill progress: ~4123852 selection rows (last_id=688011)
2026-06-14 17:06:04,935 vfl_odds_v2 backfill progress: ~4171852 selection rows (last_id=696011)
2026-06-14 17:09:30,488 vfl_odds_v2 backfill progress: ~4219852 selection rows (last_id=704011)
2026-06-14 17:11:55,560 vfl_odds_v2 backfill progress: ~4267852 selection rows (last_id=712011)
2026-06-14 17:14:22,421 vfl_odds_v2 backfill progress: ~4315852 selection rows (last_id=720011)
2026-06-14 17:17:19,214 vfl_odds_v2 backfill progress: ~4363852 selection rows (last_id=728011)
2026-06-14 17:20:13,034 vfl_odds_v2 backfill progress: ~4411852 selection rows (last_id=736011)
2026-06-14 17:22:32,953 vfl_odds_v2 backfill progress: ~4459852 selection rows (last_id=744011)
2026-06-14 17:25:20,775 vfl_odds_v2 backfill progress: ~4507852 selection rows (last_id=752011)
2026-06-14 17:28:06,059 vfl_odds_v2 backfill progress: ~4555852 selection rows (last_id=760011)
2026-06-14 17:30:07,431 vfl_odds_v2 backfill progress: ~4603852 selection rows (last_id=768011)
2026-06-14 17:31:26,043 vfl_odds_v2 backfill progress: ~4651852 selection rows (last_id=776011)
2026-06-14 17:32:43,464 vfl_odds_v2 backfill progress: ~4699852 selection rows (last_id=784011)
2026-06-14 17:34:00,927 vfl_odds_v2 backfill progress: ~4747852 selection rows (last_id=792011)
2026-06-14 17:35:13,451 vfl_odds_v2 backfill progress: ~4795852 selection rows (last_id=800011)
2026-06-14 17:36:27,459 vfl_odds_v2 backfill progress: ~4843852 selection rows (last_id=808011)
2026-06-14 17:37:33,029 vfl_odds_v2 backfill progress: ~4891852 selection rows (last_id=816011)
2026-06-14 17:38:50,437 vfl_odds_v2 backfill progress: ~4939852 selection rows (last_id=824011)
2026-06-14 17:40:11,656 vfl_odds_v2 backfill progress: ~4987852 selection rows (last_id=832011)
2026-06-14 17:41:56,884 vfl_odds_v2 backfill progress: ~5035852 selection rows (last_id=840011)
2026-06-14 17:43:18,829 vfl_odds_v2 backfill progress: ~5083852 selection rows (last_id=848011)
2026-06-14 17:44:33,848 vfl_odds_v2 backfill progress: ~5131852 selection rows (last_id=856011)
2026-06-14 17:46:10,682 vfl_odds_v2 backfill progress: ~5179852 selection rows (last_id=864011)
2026-06-14 17:47:10,884 vfl_odds_v2 backfill progress: ~5227852 selection rows (last_id=872011)
2026-06-14 17:48:29,629 vfl_odds_v2 backfill progress: ~5275852 selection rows (last_id=880011)
2026-06-14 17:50:04,153 vfl_odds_v2 backfill progress: ~5323852 selection rows (last_id=888011)
2026-06-14 17:51:07,900 vfl_odds_v2 backfill progress: ~5371852 selection rows (last_id=896011)
2026-06-14 17:52:37,833 vfl_odds_v2 backfill progress: ~5419852 selection rows (last_id=904011)
2026-06-14 17:54:00,733 vfl_odds_v2 backfill progress: ~5467852 selection rows (last_id=912011)
2026-06-14 17:55:18,268 vfl_odds_v2 backfill progress: ~5515852 selection rows (last_id=920011)
2026-06-14 17:57:26,060 vfl_odds_v2 backfill progress: ~5563852 selection rows (last_id=928011)
2026-06-14 17:58:49,198 vfl_odds_v2 backfill progress: ~5611852 selection rows (last_id=936011)
2026-06-14 18:01:47,174 vfl_odds_v2 backfill progress: ~5659852 selection rows (last_id=944011)
2026-06-14 18:04:20,733 vfl_odds_v2 backfill progress: ~5707852 selection rows (last_id=952011)
2026-06-14 18:08:21,808 vfl_odds_v2 backfill progress: ~5755852 selection rows (last_id=960011)
2026-06-14 18:13:06,176 vfl_odds_v2 backfill progress: ~5803852 selection rows (last_id=968011)
2026-06-14 18:16:23,345 vfl_odds_v2 backfill progress: ~5851852 selection rows (last_id=976011)
2026-06-14 18:19:11,291 vfl_odds_v2 backfill progress: ~5899852 selection rows (last_id=984011)
2026-06-14 18:21:33,897 vfl_odds_v2 backfill progress: ~5947852 selection rows (last_id=992011)
2026-06-14 18:24:51,607 vfl_odds_v2 backfill progress: ~5995852 selection rows (last_id=1000011)
2026-06-14 18:27:57,097 vfl_odds_v2 backfill progress: ~6043852 selection rows (last_id=1008011)
2026-06-14 18:30:20,250 vfl_odds_v2 backfill progress: ~6091852 selection rows (last_id=1016011)
2026-06-14 18:31:44,113 vfl_odds_v2 backfill progress: ~6139852 selection rows (last_id=1024011)
2026-06-14 18:33:18,324 vfl_odds_v2 backfill progress: ~6187852 selection rows (last_id=1032011)
2026-06-14 18:34:27,323 vfl_odds_v2 backfill progress: ~6235852 selection rows (last_id=1040011)
2026-06-14 18:35:43,911 vfl_odds_v2 backfill progress: ~6283852 selection rows (last_id=1048011)
2026-06-14 18:37:18,940 vfl_odds_v2 backfill progress: ~6331852 selection rows (last_id=1056011)
2026-06-14 18:38:42,643 vfl_odds_v2 backfill progress: ~6379852 selection rows (last_id=1064011)
2026-06-14 18:40:20,997 vfl_odds_v2 backfill progress: ~6427852 selection rows (last_id=1072011)
2026-06-14 18:41:23,338 vfl_odds_v2 backfill progress: ~6461812 selection rows (last_id=1077671)
2026-06-14 18:41:23,969 vfl_odds_v2 backfill progress: ~6462208 selection rows (last_id=1077737)
2026-06-14 18:41:23,973 vfl_odds_v2 done: 6462208 selection rows
2026-06-14 18:41:42,851 vfl_prematch_odds totals: rows=4166551 seasons=338 events=60487
