Season: VFLM 5346, Matchday: 10
First 3 fixtures:
  - Tottenham vs Leeds
  - Wolverhampton vs West Ham
  - Everton vs Liverpool
👑 VFLM — MD?+ 👑
🔥 STANDARD regime | ALL 6 markets per fixture

━━━━━━━━━━━━━━━━━━━━━━━━━━━━━━━━━━━━━━━━━━━━━
🔥 MATCHDAY 10 — 8 FIXTURES
━━━━━━━━━━━━━━━━━━━━━━━━━━━━━━━━━━━━━━━━━━━━━

🏆 Tottenham vs Leeds
  ┃ Cluster C1 NG profile | H2H: 528 meetings | Avg 2.25 goals
  ★ BEST BET: U3.5 — HIGH CONFIDENCE (80.3% H2H hit rate)
    Edge: -3.0% | Implied prob: 83.3%
  ● O1.5 — GOOD (65.9% H2H rate, edge -5.5%)
  ● NG — DECENT (60.0% H2H rate, edge -6.7%)
  ● U2.5 — DECENT (58.9% H2H rate, edge -3.6%)
  ● O2.5 — LOW CONFIDENCE (41.1% H2H rate, edge -4.4%)
  ● GG — LOW CONFIDENCE (40.0% H2H rate, edge -1.7%)

🏆 Wolverhampton vs West Ham
  ┃ Cluster C7 GG profile ★ | H2H: 525 meetings | Avg 3.18 goals
  ★ BEST BET: O1.5 — HIGH CONFIDENCE (85.0% H2H hit rate)
    Edge: -2.7% | Implied prob: 87.7%
  ● GG — GOOD (65.0% H2H rate, edge -4.0%)
  ● O2.5 — DECENT (63.8% H2H rate, edge -2.9%)
  ● U3.5 — DECENT (58.7% H2H rate, edge -5.8%)
  ● U2.5 — LOW CONFIDENCE (36.2% H2H rate, edge -3.8%)
  ● NG — LOW CONFIDENCE (35.0% H2H rate, edge -5.0%)

🏆 Everton vs Liverpool
  ┃ Cluster C2 GG profile (low) | H2H: 524 meetings | Avg 2.26 goals
  ★ BEST BET: U3.5 — HIGH CONFIDENCE (83.3% H2H hit rate)
    Edge: -6.0% | Implied prob: 89.3%
  ● O1.5 — GOOD (68.1% H2H rate, edge -0.9%)
  ● U2.5 — DECENT (60.3% H2H rate, edge -8.7%)
  ● NG — DECENT (58.0% H2H rate, edge -2.6%)
  ● GG — LOW CONFIDENCE (42.0% H2H rate, edge -4.5%)
  ● O2.5 — LOW CONFIDENCE (39.7% H2H rate, edge +1.2%)

🏆 Manchester Blue vs Fulham
  ┃ Cluster C0 NG profile | H2H: 526 meetings | Avg 2.64 goals
  ★ BEST BET: O1.5 — HIGH CONFIDENCE (76.4% H2H hit rate)
    Edge: -6.9% | Implied prob: 83.3%
  ● U3.5 — GOOD (73.0% H2H rate, edge +4.0%)
  ● NG — DECENT (55.5% H2H rate, edge -9.0%)
  ● O2.5 — LOW CONFIDENCE (50.6% H2H rate, edge -11.9%)
  ● U2.5 — LOW CONFIDENCE (49.4% H2H rate, edge +5.0%)
  ● GG — LOW CONFIDENCE (44.5% H2H rate, edge +1.0%)

🏆 Chelsea vs Newcastle
  ┃ Cluster C0 NG profile | H2H: 528 meetings | Avg 2.9 goals
  ★ BEST BET: O1.5 — HIGH CONFIDENCE (80.3% H2H hit rate)
    Edge: -4.4% | Implied prob: 84.7%
  ● U3.5 — GOOD (65.3% H2H rate, edge -6.1%)
  ● O2.5 — LOW CONFIDENCE (54.7% H2H rate, edge -5.9%)
  ● NG — LOW CONFIDENCE (53.4% H2H rate, edge -2.2%)
  ● GG — LOW CONFIDENCE (46.6% H2H rate, edge -6.0%)
  ● U2.5 — LOW CONFIDENCE (45.3% H2H rate, edge -2.3%)

🏆 Manchester Red vs Aston Villa
  ┃ Cluster C5 U2.5 profile | H2H: 523 meetings | Avg 2.36 goals
  ★ BEST BET: U3.5 — HIGH CONFIDENCE (77.6% H2H hit rate)
    Edge: -5.7% | Implied prob: 83.3%
  ● O1.5 — GOOD (67.5% H2H rate, edge -6.6%)
  ● U2.5 — DECENT (59.5% H2H rate, edge -1.1%)
  ● NG — DECENT (55.3% H2H rate, edge -3.5%)
  ● GG — LOW CONFIDENCE (44.7% H2H rate, edge -5.3%)
  ● O2.5 — LOW CONFIDENCE (40.5% H2H rate, edge -6.0%)

🏆 Brighton vs London Guns
  ┃ Cluster C3 GG profile | H2H: 529 meetings | Avg 2.78 goals
  ★ BEST BET: O1.5 — HIGH CONFIDENCE (81.1% H2H hit rate)
    Edge: +1.1% | Implied prob: 80.0%
  ● U3.5 — GOOD (72.6% H2H rate, edge -4.3%)
  ● GG — DECENT (57.5% H2H rate, edge -3.1%)
  ● O2.5 — DECENT (55.6% H2H rate, edge +0.0%)
  ● U2.5 — LOW CONFIDENCE (44.4% H2H rate, edge -8.2%)
  ● NG — LOW CONFIDENCE (42.5% H2H rate, edge -5.1%)

🏆 Crystal Palace vs Bournemouth
  ┃ Cluster C5 U2.5 profile | H2H: 523 meetings | Avg 2.34 goals
  ★ BEST BET: U3.5 — HIGH CONFIDENCE (79.8% H2H hit rate)
    Edge: -2.2% | Implied prob: 82.0%
  ● O1.5 — GOOD (70.2% H2H rate, edge -6.7%)
  ● U2.5 — DECENT (60.0% H2H rate, edge +1.2%)
  ● NG — LOW CONFIDENCE (50.3% H2H rate, edge -3.8%)
  ● GG — LOW CONFIDENCE (49.7% H2H rate, edge -4.4%)
  ● O2.5 — LOW CONFIDENCE (40.0% H2H rate, edge -8.8%)

━━━━━━━━━━━━━━━━━━━━━━━━━━━━━━━━━━━━━━━━━━━━━
🔥 MATCHDAY 11 — 8 FIXTURES
━━━━━━━━━━━━━━━━━━━━━━━━━━━━━━━━━━━━━━━━━━━━━

🏆 Aston Villa vs Chelsea
  ┃ Cluster C5 U2.5 profile | H2H: 522 meetings | Avg 2.56 goals
  ★ BEST BET: U3.5 — GOOD (74.0% H2H hit rate)
    Edge: -6.0% | Implied prob: 80.0%
  ● O1.5 — GOOD (73.8% H2H rate, edge -3.1%)
  ● U2.5 — LOW CONFIDENCE (53.1% H2H rate, edge -5.7%)
  ● GG — LOW CONFIDENCE (52.7% H2H rate, edge -2.9%)
  ● NG — LOW CONFIDENCE (47.3% H2H rate, edge -5.3%)
  ● O2.5 — LOW CONFIDENCE (46.9% H2H rate, edge -1.9%)

🏆 Leeds vs Fulham
  ┃ Cluster C2 GG profile (low) | H2H: 528 meetings | Avg 1.81 goals
  ★ BEST BET: U3.5 — HIGH CONFIDENCE (89.8% H2H hit rate)
    Edge: -4.5% | Implied prob: 94.3%
  ● U2.5 — GOOD (72.9% H2H rate, edge -4.0%)
  ● NG — DECENT (64.4% H2H rate, edge -7.0%)
  ● O1.5 — LOW CONFIDENCE (52.5% H2H rate, edge -3.1%)
  ● GG — LOW CONFIDENCE (35.6% H2H rate, edge -1.4%)
  ● O2.5 — LOW CONFIDENCE (27.1% H2H rate, edge -3.2%)

🏆 London Guns vs Everton
  ┃ Cluster C5 U2.5 profile | H2H: 523 meetings | Avg 2.26 goals
  ★ BEST BET: U3.5 — HIGH CONFIDENCE (81.4% H2H hit rate)
    Edge: +1.4% | Implied prob: 80.0%
  ● O1.5 — GOOD (67.3% H2H rate, edge -9.6%)
  ● U2.5 — DECENT (60.8% H2H rate, edge +3.7%)
  ● NG — DECENT (55.4% H2H rate, edge -1.7%)
  ● GG — LOW CONFIDENCE (44.6% H2H rate, edge -6.7%)
  ● O2.5 — LOW CONFIDENCE (39.2% H2H rate, edge -10.8%)

🏆 Liverpool vs Manchester Red
  ┃ Cluster C3 GG profile | H2H: 528 meetings | Avg 2.58 goals
  ★ BEST BET: U3.5 — HIGH CONFIDENCE (76.5% H2H hit rate)
    Edge: +2.4% | Implied prob: 74.1%
  ● O1.5 — HIGH CONFIDENCE (75.6% H2H rate, edge -4.4%)
  ● GG — LOW CONFIDENCE (53.6% H2H rate, edge -3.5%)
  ● O2.5 — LOW CONFIDENCE (50.6% H2H rate, edge -5.0%)
  ● U2.5 — LOW CONFIDENCE (49.4% H2H rate, edge -3.2%)
  ● NG — LOW CONFIDENCE (46.4% H2H rate, edge -3.6%)

🏆 Brighton vs Manchester Blue
  ┃ Cluster C6 GG profile | H2H: 525 meetings | Avg 3.03 goals
  ★ BEST BET: O1.5 — HIGH CONFIDENCE (82.1% H2H hit rate)
    Edge: -2.6% | Implied prob: 84.7%
  ● U3.5 — GOOD (66.4% H2H rate, edge -5.0%)
  ● O2.5 — DECENT (59.6% H2H rate, edge +0.8%)
  ● GG — DECENT (56.6% H2H rate, edge -4.0%)
  ● NG — LOW CONFIDENCE (43.4% H2H rate, edge -4.2%)
  ● U2.5 — LOW CONFIDENCE (40.4% H2H rate, edge -8.4%)

🏆 Bournemouth vs Tottenham
  ┃ Cluster C5 U2.5 profile | H2H: 524 meetings | Avg 2.61 goals
  ★ BEST BET: O1.5 — GOOD (73.9% H2H hit rate)
    Edge: -3.0% | Implied prob: 76.9%
  ● U3.5 — GOOD (71.5% H2H rate, edge -8.5%)
  ● NG — DECENT (55.2% H2H rate, edge -3.6%)
  ● O2.5 — LOW CONFIDENCE (51.5% H2H rate, edge +3.9%)
  ● U2.5 — LOW CONFIDENCE (48.5% H2H rate, edge -12.1%)
  ● GG — LOW CONFIDENCE (44.8% H2H rate, edge -5.2%)

🏆 Newcastle vs Wolverhampton
  ┃ Cluster C7 GG profile ★ | H2H: 527 meetings | Avg 2.9 goals
  ★ BEST BET: O1.5 — HIGH CONFIDENCE (79.5% H2H hit rate)
    Edge: -6.7% | Implied prob: 86.2%
  ● U3.5 — GOOD (66.7% H2H rate, edge -2.3%)
  ● GG — DECENT (59.8% H2H rate, edge -4.7%)
  ● O2.5 — DECENT (57.7% H2H rate, edge -4.8%)
  ● U2.5 — LOW CONFIDENCE (42.3% H2H rate, edge -3.2%)
  ● NG — LOW CONFIDENCE (40.2% H2H rate, edge -2.4%)

🏆 West Ham vs Crystal Palace
  ┃ Cluster C7 GG profile ★ | H2H: 527 meetings | Avg 2.95 goals
  ★ BEST BET: O1.5 — HIGH CONFIDENCE (78.2% H2H hit rate)
    Edge: -5.1% | Implied prob: 83.3%
  ● U3.5 — DECENT (63.3% H2H rate, edge -5.7%)
  ● O2.5 — DECENT (58.4% H2H rate, edge -2.2%)
  ● GG — DECENT (56.7% H2H rate, edge -3.9%)
  ● NG — LOW CONFIDENCE (43.3% H2H rate, edge -5.5%)
  ● U2.5 — LOW CONFIDENCE (41.6% H2H rate, edge -6.0%)

━━━━━━━━━━━━━━━━━━━━━━━━━━━━━━━━━━━━━━━━━━━━━
📊 SUMMARY
━━━━━━━━━━━━━━━━━━━━━━━━━━━━━━━━━━━━━━━━━━━━━
Total fixtures: 16
BEST BETS: 8× O1.5 | 8× U3.5
⏰ Updated: 2026-06-10 06:34 UTC
Predictions successfully delivered to Discord via Hermes.
