2026-05-25 15:06:48,172 [INFO] Starting Draw & Underdog Orchestrator...
2026-05-25 15:06:48,535 [WARNING] get_standings: no teams accumulated for season vf:season:3092901
2026-05-25 15:07:05,556 [INFO] Starting Draw & Underdog Orchestrator...
2026-05-25 15:07:05,944 [WARNING] get_standings: no teams accumulated for season vf:season:3092901
2026-05-25 15:07:05,945 [INFO]    ⚠️ Current season standings empty. Fetching latest completed season as fallback...
2026-05-25 15:07:06,144 [INFO]    📋 Fallback to VFLM 5144 MD 30
2026-05-25 15:07:11,511 [INFO] 🎯 Placing TRAP Bet: Wolverhampton vs Manchester Red (Draw) @3.1
2026-05-25 15:07:47,519 [INFO] Starting Draw & Underdog Orchestrator...
2026-05-25 15:07:48,228 [INFO] 🎯 Placing TRAP Bet: Brighton vs Aston Villa (Draw) @3.1
2026-05-25 15:07:48,422 [INFO]    [BET_PLACER_STDOUT]: 
2026-05-25 15:07:48,422 [ERROR]    [BET_PLACER_STDERR]: usage: browser_bet_placer.py [-h] [--stake STAKE] {bet,parlay,balance} [data]
browser_bet_placer.py: error: unrecognized arguments: Aston Villa Draw 10.0 3
2026-05-25 15:08:12,983 [INFO] Starting Draw & Underdog Orchestrator...
2026-05-25 15:08:13,741 [INFO] 🎯 Placing TRAP Bet: Brighton vs Aston Villa (Draw) @3.1
2026-05-25 15:08:39,101 [INFO]    [BET_PLACER_STDOUT]: {
  "success": true,
  "error": null,
  "fixture": "Brighton vs Aston Villa",
  "market": "Draw",
  "odds": 0.0,
  "stake": 10.0,
  "page_text": "NGN 59.80\nDeposit\nMy Bets\nMy Account \nHome\nSports\nLive Betting\nVirtual\nGames\nMy Matches\nJackpot\nPromotions\nApp\nHot\nSearch\nBetslip\nMSport Virtual EPL\nVF Bundesliga\nVirtual World Cup\nVirtual Euro Cup\nVirtual NBA\nV-Dog Racing\nV-Horse Racing\nV-Live Tennis\n\nBet History\n\nHow to play\n5145 / Match Day 2\nMATCH\nShow Live Video\nTables\nMatch Results\n1x2\nOver/Under\nMatch Day 3\n03:31\n1\nX\n2\nNear Odds\nOver\nUnder\n4\n9\nEverton\nTottenham\n+33 \n2.85\n3.05\n2.45\n2.5 \n2.45\n1.50\n11\n12\nNewcastle\nFulham\n+33 \n1.90\n3.60\n3.60\n"
}
2026-05-25 15:08:39,101 [ERROR]    [BET_PLACER_STDERR]: 2026-05-25 15:08:13,937 [INFO] Connected to Chromium CDP
2026-05-25 15:08:19,067 [INFO] Checking login state...
2026-05-25 15:08:19,083 [INFO] Already logged in (no login form)
2026-05-25 15:08:19,084 [INFO] Placing bet: Brighton vs Aston Villa -> Draw @0 (stake: ₦10.0) on MD3
2026-05-25 15:08:26,245 [INFO] Ensuring matchday section for MD3 is visible and active...
2026-05-25 15:08:28,845 [INFO] Page title: Virtual | MSport
2026-05-25 15:08:29,897 [INFO] Searching for fixture in virtual-event list...
2026-05-25 15:08:29,899 [INFO] Fixture search: found
2026-05-25 15:08:31,899 [INFO] Clicking Under odds @0...
2026-05-25 15:08:31,914 [INFO]   Clicking odds for Brighton vs Aston Villa at 1046.34375,491.5...
2026-05-25 15:08:32,981 [INFO] Entering stake...
2026-05-25 15:08:33,995 [INFO] Clicking Place Bet...
2026-05-25 15:08:37,021 [INFO] Handling confirmation...
2026-05-25 15:08:39,042 [INFO] ✅ Success confirmed via balance deduction: 69.8 -> 59.8 (stake: 10.0)
2026-05-25 15:08:39,043 [INFO] ✅ Bet placed successfully!
2026-05-25 15:09:14,875 [INFO] Starting Draw & Underdog Orchestrator...
2026-05-25 15:09:15,848 [INFO] 🎯 Placing TRAP Bet: Brighton vs Aston Villa (Draw) @3.1
2026-05-25 15:09:41,019 [INFO]    [BET_PLACER_STDOUT]: {
  "success": true,
  "error": null,
  "fixture": "Brighton vs Aston Villa",
  "market": "Draw",
  "odds": 0.0,
  "stake": 10.0,
  "page_text": "NGN 49.80\nDeposit\nMy Bets\nMy Account \nHome\nSports\nLive Betting\nVirtual\nGames\nMy Matches\nJackpot\nPromotions\nApp\nHot\nSearch\nBetslip\nMSport Virtual EPL\nVF Bundesliga\nVirtual World Cup\nVirtual Euro Cup\nVirtual NBA\nV-Dog Racing\nV-Horse Racing\nV-Live Tennis\n\nBet History\n\nHow to play\n5145 / Match Day 2\nMATCH\nShow Live Video\nTables\nMatch Results\n1x2\nOver/Under\nMatch Day 3\n02:29\n1\nX\n2\nNear Odds\nOver\nUnder\n4\n9\nEverton\nTottenham\n+33 \n2.85\n3.05\n2.45\n2.5 \n2.45\n1.50\n11\n12\nNewcastle\nFulham\n+33 \n1.90\n3.60\n3.60\n"
}
2026-05-25 15:09:41,019 [ERROR]    [BET_PLACER_STDERR]: 2026-05-25 15:09:16,073 [INFO] Connected to Chromium CDP
2026-05-25 15:09:21,219 [INFO] Checking login state...
2026-05-25 15:09:21,226 [INFO] Already logged in (no login form)
2026-05-25 15:09:21,227 [INFO] Placing bet: Brighton vs Aston Villa -> Draw @0 (stake: ₦10.0) on MD3
2026-05-25 15:09:28,349 [INFO] Ensuring matchday section for MD3 is visible and active...
2026-05-25 15:09:30,876 [INFO] Page title: Virtual | MSport
2026-05-25 15:09:31,885 [INFO] Searching for fixture in virtual-event list...
2026-05-25 15:09:31,887 [INFO] Fixture search: found
2026-05-25 15:09:33,887 [INFO] Clicking Under odds @0...
2026-05-25 15:09:33,889 [INFO]   Clicking odds for Brighton vs Aston Villa at 1046.34375,491.5...
2026-05-25 15:09:34,959 [INFO] Entering stake...
2026-05-25 15:09:35,973 [INFO] Clicking Place Bet...
2026-05-25 15:09:38,983 [INFO] Handling confirmation...
2026-05-25 15:09:40,987 [INFO] ✅ Success confirmed via balance deduction: 59.8 -> 49.8 (stake: 10.0)
2026-05-25 15:09:40,989 [INFO] ✅ Bet placed successfully!
2026-05-25 15:11:41,884 [INFO] 🎯 Placing TRAP Bet: Bournemouth vs Liverpool (Draw) @3.1
2026-05-25 15:12:07,062 [INFO]    [BET_PLACER_STDOUT]: {
  "success": true,
  "error": null,
  "fixture": "Bournemouth vs Liverpool",
  "market": "Draw",
  "odds": 0.0,
  "stake": 10.0,
  "page_text": "NGN 39.80\nDeposit\nMy Bets\nMy Account \nHome\nSports\nLive Betting\nVirtual\nGames\nMy Matches\nJackpot\nPromotions\nApp\nHot\nSearch\nBetslip\nMSport Virtual EPL\nVF Bundesliga\nVirtual World Cup\nVirtual Euro Cup\nVirtual NBA\nV-Dog Racing\nV-Horse Racing\nV-Live Tennis\n\nBet History\n\nHow to play\n5145 / Match Day 3\nPRE MATCH\nShow Live Video\nTables\nMatch Results\n1x2\nOver/Under\nMatch Day 3\n00:03\n1\nX\n2\nNear Odds\nOver\nUnder\n9\n12\nEverton\nTottenham\n+33 \n2.85\n3.05\n2.45\n2.5 \n2.45\n1.50\n14\n15\nNewcastle\nFulham\n+33 \n1.90\n3.60\n"
}
2026-05-25 15:12:07,062 [ERROR]    [BET_PLACER_STDERR]: 2026-05-25 15:11:42,090 [INFO] Connected to Chromium CDP
2026-05-25 15:11:47,192 [INFO] Checking login state...
2026-05-25 15:11:47,209 [INFO] Already logged in (no login form)
2026-05-25 15:11:47,209 [INFO] Placing bet: Bournemouth vs Liverpool -> Draw @0 (stake: ₦10.0) on MD4
2026-05-25 15:11:54,346 [INFO] Ensuring matchday section for MD4 is visible and active...
2026-05-25 15:11:56,867 [INFO] Page title: Virtual | MSport
2026-05-25 15:11:57,884 [INFO] Searching for fixture in virtual-event list...
2026-05-25 15:11:57,890 [INFO] Fixture search: found
2026-05-25 15:11:59,895 [INFO] Clicking Under odds @0...
2026-05-25 15:11:59,902 [INFO]   Clicking odds for Bournemouth vs Liverpool at 1046.34375,491.5...
2026-05-25 15:12:00,979 [INFO] Entering stake...
2026-05-25 15:12:02,001 [INFO] Clicking Place Bet...
2026-05-25 15:12:05,020 [INFO] Handling confirmation...
2026-05-25 15:12:07,037 [INFO] ✅ Success confirmed via balance deduction: 49.8 -> 39.8 (stake: 10.0)
2026-05-25 15:12:07,037 [INFO] ✅ Bet placed successfully!
2026-05-25 15:14:07,820 [INFO] 🎯 Placing TRAP Bet: Bournemouth vs Liverpool (Draw) @3.1
2026-05-25 15:14:42,081 [INFO]    [BET_PLACER_STDOUT]: {"success": false, "error": "Input not found: aside .bet-input input"}
2026-05-25 15:14:42,081 [ERROR]    [BET_PLACER_STDERR]: 2026-05-25 15:14:07,961 [INFO] Connected to Chromium CDP
2026-05-25 15:14:13,071 [INFO] Checking login state...
2026-05-25 15:14:13,099 [INFO] Already logged in (no login form)
2026-05-25 15:14:13,099 [INFO] Placing bet: Bournemouth vs Liverpool -> Draw @0 (stake: ₦10.0) on MD4
2026-05-25 15:14:20,205 [INFO] Ensuring matchday section for MD4 is visible and active...
2026-05-25 15:14:22,722 [INFO] Page title: Virtual | MSport
2026-05-25 15:14:23,733 [INFO] Searching for fixture in virtual-event list...
2026-05-25 15:14:23,734 [INFO] Fixture search: found
2026-05-25 15:14:25,735 [INFO] Clicking Under odds @0...
2026-05-25 15:14:25,737 [INFO]   Clicking odds for Bournemouth vs Liverpool at 1060.078125,499.5...
2026-05-25 15:14:26,746 [INFO] Entering stake...
2026-05-25 15:14:42,053 [ERROR] Error: Input not found: aside .bet-input input
2026-05-25 15:16:43,034 [INFO] 🎯 Placing TRAP Bet: West Ham vs Manchester Blue (Draw) @3.1
2026-05-25 15:17:08,026 [INFO]    [BET_PLACER_STDOUT]: {
  "success": true,
  "error": null,
  "fixture": "West Ham vs Manchester Blue",
  "market": "Draw",
  "odds": 0.0,
  "stake": 10.0,
  "page_text": "NGN 59.80\nDeposit\nMy Bets\nMy Account \nHome\nSports\nLive Betting\nVirtual\nGames\nMy Matches\nJackpot\nPromotions\nApp\nHot\nSearch\nBetslip\nMSport Virtual EPL\nVF Bundesliga\nVirtual World Cup\nVirtual Euro Cup\nVirtual NBA\nV-Dog Racing\nV-Horse Racing\nV-Live Tennis\n\nBet History\n\nHow to play\n5145 / Match Day 4\nMATCH\nShow Live Video\nTables\nMatch Results\n1x2\nOver/Under\nMatch Day 5\n02:22\n1\nX\n2\nNear Odds\nOver\nUnder\n7\n8\nBrighton\nWolverhampton\n+33 \n1.90\n3.85\n3.40\n2.5 \n1.75\n1.95\n16\n9\nFulham\nAston Villa\n+31 \n4.90\n3.45"
}
2026-05-25 15:17:08,026 [ERROR]    [BET_PLACER_STDERR]: 2026-05-25 15:16:43,159 [INFO] Connected to Chromium CDP
2026-05-25 15:16:48,290 [INFO] Checking login state...
2026-05-25 15:16:48,293 [INFO] Already logged in (no login form)
2026-05-25 15:16:48,293 [INFO] Placing bet: West Ham vs Manchester Blue -> Draw @0 (stake: ₦10.0) on MD5
2026-05-25 15:16:55,384 [INFO] Ensuring matchday section for MD5 is visible and active...
2026-05-25 15:16:57,899 [INFO] Page title: Virtual | MSport
2026-05-25 15:16:58,909 [INFO] Searching for fixture in virtual-event list...
2026-05-25 15:16:58,910 [INFO] Fixture search: found
2026-05-25 15:17:00,911 [INFO] Clicking Under odds @0...
2026-05-25 15:17:00,912 [INFO]   Clicking odds for West Ham vs Manchester Blue at 1046.34375,491.5...
2026-05-25 15:17:01,953 [INFO] Entering stake...
2026-05-25 15:17:02,965 [INFO] Clicking Place Bet...
2026-05-25 15:17:05,982 [INFO] Handling confirmation...
2026-05-25 15:17:07,989 [INFO] ✅ Success confirmed via balance deduction: 69.8 -> 59.8 (stake: 10.0)
2026-05-25 15:17:07,989 [INFO] ✅ Bet placed successfully!
2026-05-25 15:19:09,364 [INFO] 🎯 Placing SPIKE Bet: Leeds vs West Ham (Home) @4.5
2026-05-25 15:19:34,768 [INFO]    [BET_PLACER_STDOUT]: {
  "success": true,
  "error": null,
  "fixture": "Leeds vs West Ham",
  "market": "Home",
  "odds": 0.0,
  "stake": 10.0,
  "page_text": "NGN 49.80\nDeposit\nMy Bets\nMy Account \nHome\nSports\nLive Betting\nVirtual\nGames\nMy Matches\nJackpot\nPromotions\nApp\nHot\nSearch\nBetslip\nMSport Virtual EPL\nVF Bundesliga\nVirtual World Cup\nVirtual Euro Cup\nVirtual NBA\nV-Dog Racing\nV-Horse Racing\nV-Live Tennis\n\nBet History\n\nHow to play\n5145 / Match Day 5\nMATCH\nShow Live Video\nTables\nMatch Results\n1x2\nOver/Under\nMatch Day 6\n03:35\n1\nX\n2\nNear Odds\nOver\nUnder\n1\n6\nLondon Guns\nManchester Red\n+33 \n2.30\n3.75\n2.70\n2.5 \n1.75\n1.95\n11\n16\nWolverhampton\nFulham\n+33 \n1."
}
2026-05-25 15:19:34,768 [ERROR]    [BET_PLACER_STDERR]: 2026-05-25 15:19:09,655 [INFO] Connected to Chromium CDP
2026-05-25 15:19:14,843 [INFO] Checking login state...
2026-05-25 15:19:14,852 [INFO] Already logged in (no login form)
2026-05-25 15:19:14,852 [INFO] Placing bet: Leeds vs West Ham -> Home @0 (stake: ₦10.0) on MD6
2026-05-25 15:19:21,948 [INFO] Ensuring matchday section for MD6 is visible and active...
2026-05-25 15:19:24,518 [INFO] Page title: Virtual | MSport
2026-05-25 15:19:25,531 [INFO] Searching for fixture in virtual-event list...
2026-05-25 15:19:25,533 [INFO] Fixture search: found
2026-05-25 15:19:27,533 [INFO] Clicking Under odds @0...
2026-05-25 15:19:27,535 [INFO]   Clicking odds for Leeds vs West Ham at 1046.34375,491.5...
2026-05-25 15:19:28,598 [INFO] Entering stake...
2026-05-25 15:19:29,653 [INFO] Clicking Place Bet...
2026-05-25 15:19:32,701 [INFO] Handling confirmation...
2026-05-25 15:19:34,708 [INFO] ✅ Success confirmed via balance deduction: 59.8 -> 49.8 (stake: 10.0)
2026-05-25 15:19:34,708 [INFO] ✅ Bet placed successfully!
2026-05-25 15:21:35,925 [INFO] 🎯 Placing SPIKE Bet: Leeds vs West Ham (Home) @4.5
2026-05-25 15:22:02,306 [INFO]    [BET_PLACER_STDOUT]: {
  "success": true,
  "error": null,
  "fixture": "Leeds vs West Ham",
  "market": "Home",
  "odds": 0.0,
  "stake": 10.0,
  "page_text": "NGN 14.80\nDeposit\nMy Bets\nMy Account \nHome\nSports\nLive Betting\nVirtual\nGames\nMy Matches\nJackpot\nPromotions\nApp\nHot\nSearch\nBetslip\nMSport Virtual EPL\nVF Bundesliga\nVirtual World Cup\nVirtual Euro Cup\nVirtual NBA\nV-Dog Racing\nV-Horse Racing\nV-Live Tennis\n\nBet History\n\nHow to play\n5145 / Match Day 5\nPOST MATCH\nShow Live Video\nTables\nMatch Results\n1x2\nOver/Under\nMatch Day 6\n01:08\n1\nX\n2\nNear Odds\nOver\nUnder\n1\n3\nLondon Guns\nManchester Red\n+33 \n2.30\n3.75\n2.70\n2.5 \n1.75\n1.95\n8\n15\nWolverhampton\nFulham\n+33"
}
2026-05-25 15:22:02,306 [ERROR]    [BET_PLACER_STDERR]: 2026-05-25 15:21:36,749 [INFO] Connected to Chromium CDP
2026-05-25 15:21:41,886 [INFO] Checking login state...
2026-05-25 15:21:41,891 [INFO] Already logged in (no login form)
2026-05-25 15:21:41,891 [INFO] Placing bet: Leeds vs West Ham -> Home @0 (stake: ₦10.0) on MD6
2026-05-25 15:21:49,001 [INFO] Ensuring matchday section for MD6 is visible and active...
2026-05-25 15:21:51,531 [INFO] Page title: Virtual | MSport
2026-05-25 15:21:52,578 [INFO] Searching for fixture in virtual-event list...
2026-05-25 15:21:52,579 [INFO] Fixture search: found
2026-05-25 15:21:54,593 [INFO] Clicking Under odds @0...
2026-05-25 15:21:54,694 [INFO]   Clicking odds for Leeds vs West Ham at 1046.34375,769.5...
2026-05-25 15:21:55,748 [INFO] Entering stake...
2026-05-25 15:21:56,765 [INFO] Clicking Place Bet...
2026-05-25 15:21:59,821 [INFO] Handling confirmation...
2026-05-25 15:22:02,228 [INFO] ✅ Success confirmed via balance deduction: 24.8 -> 14.8 (stake: 10.0)
2026-05-25 15:22:02,228 [INFO] ✅ Bet placed successfully!
2026-05-25 15:24:03,646 [INFO] 🎯 Placing MAGNET Bet: Brighton vs Tottenham (Draw) @3.2
2026-05-25 15:24:28,934 [INFO]    [BET_PLACER_STDOUT]: {
  "success": true,
  "error": null,
  "fixture": "Brighton vs Tottenham",
  "market": "Draw",
  "odds": 0.0,
  "stake": 10.0,
  "page_text": "NGN 41.40\nDeposit\nMy Bets\nMy Account \nHome\nSports\nLive Betting\nVirtual\nGames\nMy Matches\nJackpot\nPromotions\nApp\nHot\nSearch\nBetslip\nMSport Virtual EPL\nVF Bundesliga\nVirtual World Cup\nVirtual Euro Cup\nVirtual NBA\nV-Dog Racing\nV-Horse Racing\nV-Live Tennis\n\nBet History\n\nHow to play\n5145 / Match Day 6\nMATCH\nShow Live Video\nTables\nMatch Results\n1x2\nOver/Under\nMatch Day 7\n02:21\n1\nX\n2\nNear Odds\nOver\nUnder\n8\n10\nWolverhampton\nAston Villa\n+33 \n3.35\n3.65\n1.95\n2.5 \n1.75\n1.95\n5\n13\nEverton\nLeeds\n+31 \n1.85\n3.15\n"
}
2026-05-25 15:24:28,934 [ERROR]    [BET_PLACER_STDERR]: 2026-05-25 15:24:03,837 [INFO] Connected to Chromium CDP
2026-05-25 15:24:08,947 [INFO] Checking login state...
2026-05-25 15:24:08,959 [INFO] Already logged in (no login form)
2026-05-25 15:24:08,960 [INFO] Placing bet: Brighton vs Tottenham -> Draw @0 (stake: ₦10.0) on MD7
2026-05-25 15:24:16,078 [INFO] Ensuring matchday section for MD7 is visible and active...
2026-05-25 15:24:18,618 [INFO] Page title: Virtual | MSport
2026-05-25 15:24:19,628 [INFO] Searching for fixture in virtual-event list...
2026-05-25 15:24:19,630 [INFO] Fixture search: found
2026-05-25 15:24:21,631 [INFO] Clicking Under odds @0...
2026-05-25 15:24:21,655 [INFO]   Clicking odds for Brighton vs Tottenham at 1046.34375,491.5...
2026-05-25 15:24:22,696 [INFO] Entering stake...
2026-05-25 15:24:23,728 [INFO] Clicking Place Bet...
2026-05-25 15:24:26,760 [INFO] Handling confirmation...
2026-05-25 15:24:28,881 [INFO] ✅ Success confirmed via balance deduction: 51.4 -> 41.4 (stake: 10.0)
2026-05-25 15:24:28,881 [INFO] ✅ Bet placed successfully!
2026-05-25 15:26:30,265 [INFO] 🎯 Placing SPIKE Bet: Manchester Blue vs Liverpool (Away) @4.5
2026-05-25 15:26:55,812 [INFO]    [BET_PLACER_STDOUT]: {
  "success": true,
  "error": null,
  "fixture": "Manchester Blue vs Liverpool",
  "market": "Away",
  "odds": 0.0,
  "stake": 10.0,
  "page_text": "NGN 26.05\nDeposit\nMy Bets\nMy Account \nHome\nSports\nLive Betting\nVirtual\nGames\nMy Matches\nJackpot\nPromotions\nApp\nHot\nSearch\nBetslip\nMSport Virtual EPL\nVF Bundesliga\nVirtual World Cup\nVirtual Euro Cup\nVirtual NBA\nV-Dog Racing\nV-Horse Racing\nV-Live Tennis\n\nBet History\n\nHow to play\n5145 / Match Day 7\nPRE MATCH\nShow Live Video\nTables\nMatch Results\n1x2\nOver/Under\nMatch Day 8\n03:35\n1\nX\n2\nNear Odds\nOver\nUnder\n16\n8\nCrystal Palace\nEverton\n+33 \n3.05\n3.25\n2.25\n2.5 \n2.30\n1.55\n1\n11\nLondon Guns\nNewcastle\n+32 \n1"
}
2026-05-25 15:26:55,813 [ERROR]    [BET_PLACER_STDERR]: 2026-05-25 15:26:30,401 [INFO] Connected to Chromium CDP
2026-05-25 15:26:35,511 [INFO] Checking login state...
2026-05-25 15:26:35,517 [INFO] Already logged in (no login form)
2026-05-25 15:26:35,517 [INFO] Placing bet: Manchester Blue vs Liverpool -> Away @0 (stake: ₦10.0) on MD8
2026-05-25 15:26:42,619 [INFO] Ensuring matchday section for MD8 is visible and active...
2026-05-25 15:26:45,406 [INFO] Page title: Virtual | MSport
2026-05-25 15:26:46,481 [INFO] Searching for fixture in virtual-event list...
2026-05-25 15:26:46,573 [INFO] Fixture search: found
2026-05-25 15:26:48,573 [INFO] Clicking Under odds @0...
2026-05-25 15:26:48,576 [INFO]   Clicking odds for Manchester Blue vs Liverpool at 1046.34375,491.5...
2026-05-25 15:26:49,620 [INFO] Entering stake...
2026-05-25 15:26:50,648 [INFO] Clicking Place Bet...
2026-05-25 15:26:53,660 [INFO] Handling confirmation...
2026-05-25 15:26:55,683 [INFO] ✅ Success confirmed via balance deduction: 36.05 -> 26.05 (stake: 10.0)
2026-05-25 15:26:55,683 [INFO] ✅ Bet placed successfully!
2026-05-25 15:28:57,135 [INFO] 🎯 Placing SPIKE Bet: Manchester Blue vs Liverpool (Away) @4.5
2026-05-25 15:29:22,188 [INFO]    [BET_PLACER_STDOUT]: {
  "success": true,
  "error": null,
  "fixture": "Manchester Blue vs Liverpool",
  "market": "Away",
  "odds": 0.0,
  "stake": 10.0,
  "page_text": "NGN 33.05\nDeposit\nMy Bets\nMy Account \nHome\nSports\nLive Betting\nVirtual\nGames\nMy Matches\nJackpot\nPromotions\nApp\nHot\nSearch\nBetslip\nMSport Virtual EPL\nVF Bundesliga\nVirtual World Cup\nVirtual Euro Cup\nVirtual NBA\nV-Dog Racing\nV-Horse Racing\nV-Live Tennis\n\nBet History\n\nHow to play\n5145 / Match Day 7\nPOST MATCH\nShow Live Video\nTables\nMatch Results\n1x2\nOver/Under\nMatch Day 8\n01:08\n1\nX\n2\nNear Odds\nOver\nUnder\n16\n8\nCrystal Palace\nEverton\n+33 \n3.05\n3.25\n2.25\n2.5 \n2.30\n1.55\n1\n11\nLondon Guns\nNewcastle\n+32 \n"
}
2026-05-25 15:29:22,188 [ERROR]    [BET_PLACER_STDERR]: 2026-05-25 15:28:57,293 [INFO] Connected to Chromium CDP
2026-05-25 15:29:02,388 [INFO] Checking login state...
2026-05-25 15:29:02,411 [INFO] Already logged in (no login form)
2026-05-25 15:29:02,411 [INFO] Placing bet: Manchester Blue vs Liverpool -> Away @0 (stake: ₦10.0) on MD8
2026-05-25 15:29:09,507 [INFO] Ensuring matchday section for MD8 is visible and active...
2026-05-25 15:29:12,021 [INFO] Page title: Virtual | MSport
2026-05-25 15:29:13,057 [INFO] Searching for fixture in virtual-event list...
2026-05-25 15:29:13,059 [INFO] Fixture search: found
2026-05-25 15:29:15,060 [INFO] Clicking Under odds @0...
2026-05-25 15:29:15,064 [INFO]   Clicking odds for Manchester Blue vs Liverpool at 1046.34375,491.5...
2026-05-25 15:29:16,116 [INFO] Entering stake...
2026-05-25 15:29:17,131 [INFO] Clicking Place Bet...
2026-05-25 15:29:20,154 [INFO] Handling confirmation...
2026-05-25 15:29:22,161 [INFO] ✅ Success confirmed via balance deduction: 43.05 -> 33.05 (stake: 10.0)
2026-05-25 15:29:22,161 [INFO] ✅ Bet placed successfully!
2026-05-25 15:31:23,644 [INFO] 🎯 Placing MAGNET Bet: Everton vs West Ham (Draw) @3.2
2026-05-25 15:31:48,610 [INFO]    [BET_PLACER_STDOUT]: {
  "success": true,
  "error": null,
  "fixture": "Everton vs West Ham",
  "market": "Draw",
  "odds": 0.0,
  "stake": 10.0,
  "page_text": "NGN 23.05\nDeposit\nMy Bets\nMy Account \nHome\nSports\nLive Betting\nVirtual\nGames\nMy Matches\nJackpot\nPromotions\nApp\nHot\nSearch\nBetslip\nMSport Virtual EPL\nVF Bundesliga\nVirtual World Cup\nVirtual Euro Cup\nVirtual NBA\nV-Dog Racing\nV-Horse Racing\nV-Live Tennis\n\nBet History\n\nHow to play\n5145 / Match Day 8\nMATCH\nShow Live Video\nTables\nMatch Results\n1x2\nOver/Under\nMatch Day 9\n02:21\n1\nX\n2\nNear Odds\nOver\nUnder\n15\n11\nFulham\nChelsea\n+32 \n5.25\n4.05\n1.55\n2.5 \n1.95\n1.75\n5\n7\nWolverhampton\nTottenham\n+33 \n2.80\n4.25\n2"
}
2026-05-25 15:31:48,610 [ERROR]    [BET_PLACER_STDERR]: 2026-05-25 15:31:23,766 [INFO] Connected to Chromium CDP
2026-05-25 15:31:28,879 [INFO] Checking login state...
2026-05-25 15:31:28,883 [INFO] Already logged in (no login form)
2026-05-25 15:31:28,883 [INFO] Placing bet: Everton vs West Ham -> Draw @0 (stake: ₦10.0) on MD9
2026-05-25 15:31:35,973 [INFO] Ensuring matchday section for MD9 is visible and active...
2026-05-25 15:31:38,482 [INFO] Page title: Virtual | MSport
2026-05-25 15:31:39,493 [INFO] Searching for fixture in virtual-event list...
2026-05-25 15:31:39,495 [INFO] Fixture search: found
2026-05-25 15:31:41,495 [INFO] Clicking Under odds @0...
2026-05-25 15:31:41,497 [INFO]   Clicking odds for Everton vs West Ham at 1046.34375,491.5...
2026-05-25 15:31:42,539 [INFO] Entering stake...
2026-05-25 15:31:43,566 [INFO] Clicking Place Bet...
2026-05-25 15:31:46,582 [INFO] Handling confirmation...
2026-05-25 15:31:48,586 [INFO] ✅ Success confirmed via balance deduction: 33.05 -> 23.05 (stake: 10.0)
2026-05-25 15:31:48,586 [INFO] ✅ Bet placed successfully!
2026-05-25 15:33:50,289 [INFO] 🎯 Placing SPIKE Bet: Chelsea vs Wolverhampton (Home) @4.5
2026-05-25 15:34:15,317 [INFO]    [BET_PLACER_STDOUT]: {
  "success": true,
  "error": null,
  "fixture": "Chelsea vs Wolverhampton",
  "market": "Home",
  "odds": 0.0,
  "stake": 10.0,
  "page_text": "NGN 60.05\nDeposit\nMy Bets\nMy Account \nHome\nSports\nLive Betting\nVirtual\nGames\nMy Matches\nJackpot\nPromotions\nApp\nHot\nSearch\nBetslip\nMSport Virtual EPL\nVF Bundesliga\nVirtual World Cup\nVirtual Euro Cup\nVirtual NBA\nV-Dog Racing\nV-Horse Racing\nV-Live Tennis\n\nBet History\n\nHow to play\n5145 / Match Day 9\nPRE MATCH\nShow Live Video\nTables\nMatch Results\n1x2\nOver/Under\nMatch Day 10\n03:35\n1\nX\n2\nNear Odds\nOver\nUnder\n13\n2\nChelsea\nWolverhampton\n+33 \n1.45\n4.80\n5.50\n3.5 \n2.15\n1.65\n3\n8\nAston Villa\nEverton\n+32 \n1.85"
}
2026-05-25 15:34:15,317 [ERROR]    [BET_PLACER_STDERR]: 2026-05-25 15:33:50,457 [INFO] Connected to Chromium CDP
2026-05-25 15:33:55,562 [INFO] Checking login state...
2026-05-25 15:33:55,566 [INFO] Already logged in (no login form)
2026-05-25 15:33:55,566 [INFO] Placing bet: Chelsea vs Wolverhampton -> Home @0 (stake: ₦10.0) on MD10
2026-05-25 15:34:02,650 [INFO] Ensuring matchday section for MD10 is visible and active...
2026-05-25 15:34:05,164 [INFO] Page title: Virtual | MSport
2026-05-25 15:34:06,184 [INFO] Searching for fixture in virtual-event list...
2026-05-25 15:34:06,188 [INFO] Fixture search: found
2026-05-25 15:34:08,188 [INFO] Clicking Under odds @0...
2026-05-25 15:34:08,190 [INFO]   Clicking odds for Chelsea vs Wolverhampton at 1046.34375,491.5...
2026-05-25 15:34:09,257 [INFO] Entering stake...
2026-05-25 15:34:10,273 [INFO] Clicking Place Bet...
2026-05-25 15:34:13,292 [INFO] Handling confirmation...
2026-05-25 15:34:15,296 [INFO] ✅ Success confirmed via balance deduction: 70.05 -> 60.05 (stake: 10.0)
2026-05-25 15:34:15,296 [INFO] ✅ Bet placed successfully!
2026-05-25 15:36:16,985 [INFO] 🎯 Placing SPIKE Bet: Chelsea vs Wolverhampton (Home) @4.5
2026-05-25 15:36:42,162 [INFO]    [BET_PLACER_STDOUT]: {
  "success": true,
  "error": null,
  "fixture": "Chelsea vs Wolverhampton",
  "market": "Home",
  "odds": 0.0,
  "stake": 10.0,
  "page_text": "NGN 66.05\nDeposit\nMy Bets\nMy Account \nHome\nSports\nLive Betting\nVirtual\nGames\nMy Matches\nJackpot\nPromotions\nApp\nHot\nSearch\nBetslip\nMSport Virtual EPL\nVF Bundesliga\nVirtual World Cup\nVirtual Euro Cup\nVirtual NBA\nV-Dog Racing\nV-Horse Racing\nV-Live Tennis\n\nBet History\n\nHow to play\n5145 / Match Day 9\nPOST MATCH\nShow Live Video\nTables\nMatch Results\n1x2\nOver/Under\nMatch Day 10\n01:08\n1\nX\n2\nNear Odds\nOver\nUnder\n13\n2\nChelsea\nWolverhampton\n+33 \n1.45\n4.80\n5.50\n3.5 \n2.15\n1.65\n3\n8\nAston Villa\nEverton\n+32 \n1.8"
}
2026-05-25 15:36:42,162 [ERROR]    [BET_PLACER_STDERR]: 2026-05-25 15:36:17,251 [INFO] Connected to Chromium CDP
2026-05-25 15:36:22,347 [INFO] Checking login state...
2026-05-25 15:36:22,359 [INFO] Already logged in (no login form)
2026-05-25 15:36:22,359 [INFO] Placing bet: Chelsea vs Wolverhampton -> Home @0 (stake: ₦10.0) on MD10
2026-05-25 15:36:29,460 [INFO] Ensuring matchday section for MD10 is visible and active...
2026-05-25 15:36:31,976 [INFO] Page title: Virtual | MSport
2026-05-25 15:36:32,990 [INFO] Searching for fixture in virtual-event list...
2026-05-25 15:36:32,991 [INFO] Fixture search: found
2026-05-25 15:36:34,992 [INFO] Clicking Under odds @0...
2026-05-25 15:36:34,993 [INFO]   Clicking odds for Chelsea vs Wolverhampton at 1046.34375,491.5...
2026-05-25 15:36:36,062 [INFO] Entering stake...
2026-05-25 15:36:37,089 [INFO] Clicking Place Bet...
2026-05-25 15:36:40,115 [INFO] Handling confirmation...
2026-05-25 15:36:42,122 [INFO] ✅ Success confirmed via balance deduction: 76.05 -> 66.05 (stake: 10.0)
2026-05-25 15:36:42,123 [INFO] ✅ Bet placed successfully!
2026-05-25 15:38:43,978 [INFO] 🎯 Placing TRAP Bet: Manchester Red vs Everton (Draw) @3.1
2026-05-25 15:39:09,015 [INFO]    [BET_PLACER_STDOUT]: {
  "success": true,
  "error": null,
  "fixture": "Manchester Red vs Everton",
  "market": "Draw",
  "odds": 0.0,
  "stake": 10.0,
  "page_text": "NGN 56.05\nDeposit\nMy Bets\nMy Account \nHome\nSports\nLive Betting\nVirtual\nGames\nMy Matches\nJackpot\nPromotions\nApp\nHot\nSearch\nBetslip\nMSport Virtual EPL\nVF Bundesliga\nVirtual World Cup\nVirtual Euro Cup\nVirtual NBA\nV-Dog Racing\nV-Horse Racing\nV-Live Tennis\n\nBet History\n\nHow to play\n5145 / Match Day 10\nMATCH\nShow Live Video\nTables\nMatch Results\n1x2\nOver/Under\nMatch Day 11\n02:21\n1\nX\n2\nNear Odds\nOver\nUnder\n8\n15\nNewcastle\nCrystal Palace\n+33 \n1.95\n4.25\n3.05\n2.5 \n1.90\n1.80\n9\n10\nLiverpool\nWest Ham\n+32 \n1.45"
}
2026-05-25 15:39:09,015 [ERROR]    [BET_PLACER_STDERR]: 2026-05-25 15:38:44,125 [INFO] Connected to Chromium CDP
2026-05-25 15:38:49,231 [INFO] Checking login state...
2026-05-25 15:38:49,236 [INFO] Already logged in (no login form)
2026-05-25 15:38:49,236 [INFO] Placing bet: Manchester Red vs Everton -> Draw @0 (stake: ₦10.0) on MD11
2026-05-25 15:38:56,329 [INFO] Ensuring matchday section for MD11 is visible and active...
2026-05-25 15:38:58,867 [INFO] Page title: Virtual | MSport
2026-05-25 15:38:59,881 [INFO] Searching for fixture in virtual-event list...
2026-05-25 15:38:59,882 [INFO] Fixture search: found
2026-05-25 15:39:01,883 [INFO] Clicking Under odds @0...
2026-05-25 15:39:01,885 [INFO]   Clicking odds for Manchester Red vs Everton at 1046.34375,491.5...
2026-05-25 15:39:02,930 [INFO] Entering stake...
2026-05-25 15:39:03,948 [INFO] Clicking Place Bet...
2026-05-25 15:39:06,967 [INFO] Handling confirmation...
2026-05-25 15:39:08,975 [INFO] ✅ Success confirmed via balance deduction: 66.05 -> 56.05 (stake: 10.0)
2026-05-25 15:39:08,976 [INFO] ✅ Bet placed successfully!
2026-05-25 15:41:11,066 [INFO] 🎯 Placing MAGNET Bet: Aston Villa vs Manchester Red (Draw) @3.2
2026-05-25 15:41:36,083 [INFO]    [BET_PLACER_STDOUT]: {
  "success": true,
  "error": null,
  "fixture": "Aston Villa vs Manchester Red",
  "market": "Draw",
  "odds": 0.0,
  "stake": 10.0,
  "page_text": "NGN 79.05\nDeposit\nMy Bets\nMy Account \nHome\nSports\nLive Betting\nVirtual\nGames\nMy Matches\nJackpot\nPromotions\nApp\nHot\nSearch\nBetslip\nMSport Virtual EPL\nVF Bundesliga\nVirtual World Cup\nVirtual Euro Cup\nVirtual NBA\nV-Dog Racing\nV-Horse Racing\nV-Live Tennis\n\nBet History\n\nHow to play\n5145 / Match Day 11\nMATCH\nShow Live Video\nTables\nMatch Results\n1x2\nOver/Under\nMatch Day 12\n03:33\n1\nX\n2\nNear Odds\nOver\nUnder\n3\n6\nAston Villa\nManchester Red\n+33 \n2.40\n3.80\n2.50\n2.5 \n2.15\n1.65\n13\n16\nLeeds\nFulham\n+31 \n2.10\n3.1"
}
2026-05-25 15:41:36,083 [ERROR]    [BET_PLACER_STDERR]: 2026-05-25 15:41:11,237 [INFO] Connected to Chromium CDP
2026-05-25 15:41:16,336 [INFO] Checking login state...
2026-05-25 15:41:16,339 [INFO] Already logged in (no login form)
2026-05-25 15:41:16,339 [INFO] Placing bet: Aston Villa vs Manchester Red -> Draw @0 (stake: ₦10.0) on MD12
2026-05-25 15:41:23,421 [INFO] Ensuring matchday section for MD12 is visible and active...
2026-05-25 15:41:25,944 [INFO] Page title: Virtual | MSport
2026-05-25 15:41:26,954 [INFO] Searching for fixture in virtual-event list...
2026-05-25 15:41:26,956 [INFO] Fixture search: found
2026-05-25 15:41:28,958 [INFO] Clicking Under odds @0...
2026-05-25 15:41:28,960 [INFO]   Clicking odds for Aston Villa vs Manchester Red at 1046.34375,491.5...
2026-05-25 15:41:30,003 [INFO] Entering stake...
2026-05-25 15:41:31,017 [INFO] Clicking Place Bet...
2026-05-25 15:41:34,036 [INFO] Handling confirmation...
2026-05-25 15:41:36,054 [INFO] ✅ Success confirmed via balance deduction: 89.05 -> 79.05 (stake: 10.0)
2026-05-25 15:41:36,054 [INFO] ✅ Bet placed successfully!
2026-05-25 15:43:38,029 [INFO] 🎯 Placing MAGNET Bet: Aston Villa vs Manchester Red (Draw) @3.2
2026-05-25 15:44:03,124 [INFO]    [BET_PLACER_STDOUT]: {
  "success": true,
  "error": null,
  "fixture": "Aston Villa vs Manchester Red",
  "market": "Draw",
  "odds": 0.0,
  "stake": 10.0,
  "page_text": "NGN 69.05\nDeposit\nMy Bets\nMy Account \nHome\nSports\nLive Betting\nVirtual\nGames\nMy Matches\nJackpot\nPromotions\nApp\nHot\nSearch\nBetslip\nMSport Virtual EPL\nVF Bundesliga\nVirtual World Cup\nVirtual Euro Cup\nVirtual NBA\nV-Dog Racing\nV-Horse Racing\nV-Live Tennis\n\nBet History\n\nHow to play\n5145 / Match Day 11\nPOST MATCH\nShow Live Video\nTables\nMatch Results\n1x2\nOver/Under\nMatch Day 12\n01:07\n1\nX\n2\nNear Odds\nOver\nUnder\n6\n3\nAston Villa\nManchester Red\n+33 \n2.40\n3.80\n2.50\n2.5 \n2.15\n1.65\n13\n16\nLeeds\nFulham\n+31 \n2.1"
}
2026-05-25 15:44:03,125 [ERROR]    [BET_PLACER_STDERR]: 2026-05-25 15:43:38,281 [INFO] Connected to Chromium CDP
2026-05-25 15:43:43,367 [INFO] Checking login state...
2026-05-25 15:43:43,371 [INFO] Already logged in (no login form)
2026-05-25 15:43:43,371 [INFO] Placing bet: Aston Villa vs Manchester Red -> Draw @0 (stake: ₦10.0) on MD12
2026-05-25 15:43:50,472 [INFO] Ensuring matchday section for MD12 is visible and active...
2026-05-25 15:43:52,985 [INFO] Page title: Virtual | MSport
2026-05-25 15:43:53,996 [INFO] Searching for fixture in virtual-event list...
2026-05-25 15:43:53,999 [INFO] Fixture search: found
2026-05-25 15:43:56,000 [INFO] Clicking Under odds @0...
2026-05-25 15:43:56,006 [INFO]   Clicking odds for Aston Villa vs Manchester Red at 1046.34375,491.5...
2026-05-25 15:43:57,051 [INFO] Entering stake...
2026-05-25 15:43:58,065 [INFO] Clicking Place Bet...
2026-05-25 15:44:01,085 [INFO] Handling confirmation...
2026-05-25 15:44:03,103 [INFO] ✅ Success confirmed via balance deduction: 79.05 -> 69.05 (stake: 10.0)
2026-05-25 15:44:03,103 [INFO] ✅ Bet placed successfully!
2026-05-25 15:46:05,312 [INFO] 🎯 Placing TRAP Bet: Brighton vs West Ham (Draw) @3.1
2026-05-25 15:46:30,246 [INFO]    [BET_PLACER_STDOUT]: {
  "success": true,
  "error": null,
  "fixture": "Brighton vs West Ham",
  "market": "Draw",
  "odds": 0.0,
  "stake": 10.0,
  "page_text": "NGN 59.05\nDeposit\nMy Bets\nMy Account \nHome\nSports\nLive Betting\nVirtual\nGames\nMy Matches\nJackpot\nPromotions\nApp\nHot\nSearch\nBetslip\nMSport Virtual EPL\nVF Bundesliga\nVirtual World Cup\nVirtual Euro Cup\nVirtual NBA\nV-Dog Racing\nV-Horse Racing\nV-Live Tennis\n\nBet History\n\nHow to play\n5145 / Match Day 12\nMATCH\nShow Live Video\nTables\nMatch Results\n1x2\nOver/Under\nMatch Day 13\n02:20\n1\nX\n2\nNear Odds\nOver\nUnder\n11\n12\nNewcastle\nEverton\n+32 \n3.10\n3.05\n2.30\n1.5 \n1.50\n2.40\n16\n14\nFulham\nCrystal Palace\n+33 \n2.30\n3"
}
2026-05-25 15:46:30,247 [ERROR]    [BET_PLACER_STDERR]: 2026-05-25 15:46:05,434 [INFO] Connected to Chromium CDP
2026-05-25 15:46:10,543 [INFO] Checking login state...
2026-05-25 15:46:10,546 [INFO] Already logged in (no login form)
2026-05-25 15:46:10,546 [INFO] Placing bet: Brighton vs West Ham -> Draw @0 (stake: ₦10.0) on MD13
2026-05-25 15:46:17,627 [INFO] Ensuring matchday section for MD13 is visible and active...
2026-05-25 15:46:20,137 [INFO] Page title: Virtual | MSport
2026-05-25 15:46:21,153 [INFO] Searching for fixture in virtual-event list...
2026-05-25 15:46:21,155 [INFO] Fixture search: found
2026-05-25 15:46:23,155 [INFO] Clicking Under odds @0...
2026-05-25 15:46:23,157 [INFO]   Clicking odds for Brighton vs West Ham at 1046.34375,492.5...
2026-05-25 15:46:24,195 [INFO] Entering stake...
2026-05-25 15:46:25,206 [INFO] Clicking Place Bet...
2026-05-25 15:46:28,219 [INFO] Handling confirmation...
2026-05-25 15:46:30,224 [INFO] ✅ Success confirmed via balance deduction: 69.05 -> 59.05 (stake: 10.0)
2026-05-25 15:46:30,225 [INFO] ✅ Bet placed successfully!
2026-05-25 15:48:32,558 [INFO] 🎯 Placing MAGNET Bet: Everton vs Brighton (Draw) @3.2
2026-05-25 15:48:57,484 [INFO]    [BET_PLACER_STDOUT]: {
  "success": true,
  "error": null,
  "fixture": "Everton vs Brighton",
  "market": "Draw",
  "odds": 0.0,
  "stake": 10.0,
  "page_text": "NGN 82.05\nDeposit\nMy Bets\nMy Account \nHome\nSports\nLive Betting\nVirtual\nGames\nMy Matches\nJackpot\nPromotions\nApp\nHot\nSearch\nBetslip\nMSport Virtual EPL\nVF Bundesliga\nVirtual World Cup\nVirtual Euro Cup\nVirtual NBA\nV-Dog Racing\nV-Horse Racing\nV-Live Tennis\n\nBet History\n\nHow to play\n5145 / Match Day 13\nMATCH\nShow Live Video\nTables\nMatch Results\n1x2\nOver/Under\nMatch Day 14\n03:33\n1\nX\n2\nNear Odds\nOver\nUnder\n5\n13\nManchester Red\nNewcastle\n+31 \n1.30\n5.00\n8.75\n2.5 \n1.75\n2.00\n12\n14\nLeeds\nBournemouth\n+31 \n1.85"
}
2026-05-25 15:48:57,484 [ERROR]    [BET_PLACER_STDERR]: 2026-05-25 15:48:32,681 [INFO] Connected to Chromium CDP
2026-05-25 15:48:37,763 [INFO] Checking login state...
2026-05-25 15:48:37,771 [INFO] Already logged in (no login form)
2026-05-25 15:48:37,771 [INFO] Placing bet: Everton vs Brighton -> Draw @0 (stake: ₦10.0) on MD14
2026-05-25 15:48:44,857 [INFO] Ensuring matchday section for MD14 is visible and active...
2026-05-25 15:48:47,378 [INFO] Page title: Virtual | MSport
2026-05-25 15:48:48,387 [INFO] Searching for fixture in virtual-event list...
2026-05-25 15:48:48,389 [INFO] Fixture search: found
2026-05-25 15:48:50,389 [INFO] Clicking Under odds @0...
2026-05-25 15:48:50,391 [INFO]   Clicking odds for Everton vs Brighton at 1046.34375,491.5...
2026-05-25 15:48:51,424 [INFO] Entering stake...
2026-05-25 15:48:52,434 [INFO] Clicking Place Bet...
2026-05-25 15:48:55,446 [INFO] Handling confirmation...
2026-05-25 15:48:57,451 [INFO] ✅ Success confirmed via balance deduction: 92.05 -> 82.05 (stake: 10.0)
2026-05-25 15:48:57,451 [INFO] ✅ Bet placed successfully!
2026-05-25 15:50:59,864 [INFO] 🎯 Placing MAGNET Bet: Everton vs Brighton (Draw) @3.2
2026-05-25 15:51:24,951 [INFO]    [BET_PLACER_STDOUT]: {
  "success": true,
  "error": null,
  "fixture": "Everton vs Brighton",
  "market": "Draw",
  "odds": 0.0,
  "stake": 10.0,
  "page_text": "NGN 90.55\nDeposit\nMy Bets\nMy Account \nHome\nSports\nLive Betting\nVirtual\nGames\nMy Matches\nJackpot\nPromotions\nApp\nHot\nSearch\nBetslip\nMSport Virtual EPL\nVF Bundesliga\nVirtual World Cup\nVirtual Euro Cup\nVirtual NBA\nV-Dog Racing\nV-Horse Racing\nV-Live Tennis\n\nBet History\n\nHow to play\n5145 / Match Day 13\nPOST MATCH\nShow Live Video\nTables\nMatch Results\n1x2\nOver/Under\nMatch Day 14\n01:06\n1\nX\n2\nNear Odds\nOver\nUnder\n8\n11\nManchester Red\nNewcastle\n+31 \n1.30\n5.00\n8.75\n2.5 \n1.75\n2.00\n10\n14\nLeeds\nBournemouth\n+31 "
}
2026-05-25 15:51:24,951 [ERROR]    [BET_PLACER_STDERR]: 2026-05-25 15:50:59,986 [INFO] Connected to Chromium CDP
2026-05-25 15:51:05,081 [INFO] Checking login state...
2026-05-25 15:51:05,091 [INFO] Already logged in (no login form)
2026-05-25 15:51:05,091 [INFO] Placing bet: Everton vs Brighton -> Draw @0 (stake: ₦10.0) on MD14
2026-05-25 15:51:12,208 [INFO] Ensuring matchday section for MD14 is visible and active...
2026-05-25 15:51:14,725 [INFO] Page title: Virtual | MSport
2026-05-25 15:51:15,734 [INFO] Searching for fixture in virtual-event list...
2026-05-25 15:51:15,735 [INFO] Fixture search: found
2026-05-25 15:51:17,736 [INFO] Clicking Under odds @0...
2026-05-25 15:51:17,737 [INFO]   Clicking odds for Everton vs Brighton at 1046.34375,491.5...
2026-05-25 15:51:18,771 [INFO] Entering stake...
2026-05-25 15:51:19,782 [INFO] Clicking Place Bet...
2026-05-25 15:51:22,796 [INFO] Handling confirmation...
2026-05-25 15:51:24,930 [INFO] ✅ Success confirmed via balance deduction: 100.55 -> 90.55 (stake: 10.0)
2026-05-25 15:51:24,931 [INFO] ✅ Bet placed successfully!
2026-05-25 15:53:27,394 [INFO] 🎯 Placing MAGNET Bet: Chelsea vs Manchester Blue (Draw) @3.2
2026-05-25 15:53:52,347 [INFO]    [BET_PLACER_STDOUT]: {
  "success": true,
  "error": null,
  "fixture": "Chelsea vs Manchester Blue",
  "market": "Draw",
  "odds": 0.0,
  "stake": 10.0,
  "page_text": "NGN 80.55\nDeposit\nMy Bets\nMy Account \nHome\nSports\nLive Betting\nVirtual\nGames\nMy Matches\nJackpot\nPromotions\nApp\nHot\nSearch\nBetslip\nMSport Virtual EPL\nVF Bundesliga\nVirtual World Cup\nVirtual Euro Cup\nVirtual NBA\nV-Dog Racing\nV-Horse Racing\nV-Live Tennis\n\nBet History\n\nHow to play\n5145 / Match Day 14\nMATCH\nShow Live Video\nTables\nMatch Results\n1x2\nOver/Under\nMatch Day 15\n02:18\n1\nX\n2\nNear Odds\nOver\nUnder\n9\n3\nChelsea\nManchester Blue\n+33 \n2.15\n4.30\n2.65\n3.5 \n2.40\n1.50\n1\n10\nTottenham\nLeeds\n+31 \n1.45\n4.10"
}
2026-05-25 15:53:52,347 [ERROR]    [BET_PLACER_STDERR]: 2026-05-25 15:53:27,513 [INFO] Connected to Chromium CDP
2026-05-25 15:53:32,624 [INFO] Checking login state...
2026-05-25 15:53:32,632 [INFO] Already logged in (no login form)
2026-05-25 15:53:32,632 [INFO] Placing bet: Chelsea vs Manchester Blue -> Draw @0 (stake: ₦10.0) on MD15
2026-05-25 15:53:39,733 [INFO] Ensuring matchday section for MD15 is visible and active...
2026-05-25 15:53:42,244 [INFO] Page title: Virtual | MSport
2026-05-25 15:53:43,254 [INFO] Searching for fixture in virtual-event list...
2026-05-25 15:53:43,255 [INFO] Fixture search: found
2026-05-25 15:53:45,256 [INFO] Clicking Under odds @0...
2026-05-25 15:53:45,258 [INFO]   Clicking odds for Chelsea vs Manchester Blue at 1046.34375,491.5...
2026-05-25 15:53:46,296 [INFO] Entering stake...
2026-05-25 15:53:47,307 [INFO] Clicking Place Bet...
2026-05-25 15:53:50,321 [INFO] Handling confirmation...
2026-05-25 15:53:52,325 [INFO] ✅ Success confirmed via balance deduction: 90.55 -> 80.55 (stake: 10.0)
2026-05-25 15:53:52,326 [INFO] ✅ Bet placed successfully!
2026-05-25 15:55:54,989 [INFO] 🎯 Placing SPIKE Bet: Tottenham vs Crystal Palace (Away) @4.5
2026-05-25 15:56:19,947 [INFO]    [BET_PLACER_STDOUT]: {
  "success": true,
  "error": null,
  "fixture": "Tottenham vs Crystal Palace",
  "market": "Away",
  "odds": 0.0,
  "stake": 10.0,
  "page_text": "NGN 70.55\nDeposit\nMy Bets\nMy Account \nHome\nSports\nLive Betting\nVirtual\nGames\nMy Matches\nJackpot\nPromotions\nApp\nHot\nSearch\nBetslip\nMSport Virtual EPL\nVF Bundesliga\nVirtual World Cup\nVirtual Euro Cup\nVirtual NBA\nV-Dog Racing\nV-Horse Racing\nV-Live Tennis\n\nBet History\n\nHow to play\n5145 / Match Day 15\nMATCH\nShow Live Video\nTables\nMatch Results\n1x2\nOver/Under\nMatch Day 16\n03:30\n1\nX\n2\nNear Odds\nOver\nUnder\n6\n4\nBrighton\nLiverpool\n+33 \n3.65\n3.40\n1.95\n2.5 \n2.10\n1.65\n8\n14\nAston Villa\nNewcastle\n+31 \n1.40\n5.0"
}
2026-05-25 15:56:19,947 [ERROR]    [BET_PLACER_STDERR]: 2026-05-25 15:55:55,127 [INFO] Connected to Chromium CDP
2026-05-25 15:56:00,237 [INFO] Checking login state...
2026-05-25 15:56:00,241 [INFO] Already logged in (no login form)
2026-05-25 15:56:00,241 [INFO] Placing bet: Tottenham vs Crystal Palace -> Away @0 (stake: ₦10.0) on MD16
2026-05-25 15:56:07,344 [INFO] Ensuring matchday section for MD16 is visible and active...
2026-05-25 15:56:09,854 [INFO] Page title: Virtual | MSport
2026-05-25 15:56:10,864 [INFO] Searching for fixture in virtual-event list...
2026-05-25 15:56:10,865 [INFO] Fixture search: found
2026-05-25 15:56:12,865 [INFO] Clicking Under odds @0...
2026-05-25 15:56:12,867 [INFO]   Clicking odds for Tottenham vs Crystal Palace at 1046.34375,491.5...
2026-05-25 15:56:13,898 [INFO] Entering stake...
2026-05-25 15:56:14,909 [INFO] Clicking Place Bet...
2026-05-25 15:56:17,923 [INFO] Handling confirmation...
2026-05-25 15:56:19,926 [INFO] ✅ Success confirmed via balance deduction: 80.55 -> 70.55 (stake: 10.0)
2026-05-25 15:56:19,926 [INFO] ✅ Bet placed successfully!
2026-05-25 15:58:22,616 [INFO] 🎯 Placing SPIKE Bet: Tottenham vs Crystal Palace (Away) @4.5
2026-05-25 15:58:47,548 [INFO]    [BET_PLACER_STDOUT]: {
  "success": true,
  "error": null,
  "fixture": "Tottenham vs Crystal Palace",
  "market": "Away",
  "odds": 0.0,
  "stake": 10.0,
  "page_text": "NGN 60.55\nDeposit\nMy Bets\nMy Account \nHome\nSports\nLive Betting\nVirtual\nGames\nMy Matches\nJackpot\nPromotions\nApp\nHot\nSearch\nBetslip\nMSport Virtual EPL\nVF Bundesliga\nVirtual World Cup\nVirtual Euro Cup\nVirtual NBA\nV-Dog Racing\nV-Horse Racing\nV-Live Tennis\n\nBet History\n\nHow to play\n5145 / Match Day 15\nPOST MATCH\nShow Live Video\nTables\nMatch Results\n1x2\nOver/Under\nMatch Day 16\n01:03\n1\nX\n2\nNear Odds\nOver\nUnder\n6\n4\nBrighton\nLiverpool\n+33 \n3.65\n3.40\n1.95\n2.5 \n2.10\n1.65\n9\n14\nAston Villa\nNewcastle\n+31 \n1.4"
}
2026-05-25 15:58:47,548 [ERROR]    [BET_PLACER_STDERR]: 2026-05-25 15:58:22,750 [INFO] Connected to Chromium CDP
2026-05-25 15:58:27,839 [INFO] Checking login state...
2026-05-25 15:58:27,843 [INFO] Already logged in (no login form)
2026-05-25 15:58:27,843 [INFO] Placing bet: Tottenham vs Crystal Palace -> Away @0 (stake: ₦10.0) on MD16
2026-05-25 15:58:34,941 [INFO] Ensuring matchday section for MD16 is visible and active...
2026-05-25 15:58:37,450 [INFO] Page title: Virtual | MSport
2026-05-25 15:58:38,460 [INFO] Searching for fixture in virtual-event list...
2026-05-25 15:58:38,461 [INFO] Fixture search: found
2026-05-25 15:58:40,462 [INFO] Clicking Under odds @0...
2026-05-25 15:58:40,464 [INFO]   Clicking odds for Tottenham vs Crystal Palace at 1046.34375,491.5...
2026-05-25 15:58:41,497 [INFO] Entering stake...
2026-05-25 15:58:42,507 [INFO] Clicking Place Bet...
2026-05-25 15:58:45,519 [INFO] Handling confirmation...
2026-05-25 15:58:47,524 [INFO] ✅ Success confirmed via balance deduction: 70.55 -> 60.55 (stake: 10.0)
2026-05-25 15:58:47,524 [INFO] ✅ Bet placed successfully!
2026-05-25 16:00:50,300 [INFO] 🎯 Placing SPIKE Bet: Liverpool vs Fulham (Away) @4.5
2026-05-25 16:01:15,497 [INFO]    [BET_PLACER_STDOUT]: {
  "success": true,
  "error": null,
  "fixture": "Liverpool vs Fulham",
  "market": "Away",
  "odds": 0.0,
  "stake": 10.0,
  "page_text": "NGN 50.55\nDeposit\nMy Bets\nMy Account \nHome\nSports\nLive Betting\nVirtual\nGames\nMy Matches\nJackpot\nPromotions\nApp\nHot\nSearch\nBetslip\nMSport Virtual EPL\nVF Bundesliga\nVirtual World Cup\nVirtual Euro Cup\nVirtual NBA\nV-Dog Racing\nV-Horse Racing\nV-Live Tennis\n\nBet History\n\nHow to play\n5145 / Match Day 16\nMATCH\nShow Live Video\nTables\nMatch Results\n1x2\nOver/Under\nMatch Day 17\n02:14\n1\nX\n2\nNear Odds\nOver\nUnder\n4\n16\nLiverpool\nFulham\n+31 \n1.25\n4.90\n12.25\n2.5 \n1.90\n1.80\n10\n12\nEverton\nBournemouth\n+31 \n1.65\n3.50"
}
2026-05-25 16:01:15,497 [ERROR]    [BET_PLACER_STDERR]: 2026-05-25 16:00:50,435 [INFO] Connected to Chromium CDP
2026-05-25 16:00:55,551 [INFO] Checking login state...
2026-05-25 16:00:55,555 [INFO] Already logged in (no login form)
2026-05-25 16:00:55,555 [INFO] Placing bet: Liverpool vs Fulham -> Away @0 (stake: ₦10.0) on MD17
2026-05-25 16:01:02,665 [INFO] Ensuring matchday section for MD17 is visible and active...
2026-05-25 16:01:05,189 [INFO] Page title: Virtual | MSport
2026-05-25 16:01:06,203 [INFO] Searching for fixture in virtual-event list...
2026-05-25 16:01:06,207 [INFO] Fixture search: found
2026-05-25 16:01:08,260 [INFO] Clicking Under odds @0...
2026-05-25 16:01:08,262 [INFO]   Clicking odds for Liverpool vs Fulham at 1046.34375,491.5...
2026-05-25 16:01:09,325 [INFO] Entering stake...
2026-05-25 16:01:10,443 [INFO] Clicking Place Bet...
2026-05-25 16:01:13,466 [INFO] Handling confirmation...
2026-05-25 16:01:15,472 [INFO] ✅ Success confirmed via balance deduction: 60.55 -> 50.55 (stake: 10.0)
2026-05-25 16:01:15,472 [INFO] ✅ Bet placed successfully!
2026-05-25 16:03:18,489 [INFO] 🎯 Placing SPIKE Bet: London Guns vs Crystal Palace (Away) @4.5
2026-05-25 16:03:43,544 [INFO]    [BET_PLACER_STDOUT]: {
  "success": true,
  "error": null,
  "fixture": "London Guns vs Crystal Palace",
  "market": "Away",
  "odds": 0.0,
  "stake": 10.0,
  "page_text": "NGN 79.55\nDeposit\nMy Bets\nMy Account \nHome\nSports\nLive Betting\nVirtual\nGames\nMy Matches\nJackpot\nPromotions\nApp\nHot\nSearch\nBetslip\nMSport Virtual EPL\nVF Bundesliga\nVirtual World Cup\nVirtual Euro Cup\nVirtual NBA\nV-Dog Racing\nV-Horse Racing\nV-Live Tennis\n\nBet History\n\nHow to play\n5145 / Match Day 17\nMATCH\nShow Live Video\nTables\nMatch Results\n1x2\nOver/Under\nMatch Day 18\n03:27\n1\nX\n2\nNear Odds\nOver\nUnder\n12\n8\nBournemouth\nManchester Red\n+31 \n6.50\n3.90\n1.50\n2.5 \n1.95\n1.75\n1\n15\nLondon Guns\nCrystal Palace"
}
2026-05-25 16:03:43,544 [ERROR]    [BET_PLACER_STDERR]: 2026-05-25 16:03:18,701 [INFO] Connected to Chromium CDP
2026-05-25 16:03:23,815 [INFO] Checking login state...
2026-05-25 16:03:23,818 [INFO] Already logged in (no login form)
2026-05-25 16:03:23,818 [INFO] Placing bet: London Guns vs Crystal Palace -> Away @0 (stake: ₦10.0) on MD18
2026-05-25 16:03:30,916 [INFO] Ensuring matchday section for MD18 is visible and active...
2026-05-25 16:03:33,429 [INFO] Page title: Virtual | MSport
2026-05-25 16:03:34,445 [INFO] Searching for fixture in virtual-event list...
2026-05-25 16:03:34,447 [INFO] Fixture search: found
2026-05-25 16:03:36,447 [INFO] Clicking Under odds @0...
2026-05-25 16:03:36,450 [INFO]   Clicking odds for London Guns vs Crystal Palace at 1046.34375,491.5...
2026-05-25 16:03:37,492 [INFO] Entering stake...
2026-05-25 16:03:38,503 [INFO] Clicking Place Bet...
2026-05-25 16:03:41,515 [INFO] Handling confirmation...
2026-05-25 16:03:43,520 [INFO] ✅ Success confirmed via balance deduction: 89.55 -> 79.55 (stake: 10.0)
2026-05-25 16:03:43,520 [INFO] ✅ Bet placed successfully!
2026-05-25 16:05:46,459 [INFO] 🎯 Placing SPIKE Bet: London Guns vs Crystal Palace (Away) @4.5
2026-05-25 16:06:11,468 [INFO]    [BET_PLACER_STDOUT]: {
  "success": true,
  "error": null,
  "fixture": "London Guns vs Crystal Palace",
  "market": "Away",
  "odds": 0.0,
  "stake": 10.0,
  "page_text": "NGN 69.55\nDeposit\nMy Bets\nMy Account \nHome\nSports\nLive Betting\nVirtual\nGames\nMy Matches\nJackpot\nPromotions\nApp\nHot\nSearch\nBetslip\nMSport Virtual EPL\nVF Bundesliga\nVirtual World Cup\nVirtual Euro Cup\nVirtual NBA\nV-Dog Racing\nV-Horse Racing\nV-Live Tennis\n\nBet History\n\nHow to play\n5145 / Match Day 17\nPOST MATCH\nShow Live Video\nTables\nMatch Results\n1x2\nOver/Under\nMatch Day 18\n00:59\n1\nX\n2\nNear Odds\nOver\nUnder\n13\n6\nBournemouth\nManchester Red\n+31 \n6.50\n3.90\n1.50\n2.5 \n1.95\n1.75\n1\n15\nLondon Guns\nCrystal P"
}
2026-05-25 16:06:11,468 [ERROR]    [BET_PLACER_STDERR]: 2026-05-25 16:05:46,595 [INFO] Connected to Chromium CDP
2026-05-25 16:05:51,712 [INFO] Checking login state...
2026-05-25 16:05:51,716 [INFO] Already logged in (no login form)
2026-05-25 16:05:51,717 [INFO] Placing bet: London Guns vs Crystal Palace -> Away @0 (stake: ₦10.0) on MD18
2026-05-25 16:05:58,807 [INFO] Ensuring matchday section for MD18 is visible and active...
2026-05-25 16:06:01,323 [INFO] Page title: Virtual | MSport
2026-05-25 16:06:02,336 [INFO] Searching for fixture in virtual-event list...
2026-05-25 16:06:02,337 [INFO] Fixture search: found
2026-05-25 16:06:04,338 [INFO] Clicking Under odds @0...
2026-05-25 16:06:04,340 [INFO]   Clicking odds for London Guns vs Crystal Palace at 1046.34375,491.5...
2026-05-25 16:06:05,382 [INFO] Entering stake...
2026-05-25 16:06:06,409 [INFO] Clicking Place Bet...
2026-05-25 16:06:09,438 [INFO] Handling confirmation...
2026-05-25 16:06:11,442 [INFO] ✅ Success confirmed via balance deduction: 79.55 -> 69.55 (stake: 10.0)
2026-05-25 16:06:11,442 [INFO] ✅ Bet placed successfully!
2026-05-25 16:08:14,563 [INFO] 🎯 Placing SPIKE Bet: Crystal Palace vs Manchester Blue (Home) @4.5
2026-05-25 16:08:39,589 [INFO]    [BET_PLACER_STDOUT]: {
  "success": true,
  "error": null,
  "fixture": "Crystal Palace vs Manchester Blue",
  "market": "Home",
  "odds": 0.0,
  "stake": 10.0,
  "page_text": "NGN 59.55\nDeposit\nMy Bets\nMy Account \nHome\nSports\nLive Betting\nVirtual\nGames\nMy Matches\nJackpot\nPromotions\nApp\nHot\nSearch\nBetslip\nMSport Virtual EPL\nVF Bundesliga\nVirtual World Cup\nVirtual Euro Cup\nVirtual NBA\nV-Dog Racing\nV-Horse Racing\nV-Live Tennis\n\nBet History\n\nHow to play\n5145 / Match Day 18\nMATCH\nShow Live Video\nTables\nMatch Results\n1x2\nOver/Under\nMatch Day 19\n02:10\n1\nX\n2\nNear Odds\nOver\nUnder\n8\n7\nEverton\nChelsea\n+33 \n3.20\n3.25\n2.20\n2.5 \n2.35\n1.55\n4\n1\nWest Ham\nLondon Guns\n+33 \n2.85\n3.95\n2.1"
}
2026-05-25 16:08:39,589 [ERROR]    [BET_PLACER_STDERR]: 2026-05-25 16:08:14,710 [INFO] Connected to Chromium CDP
2026-05-25 16:08:19,814 [INFO] Checking login state...
2026-05-25 16:08:19,827 [INFO] Already logged in (no login form)
2026-05-25 16:08:19,827 [INFO] Placing bet: Crystal Palace vs Manchester Blue -> Home @0 (stake: ₦10.0) on MD19
2026-05-25 16:08:26,937 [INFO] Ensuring matchday section for MD19 is visible and active...
2026-05-25 16:08:29,453 [INFO] Page title: Virtual | MSport
2026-05-25 16:08:30,463 [INFO] Searching for fixture in virtual-event list...
2026-05-25 16:08:30,465 [INFO] Fixture search: found
2026-05-25 16:08:32,465 [INFO] Clicking Under odds @0...
2026-05-25 16:08:32,468 [INFO]   Clicking odds for Crystal Palace vs Manchester Blue at 1046.34375,491.5...
2026-05-25 16:08:33,516 [INFO] Entering stake...
2026-05-25 16:08:34,529 [INFO] Clicking Place Bet...
2026-05-25 16:08:37,559 [INFO] Handling confirmation...
2026-05-25 16:08:39,563 [INFO] ✅ Success confirmed via balance deduction: 69.55 -> 59.55 (stake: 10.0)
2026-05-25 16:08:39,563 [INFO] ✅ Bet placed successfully!
2026-05-25 16:54:06,803 [ERROR] get_standings: invalid season_id=vf:season:3092901 or matchDay=None
2026-05-25 16:54:06,803 [INFO]    ⚠️ Current season standings empty. Fetching latest completed season as fallback...
2026-05-25 16:54:06,952 [INFO]    📋 Fallback to VFLM 5145 MD 30
2026-05-25 16:54:11,781 [ERROR] Loop error: '>' not supported between instances of 'int' and 'NoneType'
2026-05-25 16:56:11,921 [ERROR] get_standings: invalid season_id=vf:season:3092927 or matchDay=None
2026-05-25 16:56:11,921 [INFO]    ⚠️ Current season standings empty. Fetching latest completed season as fallback...
2026-05-25 16:56:12,154 [INFO]    📋 Fallback to VFLM 5145 MD 30
2026-05-25 16:56:17,285 [ERROR] Loop error: '>' not supported between instances of 'int' and 'NoneType'
2026-05-25 16:58:17,563 [WARNING] get_standings: no teams accumulated for season vf:season:3092927
2026-05-25 16:58:17,563 [INFO]    ⚠️ Current season standings empty. Fetching latest completed season as fallback...
2026-05-25 16:58:17,711 [INFO]    📋 Fallback to VFLM 5145 MD 30
2026-05-25 16:58:22,530 [INFO] 🎯 Placing TRAP Bet: Manchester Blue vs Everton (Draw) @3.1
2026-05-25 16:58:47,464 [INFO]    [BET_PLACER_STDOUT]: {
  "success": true,
  "error": null,
  "fixture": "Manchester Blue vs Everton",
  "market": "Draw",
  "odds": 0.0,
  "stake": 10.0,
  "page_text": "NGN 71.05\nDeposit\nMy Bets\nMy Account \nHome\nSports\nLive Betting\nVirtual\nGames\nMy Matches\nJackpot\nPromotions\nApp\nHot\nSearch\nBetslip\nMSport Virtual EPL\nVF Bundesliga\nVirtual World Cup\nVirtual Euro Cup\nVirtual NBA\nV-Dog Racing\nV-Horse Racing\nV-Live Tennis\n\nBet History\n\nHow to play\n5146 / Match Day 1\nMATCH\nShow Live Video\nTables\nMatch Results\n1x2\nOver/Under\nMatch Day 2\n01:43\n1\nX\n2\nNear Odds\nOver\nUnder\n--\n--\nAston Villa\nLeeds\n+31 \n1.60\n3.40\n6.25\n1.5 \n1.50\n2.40\n--\n--\nChelsea\nLondon Guns\n+33 \n1.75\n4.15\n"
}
2026-05-25 16:58:47,464 [ERROR]    [BET_PLACER_STDERR]: 2026-05-25 16:58:22,660 [INFO] Connected to Chromium CDP
2026-05-25 16:58:27,745 [INFO] Checking login state...
2026-05-25 16:58:27,749 [INFO] Already logged in (no login form)
2026-05-25 16:58:27,749 [INFO] Placing bet: Manchester Blue vs Everton -> Draw @0 (stake: ₦10.0) on MD2
2026-05-25 16:58:34,837 [INFO] Ensuring matchday section for MD2 is visible and active...
2026-05-25 16:58:37,350 [INFO] Page title: Virtual | MSport
2026-05-25 16:58:38,353 [INFO] Searching for fixture in virtual-event list...
2026-05-25 16:58:38,355 [INFO] Fixture search: found
2026-05-25 16:58:40,355 [INFO] Clicking Under odds @0...
2026-05-25 16:58:40,357 [INFO]   Clicking odds for Manchester Blue vs Everton at 807.5,687.5...
2026-05-25 16:58:41,414 [INFO] Entering stake...
2026-05-25 16:58:42,424 [INFO] Clicking Place Bet...
2026-05-25 16:58:45,436 [INFO] Handling confirmation...
2026-05-25 16:58:47,442 [INFO] ✅ Success confirmed via balance deduction: 81.05 -> 71.05 (stake: 10.0)
2026-05-25 16:58:47,443 [INFO] ✅ Bet placed successfully!
2026-05-25 17:00:48,051 [INFO] 🎯 Placing TRAP Bet: West Ham vs Liverpool (Draw) @3.1
2026-05-25 17:01:13,461 [INFO]    [BET_PLACER_STDOUT]: {
  "success": true,
  "error": null,
  "fixture": "West Ham vs Liverpool",
  "market": "Draw",
  "odds": 0.0,
  "stake": 10.0,
  "page_text": "NGN 61.05\nDeposit\nMy Bets\nMy Account \nHome\nSports\nLive Betting\nVirtual\nGames\nMy Matches\nJackpot\nPromotions\nApp\nHot\nSearch\nBetslip\nMSport Virtual EPL\nVF Bundesliga\nVirtual World Cup\nVirtual Euro Cup\nVirtual NBA\nV-Dog Racing\nV-Horse Racing\nV-Live Tennis\n\nBet History\n\nHow to play\n5146 / Match Day 2\nMATCH\nShow Live Video\nTables\nMatch Results\n1x2\nOver/Under\nMatch Day 3\n02:57\n1\nX\n2\nNear Odds\nOver\nUnder\n12\n9\nEverton\nNewcastle\n+31 \n1.65\n3.40\n5.50\n2.5 \n2.50\n1.50\n2\n6\nBournemouth\nChelsea\n+32 \n6.00\n4.25\n1.5"
}
2026-05-25 17:01:13,461 [ERROR]    [BET_PLACER_STDERR]: 2026-05-25 17:00:48,190 [INFO] Connected to Chromium CDP
2026-05-25 17:00:53,298 [INFO] Checking login state...
2026-05-25 17:00:53,306 [INFO] Already logged in (no login form)
2026-05-25 17:00:53,306 [INFO] Placing bet: West Ham vs Liverpool -> Draw @0 (stake: ₦10.0) on MD3
2026-05-25 17:01:00,425 [INFO] Ensuring matchday section for MD3 is visible and active...
2026-05-25 17:01:03,124 [INFO] Page title: Virtual | MSport
2026-05-25 17:01:04,152 [INFO] Searching for fixture in virtual-event list...
2026-05-25 17:01:04,155 [INFO] Fixture search: found
2026-05-25 17:01:06,156 [INFO] Clicking Under odds @0...
2026-05-25 17:01:06,188 [INFO]   Clicking odds for West Ham vs Liverpool at 807.5,991.5...
2026-05-25 17:01:07,264 [INFO] Entering stake...
2026-05-25 17:01:08,281 [INFO] Clicking Place Bet...
2026-05-25 17:01:11,303 [INFO] Handling confirmation...
2026-05-25 17:01:13,349 [INFO] ✅ Success confirmed via balance deduction: 71.05 -> 61.05 (stake: 10.0)
2026-05-25 17:01:13,349 [INFO] ✅ Bet placed successfully!
