2026-05-25 15:03:48,382 [INFO] 🚀 Starting Industrial VFL Deep Scan...
2026-05-25 15:03:48,620 [INFO] Found 39 seasons in MSport API.
2026-05-25 15:03:48,621 [INFO] Limited to first 1 seasons.
2026-05-25 15:03:48,644 [INFO] PostgreSQL connection pool initialized
2026-05-25 15:03:48,646 [INFO] Processing VFLM 5106 (vf:season:3091775)...
2026-05-25 15:03:54,226 [INFO] 🚀 Starting Industrial VFL Deep Scan...
2026-05-25 15:03:54,471 [INFO] Found 39 seasons in MSport API.
2026-05-25 15:03:54,471 [INFO] Limited to first 1 seasons.
2026-05-25 15:03:54,533 [INFO] PostgreSQL connection pool initialized
2026-05-25 15:03:54,536 [INFO] Processing VFLM 5106 (vf:season:3091775)...
2026-05-25 15:04:08,631 [INFO] 🚀 Starting Industrial VFL Deep Scan...
2026-05-25 15:04:08,910 [INFO] Found 39 seasons in MSport API.
2026-05-25 15:04:08,910 [INFO] Limited to first 1 seasons.
2026-05-25 15:04:08,936 [INFO] PostgreSQL connection pool initialized
2026-05-25 15:04:08,938 [INFO] Processing VFLM 5106 (vf:season:3091775)...
2026-05-25 15:04:09,196 [INFO]    MD 1: 8 results. Reconstructing table...
2026-05-25 15:04:09,405 [INFO]    MD 2: 8 results. Reconstructing table...
2026-05-25 15:04:09,582 [INFO]    MD 3: 8 results. Reconstructing table...
2026-05-25 15:04:09,806 [INFO]    MD 4: 8 results. Reconstructing table...
2026-05-25 15:04:10,040 [INFO]    MD 5: 8 results. Reconstructing table...
2026-05-25 15:04:10,235 [INFO]    MD 6: 8 results. Reconstructing table...
2026-05-25 15:04:10,425 [INFO]    MD 7: 8 results. Reconstructing table...
2026-05-25 15:04:10,618 [INFO]    MD 8: 8 results. Reconstructing table...
2026-05-25 15:04:10,796 [INFO]    MD 9: 8 results. Reconstructing table...
2026-05-25 15:04:10,999 [INFO]    MD 10: 8 results. Reconstructing table...
2026-05-25 15:04:11,241 [INFO]    MD 11: 8 results. Reconstructing table...
2026-05-25 15:04:11,455 [INFO]    MD 12: 8 results. Reconstructing table...
2026-05-25 15:04:11,661 [INFO]    MD 13: 8 results. Reconstructing table...
2026-05-25 15:04:11,858 [INFO]    MD 14: 8 results. Reconstructing table...
2026-05-25 15:04:12,081 [INFO]    MD 15: 8 results. Reconstructing table...
2026-05-25 15:04:12,277 [INFO]    MD 16: 8 results. Reconstructing table...
2026-05-25 15:04:12,469 [INFO]    MD 17: 8 results. Reconstructing table...
2026-05-25 15:04:12,648 [INFO]    MD 18: 8 results. Reconstructing table...
2026-05-25 15:04:12,826 [INFO]    MD 19: 8 results. Reconstructing table...
2026-05-25 15:04:13,030 [INFO]    MD 20: 8 results. Reconstructing table...
2026-05-25 15:04:13,254 [INFO]    MD 21: 8 results. Reconstructing table...
2026-05-25 15:04:13,454 [INFO]    MD 22: 8 results. Reconstructing table...
2026-05-25 15:04:13,640 [INFO]    MD 23: 8 results. Reconstructing table...
2026-05-25 15:04:13,820 [INFO]    MD 24: 8 results. Reconstructing table...
2026-05-25 15:04:14,014 [INFO]    MD 25: 8 results. Reconstructing table...
2026-05-25 15:04:14,202 [INFO]    MD 26: 8 results. Reconstructing table...
2026-05-25 15:04:14,393 [INFO]    MD 27: 8 results. Reconstructing table...
2026-05-25 15:04:14,578 [INFO]    MD 28: 8 results. Reconstructing table...
2026-05-25 15:04:14,773 [INFO]    MD 29: 8 results. Reconstructing table...
2026-05-25 15:04:14,963 [INFO]    MD 30: 8 results. Reconstructing table...
2026-05-25 15:04:14,969 [INFO] ✅ Finished processing VFLM 5106
2026-05-25 15:04:14,970 [INFO] 🏁 Deep Scan Complete.
2026-05-25 15:04:46,314 [INFO] 🚀 Starting Industrial VFL Deep Scan...
2026-05-25 15:04:46,577 [INFO] Found 39 seasons in MSport API.
2026-05-25 15:04:46,605 [INFO] PostgreSQL connection pool initialized
2026-05-25 15:04:46,607 [INFO] Processing VFLM 5106 (vf:season:3091775)...
2026-05-25 15:04:46,811 [INFO]    MD 1: 8 results. Reconstructing table...
2026-05-25 15:04:46,982 [INFO]    MD 2: 8 results. Reconstructing table...
2026-05-25 15:04:47,187 [INFO]    MD 3: 8 results. Reconstructing table...
2026-05-25 15:04:47,392 [INFO]    MD 4: 8 results. Reconstructing table...
2026-05-25 15:04:47,608 [INFO]    MD 5: 8 results. Reconstructing table...
2026-05-25 15:04:47,775 [INFO]    MD 6: 8 results. Reconstructing table...
2026-05-25 15:04:47,936 [INFO]    MD 7: 8 results. Reconstructing table...
2026-05-25 15:04:48,105 [INFO]    MD 8: 8 results. Reconstructing table...
2026-05-25 15:04:48,294 [INFO]    MD 9: 8 results. Reconstructing table...
2026-05-25 15:04:48,462 [INFO]    MD 10: 8 results. Reconstructing table...
2026-05-25 15:04:48,630 [INFO]    MD 11: 8 results. Reconstructing table...
2026-05-25 15:04:48,803 [INFO]    MD 12: 8 results. Reconstructing table...
2026-05-25 15:04:48,978 [INFO]    MD 13: 8 results. Reconstructing table...
2026-05-25 15:04:49,136 [INFO]    MD 14: 8 results. Reconstructing table...
2026-05-25 15:04:49,303 [INFO]    MD 15: 8 results. Reconstructing table...
2026-05-25 15:04:49,475 [INFO]    MD 16: 8 results. Reconstructing table...
2026-05-25 15:04:49,637 [INFO]    MD 17: 8 results. Reconstructing table...
2026-05-25 15:04:49,849 [INFO]    MD 18: 8 results. Reconstructing table...
2026-05-25 15:04:50,063 [INFO]    MD 19: 8 results. Reconstructing table...
2026-05-25 15:04:50,244 [INFO]    MD 20: 8 results. Reconstructing table...
2026-05-25 15:04:50,421 [INFO]    MD 21: 8 results. Reconstructing table...
2026-05-25 15:04:50,587 [INFO]    MD 22: 8 results. Reconstructing table...
2026-05-25 15:04:50,758 [INFO]    MD 23: 8 results. Reconstructing table...
2026-05-25 15:04:50,952 [INFO]    MD 24: 8 results. Reconstructing table...
2026-05-25 15:04:51,188 [INFO]    MD 25: 8 results. Reconstructing table...
2026-05-25 15:04:51,361 [INFO]    MD 26: 8 results. Reconstructing table...
2026-05-25 15:04:51,526 [INFO]    MD 27: 8 results. Reconstructing table...
2026-05-25 15:04:51,706 [INFO]    MD 28: 8 results. Reconstructing table...
2026-05-25 15:04:51,884 [INFO]    MD 29: 8 results. Reconstructing table...
2026-05-25 15:04:52,127 [INFO]    MD 30: 8 results. Reconstructing table...
2026-05-25 15:04:52,216 [INFO] ✅ Finished processing VFLM 5106
2026-05-25 15:04:52,218 [INFO] Processing VFLM 5107 (vf:season:3091803)...
2026-05-25 15:04:52,437 [INFO]    MD 1: 8 results. Reconstructing table...
2026-05-25 15:04:52,617 [INFO]    MD 2: 8 results. Reconstructing table...
2026-05-25 15:04:52,842 [INFO]    MD 3: 8 results. Reconstructing table...
2026-05-25 15:04:53,052 [INFO]    MD 4: 8 results. Reconstructing table...
2026-05-25 15:04:53,322 [INFO]    MD 5: 8 results. Reconstructing table...
2026-05-25 15:04:53,508 [INFO]    MD 6: 8 results. Reconstructing table...
2026-05-25 15:04:53,703 [INFO]    MD 7: 8 results. Reconstructing table...
2026-05-25 15:04:53,904 [INFO]    MD 8: 8 results. Reconstructing table...
2026-05-25 15:04:54,125 [INFO]    MD 9: 8 results. Reconstructing table...
2026-05-25 15:04:54,361 [INFO]    MD 10: 8 results. Reconstructing table...
2026-05-25 15:04:54,604 [INFO]    MD 11: 8 results. Reconstructing table...
2026-05-25 15:04:54,809 [INFO]    MD 12: 8 results. Reconstructing table...
2026-05-25 15:04:55,008 [INFO]    MD 13: 8 results. Reconstructing table...
2026-05-25 15:04:55,213 [INFO]    MD 14: 8 results. Reconstructing table...
2026-05-25 15:04:55,426 [INFO]    MD 15: 8 results. Reconstructing table...
2026-05-25 15:04:55,627 [INFO]    MD 16: 8 results. Reconstructing table...
2026-05-25 15:04:55,849 [INFO]    MD 17: 8 results. Reconstructing table...
2026-05-25 15:04:56,059 [INFO]    MD 18: 8 results. Reconstructing table...
2026-05-25 15:04:56,278 [INFO]    MD 19: 8 results. Reconstructing table...
2026-05-25 15:04:56,487 [INFO]    MD 20: 8 results. Reconstructing table...
2026-05-25 15:04:56,703 [INFO]    MD 21: 8 results. Reconstructing table...
2026-05-25 15:04:56,876 [INFO]    MD 22: 8 results. Reconstructing table...
2026-05-25 15:04:57,133 [INFO]    MD 23: 8 results. Reconstructing table...
2026-05-25 15:04:57,352 [INFO]    MD 24: 8 results. Reconstructing table...
2026-05-25 15:04:57,615 [INFO]    MD 25: 8 results. Reconstructing table...
2026-05-25 15:04:57,807 [INFO]    MD 26: 8 results. Reconstructing table...
2026-05-25 15:04:58,027 [INFO]    MD 27: 8 results. Reconstructing table...
2026-05-25 15:04:58,251 [INFO]    MD 28: 8 results. Reconstructing table...
2026-05-25 15:04:58,453 [INFO]    MD 29: 8 results. Reconstructing table...
2026-05-25 15:04:58,636 [INFO]    MD 30: 8 results. Reconstructing table...
2026-05-25 15:04:58,648 [INFO] ✅ Finished processing VFLM 5107
2026-05-25 15:04:58,649 [INFO] Processing VFLM 5108 (vf:season:3091832)...
2026-05-25 15:04:58,842 [INFO]    MD 1: 8 results. Reconstructing table...
2026-05-25 15:04:59,062 [INFO]    MD 2: 8 results. Reconstructing table...
2026-05-25 15:04:59,271 [INFO]    MD 3: 8 results. Reconstructing table...
2026-05-25 15:04:59,478 [INFO]    MD 4: 8 results. Reconstructing table...
2026-05-25 15:04:59,688 [INFO]    MD 5: 8 results. Reconstructing table...
2026-05-25 15:04:59,912 [INFO]    MD 6: 8 results. Reconstructing table...
2026-05-25 15:05:00,097 [INFO]    MD 7: 8 results. Reconstructing table...
2026-05-25 15:05:00,322 [INFO]    MD 8: 8 results. Reconstructing table...
2026-05-25 15:05:00,548 [INFO]    MD 9: 8 results. Reconstructing table...
2026-05-25 15:05:00,753 [INFO]    MD 10: 8 results. Reconstructing table...
2026-05-25 15:05:00,944 [INFO]    MD 11: 8 results. Reconstructing table...
2026-05-25 15:05:01,171 [INFO]    MD 12: 8 results. Reconstructing table...
2026-05-25 15:05:01,372 [INFO]    MD 13: 8 results. Reconstructing table...
2026-05-25 15:05:01,575 [INFO]    MD 14: 8 results. Reconstructing table...
2026-05-25 15:05:01,758 [INFO]    MD 15: 8 results. Reconstructing table...
2026-05-25 15:05:01,968 [INFO]    MD 16: 8 results. Reconstructing table...
2026-05-25 15:05:02,221 [INFO]    MD 17: 8 results. Reconstructing table...
2026-05-25 15:05:02,487 [INFO]    MD 18: 8 results. Reconstructing table...
2026-05-25 15:05:02,713 [INFO]    MD 19: 8 results. Reconstructing table...
2026-05-25 15:05:02,929 [INFO]    MD 20: 8 results. Reconstructing table...
2026-05-25 15:05:03,169 [INFO]    MD 21: 8 results. Reconstructing table...
2026-05-25 15:05:03,425 [INFO]    MD 22: 8 results. Reconstructing table...
2026-05-25 15:05:03,676 [INFO]    MD 23: 8 results. Reconstructing table...
2026-05-25 15:05:03,873 [INFO]    MD 24: 8 results. Reconstructing table...
2026-05-25 15:05:04,187 [INFO]    MD 25: 8 results. Reconstructing table...
2026-05-25 15:05:04,431 [INFO]    MD 26: 8 results. Reconstructing table...
2026-05-25 15:05:04,626 [INFO]    MD 27: 8 results. Reconstructing table...
2026-05-25 15:05:04,812 [INFO]    MD 28: 8 results. Reconstructing table...
2026-05-25 15:05:04,999 [INFO]    MD 29: 8 results. Reconstructing table...
2026-05-25 15:05:05,298 [INFO]    MD 30: 8 results. Reconstructing table...
2026-05-25 15:05:05,306 [INFO] ✅ Finished processing VFLM 5108
2026-05-25 15:05:05,308 [INFO] Processing VFLM 5109 (vf:season:3091864)...
2026-05-25 15:05:05,517 [INFO]    MD 1: 8 results. Reconstructing table...
2026-05-25 15:05:05,733 [INFO]    MD 2: 8 results. Reconstructing table...
2026-05-25 15:05:05,951 [INFO]    MD 3: 8 results. Reconstructing table...
2026-05-25 15:05:06,169 [INFO]    MD 4: 8 results. Reconstructing table...
2026-05-25 15:05:06,388 [INFO]    MD 5: 8 results. Reconstructing table...
2026-05-25 15:05:06,571 [INFO]    MD 6: 8 results. Reconstructing table...
2026-05-25 15:05:06,783 [INFO]    MD 7: 8 results. Reconstructing table...
2026-05-25 15:05:06,971 [INFO]    MD 8: 8 results. Reconstructing table...
2026-05-25 15:05:07,218 [INFO]    MD 9: 8 results. Reconstructing table...
2026-05-25 15:05:07,449 [INFO]    MD 10: 8 results. Reconstructing table...
2026-05-25 15:05:07,653 [INFO]    MD 11: 8 results. Reconstructing table...
2026-05-25 15:05:07,844 [INFO]    MD 12: 8 results. Reconstructing table...
2026-05-25 15:05:08,036 [INFO]    MD 13: 8 results. Reconstructing table...
2026-05-25 15:05:08,277 [INFO]    MD 14: 8 results. Reconstructing table...
2026-05-25 15:05:08,443 [INFO]    MD 15: 8 results. Reconstructing table...
2026-05-25 15:05:08,648 [INFO]    MD 16: 8 results. Reconstructing table...
2026-05-25 15:05:08,833 [INFO]    MD 17: 8 results. Reconstructing table...
2026-05-25 15:05:09,043 [INFO]    MD 18: 8 results. Reconstructing table...
2026-05-25 15:05:09,231 [INFO]    MD 19: 8 results. Reconstructing table...
2026-05-25 15:05:09,561 [INFO]    MD 20: 8 results. Reconstructing table...
2026-05-25 15:05:09,770 [INFO]    MD 21: 8 results. Reconstructing table...
2026-05-25 15:05:09,989 [INFO]    MD 22: 8 results. Reconstructing table...
2026-05-25 15:05:10,197 [INFO]    MD 23: 8 results. Reconstructing table...
2026-05-25 15:05:10,407 [INFO]    MD 24: 8 results. Reconstructing table...
2026-05-25 15:05:10,605 [INFO]    MD 25: 8 results. Reconstructing table...
2026-05-25 15:05:10,810 [INFO]    MD 26: 8 results. Reconstructing table...
2026-05-25 15:05:11,000 [INFO]    MD 27: 8 results. Reconstructing table...
2026-05-25 15:05:11,194 [INFO]    MD 28: 8 results. Reconstructing table...
2026-05-25 15:05:11,420 [INFO]    MD 29: 8 results. Reconstructing table...
2026-05-25 15:05:11,602 [INFO]    MD 30: 8 results. Reconstructing table...
2026-05-25 15:05:11,609 [INFO] ✅ Finished processing VFLM 5109
2026-05-25 15:05:11,610 [INFO] Processing VFLM 5110 (vf:season:3091887)...
2026-05-25 15:05:11,800 [INFO]    MD 1: 8 results. Reconstructing table...
2026-05-25 15:05:12,007 [INFO]    MD 2: 8 results. Reconstructing table...
2026-05-25 15:05:12,215 [INFO]    MD 3: 8 results. Reconstructing table...
2026-05-25 15:05:12,395 [INFO]    MD 4: 8 results. Reconstructing table...
2026-05-25 15:05:12,591 [INFO]    MD 5: 8 results. Reconstructing table...
2026-05-25 15:05:12,773 [INFO]    MD 6: 8 results. Reconstructing table...
2026-05-25 15:05:12,971 [INFO]    MD 7: 8 results. Reconstructing table...
2026-05-25 15:05:13,158 [INFO]    MD 8: 8 results. Reconstructing table...
2026-05-25 15:05:13,351 [INFO]    MD 9: 8 results. Reconstructing table...
2026-05-25 15:05:13,555 [INFO]    MD 10: 8 results. Reconstructing table...
2026-05-25 15:05:13,759 [INFO]    MD 11: 8 results. Reconstructing table...
2026-05-25 15:05:13,969 [INFO]    MD 12: 8 results. Reconstructing table...
2026-05-25 15:05:14,354 [INFO]    MD 13: 8 results. Reconstructing table...
2026-05-25 15:05:14,561 [INFO]    MD 14: 8 results. Reconstructing table...
2026-05-25 15:05:14,769 [INFO]    MD 15: 8 results. Reconstructing table...
2026-05-25 15:05:14,970 [INFO]    MD 16: 8 results. Reconstructing table...
2026-05-25 15:05:15,191 [INFO]    MD 17: 8 results. Reconstructing table...
2026-05-25 15:05:15,417 [INFO]    MD 18: 8 results. Reconstructing table...
2026-05-25 15:05:15,622 [INFO]    MD 19: 8 results. Reconstructing table...
2026-05-25 15:05:15,825 [INFO]    MD 20: 8 results. Reconstructing table...
2026-05-25 15:05:16,098 [INFO]    MD 21: 8 results. Reconstructing table...
2026-05-25 15:05:16,324 [INFO]    MD 22: 8 results. Reconstructing table...
2026-05-25 15:05:16,538 [INFO]    MD 23: 8 results. Reconstructing table...
2026-05-25 15:05:16,764 [INFO]    MD 24: 8 results. Reconstructing table...
2026-05-25 15:05:16,957 [INFO]    MD 25: 8 results. Reconstructing table...
2026-05-25 15:05:17,214 [INFO]    MD 26: 8 results. Reconstructing table...
2026-05-25 15:05:17,500 [INFO]    MD 27: 8 results. Reconstructing table...
2026-05-25 15:05:17,714 [INFO]    MD 28: 8 results. Reconstructing table...
2026-05-25 15:05:17,923 [INFO]    MD 29: 8 results. Reconstructing table...
2026-05-25 15:05:18,133 [INFO]    MD 30: 8 results. Reconstructing table...
2026-05-25 15:05:18,142 [INFO] ✅ Finished processing VFLM 5110
2026-05-25 15:05:18,143 [INFO] Processing VFLM 5111 (vf:season:3091921)...
2026-05-25 15:05:18,343 [INFO]    MD 1: 8 results. Reconstructing table...
2026-05-25 15:05:18,540 [INFO]    MD 2: 8 results. Reconstructing table...
2026-05-25 15:05:18,734 [INFO]    MD 3: 8 results. Reconstructing table...
2026-05-25 15:05:18,932 [INFO]    MD 4: 8 results. Reconstructing table...
2026-05-25 15:05:19,115 [INFO]    MD 5: 8 results. Reconstructing table...
2026-05-25 15:05:19,453 [INFO]    MD 6: 8 results. Reconstructing table...
2026-05-25 15:05:19,663 [INFO]    MD 7: 8 results. Reconstructing table...
2026-05-25 15:05:19,836 [INFO]    MD 8: 8 results. Reconstructing table...
2026-05-25 15:05:20,034 [INFO]    MD 9: 8 results. Reconstructing table...
2026-05-25 15:05:20,282 [INFO]    MD 10: 8 results. Reconstructing table...
2026-05-25 15:05:20,478 [INFO]    MD 11: 8 results. Reconstructing table...
2026-05-25 15:05:20,929 [INFO]    MD 12: 8 results. Reconstructing table...
2026-05-25 15:05:21,185 [INFO]    MD 13: 8 results. Reconstructing table...
2026-05-25 15:05:21,380 [INFO]    MD 14: 8 results. Reconstructing table...
2026-05-25 15:05:21,564 [INFO]    MD 15: 8 results. Reconstructing table...
2026-05-25 15:05:21,769 [INFO]    MD 16: 8 results. Reconstructing table...
2026-05-25 15:05:21,968 [INFO]    MD 17: 8 results. Reconstructing table...
2026-05-25 15:05:22,203 [INFO]    MD 18: 8 results. Reconstructing table...
2026-05-25 15:05:22,540 [INFO]    MD 19: 8 results. Reconstructing table...
2026-05-25 15:05:22,714 [INFO]    MD 20: 8 results. Reconstructing table...
2026-05-25 15:05:22,893 [INFO]    MD 21: 8 results. Reconstructing table...
2026-05-25 15:05:23,169 [INFO]    MD 22: 8 results. Reconstructing table...
2026-05-25 15:05:23,377 [INFO]    MD 23: 8 results. Reconstructing table...
2026-05-25 15:05:23,579 [INFO]    MD 24: 8 results. Reconstructing table...
2026-05-25 15:05:23,761 [INFO]    MD 25: 8 results. Reconstructing table...
2026-05-25 15:05:23,943 [INFO]    MD 26: 8 results. Reconstructing table...
2026-05-25 15:05:24,130 [INFO]    MD 27: 8 results. Reconstructing table...
2026-05-25 15:05:24,342 [INFO]    MD 28: 8 results. Reconstructing table...
2026-05-25 15:05:24,528 [INFO]    MD 29: 8 results. Reconstructing table...
2026-05-25 15:05:24,726 [INFO]    MD 30: 8 results. Reconstructing table...
2026-05-25 15:05:24,737 [INFO] ✅ Finished processing VFLM 5111
2026-05-25 15:05:24,739 [INFO] Processing VFLM 5112 (vf:season:3091946)...
2026-05-25 15:05:24,908 [INFO]    MD 1: 8 results. Reconstructing table...
2026-05-25 15:05:25,083 [INFO]    MD 2: 8 results. Reconstructing table...
2026-05-25 15:05:25,342 [INFO]    MD 3: 8 results. Reconstructing table...
2026-05-25 15:05:25,516 [INFO]    MD 4: 8 results. Reconstructing table...
2026-05-25 15:05:25,700 [INFO]    MD 5: 8 results. Reconstructing table...
2026-05-25 15:05:25,872 [INFO]    MD 6: 8 results. Reconstructing table...
2026-05-25 15:05:26,094 [INFO]    MD 7: 8 results. Reconstructing table...
2026-05-25 15:05:26,325 [INFO]    MD 8: 8 results. Reconstructing table...
2026-05-25 15:05:26,504 [INFO]    MD 9: 8 results. Reconstructing table...
2026-05-25 15:05:26,682 [INFO]    MD 10: 8 results. Reconstructing table...
2026-05-25 15:05:26,855 [INFO]    MD 11: 8 results. Reconstructing table...
2026-05-25 15:05:27,043 [INFO]    MD 12: 8 results. Reconstructing table...
2026-05-25 15:05:27,242 [INFO]    MD 13: 8 results. Reconstructing table...
2026-05-25 15:05:27,434 [INFO]    MD 14: 8 results. Reconstructing table...
2026-05-25 15:05:27,606 [INFO]    MD 15: 8 results. Reconstructing table...
2026-05-25 15:05:27,785 [INFO]    MD 16: 8 results. Reconstructing table...
2026-05-25 15:05:27,990 [INFO]    MD 17: 8 results. Reconstructing table...
2026-05-25 15:05:28,158 [INFO]    MD 18: 8 results. Reconstructing table...
2026-05-25 15:05:28,334 [INFO]    MD 19: 8 results. Reconstructing table...
2026-05-25 15:05:28,523 [INFO]    MD 20: 8 results. Reconstructing table...
2026-05-25 15:05:28,756 [INFO]    MD 21: 8 results. Reconstructing table...
2026-05-25 15:05:28,937 [INFO]    MD 22: 8 results. Reconstructing table...
2026-05-25 15:05:29,118 [INFO]    MD 23: 8 results. Reconstructing table...
2026-05-25 15:05:29,317 [INFO]    MD 24: 8 results. Reconstructing table...
2026-05-25 15:05:29,640 [INFO]    MD 25: 8 results. Reconstructing table...
2026-05-25 15:05:29,836 [INFO]    MD 26: 8 results. Reconstructing table...
2026-05-25 15:05:30,022 [INFO]    MD 27: 8 results. Reconstructing table...
2026-05-25 15:05:30,326 [INFO]    MD 28: 8 results. Reconstructing table...
2026-05-25 15:05:30,526 [INFO]    MD 29: 8 results. Reconstructing table...
2026-05-25 15:05:30,702 [INFO]    MD 30: 8 results. Reconstructing table...
2026-05-25 15:05:30,708 [INFO] ✅ Finished processing VFLM 5112
2026-05-25 15:05:30,710 [INFO] Processing VFLM 5113 (vf:season:3091977)...
2026-05-25 15:05:30,906 [INFO]    MD 1: 8 results. Reconstructing table...
2026-05-25 15:05:31,138 [INFO]    MD 2: 8 results. Reconstructing table...
2026-05-25 15:05:31,485 [INFO]    MD 3: 8 results. Reconstructing table...
2026-05-25 15:05:31,722 [INFO]    MD 4: 8 results. Reconstructing table...
2026-05-25 15:05:32,018 [INFO]    MD 5: 8 results. Reconstructing table...
2026-05-25 15:05:32,239 [INFO]    MD 6: 8 results. Reconstructing table...
2026-05-25 15:05:32,483 [INFO]    MD 7: 8 results. Reconstructing table...
2026-05-25 15:05:32,707 [INFO]    MD 8: 8 results. Reconstructing table...
2026-05-25 15:05:32,902 [INFO]    MD 9: 8 results. Reconstructing table...
2026-05-25 15:05:33,106 [INFO]    MD 10: 8 results. Reconstructing table...
2026-05-25 15:05:33,326 [INFO]    MD 11: 8 results. Reconstructing table...
2026-05-25 15:05:33,547 [INFO]    MD 12: 8 results. Reconstructing table...
2026-05-25 15:05:33,752 [INFO]    MD 13: 8 results. Reconstructing table...
2026-05-25 15:05:33,991 [INFO]    MD 14: 8 results. Reconstructing table...
2026-05-25 15:05:34,216 [INFO]    MD 15: 8 results. Reconstructing table...
2026-05-25 15:05:34,420 [INFO]    MD 16: 8 results. Reconstructing table...
2026-05-25 15:05:34,656 [INFO]    MD 17: 8 results. Reconstructing table...
2026-05-25 15:05:34,835 [INFO]    MD 18: 8 results. Reconstructing table...
2026-05-25 15:05:35,018 [INFO]    MD 19: 8 results. Reconstructing table...
2026-05-25 15:05:35,228 [INFO]    MD 20: 8 results. Reconstructing table...
2026-05-25 15:05:35,499 [INFO]    MD 21: 8 results. Reconstructing table...
2026-05-25 15:05:35,712 [INFO]    MD 22: 8 results. Reconstructing table...
2026-05-25 15:05:35,911 [INFO]    MD 23: 8 results. Reconstructing table...
2026-05-25 15:05:36,171 [INFO]    MD 24: 8 results. Reconstructing table...
2026-05-25 15:05:36,465 [INFO]    MD 25: 8 results. Reconstructing table...
2026-05-25 15:05:36,704 [INFO]    MD 26: 8 results. Reconstructing table...
2026-05-25 15:05:36,935 [INFO]    MD 27: 8 results. Reconstructing table...
2026-05-25 15:05:37,202 [INFO]    MD 28: 8 results. Reconstructing table...
2026-05-25 15:05:37,468 [INFO]    MD 29: 8 results. Reconstructing table...
2026-05-25 15:05:37,675 [INFO]    MD 30: 8 results. Reconstructing table...
2026-05-25 15:05:37,682 [INFO] ✅ Finished processing VFLM 5113
2026-05-25 15:05:37,683 [INFO] Processing VFLM 5114 (vf:season:3092003)...
2026-05-25 15:05:37,920 [INFO]    MD 1: 8 results. Reconstructing table...
2026-05-25 15:05:38,144 [INFO]    MD 2: 8 results. Reconstructing table...
2026-05-25 15:05:38,390 [INFO]    MD 3: 8 results. Reconstructing table...
2026-05-25 15:05:38,625 [INFO]    MD 4: 8 results. Reconstructing table...
2026-05-25 15:05:38,823 [INFO]    MD 5: 8 results. Reconstructing table...
2026-05-25 15:05:39,052 [INFO]    MD 6: 8 results. Reconstructing table...
2026-05-25 15:05:39,280 [INFO]    MD 7: 8 results. Reconstructing table...
2026-05-25 15:05:39,473 [INFO]    MD 8: 8 results. Reconstructing table...
2026-05-25 15:05:39,671 [INFO]    MD 9: 8 results. Reconstructing table...
2026-05-25 15:05:39,853 [INFO]    MD 10: 8 results. Reconstructing table...
2026-05-25 15:05:40,056 [INFO]    MD 11: 8 results. Reconstructing table...
2026-05-25 15:05:40,238 [INFO]    MD 12: 8 results. Reconstructing table...
2026-05-25 15:05:40,456 [INFO]    MD 13: 8 results. Reconstructing table...
2026-05-25 15:05:40,641 [INFO]    MD 14: 8 results. Reconstructing table...
2026-05-25 15:05:40,843 [INFO]    MD 15: 8 results. Reconstructing table...
2026-05-25 15:05:41,064 [INFO]    MD 16: 8 results. Reconstructing table...
2026-05-25 15:05:41,321 [INFO]    MD 17: 8 results. Reconstructing table...
2026-05-25 15:05:41,534 [INFO]    MD 18: 8 results. Reconstructing table...
2026-05-25 15:05:41,753 [INFO]    MD 19: 8 results. Reconstructing table...
2026-05-25 15:05:42,090 [INFO]    MD 20: 8 results. Reconstructing table...
2026-05-25 15:05:42,309 [INFO]    MD 21: 8 results. Reconstructing table...
2026-05-25 15:05:42,511 [INFO]    MD 22: 8 results. Reconstructing table...
2026-05-25 15:05:42,730 [INFO]    MD 23: 8 results. Reconstructing table...
2026-05-25 15:05:42,938 [INFO]    MD 24: 8 results. Reconstructing table...
2026-05-25 15:05:43,156 [INFO]    MD 25: 8 results. Reconstructing table...
2026-05-25 15:05:43,370 [INFO]    MD 26: 8 results. Reconstructing table...
2026-05-25 15:05:43,593 [INFO]    MD 27: 8 results. Reconstructing table...
2026-05-25 15:05:43,774 [INFO]    MD 28: 8 results. Reconstructing table...
2026-05-25 15:05:43,981 [INFO]    MD 29: 8 results. Reconstructing table...
2026-05-25 15:05:44,170 [INFO]    MD 30: 8 results. Reconstructing table...
2026-05-25 15:05:44,194 [INFO] ✅ Finished processing VFLM 5114
2026-05-25 15:05:44,195 [INFO] Processing VFLM 5115 (vf:season:3092037)...
2026-05-25 15:05:44,385 [INFO]    MD 1: 8 results. Reconstructing table...
2026-05-25 15:05:44,563 [INFO]    MD 2: 8 results. Reconstructing table...
2026-05-25 15:05:44,757 [INFO]    MD 3: 8 results. Reconstructing table...
2026-05-25 15:05:44,991 [INFO]    MD 4: 8 results. Reconstructing table...
2026-05-25 15:05:45,235 [INFO]    MD 5: 8 results. Reconstructing table...
2026-05-25 15:05:45,454 [INFO]    MD 6: 8 results. Reconstructing table...
2026-05-25 15:05:45,659 [INFO]    MD 7: 8 results. Reconstructing table...
2026-05-25 15:05:45,844 [INFO]    MD 8: 8 results. Reconstructing table...
2026-05-25 15:05:46,108 [INFO]    MD 9: 8 results. Reconstructing table...
2026-05-25 15:05:46,369 [INFO]    MD 10: 8 results. Reconstructing table...
2026-05-25 15:05:46,599 [INFO]    MD 11: 8 results. Reconstructing table...
2026-05-25 15:05:46,800 [INFO]    MD 12: 8 results. Reconstructing table...
2026-05-25 15:05:47,036 [INFO]    MD 13: 8 results. Reconstructing table...
2026-05-25 15:05:47,251 [INFO]    MD 14: 8 results. Reconstructing table...
2026-05-25 15:05:47,465 [INFO]    MD 15: 8 results. Reconstructing table...
2026-05-25 15:05:47,753 [INFO]    MD 16: 8 results. Reconstructing table...
2026-05-25 15:05:48,268 [INFO]    MD 17: 8 results. Reconstructing table...
2026-05-25 15:05:48,481 [INFO]    MD 18: 8 results. Reconstructing table...
2026-05-25 15:05:48,740 [INFO]    MD 19: 8 results. Reconstructing table...
2026-05-25 15:05:48,911 [INFO]    MD 20: 8 results. Reconstructing table...
2026-05-25 15:05:49,135 [INFO]    MD 21: 8 results. Reconstructing table...
2026-05-25 15:05:49,320 [INFO]    MD 22: 8 results. Reconstructing table...
2026-05-25 15:05:49,521 [INFO]    MD 23: 8 results. Reconstructing table...
2026-05-25 15:05:49,796 [INFO]    MD 24: 8 results. Reconstructing table...
2026-05-25 15:05:50,017 [INFO]    MD 25: 8 results. Reconstructing table...
2026-05-25 15:05:50,225 [INFO]    MD 26: 8 results. Reconstructing table...
2026-05-25 15:05:50,400 [INFO]    MD 27: 8 results. Reconstructing table...
2026-05-25 15:05:50,627 [INFO]    MD 28: 8 results. Reconstructing table...
2026-05-25 15:05:50,832 [INFO]    MD 29: 8 results. Reconstructing table...
2026-05-25 15:05:51,030 [INFO]    MD 30: 8 results. Reconstructing table...
2026-05-25 15:05:51,043 [INFO] ✅ Finished processing VFLM 5115
2026-05-25 15:05:51,046 [INFO] Processing VFLM 5116 (vf:season:3092062)...
2026-05-25 15:05:51,241 [INFO]    MD 1: 8 results. Reconstructing table...
2026-05-25 15:05:51,442 [INFO]    MD 2: 8 results. Reconstructing table...
2026-05-25 15:05:51,645 [INFO]    MD 3: 8 results. Reconstructing table...
2026-05-25 15:05:51,825 [INFO]    MD 4: 8 results. Reconstructing table...
2026-05-25 15:05:52,042 [INFO]    MD 5: 8 results. Reconstructing table...
2026-05-25 15:05:52,261 [INFO]    MD 6: 8 results. Reconstructing table...
2026-05-25 15:05:52,503 [INFO]    MD 7: 8 results. Reconstructing table...
2026-05-25 15:05:52,869 [INFO]    MD 8: 8 results. Reconstructing table...
2026-05-25 15:05:53,110 [INFO]    MD 9: 8 results. Reconstructing table...
2026-05-25 15:05:53,307 [INFO]    MD 10: 8 results. Reconstructing table...
2026-05-25 15:05:53,510 [INFO]    MD 11: 8 results. Reconstructing table...
2026-05-25 15:05:53,710 [INFO]    MD 12: 8 results. Reconstructing table...
2026-05-25 15:05:53,922 [INFO]    MD 13: 8 results. Reconstructing table...
2026-05-25 15:05:54,180 [INFO]    MD 14: 8 results. Reconstructing table...
2026-05-25 15:05:54,496 [INFO]    MD 15: 8 results. Reconstructing table...
2026-05-25 15:05:54,792 [INFO]    MD 16: 8 results. Reconstructing table...
2026-05-25 15:05:54,986 [INFO]    MD 17: 8 results. Reconstructing table...
2026-05-25 15:05:55,197 [INFO]    MD 18: 8 results. Reconstructing table...
2026-05-25 15:05:55,515 [INFO]    MD 19: 8 results. Reconstructing table...
2026-05-25 15:05:55,732 [INFO]    MD 20: 8 results. Reconstructing table...
2026-05-25 15:05:55,992 [INFO]    MD 21: 8 results. Reconstructing table...
2026-05-25 15:05:56,357 [INFO]    MD 22: 8 results. Reconstructing table...
2026-05-25 15:05:56,572 [INFO]    MD 23: 8 results. Reconstructing table...
2026-05-25 15:05:56,792 [INFO]    MD 24: 8 results. Reconstructing table...
2026-05-25 15:05:57,016 [INFO]    MD 25: 8 results. Reconstructing table...
2026-05-25 15:05:57,278 [INFO]    MD 26: 8 results. Reconstructing table...
2026-05-25 15:05:57,513 [INFO]    MD 27: 8 results. Reconstructing table...
2026-05-25 15:05:57,716 [INFO]    MD 28: 8 results. Reconstructing table...
2026-05-25 15:05:57,908 [INFO]    MD 29: 8 results. Reconstructing table...
2026-05-25 15:05:58,151 [INFO]    MD 30: 8 results. Reconstructing table...
2026-05-25 15:05:58,160 [INFO] ✅ Finished processing VFLM 5116
2026-05-25 15:05:58,162 [INFO] Processing VFLM 5117 (vf:season:3092091)...
2026-05-25 15:05:58,389 [INFO]    MD 1: 8 results. Reconstructing table...
2026-05-25 15:05:58,637 [INFO]    MD 2: 8 results. Reconstructing table...
2026-05-25 15:05:58,846 [INFO]    MD 3: 8 results. Reconstructing table...
2026-05-25 15:05:59,176 [INFO]    MD 4: 8 results. Reconstructing table...
2026-05-25 15:05:59,434 [INFO]    MD 5: 8 results. Reconstructing table...
2026-05-25 15:05:59,641 [INFO]    MD 6: 8 results. Reconstructing table...
2026-05-25 15:05:59,903 [INFO]    MD 7: 8 results. Reconstructing table...
2026-05-25 15:06:00,144 [INFO]    MD 8: 8 results. Reconstructing table...
2026-05-25 15:06:00,446 [INFO]    MD 9: 8 results. Reconstructing table...
2026-05-25 15:06:00,662 [INFO]    MD 10: 8 results. Reconstructing table...
2026-05-25 15:06:00,876 [INFO]    MD 11: 8 results. Reconstructing table...
2026-05-25 15:06:01,119 [INFO]    MD 12: 8 results. Reconstructing table...
2026-05-25 15:06:01,394 [INFO]    MD 13: 8 results. Reconstructing table...
2026-05-25 15:06:01,613 [INFO]    MD 14: 8 results. Reconstructing table...
2026-05-25 15:06:01,827 [INFO]    MD 15: 8 results. Reconstructing table...
2026-05-25 15:06:02,050 [INFO]    MD 16: 8 results. Reconstructing table...
2026-05-25 15:06:02,281 [INFO]    MD 17: 8 results. Reconstructing table...
2026-05-25 15:06:02,621 [INFO]    MD 18: 8 results. Reconstructing table...
2026-05-25 15:06:02,878 [INFO]    MD 19: 8 results. Reconstructing table...
2026-05-25 15:06:03,179 [INFO]    MD 20: 8 results. Reconstructing table...
2026-05-25 15:06:03,441 [INFO]    MD 21: 8 results. Reconstructing table...
2026-05-25 15:06:03,986 [INFO]    MD 22: 8 results. Reconstructing table...
2026-05-25 15:06:04,182 [INFO]    MD 23: 8 results. Reconstructing table...
2026-05-25 15:06:04,455 [INFO]    MD 24: 8 results. Reconstructing table...
2026-05-25 15:06:04,636 [INFO]    MD 25: 8 results. Reconstructing table...
2026-05-25 15:06:04,829 [INFO]    MD 26: 8 results. Reconstructing table...
2026-05-25 15:06:05,021 [INFO]    MD 27: 8 results. Reconstructing table...
2026-05-25 15:06:05,231 [INFO]    MD 28: 8 results. Reconstructing table...
2026-05-25 15:06:05,443 [INFO]    MD 29: 8 results. Reconstructing table...
2026-05-25 15:06:05,627 [INFO]    MD 30: 8 results. Reconstructing table...
2026-05-25 15:06:05,637 [INFO] ✅ Finished processing VFLM 5117
2026-05-25 15:06:05,639 [INFO] Processing VFLM 5118 (vf:season:3092119)...
2026-05-25 15:06:05,834 [INFO]    MD 1: 8 results. Reconstructing table...
2026-05-25 15:06:06,101 [INFO]    MD 2: 8 results. Reconstructing table...
2026-05-25 15:06:06,310 [INFO]    MD 3: 8 results. Reconstructing table...
2026-05-25 15:06:06,521 [INFO]    MD 4: 8 results. Reconstructing table...
2026-05-25 15:06:06,700 [INFO]    MD 5: 8 results. Reconstructing table...
2026-05-25 15:06:06,927 [INFO]    MD 6: 8 results. Reconstructing table...
2026-05-25 15:06:07,158 [INFO]    MD 7: 8 results. Reconstructing table...
2026-05-25 15:06:07,387 [INFO]    MD 8: 8 results. Reconstructing table...
2026-05-25 15:06:07,615 [INFO]    MD 9: 8 results. Reconstructing table...
2026-05-25 15:06:07,948 [INFO]    MD 10: 8 results. Reconstructing table...
2026-05-25 15:06:08,288 [INFO]    MD 11: 8 results. Reconstructing table...
2026-05-25 15:06:08,538 [INFO]    MD 12: 8 results. Reconstructing table...
2026-05-25 15:06:08,719 [INFO]    MD 13: 8 results. Reconstructing table...
2026-05-25 15:06:08,914 [INFO]    MD 14: 8 results. Reconstructing table...
2026-05-25 15:06:09,139 [INFO]    MD 15: 8 results. Reconstructing table...
2026-05-25 15:06:09,401 [INFO]    MD 16: 8 results. Reconstructing table...
2026-05-25 15:06:09,585 [INFO]    MD 17: 8 results. Reconstructing table...
2026-05-25 15:06:09,772 [INFO]    MD 18: 8 results. Reconstructing table...
2026-05-25 15:06:09,957 [INFO]    MD 19: 8 results. Reconstructing table...
2026-05-25 15:06:10,207 [INFO]    MD 20: 8 results. Reconstructing table...
2026-05-25 15:06:10,393 [INFO]    MD 21: 8 results. Reconstructing table...
2026-05-25 15:06:10,581 [INFO]    MD 22: 8 results. Reconstructing table...
2026-05-25 15:06:10,811 [INFO]    MD 23: 8 results. Reconstructing table...
2026-05-25 15:06:10,998 [INFO]    MD 24: 8 results. Reconstructing table...
2026-05-25 15:06:11,197 [INFO]    MD 25: 8 results. Reconstructing table...
2026-05-25 15:06:11,404 [INFO]    MD 26: 8 results. Reconstructing table...
2026-05-25 15:06:11,624 [INFO]    MD 27: 8 results. Reconstructing table...
2026-05-25 15:06:11,845 [INFO]    MD 28: 8 results. Reconstructing table...
2026-05-25 15:06:12,061 [INFO]    MD 29: 8 results. Reconstructing table...
2026-05-25 15:06:12,346 [INFO]    MD 30: 8 results. Reconstructing table...
2026-05-25 15:06:12,352 [INFO] ✅ Finished processing VFLM 5118
2026-05-25 15:06:12,353 [INFO] Processing VFLM 5119 (vf:season:3092148)...
2026-05-25 15:06:12,566 [INFO]    MD 1: 8 results. Reconstructing table...
2026-05-25 15:06:12,808 [INFO]    MD 2: 8 results. Reconstructing table...
2026-05-25 15:06:12,999 [INFO]    MD 3: 8 results. Reconstructing table...
2026-05-25 15:06:13,245 [INFO]    MD 4: 8 results. Reconstructing table...
2026-05-25 15:06:13,449 [INFO]    MD 5: 8 results. Reconstructing table...
2026-05-25 15:06:13,646 [INFO]    MD 6: 8 results. Reconstructing table...
2026-05-25 15:06:13,902 [INFO]    MD 7: 8 results. Reconstructing table...
2026-05-25 15:06:14,123 [INFO]    MD 8: 8 results. Reconstructing table...
2026-05-25 15:06:14,338 [INFO]    MD 9: 8 results. Reconstructing table...
2026-05-25 15:06:14,531 [INFO]    MD 10: 8 results. Reconstructing table...
2026-05-25 15:06:14,749 [INFO]    MD 11: 8 results. Reconstructing table...
2026-05-25 15:06:14,953 [INFO]    MD 12: 8 results. Reconstructing table...
2026-05-25 15:06:15,146 [INFO]    MD 13: 8 results. Reconstructing table...
2026-05-25 15:06:15,376 [INFO]    MD 14: 8 results. Reconstructing table...
2026-05-25 15:06:15,612 [INFO]    MD 15: 8 results. Reconstructing table...
2026-05-25 15:06:15,805 [INFO]    MD 16: 8 results. Reconstructing table...
2026-05-25 15:06:16,015 [INFO]    MD 17: 8 results. Reconstructing table...
2026-05-25 15:06:16,255 [INFO]    MD 18: 8 results. Reconstructing table...
2026-05-25 15:06:16,440 [INFO]    MD 19: 8 results. Reconstructing table...
2026-05-25 15:06:16,687 [INFO]    MD 20: 8 results. Reconstructing table...
2026-05-25 15:06:16,916 [INFO]    MD 21: 8 results. Reconstructing table...
2026-05-25 15:06:17,143 [INFO]    MD 22: 8 results. Reconstructing table...
2026-05-25 15:06:17,329 [INFO]    MD 23: 8 results. Reconstructing table...
2026-05-25 15:06:17,590 [INFO]    MD 24: 8 results. Reconstructing table...
2026-05-25 15:06:17,773 [INFO]    MD 25: 8 results. Reconstructing table...
2026-05-25 15:06:17,964 [INFO]    MD 26: 8 results. Reconstructing table...
2026-05-25 15:06:18,201 [INFO]    MD 27: 8 results. Reconstructing table...
2026-05-25 15:06:18,408 [INFO]    MD 28: 8 results. Reconstructing table...
2026-05-25 15:06:18,599 [INFO]    MD 29: 8 results. Reconstructing table...
2026-05-25 15:06:18,776 [INFO]    MD 30: 8 results. Reconstructing table...
2026-05-25 15:06:18,783 [INFO] ✅ Finished processing VFLM 5119
2026-05-25 15:06:18,785 [INFO] Processing VFLM 5120 (vf:season:3092177)...
2026-05-25 15:06:18,971 [INFO]    MD 1: 8 results. Reconstructing table...
2026-05-25 15:06:19,259 [INFO]    MD 2: 8 results. Reconstructing table...
2026-05-25 15:06:19,446 [INFO]    MD 3: 8 results. Reconstructing table...
2026-05-25 15:06:19,633 [INFO]    MD 4: 8 results. Reconstructing table...
2026-05-25 15:06:19,813 [INFO]    MD 5: 8 results. Reconstructing table...
2026-05-25 15:06:20,041 [INFO]    MD 6: 8 results. Reconstructing table...
2026-05-25 15:06:20,219 [INFO]    MD 7: 8 results. Reconstructing table...
2026-05-25 15:06:20,437 [INFO]    MD 8: 8 results. Reconstructing table...
2026-05-25 15:06:20,623 [INFO]    MD 9: 8 results. Reconstructing table...
2026-05-25 15:06:20,832 [INFO]    MD 10: 8 results. Reconstructing table...
2026-05-25 15:06:21,019 [INFO]    MD 11: 8 results. Reconstructing table...
2026-05-25 15:06:21,216 [INFO]    MD 12: 8 results. Reconstructing table...
2026-05-25 15:06:21,428 [INFO]    MD 13: 8 results. Reconstructing table...
2026-05-25 15:06:21,629 [INFO]    MD 14: 8 results. Reconstructing table...
2026-05-25 15:06:21,817 [INFO]    MD 15: 8 results. Reconstructing table...
2026-05-25 15:06:22,004 [INFO]    MD 16: 8 results. Reconstructing table...
2026-05-25 15:06:22,242 [INFO]    MD 17: 8 results. Reconstructing table...
2026-05-25 15:06:22,433 [INFO]    MD 18: 8 results. Reconstructing table...
2026-05-25 15:06:22,610 [INFO]    MD 19: 8 results. Reconstructing table...
2026-05-25 15:06:22,792 [INFO]    MD 20: 8 results. Reconstructing table...
2026-05-25 15:06:22,990 [INFO]    MD 21: 8 results. Reconstructing table...
2026-05-25 15:06:23,246 [INFO]    MD 22: 8 results. Reconstructing table...
2026-05-25 15:06:23,452 [INFO]    MD 23: 8 results. Reconstructing table...
2026-05-25 15:06:23,654 [INFO]    MD 24: 8 results. Reconstructing table...
2026-05-25 15:06:23,880 [INFO]    MD 25: 8 results. Reconstructing table...
2026-05-25 15:06:24,058 [INFO]    MD 26: 8 results. Reconstructing table...
2026-05-25 15:06:24,278 [INFO]    MD 27: 8 results. Reconstructing table...
2026-05-25 15:06:24,482 [INFO]    MD 28: 8 results. Reconstructing table...
2026-05-25 15:06:24,680 [INFO]    MD 29: 8 results. Reconstructing table...
2026-05-25 15:06:24,879 [INFO]    MD 30: 8 results. Reconstructing table...
2026-05-25 15:06:24,892 [INFO] ✅ Finished processing VFLM 5120
2026-05-25 15:06:24,893 [INFO] Processing VFLM 5121 (vf:season:3092209)...
2026-05-25 15:06:25,141 [INFO]    MD 1: 8 results. Reconstructing table...
2026-05-25 15:06:25,344 [INFO]    MD 2: 8 results. Reconstructing table...
2026-05-25 15:06:25,552 [INFO]    MD 3: 8 results. Reconstructing table...
2026-05-25 15:06:25,728 [INFO]    MD 4: 8 results. Reconstructing table...
2026-05-25 15:06:25,942 [INFO]    MD 5: 8 results. Reconstructing table...
2026-05-25 15:06:26,190 [INFO]    MD 6: 8 results. Reconstructing table...
2026-05-25 15:06:26,512 [INFO]    MD 7: 8 results. Reconstructing table...
2026-05-25 15:06:26,710 [INFO]    MD 8: 8 results. Reconstructing table...
2026-05-25 15:06:26,917 [INFO]    MD 9: 8 results. Reconstructing table...
2026-05-25 15:06:27,120 [INFO]    MD 10: 8 results. Reconstructing table...
2026-05-25 15:06:27,319 [INFO]    MD 11: 8 results. Reconstructing table...
2026-05-25 15:06:27,544 [INFO]    MD 12: 8 results. Reconstructing table...
2026-05-25 15:06:27,746 [INFO]    MD 13: 8 results. Reconstructing table...
2026-05-25 15:06:27,917 [INFO]    MD 14: 8 results. Reconstructing table...
2026-05-25 15:06:28,202 [INFO]    MD 15: 8 results. Reconstructing table...
2026-05-25 15:06:28,399 [INFO]    MD 16: 8 results. Reconstructing table...
2026-05-25 15:06:28,564 [INFO]    MD 17: 8 results. Reconstructing table...
2026-05-25 15:06:28,771 [INFO]    MD 18: 8 results. Reconstructing table...
2026-05-25 15:06:28,960 [INFO]    MD 19: 8 results. Reconstructing table...
2026-05-25 15:06:29,155 [INFO]    MD 20: 8 results. Reconstructing table...
2026-05-25 15:06:29,382 [INFO]    MD 21: 8 results. Reconstructing table...
2026-05-25 15:06:29,618 [INFO]    MD 22: 8 results. Reconstructing table...
2026-05-25 15:06:29,832 [INFO]    MD 23: 8 results. Reconstructing table...
2026-05-25 15:06:30,044 [INFO]    MD 24: 8 results. Reconstructing table...
2026-05-25 15:06:30,262 [INFO]    MD 25: 8 results. Reconstructing table...
2026-05-25 15:06:30,478 [INFO]    MD 26: 8 results. Reconstructing table...
2026-05-25 15:06:30,694 [INFO]    MD 27: 8 results. Reconstructing table...
2026-05-25 15:06:30,923 [INFO]    MD 28: 8 results. Reconstructing table...
2026-05-25 15:06:31,127 [INFO]    MD 29: 8 results. Reconstructing table...
2026-05-25 15:06:31,355 [INFO]    MD 30: 8 results. Reconstructing table...
2026-05-25 15:06:31,362 [INFO] ✅ Finished processing VFLM 5121
2026-05-25 15:06:31,363 [INFO] Processing VFLM 5122 (vf:season:3092238)...
2026-05-25 15:06:31,548 [INFO]    MD 1: 8 results. Reconstructing table...
2026-05-25 15:06:31,750 [INFO]    MD 2: 8 results. Reconstructing table...
2026-05-25 15:06:31,937 [INFO]    MD 3: 8 results. Reconstructing table...
2026-05-25 15:06:32,127 [INFO]    MD 4: 8 results. Reconstructing table...
2026-05-25 15:06:32,372 [INFO]    MD 5: 8 results. Reconstructing table...
2026-05-25 15:06:32,553 [INFO]    MD 6: 8 results. Reconstructing table...
2026-05-25 15:06:32,768 [INFO]    MD 7: 8 results. Reconstructing table...
2026-05-25 15:06:32,968 [INFO]    MD 8: 8 results. Reconstructing table...
2026-05-25 15:06:33,211 [INFO]    MD 9: 8 results. Reconstructing table...
2026-05-25 15:06:33,485 [INFO]    MD 10: 8 results. Reconstructing table...
2026-05-25 15:06:33,694 [INFO]    MD 11: 8 results. Reconstructing table...
2026-05-25 15:06:33,881 [INFO]    MD 12: 8 results. Reconstructing table...
2026-05-25 15:06:34,077 [INFO]    MD 13: 8 results. Reconstructing table...
2026-05-25 15:06:34,279 [INFO]    MD 14: 8 results. Reconstructing table...
2026-05-25 15:06:34,464 [INFO]    MD 15: 8 results. Reconstructing table...
2026-05-25 15:06:34,684 [INFO]    MD 16: 8 results. Reconstructing table...
2026-05-25 15:06:34,860 [INFO]    MD 17: 8 results. Reconstructing table...
2026-05-25 15:06:35,100 [INFO]    MD 18: 8 results. Reconstructing table...
2026-05-25 15:06:35,396 [INFO]    MD 19: 8 results. Reconstructing table...
2026-05-25 15:06:35,618 [INFO]    MD 20: 8 results. Reconstructing table...
2026-05-25 15:06:35,916 [INFO]    MD 21: 8 results. Reconstructing table...
2026-05-25 15:06:36,156 [INFO]    MD 22: 8 results. Reconstructing table...
2026-05-25 15:06:36,478 [INFO]    MD 23: 8 results. Reconstructing table...
2026-05-25 15:06:36,729 [INFO]    MD 24: 8 results. Reconstructing table...
2026-05-25 15:06:36,919 [INFO]    MD 25: 8 results. Reconstructing table...
2026-05-25 15:06:37,136 [INFO]    MD 26: 8 results. Reconstructing table...
2026-05-25 15:06:37,424 [INFO]    MD 27: 8 results. Reconstructing table...
2026-05-25 15:06:37,601 [INFO]    MD 28: 8 results. Reconstructing table...
2026-05-25 15:06:37,804 [INFO]    MD 29: 8 results. Reconstructing table...
2026-05-25 15:06:38,014 [INFO]    MD 30: 8 results. Reconstructing table...
2026-05-25 15:06:38,024 [INFO] ✅ Finished processing VFLM 5122
2026-05-25 15:06:38,025 [INFO] Processing VFLM 5123 (vf:season:3092265)...
2026-05-25 15:06:38,249 [INFO]    MD 1: 8 results. Reconstructing table...
2026-05-25 15:06:38,471 [INFO]    MD 2: 8 results. Reconstructing table...
2026-05-25 15:06:38,941 [INFO]    MD 3: 8 results. Reconstructing table...
2026-05-25 15:06:39,163 [INFO]    MD 4: 8 results. Reconstructing table...
2026-05-25 15:06:39,378 [INFO]    MD 5: 8 results. Reconstructing table...
2026-05-25 15:06:39,595 [INFO]    MD 6: 8 results. Reconstructing table...
2026-05-25 15:06:39,794 [INFO]    MD 7: 8 results. Reconstructing table...
2026-05-25 15:06:39,977 [INFO]    MD 8: 8 results. Reconstructing table...
2026-05-25 15:06:40,190 [INFO]    MD 9: 8 results. Reconstructing table...
2026-05-25 15:06:40,451 [INFO]    MD 10: 8 results. Reconstructing table...
2026-05-25 15:06:40,663 [INFO]    MD 11: 8 results. Reconstructing table...
2026-05-25 15:06:40,849 [INFO]    MD 12: 8 results. Reconstructing table...
2026-05-25 15:06:41,056 [INFO]    MD 13: 8 results. Reconstructing table...
2026-05-25 15:06:41,239 [INFO]    MD 14: 8 results. Reconstructing table...
2026-05-25 15:06:41,494 [INFO]    MD 15: 8 results. Reconstructing table...
2026-05-25 15:06:41,700 [INFO]    MD 16: 8 results. Reconstructing table...
2026-05-25 15:06:41,943 [INFO]    MD 17: 8 results. Reconstructing table...
2026-05-25 15:06:42,169 [INFO]    MD 18: 8 results. Reconstructing table...
2026-05-25 15:06:42,381 [INFO]    MD 19: 8 results. Reconstructing table...
2026-05-25 15:06:42,588 [INFO]    MD 20: 8 results. Reconstructing table...
2026-05-25 15:06:42,799 [INFO]    MD 21: 8 results. Reconstructing table...
2026-05-25 15:06:42,988 [INFO]    MD 22: 8 results. Reconstructing table...
2026-05-25 15:06:43,203 [INFO]    MD 23: 8 results. Reconstructing table...
2026-05-25 15:06:43,404 [INFO]    MD 24: 8 results. Reconstructing table...
2026-05-25 15:06:43,587 [INFO]    MD 25: 8 results. Reconstructing table...
2026-05-25 15:06:43,786 [INFO]    MD 26: 8 results. Reconstructing table...
2026-05-25 15:06:43,982 [INFO]    MD 27: 8 results. Reconstructing table...
2026-05-25 15:06:44,171 [INFO]    MD 28: 8 results. Reconstructing table...
2026-05-25 15:06:44,401 [INFO]    MD 29: 8 results. Reconstructing table...
2026-05-25 15:06:44,665 [INFO]    MD 30: 8 results. Reconstructing table...
2026-05-25 15:06:44,681 [INFO] ✅ Finished processing VFLM 5123
2026-05-25 15:06:44,682 [INFO] Processing VFLM 5124 (vf:season:3092293)...
2026-05-25 15:06:44,872 [INFO]    MD 1: 8 results. Reconstructing table...
2026-05-25 15:06:45,115 [INFO]    MD 2: 8 results. Reconstructing table...
2026-05-25 15:06:45,367 [INFO]    MD 3: 8 results. Reconstructing table...
2026-05-25 15:06:45,645 [INFO]    MD 4: 8 results. Reconstructing table...
2026-05-25 15:06:45,865 [INFO]    MD 5: 8 results. Reconstructing table...
2026-05-25 15:06:46,053 [INFO]    MD 6: 8 results. Reconstructing table...
2026-05-25 15:06:46,404 [INFO]    MD 7: 8 results. Reconstructing table...
2026-05-25 15:06:46,596 [INFO]    MD 8: 8 results. Reconstructing table...
2026-05-25 15:06:46,790 [INFO]    MD 9: 8 results. Reconstructing table...
2026-05-25 15:06:47,000 [INFO]    MD 10: 8 results. Reconstructing table...
2026-05-25 15:06:47,267 [INFO]    MD 11: 8 results. Reconstructing table...
2026-05-25 15:06:47,544 [INFO]    MD 12: 8 results. Reconstructing table...
2026-05-25 15:06:47,757 [INFO]    MD 13: 8 results. Reconstructing table...
2026-05-25 15:06:48,020 [INFO]    MD 14: 8 results. Reconstructing table...
2026-05-25 15:06:48,283 [INFO]    MD 15: 8 results. Reconstructing table...
2026-05-25 15:06:48,464 [INFO]    MD 16: 8 results. Reconstructing table...
2026-05-25 15:06:48,664 [INFO]    MD 17: 8 results. Reconstructing table...
2026-05-25 15:06:48,842 [INFO]    MD 18: 8 results. Reconstructing table...
2026-05-25 15:06:49,063 [INFO]    MD 19: 8 results. Reconstructing table...
2026-05-25 15:06:49,237 [INFO]    MD 20: 8 results. Reconstructing table...
2026-05-25 15:06:49,461 [INFO]    MD 21: 8 results. Reconstructing table...
2026-05-25 15:06:49,657 [INFO]    MD 22: 8 results. Reconstructing table...
2026-05-25 15:06:49,850 [INFO]    MD 23: 8 results. Reconstructing table...
2026-05-25 15:06:50,029 [INFO]    MD 24: 8 results. Reconstructing table...
2026-05-25 15:06:50,217 [INFO]    MD 25: 8 results. Reconstructing table...
2026-05-25 15:06:50,394 [INFO]    MD 26: 8 results. Reconstructing table...
2026-05-25 15:06:50,574 [INFO]    MD 27: 8 results. Reconstructing table...
2026-05-25 15:06:50,833 [INFO]    MD 28: 8 results. Reconstructing table...
2026-05-25 15:06:51,034 [INFO]    MD 29: 8 results. Reconstructing table...
2026-05-25 15:06:51,273 [INFO]    MD 30: 8 results. Reconstructing table...
2026-05-25 15:06:51,280 [INFO] ✅ Finished processing VFLM 5124
2026-05-25 15:06:51,281 [INFO] Processing VFLM 5125 (vf:season:3092322)...
2026-05-25 15:06:51,467 [INFO]    MD 1: 8 results. Reconstructing table...
2026-05-25 15:06:51,674 [INFO]    MD 2: 8 results. Reconstructing table...
2026-05-25 15:06:51,848 [INFO]    MD 3: 8 results. Reconstructing table...
2026-05-25 15:06:52,066 [INFO]    MD 4: 8 results. Reconstructing table...
2026-05-25 15:06:52,287 [INFO]    MD 5: 8 results. Reconstructing table...
2026-05-25 15:06:52,470 [INFO]    MD 6: 8 results. Reconstructing table...
2026-05-25 15:06:52,675 [INFO]    MD 7: 8 results. Reconstructing table...
2026-05-25 15:06:52,894 [INFO]    MD 8: 8 results. Reconstructing table...
2026-05-25 15:06:53,118 [INFO]    MD 9: 8 results. Reconstructing table...
2026-05-25 15:06:53,303 [INFO]    MD 10: 8 results. Reconstructing table...
2026-05-25 15:06:53,628 [INFO]    MD 11: 8 results. Reconstructing table...
2026-05-25 15:06:53,852 [INFO]    MD 12: 8 results. Reconstructing table...
2026-05-25 15:06:54,122 [INFO]    MD 13: 8 results. Reconstructing table...
2026-05-25 15:06:54,324 [INFO]    MD 14: 8 results. Reconstructing table...
2026-05-25 15:06:54,570 [INFO]    MD 15: 8 results. Reconstructing table...
2026-05-25 15:06:54,776 [INFO]    MD 16: 8 results. Reconstructing table...
2026-05-25 15:06:54,976 [INFO]    MD 17: 8 results. Reconstructing table...
2026-05-25 15:06:55,228 [INFO]    MD 18: 8 results. Reconstructing table...
2026-05-25 15:06:55,461 [INFO]    MD 19: 8 results. Reconstructing table...
2026-05-25 15:06:55,686 [INFO]    MD 20: 8 results. Reconstructing table...
2026-05-25 15:06:56,021 [INFO]    MD 21: 8 results. Reconstructing table...
2026-05-25 15:06:56,283 [INFO]    MD 22: 8 results. Reconstructing table...
2026-05-25 15:06:56,489 [INFO]    MD 23: 8 results. Reconstructing table...
2026-05-25 15:06:56,691 [INFO]    MD 24: 8 results. Reconstructing table...
2026-05-25 15:06:56,882 [INFO]    MD 25: 8 results. Reconstructing table...
2026-05-25 15:06:57,128 [INFO]    MD 26: 8 results. Reconstructing table...
2026-05-25 15:06:57,418 [INFO]    MD 27: 8 results. Reconstructing table...
2026-05-25 15:06:57,615 [INFO]    MD 28: 8 results. Reconstructing table...
2026-05-25 15:06:57,790 [INFO]    MD 29: 8 results. Reconstructing table...
2026-05-25 15:06:57,982 [INFO]    MD 30: 8 results. Reconstructing table...
2026-05-25 15:06:58,007 [INFO] ✅ Finished processing VFLM 5125
2026-05-25 15:06:58,010 [INFO] Processing VFLM 5126 (vf:season:3092347)...
2026-05-25 15:06:58,245 [INFO]    MD 1: 8 results. Reconstructing table...
2026-05-25 15:06:58,415 [INFO]    MD 2: 8 results. Reconstructing table...
2026-05-25 15:06:58,665 [INFO]    MD 3: 8 results. Reconstructing table...
2026-05-25 15:06:58,880 [INFO]    MD 4: 8 results. Reconstructing table...
2026-05-25 15:06:59,126 [INFO]    MD 5: 8 results. Reconstructing table...
2026-05-25 15:06:59,373 [INFO]    MD 6: 8 results. Reconstructing table...
2026-05-25 15:06:59,622 [INFO]    MD 7: 8 results. Reconstructing table...
2026-05-25 15:06:59,855 [INFO]    MD 8: 8 results. Reconstructing table...
2026-05-25 15:07:00,100 [INFO]    MD 9: 8 results. Reconstructing table...
2026-05-25 15:07:00,392 [INFO]    MD 10: 8 results. Reconstructing table...
2026-05-25 15:07:00,600 [INFO]    MD 11: 8 results. Reconstructing table...
2026-05-25 15:07:00,802 [INFO]    MD 12: 8 results. Reconstructing table...
2026-05-25 15:07:01,007 [INFO]    MD 13: 8 results. Reconstructing table...
2026-05-25 15:07:01,228 [INFO]    MD 14: 8 results. Reconstructing table...
2026-05-25 15:07:01,461 [INFO]    MD 15: 8 results. Reconstructing table...
2026-05-25 15:07:01,677 [INFO]    MD 16: 8 results. Reconstructing table...
2026-05-25 15:07:01,910 [INFO]    MD 17: 8 results. Reconstructing table...
2026-05-25 15:07:02,188 [INFO]    MD 18: 8 results. Reconstructing table...
2026-05-25 15:07:02,436 [INFO]    MD 19: 8 results. Reconstructing table...
2026-05-25 15:07:02,671 [INFO]    MD 20: 8 results. Reconstructing table...
2026-05-25 15:07:02,851 [INFO]    MD 21: 8 results. Reconstructing table...
2026-05-25 15:07:03,050 [INFO]    MD 22: 8 results. Reconstructing table...
2026-05-25 15:07:03,284 [INFO]    MD 23: 8 results. Reconstructing table...
2026-05-25 15:07:03,474 [INFO]    MD 24: 8 results. Reconstructing table...
2026-05-25 15:07:03,664 [INFO]    MD 25: 8 results. Reconstructing table...
2026-05-25 15:07:03,861 [INFO]    MD 26: 8 results. Reconstructing table...
2026-05-25 15:07:04,064 [INFO]    MD 27: 8 results. Reconstructing table...
2026-05-25 15:07:04,296 [INFO]    MD 28: 8 results. Reconstructing table...
2026-05-25 15:07:04,568 [INFO]    MD 29: 8 results. Reconstructing table...
2026-05-25 15:07:04,748 [INFO]    MD 30: 8 results. Reconstructing table...
2026-05-25 15:07:04,756 [INFO] ✅ Finished processing VFLM 5126
2026-05-25 15:07:04,757 [INFO] Processing VFLM 5127 (vf:season:3092383)...
2026-05-25 15:07:04,938 [INFO]    MD 1: 8 results. Reconstructing table...
2026-05-25 15:07:05,171 [INFO]    MD 2: 8 results. Reconstructing table...
2026-05-25 15:07:05,406 [INFO]    MD 3: 8 results. Reconstructing table...
2026-05-25 15:07:05,609 [INFO]    MD 4: 8 results. Reconstructing table...
2026-05-25 15:07:05,888 [INFO]    MD 5: 8 results. Reconstructing table...
2026-05-25 15:07:06,172 [INFO]    MD 6: 8 results. Reconstructing table...
2026-05-25 15:07:06,490 [INFO]    MD 7: 8 results. Reconstructing table...
2026-05-25 15:07:06,740 [INFO]    MD 8: 8 results. Reconstructing table...
2026-05-25 15:07:07,055 [INFO]    MD 9: 8 results. Reconstructing table...
2026-05-25 15:07:07,300 [INFO]    MD 10: 8 results. Reconstructing table...
2026-05-25 15:07:07,502 [INFO]    MD 11: 8 results. Reconstructing table...
2026-05-25 15:07:07,694 [INFO]    MD 12: 8 results. Reconstructing table...
2026-05-25 15:07:07,885 [INFO]    MD 13: 8 results. Reconstructing table...
2026-05-25 15:07:08,132 [INFO]    MD 14: 8 results. Reconstructing table...
2026-05-25 15:07:08,422 [INFO]    MD 15: 8 results. Reconstructing table...
2026-05-25 15:07:08,773 [INFO]    MD 16: 8 results. Reconstructing table...
2026-05-25 15:07:08,951 [INFO]    MD 17: 8 results. Reconstructing table...
2026-05-25 15:07:09,136 [INFO]    MD 18: 8 results. Reconstructing table...
2026-05-25 15:07:09,378 [INFO]    MD 19: 8 results. Reconstructing table...
2026-05-25 15:07:09,567 [INFO]    MD 20: 8 results. Reconstructing table...
2026-05-25 15:07:09,748 [INFO]    MD 21: 8 results. Reconstructing table...
2026-05-25 15:07:09,952 [INFO]    MD 22: 8 results. Reconstructing table...
2026-05-25 15:07:10,186 [INFO]    MD 23: 8 results. Reconstructing table...
2026-05-25 15:07:10,502 [INFO]    MD 24: 8 results. Reconstructing table...
2026-05-25 15:07:10,711 [INFO]    MD 25: 8 results. Reconstructing table...
2026-05-25 15:07:10,963 [INFO]    MD 26: 8 results. Reconstructing table...
2026-05-25 15:07:11,169 [INFO]    MD 27: 8 results. Reconstructing table...
2026-05-25 15:07:11,439 [INFO]    MD 28: 8 results. Reconstructing table...
2026-05-25 15:07:11,678 [INFO]    MD 29: 8 results. Reconstructing table...
2026-05-25 15:07:11,917 [INFO]    MD 30: 8 results. Reconstructing table...
2026-05-25 15:07:11,926 [INFO] ✅ Finished processing VFLM 5127
2026-05-25 15:07:11,928 [INFO] Processing VFLM 5128 (vf:season:3092408)...
2026-05-25 15:07:12,135 [INFO]    MD 1: 8 results. Reconstructing table...
2026-05-25 15:07:12,350 [INFO]    MD 2: 8 results. Reconstructing table...
2026-05-25 15:07:12,571 [INFO]    MD 3: 8 results. Reconstructing table...
2026-05-25 15:07:12,790 [INFO]    MD 4: 8 results. Reconstructing table...
2026-05-25 15:07:13,057 [INFO]    MD 5: 8 results. Reconstructing table...
2026-05-25 15:07:13,294 [INFO]    MD 6: 8 results. Reconstructing table...
2026-05-25 15:07:13,566 [INFO]    MD 7: 8 results. Reconstructing table...
2026-05-25 15:07:13,744 [INFO]    MD 8: 8 results. Reconstructing table...
2026-05-25 15:07:13,941 [INFO]    MD 9: 8 results. Reconstructing table...
2026-05-25 15:07:14,192 [INFO]    MD 10: 8 results. Reconstructing table...
2026-05-25 15:07:14,387 [INFO]    MD 11: 8 results. Reconstructing table...
2026-05-25 15:07:14,606 [INFO]    MD 12: 8 results. Reconstructing table...
2026-05-25 15:07:14,782 [INFO]    MD 13: 8 results. Reconstructing table...
2026-05-25 15:07:14,973 [INFO]    MD 14: 8 results. Reconstructing table...
2026-05-25 15:07:15,186 [INFO]    MD 15: 8 results. Reconstructing table...
2026-05-25 15:07:15,453 [INFO]    MD 16: 8 results. Reconstructing table...
2026-05-25 15:07:15,808 [INFO]    MD 17: 8 results. Reconstructing table...
2026-05-25 15:07:16,018 [INFO]    MD 18: 8 results. Reconstructing table...
2026-05-25 15:07:16,241 [INFO]    MD 19: 8 results. Reconstructing table...
2026-05-25 15:07:16,451 [INFO]    MD 20: 8 results. Reconstructing table...
2026-05-25 15:07:16,682 [INFO]    MD 21: 8 results. Reconstructing table...
2026-05-25 15:07:16,869 [INFO]    MD 22: 8 results. Reconstructing table...
2026-05-25 15:07:17,148 [INFO]    MD 23: 8 results. Reconstructing table...
2026-05-25 15:07:17,393 [INFO]    MD 24: 8 results. Reconstructing table...
2026-05-25 15:07:17,611 [INFO]    MD 25: 8 results. Reconstructing table...
2026-05-25 15:07:17,815 [INFO]    MD 26: 8 results. Reconstructing table...
2026-05-25 15:07:18,033 [INFO]    MD 27: 8 results. Reconstructing table...
2026-05-25 15:07:18,277 [INFO]    MD 28: 8 results. Reconstructing table...
2026-05-25 15:07:18,504 [INFO]    MD 29: 8 results. Reconstructing table...
2026-05-25 15:07:18,807 [INFO]    MD 30: 8 results. Reconstructing table...
2026-05-25 15:07:18,815 [INFO] ✅ Finished processing VFLM 5128
2026-05-25 15:07:18,817 [INFO] Processing VFLM 5129 (vf:season:3092439)...
2026-05-25 15:07:19,122 [INFO]    MD 1: 8 results. Reconstructing table...
2026-05-25 15:07:19,374 [INFO]    MD 2: 8 results. Reconstructing table...
2026-05-25 15:07:19,608 [INFO]    MD 3: 8 results. Reconstructing table...
2026-05-25 15:07:19,794 [INFO]    MD 4: 8 results. Reconstructing table...
2026-05-25 15:07:20,033 [INFO]    MD 5: 8 results. Reconstructing table...
2026-05-25 15:07:20,232 [INFO]    MD 6: 8 results. Reconstructing table...
2026-05-25 15:07:20,457 [INFO]    MD 7: 8 results. Reconstructing table...
2026-05-25 15:07:20,641 [INFO]    MD 8: 8 results. Reconstructing table...
2026-05-25 15:07:20,845 [INFO]    MD 9: 8 results. Reconstructing table...
2026-05-25 15:07:21,073 [INFO]    MD 10: 8 results. Reconstructing table...
2026-05-25 15:07:21,282 [INFO]    MD 11: 8 results. Reconstructing table...
2026-05-25 15:07:21,493 [INFO]    MD 12: 8 results. Reconstructing table...
2026-05-25 15:07:21,756 [INFO]    MD 13: 8 results. Reconstructing table...
2026-05-25 15:07:21,939 [INFO]    MD 14: 8 results. Reconstructing table...
2026-05-25 15:07:22,119 [INFO]    MD 15: 8 results. Reconstructing table...
2026-05-25 15:07:22,411 [INFO]    MD 16: 8 results. Reconstructing table...
2026-05-25 15:07:22,730 [INFO]    MD 17: 8 results. Reconstructing table...
2026-05-25 15:07:22,938 [INFO]    MD 18: 8 results. Reconstructing table...
2026-05-25 15:07:23,249 [INFO]    MD 19: 8 results. Reconstructing table...
2026-05-25 15:07:23,456 [INFO]    MD 20: 8 results. Reconstructing table...
2026-05-25 15:07:23,937 [INFO]    MD 21: 8 results. Reconstructing table...
2026-05-25 15:07:24,194 [INFO]    MD 22: 8 results. Reconstructing table...
2026-05-25 15:07:24,420 [INFO]    MD 23: 8 results. Reconstructing table...
2026-05-25 15:07:24,622 [INFO]    MD 24: 8 results. Reconstructing table...
2026-05-25 15:07:24,808 [INFO]    MD 25: 8 results. Reconstructing table...
2026-05-25 15:07:24,985 [INFO]    MD 26: 8 results. Reconstructing table...
2026-05-25 15:07:25,254 [INFO]    MD 27: 8 results. Reconstructing table...
2026-05-25 15:07:25,442 [INFO]    MD 28: 8 results. Reconstructing table...
2026-05-25 15:07:25,649 [INFO]    MD 29: 8 results. Reconstructing table...
2026-05-25 15:07:25,854 [INFO]    MD 30: 8 results. Reconstructing table...
2026-05-25 15:07:25,859 [INFO] ✅ Finished processing VFLM 5129
2026-05-25 15:07:25,861 [INFO] Processing VFLM 5130 (vf:season:3092464)...
2026-05-25 15:07:26,036 [INFO]    MD 1: 8 results. Reconstructing table...
2026-05-25 15:07:26,249 [INFO]    MD 2: 8 results. Reconstructing table...
2026-05-25 15:07:26,442 [INFO]    MD 3: 8 results. Reconstructing table...
2026-05-25 15:07:26,690 [INFO]    MD 4: 8 results. Reconstructing table...
2026-05-25 15:07:26,882 [INFO]    MD 5: 8 results. Reconstructing table...
2026-05-25 15:07:27,185 [INFO]    MD 6: 8 results. Reconstructing table...
2026-05-25 15:07:27,468 [INFO]    MD 7: 8 results. Reconstructing table...
2026-05-25 15:07:27,683 [INFO]    MD 8: 8 results. Reconstructing table...
2026-05-25 15:07:27,868 [INFO]    MD 9: 8 results. Reconstructing table...
2026-05-25 15:07:28,046 [INFO]    MD 10: 8 results. Reconstructing table...
2026-05-25 15:07:28,256 [INFO]    MD 11: 8 results. Reconstructing table...
2026-05-25 15:07:28,477 [INFO]    MD 12: 8 results. Reconstructing table...
2026-05-25 15:07:28,659 [INFO]    MD 13: 8 results. Reconstructing table...
2026-05-25 15:07:28,834 [INFO]    MD 14: 8 results. Reconstructing table...
2026-05-25 15:07:29,035 [INFO]    MD 15: 8 results. Reconstructing table...
2026-05-25 15:07:29,312 [INFO]    MD 16: 8 results. Reconstructing table...
2026-05-25 15:07:29,476 [INFO]    MD 17: 8 results. Reconstructing table...
2026-05-25 15:07:29,666 [INFO]    MD 18: 8 results. Reconstructing table...
2026-05-25 15:07:29,862 [INFO]    MD 19: 8 results. Reconstructing table...
2026-05-25 15:07:30,109 [INFO]    MD 20: 8 results. Reconstructing table...
2026-05-25 15:07:30,331 [INFO]    MD 21: 8 results. Reconstructing table...
2026-05-25 15:07:30,516 [INFO]    MD 22: 8 results. Reconstructing table...
2026-05-25 15:07:30,703 [INFO]    MD 23: 8 results. Reconstructing table...
2026-05-25 15:07:30,870 [INFO]    MD 24: 8 results. Reconstructing table...
2026-05-25 15:07:31,087 [INFO]    MD 25: 8 results. Reconstructing table...
2026-05-25 15:07:31,288 [INFO]    MD 26: 8 results. Reconstructing table...
2026-05-25 15:07:31,495 [INFO]    MD 27: 8 results. Reconstructing table...
2026-05-25 15:07:31,669 [INFO]    MD 28: 8 results. Reconstructing table...
2026-05-25 15:07:31,858 [INFO]    MD 29: 8 results. Reconstructing table...
2026-05-25 15:07:32,044 [INFO]    MD 30: 8 results. Reconstructing table...
2026-05-25 15:07:32,050 [INFO] ✅ Finished processing VFLM 5130
2026-05-25 15:07:32,052 [INFO] Processing VFLM 5131 (vf:season:3092497)...
2026-05-25 15:07:32,312 [INFO]    MD 1: 8 results. Reconstructing table...
2026-05-25 15:07:32,518 [INFO]    MD 2: 8 results. Reconstructing table...
2026-05-25 15:07:32,735 [INFO]    MD 3: 8 results. Reconstructing table...
2026-05-25 15:07:32,982 [INFO]    MD 4: 8 results. Reconstructing table...
2026-05-25 15:07:33,293 [INFO]    MD 5: 8 results. Reconstructing table...
2026-05-25 15:07:33,502 [INFO]    MD 6: 8 results. Reconstructing table...
2026-05-25 15:07:33,745 [INFO]    MD 7: 8 results. Reconstructing table...
2026-05-25 15:07:33,936 [INFO]    MD 8: 8 results. Reconstructing table...
2026-05-25 15:07:34,123 [INFO]    MD 9: 8 results. Reconstructing table...
2026-05-25 15:07:34,329 [INFO]    MD 10: 8 results. Reconstructing table...
2026-05-25 15:07:34,529 [INFO]    MD 11: 8 results. Reconstructing table...
2026-05-25 15:07:34,736 [INFO]    MD 12: 8 results. Reconstructing table...
2026-05-25 15:07:34,939 [INFO]    MD 13: 8 results. Reconstructing table...
2026-05-25 15:07:35,171 [INFO]    MD 14: 8 results. Reconstructing table...
2026-05-25 15:07:35,371 [INFO]    MD 15: 8 results. Reconstructing table...
2026-05-25 15:07:35,597 [INFO]    MD 16: 8 results. Reconstructing table...
2026-05-25 15:07:35,797 [INFO]    MD 17: 8 results. Reconstructing table...
2026-05-25 15:07:36,009 [INFO]    MD 18: 8 results. Reconstructing table...
2026-05-25 15:07:36,294 [INFO]    MD 19: 8 results. Reconstructing table...
2026-05-25 15:07:36,522 [INFO]    MD 20: 8 results. Reconstructing table...
2026-05-25 15:07:36,698 [INFO]    MD 21: 8 results. Reconstructing table...
2026-05-25 15:07:36,895 [INFO]    MD 22: 8 results. Reconstructing table...
2026-05-25 15:07:37,107 [INFO]    MD 23: 8 results. Reconstructing table...
2026-05-25 15:07:37,312 [INFO]    MD 24: 8 results. Reconstructing table...
2026-05-25 15:07:37,516 [INFO]    MD 25: 8 results. Reconstructing table...
2026-05-25 15:07:37,735 [INFO]    MD 26: 8 results. Reconstructing table...
2026-05-25 15:07:37,921 [INFO]    MD 27: 8 results. Reconstructing table...
2026-05-25 15:07:38,140 [INFO]    MD 28: 8 results. Reconstructing table...
2026-05-25 15:07:38,341 [INFO]    MD 29: 8 results. Reconstructing table...
2026-05-25 15:07:38,579 [INFO]    MD 30: 8 results. Reconstructing table...
2026-05-25 15:07:38,587 [INFO] ✅ Finished processing VFLM 5131
2026-05-25 15:07:38,590 [INFO] Processing VFLM 5132 (vf:season:3092521)...
2026-05-25 15:07:38,772 [INFO]    MD 1: 8 results. Reconstructing table...
2026-05-25 15:07:38,974 [INFO]    MD 2: 8 results. Reconstructing table...
2026-05-25 15:07:39,163 [INFO]    MD 3: 8 results. Reconstructing table...
2026-05-25 15:07:39,343 [INFO]    MD 4: 8 results. Reconstructing table...
2026-05-25 15:07:39,526 [INFO]    MD 5: 8 results. Reconstructing table...
2026-05-25 15:07:39,713 [INFO]    MD 6: 8 results. Reconstructing table...
2026-05-25 15:07:39,876 [INFO]    MD 7: 8 results. Reconstructing table...
2026-05-25 15:07:40,071 [INFO]    MD 8: 8 results. Reconstructing table...
2026-05-25 15:07:40,354 [INFO]    MD 9: 8 results. Reconstructing table...
2026-05-25 15:07:40,515 [INFO]    MD 10: 8 results. Reconstructing table...
2026-05-25 15:07:40,685 [INFO]    MD 11: 8 results. Reconstructing table...
2026-05-25 15:07:40,901 [INFO]    MD 12: 8 results. Reconstructing table...
2026-05-25 15:07:41,074 [INFO]    MD 13: 8 results. Reconstructing table...
2026-05-25 15:07:41,390 [INFO]    MD 14: 8 results. Reconstructing table...
2026-05-25 15:07:41,570 [INFO]    MD 15: 8 results. Reconstructing table...
2026-05-25 15:07:41,735 [INFO]    MD 16: 8 results. Reconstructing table...
2026-05-25 15:07:41,911 [INFO]    MD 17: 8 results. Reconstructing table...
2026-05-25 15:07:42,092 [INFO]    MD 18: 8 results. Reconstructing table...
2026-05-25 15:07:42,261 [INFO]    MD 19: 8 results. Reconstructing table...
2026-05-25 15:07:42,416 [INFO]    MD 20: 8 results. Reconstructing table...
2026-05-25 15:07:42,586 [INFO]    MD 21: 8 results. Reconstructing table...
2026-05-25 15:07:42,743 [INFO]    MD 22: 8 results. Reconstructing table...
2026-05-25 15:07:42,929 [INFO]    MD 23: 8 results. Reconstructing table...
2026-05-25 15:07:43,119 [INFO]    MD 24: 8 results. Reconstructing table...
2026-05-25 15:07:43,297 [INFO]    MD 25: 8 results. Reconstructing table...
2026-05-25 15:07:43,460 [INFO]    MD 26: 8 results. Reconstructing table...
2026-05-25 15:07:43,629 [INFO]    MD 27: 8 results. Reconstructing table...
2026-05-25 15:07:43,827 [INFO]    MD 28: 8 results. Reconstructing table...
2026-05-25 15:07:44,013 [INFO]    MD 29: 8 results. Reconstructing table...
2026-05-25 15:07:44,267 [INFO]    MD 30: 8 results. Reconstructing table...
2026-05-25 15:07:44,299 [INFO] ✅ Finished processing VFLM 5132
2026-05-25 15:07:44,300 [INFO] Processing VFLM 5133 (vf:season:3092554)...
2026-05-25 15:07:44,472 [INFO]    MD 1: 8 results. Reconstructing table...
2026-05-25 15:07:44,642 [INFO]    MD 2: 8 results. Reconstructing table...
2026-05-25 15:07:44,833 [INFO]    MD 3: 8 results. Reconstructing table...
2026-05-25 15:07:45,033 [INFO]    MD 4: 8 results. Reconstructing table...
2026-05-25 15:07:45,394 [INFO]    MD 5: 8 results. Reconstructing table...
2026-05-25 15:07:45,585 [INFO]    MD 6: 8 results. Reconstructing table...
2026-05-25 15:07:45,751 [INFO]    MD 7: 8 results. Reconstructing table...
2026-05-25 15:07:45,936 [INFO]    MD 8: 8 results. Reconstructing table...
2026-05-25 15:07:46,157 [INFO]    MD 9: 8 results. Reconstructing table...
2026-05-25 15:07:46,338 [INFO]    MD 10: 8 results. Reconstructing table...
2026-05-25 15:07:46,514 [INFO]    MD 11: 8 results. Reconstructing table...
2026-05-25 15:07:46,725 [INFO]    MD 12: 8 results. Reconstructing table...
2026-05-25 15:07:46,893 [INFO]    MD 13: 8 results. Reconstructing table...
2026-05-25 15:07:47,087 [INFO]    MD 14: 8 results. Reconstructing table...
2026-05-25 15:07:47,285 [INFO]    MD 15: 8 results. Reconstructing table...
2026-05-25 15:07:47,494 [INFO]    MD 16: 8 results. Reconstructing table...
2026-05-25 15:07:47,675 [INFO]    MD 17: 8 results. Reconstructing table...
2026-05-25 15:07:47,841 [INFO]    MD 18: 8 results. Reconstructing table...
2026-05-25 15:07:48,029 [INFO]    MD 19: 8 results. Reconstructing table...
2026-05-25 15:07:48,233 [INFO]    MD 20: 8 results. Reconstructing table...
2026-05-25 15:07:48,428 [INFO]    MD 21: 8 results. Reconstructing table...
2026-05-25 15:07:48,626 [INFO]    MD 22: 8 results. Reconstructing table...
2026-05-25 15:07:48,799 [INFO]    MD 23: 8 results. Reconstructing table...
2026-05-25 15:07:48,960 [INFO]    MD 24: 8 results. Reconstructing table...
2026-05-25 15:07:49,143 [INFO]    MD 25: 8 results. Reconstructing table...
2026-05-25 15:07:49,299 [INFO]    MD 26: 8 results. Reconstructing table...
2026-05-25 15:07:49,466 [INFO]    MD 27: 8 results. Reconstructing table...
2026-05-25 15:07:49,628 [INFO]    MD 28: 8 results. Reconstructing table...
2026-05-25 15:07:49,793 [INFO]    MD 29: 8 results. Reconstructing table...
2026-05-25 15:07:49,951 [INFO]    MD 30: 8 results. Reconstructing table...
2026-05-25 15:07:49,959 [INFO] ✅ Finished processing VFLM 5133
2026-05-25 15:07:49,961 [INFO] Processing VFLM 5134 (vf:season:3092585)...
2026-05-25 15:07:50,121 [INFO]    MD 1: 8 results. Reconstructing table...
2026-05-25 15:07:50,308 [INFO]    MD 2: 8 results. Reconstructing table...
2026-05-25 15:07:50,491 [INFO]    MD 3: 8 results. Reconstructing table...
2026-05-25 15:07:50,668 [INFO]    MD 4: 8 results. Reconstructing table...
2026-05-25 15:07:50,837 [INFO]    MD 5: 8 results. Reconstructing table...
2026-05-25 15:07:51,046 [INFO]    MD 6: 8 results. Reconstructing table...
2026-05-25 15:07:51,225 [INFO]    MD 7: 8 results. Reconstructing table...
2026-05-25 15:07:51,391 [INFO]    MD 8: 8 results. Reconstructing table...
2026-05-25 15:07:51,563 [INFO]    MD 9: 8 results. Reconstructing table...
2026-05-25 15:07:51,729 [INFO]    MD 10: 8 results. Reconstructing table...
2026-05-25 15:07:51,899 [INFO]    MD 11: 8 results. Reconstructing table...
2026-05-25 15:07:52,067 [INFO]    MD 12: 8 results. Reconstructing table...
2026-05-25 15:07:52,256 [INFO]    MD 13: 8 results. Reconstructing table...
2026-05-25 15:07:52,431 [INFO]    MD 14: 8 results. Reconstructing table...
2026-05-25 15:07:52,626 [INFO]    MD 15: 8 results. Reconstructing table...
2026-05-25 15:07:52,793 [INFO]    MD 16: 8 results. Reconstructing table...
2026-05-25 15:07:52,968 [INFO]    MD 17: 8 results. Reconstructing table...
2026-05-25 15:07:53,130 [INFO]    MD 18: 8 results. Reconstructing table...
2026-05-25 15:07:53,304 [INFO]    MD 19: 8 results. Reconstructing table...
2026-05-25 15:07:53,458 [INFO]    MD 20: 8 results. Reconstructing table...
2026-05-25 15:07:53,906 [INFO]    MD 21: 8 results. Reconstructing table...
2026-05-25 15:07:54,075 [INFO]    MD 22: 8 results. Reconstructing table...
2026-05-25 15:07:54,253 [INFO]    MD 23: 8 results. Reconstructing table...
2026-05-25 15:07:54,407 [INFO]    MD 24: 8 results. Reconstructing table...
2026-05-25 15:07:54,576 [INFO]    MD 25: 8 results. Reconstructing table...
2026-05-25 15:07:54,737 [INFO]    MD 26: 8 results. Reconstructing table...
2026-05-25 15:07:54,891 [INFO]    MD 27: 8 results. Reconstructing table...
2026-05-25 15:07:55,045 [INFO]    MD 28: 8 results. Reconstructing table...
2026-05-25 15:07:55,256 [INFO]    MD 29: 8 results. Reconstructing table...
2026-05-25 15:07:55,428 [INFO]    MD 30: 8 results. Reconstructing table...
2026-05-25 15:07:55,440 [INFO] ✅ Finished processing VFLM 5134
2026-05-25 15:07:55,444 [INFO] Processing VFLM 5135 (vf:season:3092614)...
2026-05-25 15:07:55,623 [INFO]    MD 1: 8 results. Reconstructing table...
2026-05-25 15:07:55,800 [INFO]    MD 2: 8 results. Reconstructing table...
2026-05-25 15:07:55,965 [INFO]    MD 3: 8 results. Reconstructing table...
2026-05-25 15:07:56,131 [INFO]    MD 4: 8 results. Reconstructing table...
2026-05-25 15:07:56,306 [INFO]    MD 5: 8 results. Reconstructing table...
2026-05-25 15:07:56,473 [INFO]    MD 6: 8 results. Reconstructing table...
2026-05-25 15:07:56,666 [INFO]    MD 7: 8 results. Reconstructing table...
2026-05-25 15:07:56,859 [INFO]    MD 8: 8 results. Reconstructing table...
2026-05-25 15:07:57,023 [INFO]    MD 9: 8 results. Reconstructing table...
2026-05-25 15:07:57,238 [INFO]    MD 10: 8 results. Reconstructing table...
2026-05-25 15:07:57,419 [INFO]    MD 11: 8 results. Reconstructing table...
2026-05-25 15:07:57,601 [INFO]    MD 12: 8 results. Reconstructing table...
2026-05-25 15:07:57,785 [INFO]    MD 13: 8 results. Reconstructing table...
2026-05-25 15:07:57,948 [INFO]    MD 14: 8 results. Reconstructing table...
2026-05-25 15:07:58,146 [INFO]    MD 15: 8 results. Reconstructing table...
2026-05-25 15:07:58,310 [INFO]    MD 16: 8 results. Reconstructing table...
2026-05-25 15:07:58,487 [INFO]    MD 17: 8 results. Reconstructing table...
2026-05-25 15:07:58,678 [INFO]    MD 18: 8 results. Reconstructing table...
2026-05-25 15:07:58,839 [INFO]    MD 19: 8 results. Reconstructing table...
2026-05-25 15:07:59,012 [INFO]    MD 20: 8 results. Reconstructing table...
2026-05-25 15:07:59,183 [INFO]    MD 21: 8 results. Reconstructing table...
2026-05-25 15:07:59,349 [INFO]    MD 22: 8 results. Reconstructing table...
2026-05-25 15:07:59,542 [INFO]    MD 23: 8 results. Reconstructing table...
2026-05-25 15:07:59,734 [INFO]    MD 24: 8 results. Reconstructing table...
2026-05-25 15:07:59,922 [INFO]    MD 25: 8 results. Reconstructing table...
2026-05-25 15:08:00,146 [INFO]    MD 26: 8 results. Reconstructing table...
2026-05-25 15:08:00,311 [INFO]    MD 27: 8 results. Reconstructing table...
2026-05-25 15:08:00,501 [INFO]    MD 28: 8 results. Reconstructing table...
2026-05-25 15:08:00,682 [INFO]    MD 29: 8 results. Reconstructing table...
2026-05-25 15:08:00,847 [INFO]    MD 30: 8 results. Reconstructing table...
2026-05-25 15:08:00,853 [INFO] ✅ Finished processing VFLM 5135
2026-05-25 15:08:00,854 [INFO] Processing VFLM 5136 (vf:season:3092642)...
2026-05-25 15:08:01,018 [INFO]    MD 1: 8 results. Reconstructing table...
2026-05-25 15:08:01,207 [INFO]    MD 2: 8 results. Reconstructing table...
2026-05-25 15:08:01,393 [INFO]    MD 3: 8 results. Reconstructing table...
2026-05-25 15:08:01,581 [INFO]    MD 4: 8 results. Reconstructing table...
2026-05-25 15:08:01,760 [INFO]    MD 5: 8 results. Reconstructing table...
2026-05-25 15:08:01,937 [INFO]    MD 6: 8 results. Reconstructing table...
2026-05-25 15:08:02,129 [INFO]    MD 7: 8 results. Reconstructing table...
2026-05-25 15:08:02,319 [INFO]    MD 8: 8 results. Reconstructing table...
2026-05-25 15:08:02,497 [INFO]    MD 9: 8 results. Reconstructing table...
2026-05-25 15:08:02,691 [INFO]    MD 10: 8 results. Reconstructing table...
2026-05-25 15:08:02,944 [INFO]    MD 11: 8 results. Reconstructing table...
2026-05-25 15:08:03,116 [INFO]    MD 12: 8 results. Reconstructing table...
2026-05-25 15:08:03,313 [INFO]    MD 13: 8 results. Reconstructing table...
2026-05-25 15:08:03,467 [INFO]    MD 14: 8 results. Reconstructing table...
2026-05-25 15:08:03,642 [INFO]    MD 15: 8 results. Reconstructing table...
2026-05-25 15:08:03,817 [INFO]    MD 16: 8 results. Reconstructing table...
2026-05-25 15:08:03,990 [INFO]    MD 17: 8 results. Reconstructing table...
2026-05-25 15:08:04,255 [INFO]    MD 18: 8 results. Reconstructing table...
2026-05-25 15:08:04,460 [INFO]    MD 19: 8 results. Reconstructing table...
2026-05-25 15:08:04,654 [INFO]    MD 20: 8 results. Reconstructing table...
2026-05-25 15:08:04,832 [INFO]    MD 21: 8 results. Reconstructing table...
2026-05-25 15:08:05,014 [INFO]    MD 22: 8 results. Reconstructing table...
2026-05-25 15:08:05,216 [INFO]    MD 23: 8 results. Reconstructing table...
2026-05-25 15:08:05,413 [INFO]    MD 24: 8 results. Reconstructing table...
2026-05-25 15:08:05,607 [INFO]    MD 25: 8 results. Reconstructing table...
2026-05-25 15:08:05,784 [INFO]    MD 26: 8 results. Reconstructing table...
2026-05-25 15:08:05,964 [INFO]    MD 27: 8 results. Reconstructing table...
2026-05-25 15:08:06,149 [INFO]    MD 28: 8 results. Reconstructing table...
2026-05-25 15:08:06,322 [INFO]    MD 29: 8 results. Reconstructing table...
2026-05-25 15:08:06,499 [INFO]    MD 30: 8 results. Reconstructing table...
2026-05-25 15:08:06,505 [INFO] ✅ Finished processing VFLM 5136
2026-05-25 15:08:06,507 [INFO] Processing VFLM 5137 (vf:season:3092671)...
2026-05-25 15:08:06,687 [INFO]    MD 1: 8 results. Reconstructing table...
2026-05-25 15:08:06,882 [INFO]    MD 2: 8 results. Reconstructing table...
2026-05-25 15:08:07,059 [INFO]    MD 3: 8 results. Reconstructing table...
2026-05-25 15:08:07,256 [INFO]    MD 4: 8 results. Reconstructing table...
2026-05-25 15:08:07,436 [INFO]    MD 5: 8 results. Reconstructing table...
2026-05-25 15:08:07,611 [INFO]    MD 6: 8 results. Reconstructing table...
2026-05-25 15:08:07,799 [INFO]    MD 7: 8 results. Reconstructing table...
2026-05-25 15:08:07,997 [INFO]    MD 8: 8 results. Reconstructing table...
2026-05-25 15:08:08,176 [INFO]    MD 9: 8 results. Reconstructing table...
2026-05-25 15:08:08,337 [INFO]    MD 10: 8 results. Reconstructing table...
2026-05-25 15:08:08,514 [INFO]    MD 11: 8 results. Reconstructing table...
2026-05-25 15:08:08,696 [INFO]    MD 12: 8 results. Reconstructing table...
2026-05-25 15:08:08,898 [INFO]    MD 13: 8 results. Reconstructing table...
2026-05-25 15:08:09,094 [INFO]    MD 14: 8 results. Reconstructing table...
2026-05-25 15:08:09,267 [INFO]    MD 15: 8 results. Reconstructing table...
2026-05-25 15:08:09,455 [INFO]    MD 16: 8 results. Reconstructing table...
2026-05-25 15:08:09,620 [INFO]    MD 17: 8 results. Reconstructing table...
2026-05-25 15:08:09,809 [INFO]    MD 18: 8 results. Reconstructing table...
2026-05-25 15:08:09,968 [INFO]    MD 19: 8 results. Reconstructing table...
2026-05-25 15:08:10,146 [INFO]    MD 20: 8 results. Reconstructing table...
2026-05-25 15:08:10,318 [INFO]    MD 21: 8 results. Reconstructing table...
2026-05-25 15:08:10,476 [INFO]    MD 22: 8 results. Reconstructing table...
2026-05-25 15:08:10,661 [INFO]    MD 23: 8 results. Reconstructing table...
2026-05-25 15:08:10,846 [INFO]    MD 24: 8 results. Reconstructing table...
2026-05-25 15:08:11,035 [INFO]    MD 25: 8 results. Reconstructing table...
2026-05-25 15:08:11,206 [INFO]    MD 26: 8 results. Reconstructing table...
2026-05-25 15:08:11,380 [INFO]    MD 27: 8 results. Reconstructing table...
2026-05-25 15:08:11,552 [INFO]    MD 28: 8 results. Reconstructing table...
2026-05-25 15:08:11,725 [INFO]    MD 29: 8 results. Reconstructing table...
2026-05-25 15:08:11,913 [INFO]    MD 30: 8 results. Reconstructing table...
2026-05-25 15:08:11,922 [INFO] ✅ Finished processing VFLM 5137
2026-05-25 15:08:11,924 [INFO] Processing VFLM 5138 (vf:season:3092698)...
2026-05-25 15:08:12,121 [INFO]    MD 1: 8 results. Reconstructing table...
2026-05-25 15:08:12,304 [INFO]    MD 2: 8 results. Reconstructing table...
2026-05-25 15:08:12,495 [INFO]    MD 3: 8 results. Reconstructing table...
2026-05-25 15:08:12,788 [INFO]    MD 4: 8 results. Reconstructing table...
2026-05-25 15:08:12,999 [INFO]    MD 5: 8 results. Reconstructing table...
2026-05-25 15:08:13,186 [INFO]    MD 6: 8 results. Reconstructing table...
2026-05-25 15:08:13,356 [INFO]    MD 7: 8 results. Reconstructing table...
2026-05-25 15:08:13,531 [INFO]    MD 8: 8 results. Reconstructing table...
2026-05-25 15:08:13,709 [INFO]    MD 9: 8 results. Reconstructing table...
2026-05-25 15:08:13,883 [INFO]    MD 10: 8 results. Reconstructing table...
2026-05-25 15:08:14,053 [INFO]    MD 11: 8 results. Reconstructing table...
2026-05-25 15:08:14,440 [INFO]    MD 12: 8 results. Reconstructing table...
2026-05-25 15:08:14,596 [INFO]    MD 13: 8 results. Reconstructing table...
2026-05-25 15:08:14,848 [INFO]    MD 14: 8 results. Reconstructing table...
2026-05-25 15:08:15,117 [INFO]    MD 15: 8 results. Reconstructing table...
2026-05-25 15:08:15,283 [INFO]    MD 16: 8 results. Reconstructing table...
2026-05-25 15:08:15,451 [INFO]    MD 17: 8 results. Reconstructing table...
2026-05-25 15:08:15,665 [INFO]    MD 18: 8 results. Reconstructing table...
2026-05-25 15:08:15,902 [INFO]    MD 19: 8 results. Reconstructing table...
2026-05-25 15:08:16,077 [INFO]    MD 20: 8 results. Reconstructing table...
2026-05-25 15:08:16,326 [INFO]    MD 21: 8 results. Reconstructing table...
2026-05-25 15:08:16,513 [INFO]    MD 22: 8 results. Reconstructing table...
2026-05-25 15:08:16,713 [INFO]    MD 23: 8 results. Reconstructing table...
2026-05-25 15:08:16,872 [INFO]    MD 24: 8 results. Reconstructing table...
2026-05-25 15:08:17,078 [INFO]    MD 25: 8 results. Reconstructing table...
2026-05-25 15:08:17,341 [INFO]    MD 26: 8 results. Reconstructing table...
2026-05-25 15:08:17,522 [INFO]    MD 27: 8 results. Reconstructing table...
2026-05-25 15:08:17,714 [INFO]    MD 28: 8 results. Reconstructing table...
2026-05-25 15:08:17,891 [INFO]    MD 29: 8 results. Reconstructing table...
2026-05-25 15:08:18,074 [INFO]    MD 30: 8 results. Reconstructing table...
2026-05-25 15:08:18,095 [INFO] ✅ Finished processing VFLM 5138
2026-05-25 15:08:18,096 [INFO] Processing VFLM 5139 (vf:season:3092726)...
2026-05-25 15:08:18,276 [INFO]    MD 1: 8 results. Reconstructing table...
2026-05-25 15:08:18,442 [INFO]    MD 2: 8 results. Reconstructing table...
2026-05-25 15:08:18,623 [INFO]    MD 3: 8 results. Reconstructing table...
2026-05-25 15:08:18,789 [INFO]    MD 4: 8 results. Reconstructing table...
2026-05-25 15:08:18,959 [INFO]    MD 5: 8 results. Reconstructing table...
2026-05-25 15:08:19,126 [INFO]    MD 6: 8 results. Reconstructing table...
2026-05-25 15:08:19,314 [INFO]    MD 7: 8 results. Reconstructing table...
2026-05-25 15:08:19,518 [INFO]    MD 8: 8 results. Reconstructing table...
2026-05-25 15:08:19,692 [INFO]    MD 9: 8 results. Reconstructing table...
2026-05-25 15:08:19,929 [INFO]    MD 10: 8 results. Reconstructing table...
2026-05-25 15:08:20,148 [INFO]    MD 11: 8 results. Reconstructing table...
2026-05-25 15:08:20,384 [INFO]    MD 12: 8 results. Reconstructing table...
2026-05-25 15:08:20,588 [INFO]    MD 13: 8 results. Reconstructing table...
2026-05-25 15:08:20,795 [INFO]    MD 14: 8 results. Reconstructing table...
2026-05-25 15:08:20,997 [INFO]    MD 15: 8 results. Reconstructing table...
2026-05-25 15:08:21,239 [INFO]    MD 16: 8 results. Reconstructing table...
2026-05-25 15:08:21,444 [INFO]    MD 17: 8 results. Reconstructing table...
2026-05-25 15:08:21,630 [INFO]    MD 18: 8 results. Reconstructing table...
2026-05-25 15:08:21,788 [INFO]    MD 19: 8 results. Reconstructing table...
2026-05-25 15:08:21,979 [INFO]    MD 20: 8 results. Reconstructing table...
2026-05-25 15:08:22,153 [INFO]    MD 21: 8 results. Reconstructing table...
2026-05-25 15:08:22,362 [INFO]    MD 22: 8 results. Reconstructing table...
2026-05-25 15:08:22,549 [INFO]    MD 23: 8 results. Reconstructing table...
2026-05-25 15:08:22,788 [INFO]    MD 24: 8 results. Reconstructing table...
2026-05-25 15:08:22,976 [INFO]    MD 25: 8 results. Reconstructing table...
2026-05-25 15:08:23,210 [INFO]    MD 26: 8 results. Reconstructing table...
2026-05-25 15:08:23,389 [INFO]    MD 27: 8 results. Reconstructing table...
2026-05-25 15:08:23,578 [INFO]    MD 28: 8 results. Reconstructing table...
2026-05-25 15:08:23,785 [INFO]    MD 29: 8 results. Reconstructing table...
2026-05-25 15:08:23,958 [INFO]    MD 30: 8 results. Reconstructing table...
2026-05-25 15:08:23,964 [INFO] ✅ Finished processing VFLM 5139
2026-05-25 15:08:23,965 [INFO] Processing VFLM 5140 (vf:season:3092758)...
2026-05-25 15:08:24,151 [INFO]    MD 1: 8 results. Reconstructing table...
2026-05-25 15:08:24,392 [INFO]    MD 2: 8 results. Reconstructing table...
2026-05-25 15:08:24,634 [INFO]    MD 3: 8 results. Reconstructing table...
2026-05-25 15:08:25,009 [INFO]    MD 4: 8 results. Reconstructing table...
2026-05-25 15:08:25,217 [INFO]    MD 5: 8 results. Reconstructing table...
2026-05-25 15:08:25,535 [INFO]    MD 6: 8 results. Reconstructing table...
2026-05-25 15:08:25,809 [INFO]    MD 7: 8 results. Reconstructing table...
2026-05-25 15:08:25,968 [INFO]    MD 8: 8 results. Reconstructing table...
2026-05-25 15:08:26,256 [INFO]    MD 9: 8 results. Reconstructing table...
2026-05-25 15:08:26,445 [INFO]    MD 10: 8 results. Reconstructing table...
2026-05-25 15:08:26,693 [INFO]    MD 11: 8 results. Reconstructing table...
2026-05-25 15:08:26,908 [INFO]    MD 12: 8 results. Reconstructing table...
2026-05-25 15:08:27,129 [INFO]    MD 13: 8 results. Reconstructing table...
2026-05-25 15:08:27,324 [INFO]    MD 14: 8 results. Reconstructing table...
2026-05-25 15:08:27,485 [INFO]    MD 15: 8 results. Reconstructing table...
2026-05-25 15:08:27,695 [INFO]    MD 16: 8 results. Reconstructing table...
2026-05-25 15:08:27,880 [INFO]    MD 17: 8 results. Reconstructing table...
2026-05-25 15:08:28,053 [INFO]    MD 18: 8 results. Reconstructing table...
2026-05-25 15:08:28,235 [INFO]    MD 19: 8 results. Reconstructing table...
2026-05-25 15:08:28,411 [INFO]    MD 20: 8 results. Reconstructing table...
2026-05-25 15:08:28,610 [INFO]    MD 21: 8 results. Reconstructing table...
2026-05-25 15:08:28,838 [INFO]    MD 22: 8 results. Reconstructing table...
2026-05-25 15:08:29,005 [INFO]    MD 23: 8 results. Reconstructing table...
2026-05-25 15:08:29,173 [INFO]    MD 24: 8 results. Reconstructing table...
2026-05-25 15:08:29,363 [INFO]    MD 25: 8 results. Reconstructing table...
2026-05-25 15:08:29,535 [INFO]    MD 26: 8 results. Reconstructing table...
2026-05-25 15:08:29,698 [INFO]    MD 27: 8 results. Reconstructing table...
2026-05-25 15:08:29,897 [INFO]    MD 28: 8 results. Reconstructing table...
2026-05-25 15:08:30,205 [INFO]    MD 29: 8 results. Reconstructing table...
2026-05-25 15:08:30,393 [INFO]    MD 30: 8 results. Reconstructing table...
2026-05-25 15:08:30,410 [INFO] ✅ Finished processing VFLM 5140
2026-05-25 15:08:30,411 [INFO] Processing VFLM 5141 (vf:season:3092786)...
2026-05-25 15:08:30,583 [INFO]    MD 1: 8 results. Reconstructing table...
2026-05-25 15:08:30,775 [INFO]    MD 2: 8 results. Reconstructing table...
2026-05-25 15:08:30,948 [INFO]    MD 3: 8 results. Reconstructing table...
2026-05-25 15:08:31,150 [INFO]    MD 4: 8 results. Reconstructing table...
2026-05-25 15:08:31,333 [INFO]    MD 5: 8 results. Reconstructing table...
2026-05-25 15:08:31,696 [INFO]    MD 6: 8 results. Reconstructing table...
2026-05-25 15:08:31,917 [INFO]    MD 7: 8 results. Reconstructing table...
2026-05-25 15:08:32,301 [INFO]    MD 8: 8 results. Reconstructing table...
2026-05-25 15:08:32,475 [INFO]    MD 9: 8 results. Reconstructing table...
2026-05-25 15:08:32,676 [INFO]    MD 10: 8 results. Reconstructing table...
2026-05-25 15:08:32,921 [INFO]    MD 11: 8 results. Reconstructing table...
2026-05-25 15:08:33,179 [INFO]    MD 12: 8 results. Reconstructing table...
2026-05-25 15:08:33,352 [INFO]    MD 13: 8 results. Reconstructing table...
2026-05-25 15:08:33,522 [INFO]    MD 14: 8 results. Reconstructing table...
2026-05-25 15:08:33,699 [INFO]    MD 15: 8 results. Reconstructing table...
2026-05-25 15:08:33,907 [INFO]    MD 16: 8 results. Reconstructing table...
2026-05-25 15:08:34,078 [INFO]    MD 17: 8 results. Reconstructing table...
2026-05-25 15:08:34,240 [INFO]    MD 18: 8 results. Reconstructing table...
2026-05-25 15:08:34,420 [INFO]    MD 19: 8 results. Reconstructing table...
2026-05-25 15:08:34,610 [INFO]    MD 20: 8 results. Reconstructing table...
2026-05-25 15:08:34,796 [INFO]    MD 21: 8 results. Reconstructing table...
2026-05-25 15:08:34,982 [INFO]    MD 22: 8 results. Reconstructing table...
2026-05-25 15:08:35,259 [INFO]    MD 23: 8 results. Reconstructing table...
2026-05-25 15:08:35,453 [INFO]    MD 24: 8 results. Reconstructing table...
2026-05-25 15:08:35,681 [INFO]    MD 25: 8 results. Reconstructing table...
2026-05-25 15:08:35,861 [INFO]    MD 26: 8 results. Reconstructing table...
2026-05-25 15:08:36,052 [INFO]    MD 27: 8 results. Reconstructing table...
2026-05-25 15:08:36,261 [INFO]    MD 28: 8 results. Reconstructing table...
2026-05-25 15:08:36,451 [INFO]    MD 29: 8 results. Reconstructing table...
2026-05-25 15:08:36,962 [INFO]    MD 30: 8 results. Reconstructing table...
2026-05-25 15:08:36,968 [INFO] ✅ Finished processing VFLM 5141
2026-05-25 15:08:36,969 [INFO] Processing VFLM 5142 (vf:season:3092811)...
2026-05-25 15:08:37,184 [INFO]    MD 1: 8 results. Reconstructing table...
2026-05-25 15:08:37,433 [INFO]    MD 2: 8 results. Reconstructing table...
2026-05-25 15:08:37,606 [INFO]    MD 3: 8 results. Reconstructing table...
2026-05-25 15:08:37,812 [INFO]    MD 4: 8 results. Reconstructing table...
2026-05-25 15:08:38,013 [INFO]    MD 5: 8 results. Reconstructing table...
2026-05-25 15:08:38,200 [INFO]    MD 6: 8 results. Reconstructing table...
2026-05-25 15:08:38,507 [INFO]    MD 7: 8 results. Reconstructing table...
2026-05-25 15:08:38,692 [INFO]    MD 8: 8 results. Reconstructing table...
2026-05-25 15:08:38,885 [INFO]    MD 9: 8 results. Reconstructing table...
2026-05-25 15:08:39,070 [INFO]    MD 10: 8 results. Reconstructing table...
2026-05-25 15:08:39,261 [INFO]    MD 11: 8 results. Reconstructing table...
2026-05-25 15:08:39,454 [INFO]    MD 12: 8 results. Reconstructing table...
2026-05-25 15:08:39,650 [INFO]    MD 13: 8 results. Reconstructing table...
2026-05-25 15:08:39,829 [INFO]    MD 14: 8 results. Reconstructing table...
2026-05-25 15:08:40,071 [INFO]    MD 15: 8 results. Reconstructing table...
2026-05-25 15:08:40,305 [INFO]    MD 16: 8 results. Reconstructing table...
2026-05-25 15:08:40,482 [INFO]    MD 17: 8 results. Reconstructing table...
2026-05-25 15:08:40,661 [INFO]    MD 18: 8 results. Reconstructing table...
2026-05-25 15:08:40,825 [INFO]    MD 19: 8 results. Reconstructing table...
2026-05-25 15:08:41,062 [INFO]    MD 20: 8 results. Reconstructing table...
2026-05-25 15:08:41,304 [INFO]    MD 21: 8 results. Reconstructing table...
2026-05-25 15:08:41,484 [INFO]    MD 22: 8 results. Reconstructing table...
2026-05-25 15:08:41,677 [INFO]    MD 23: 8 results. Reconstructing table...
2026-05-25 15:08:41,855 [INFO]    MD 24: 8 results. Reconstructing table...
2026-05-25 15:08:42,067 [INFO]    MD 25: 8 results. Reconstructing table...
2026-05-25 15:08:42,256 [INFO]    MD 26: 8 results. Reconstructing table...
2026-05-25 15:08:42,425 [INFO]    MD 27: 8 results. Reconstructing table...
2026-05-25 15:08:42,606 [INFO]    MD 28: 8 results. Reconstructing table...
2026-05-25 15:08:42,787 [INFO]    MD 29: 8 results. Reconstructing table...
2026-05-25 15:08:42,961 [INFO]    MD 30: 8 results. Reconstructing table...
2026-05-25 15:08:42,968 [INFO] ✅ Finished processing VFLM 5142
2026-05-25 15:08:42,969 [INFO] Processing VFLM 5143 (vf:season:3092845)...
2026-05-25 15:08:43,143 [INFO]    MD 1: 8 results. Reconstructing table...
2026-05-25 15:08:43,297 [INFO]    MD 2: 8 results. Reconstructing table...
2026-05-25 15:08:43,472 [INFO]    MD 3: 8 results. Reconstructing table...
2026-05-25 15:08:43,644 [INFO]    MD 4: 8 results. Reconstructing table...
2026-05-25 15:08:43,839 [INFO]    MD 5: 8 results. Reconstructing table...
2026-05-25 15:08:44,013 [INFO]    MD 6: 8 results. Reconstructing table...
2026-05-25 15:08:44,225 [INFO]    MD 7: 8 results. Reconstructing table...
2026-05-25 15:08:44,392 [INFO]    MD 8: 8 results. Reconstructing table...
2026-05-25 15:08:44,570 [INFO]    MD 9: 8 results. Reconstructing table...
2026-05-25 15:08:44,737 [INFO]    MD 10: 8 results. Reconstructing table...
2026-05-25 15:08:44,939 [INFO]    MD 11: 8 results. Reconstructing table...
2026-05-25 15:08:45,214 [INFO]    MD 12: 8 results. Reconstructing table...
2026-05-25 15:08:45,390 [INFO]    MD 13: 8 results. Reconstructing table...
2026-05-25 15:08:45,580 [INFO]    MD 14: 8 results. Reconstructing table...
2026-05-25 15:08:45,765 [INFO]    MD 15: 8 results. Reconstructing table...
2026-05-25 15:08:45,931 [INFO]    MD 16: 8 results. Reconstructing table...
2026-05-25 15:08:46,110 [INFO]    MD 17: 8 results. Reconstructing table...
2026-05-25 15:08:46,297 [INFO]    MD 18: 8 results. Reconstructing table...
2026-05-25 15:08:46,485 [INFO]    MD 19: 8 results. Reconstructing table...
2026-05-25 15:08:46,662 [INFO]    MD 20: 8 results. Reconstructing table...
2026-05-25 15:08:46,830 [INFO]    MD 21: 8 results. Reconstructing table...
2026-05-25 15:08:47,009 [INFO]    MD 22: 8 results. Reconstructing table...
2026-05-25 15:08:47,194 [INFO]    MD 23: 8 results. Reconstructing table...
2026-05-25 15:08:47,353 [INFO]    MD 24: 8 results. Reconstructing table...
2026-05-25 15:08:47,536 [INFO]    MD 25: 8 results. Reconstructing table...
2026-05-25 15:08:47,727 [INFO]    MD 26: 8 results. Reconstructing table...
2026-05-25 15:08:47,914 [INFO]    MD 27: 8 results. Reconstructing table...
2026-05-25 15:08:48,094 [INFO]    MD 28: 8 results. Reconstructing table...
2026-05-25 15:08:48,343 [INFO]    MD 29: 8 results. Reconstructing table...
2026-05-25 15:08:48,538 [INFO]    MD 30: 8 results. Reconstructing table...
2026-05-25 15:08:48,547 [INFO] ✅ Finished processing VFLM 5143
2026-05-25 15:08:48,549 [INFO] Processing VFLM 5144 (vf:season:3092871)...
2026-05-25 15:08:48,718 [INFO]    MD 1: 8 results. Reconstructing table...
2026-05-25 15:08:48,879 [INFO]    MD 2: 8 results. Reconstructing table...
2026-05-25 15:08:49,114 [INFO]    MD 3: 8 results. Reconstructing table...
2026-05-25 15:08:49,280 [INFO]    MD 4: 8 results. Reconstructing table...
2026-05-25 15:08:49,447 [INFO]    MD 5: 8 results. Reconstructing table...
2026-05-25 15:08:49,607 [INFO]    MD 6: 8 results. Reconstructing table...
2026-05-25 15:08:49,790 [INFO]    MD 7: 8 results. Reconstructing table...
2026-05-25 15:08:49,958 [INFO]    MD 8: 8 results. Reconstructing table...
2026-05-25 15:08:50,154 [INFO]    MD 9: 8 results. Reconstructing table...
2026-05-25 15:08:50,433 [INFO]    MD 10: 8 results. Reconstructing table...
2026-05-25 15:08:50,611 [INFO]    MD 11: 8 results. Reconstructing table...
2026-05-25 15:08:50,794 [INFO]    MD 12: 8 results. Reconstructing table...
2026-05-25 15:08:50,975 [INFO]    MD 13: 8 results. Reconstructing table...
2026-05-25 15:08:51,163 [INFO]    MD 14: 8 results. Reconstructing table...
2026-05-25 15:08:51,447 [INFO]    MD 15: 8 results. Reconstructing table...
2026-05-25 15:08:51,630 [INFO]    MD 16: 8 results. Reconstructing table...
2026-05-25 15:08:51,800 [INFO]    MD 17: 8 results. Reconstructing table...
2026-05-25 15:08:51,967 [INFO]    MD 18: 8 results. Reconstructing table...
2026-05-25 15:08:52,147 [INFO]    MD 19: 8 results. Reconstructing table...
2026-05-25 15:08:52,356 [INFO]    MD 20: 8 results. Reconstructing table...
2026-05-25 15:08:52,526 [INFO]    MD 21: 8 results. Reconstructing table...
2026-05-25 15:08:52,697 [INFO]    MD 22: 8 results. Reconstructing table...
2026-05-25 15:08:52,874 [INFO]    MD 23: 8 results. Reconstructing table...
2026-05-25 15:08:53,070 [INFO]    MD 24: 8 results. Reconstructing table...
2026-05-25 15:08:53,236 [INFO]    MD 25: 8 results. Reconstructing table...
2026-05-25 15:08:53,393 [INFO]    MD 26: 8 results. Reconstructing table...
2026-05-25 15:08:53,580 [INFO]    MD 27: 8 results. Reconstructing table...
2026-05-25 15:08:53,752 [INFO]    MD 28: 8 results. Reconstructing table...
2026-05-25 15:08:53,917 [INFO]    MD 29: 8 results. Reconstructing table...
2026-05-25 15:08:54,094 [INFO]    MD 30: 8 results. Reconstructing table...
2026-05-25 15:08:54,109 [INFO] ✅ Finished processing VFLM 5144
2026-05-25 15:08:54,111 [INFO] 🏁 Deep Scan Complete.
