2026-06-10 10:33:47,556 [INFO] Loaded 20325 unique events from event_details
2026-06-10 10:33:47,556 [INFO] Migrating deep_markets id 1..3537303 in batches of 50000
2026-06-10 10:33:50,443 [INFO]   markets batch id<=50000: read 50000 rows (17321/s, ~50000 total read)
2026-06-10 10:33:53,244 [INFO]   markets batch id<=100000: read 50000 rows (17580/s, ~100000 total read)
2026-06-10 10:33:56,013 [INFO]   markets batch id<=150000: read 50000 rows (17738/s, ~150000 total read)
2026-06-10 10:33:58,803 [INFO]   markets batch id<=200000: read 50000 rows (17782/s, ~200000 total read)
2026-06-10 10:34:01,242 [INFO]   markets batch id<=250000: read 50000 rows (18267/s, ~250000 total read)
2026-06-10 10:34:03,599 [INFO]   markets batch id<=300000: read 50000 rows (18699/s, ~300000 total read)
2026-06-10 10:34:05,543 [INFO]   markets batch id<=350000: read 50000 rows (19459/s, ~350000 total read)
2026-06-10 10:34:07,530 [INFO]   markets batch id<=400000: read 50000 rows (20026/s, ~400000 total read)
2026-06-10 10:34:09,594 [INFO]   markets batch id<=450000: read 50000 rows (20419/s, ~450000 total read)
2026-06-10 10:34:11,545 [INFO]   markets batch id<=500000: read 50000 rows (20843/s, ~500000 total read)
2026-06-10 10:34:13,505 [INFO]   markets batch id<=550000: read 50000 rows (21196/s, ~550000 total read)
2026-06-10 10:34:15,524 [INFO]   markets batch id<=600000: read 50000 rows (21453/s, ~600000 total read)
2026-06-10 10:34:17,500 [INFO]   markets batch id<=650000: read 50000 rows (21707/s, ~650000 total read)
2026-06-10 10:34:19,533 [INFO]   markets batch id<=700000: read 50000 rows (21891/s, ~700000 total read)
2026-06-10 10:34:21,536 [INFO]   markets batch id<=750000: read 50000 rows (22072/s, ~750000 total read)
2026-06-10 10:34:23,682 [INFO]   markets batch id<=800000: read 50000 rows (22145/s, ~800000 total read)
2026-06-10 10:34:25,715 [INFO]   markets batch id<=850000: read 50000 rows (22275/s, ~850000 total read)
2026-06-10 10:34:27,725 [INFO]   markets batch id<=900000: read 50000 rows (22406/s, ~900000 total read)
2026-06-10 10:34:29,824 [INFO]   markets batch id<=950000: read 50000 rows (22476/s, ~950000 total read)
2026-06-10 10:34:31,945 [INFO]   markets batch id<=1000000: read 50000 rows (22528/s, ~1000000 total read)
2026-06-10 10:34:34,037 [INFO]   markets batch id<=1050000: read 50000 rows (22590/s, ~1050000 total read)
2026-06-10 10:34:36,234 [INFO]   markets batch id<=1100000: read 50000 rows (22598/s, ~1100000 total read)
2026-06-10 10:34:38,382 [INFO]   markets batch id<=1150000: read 50000 rows (22626/s, ~1150000 total read)
2026-06-10 10:34:40,447 [INFO]   markets batch id<=1200000: read 50000 rows (22688/s, ~1200000 total read)
2026-06-10 10:34:42,535 [INFO]   markets batch id<=1250000: read 50000 rows (22736/s, ~1250000 total read)
2026-06-10 10:34:44,583 [INFO]   markets batch id<=1300000: read 50000 rows (22796/s, ~1300000 total read)
2026-06-10 10:34:46,608 [INFO]   markets batch id<=1350000: read 50000 rows (22861/s, ~1350000 total read)
2026-06-10 10:34:48,591 [INFO]   markets batch id<=1400000: read 50000 rows (22938/s, ~1400000 total read)
2026-06-10 10:34:50,761 [INFO]   markets batch id<=1450000: read 50000 rows (22941/s, ~1450000 total read)
2026-06-10 10:34:52,824 [INFO]   markets batch id<=1500000: read 50000 rows (22982/s, ~1500000 total read)
2026-06-10 10:34:54,784 [INFO]   markets batch id<=1550000: read 50000 rows (23056/s, ~1550000 total read)
2026-06-10 10:34:56,837 [INFO]   markets batch id<=1600000: read 50000 rows (23094/s, ~1600000 total read)
2026-06-10 10:34:58,782 [INFO]   markets batch id<=1650000: read 50000 rows (23166/s, ~1650000 total read)
2026-06-10 10:35:00,788 [INFO]   markets batch id<=1700000: read 50000 rows (23214/s, ~1700000 total read)
2026-06-10 10:35:03,521 [INFO]   markets batch id<=1750000: read 50000 rows (23037/s, ~1750000 total read)
2026-06-10 10:35:06,374 [INFO]   markets batch id<=1800000: read 50000 rows (22837/s, ~1800000 total read)
2026-06-10 10:35:09,216 [INFO]   markets batch id<=1850000: read 50000 rows (22655/s, ~1850000 total read)
2026-06-10 10:35:12,081 [INFO]   markets batch id<=1900000: read 50000 rows (22479/s, ~1900000 total read)
2026-06-10 10:35:15,255 [INFO]   markets batch id<=1950000: read 50000 rows (22235/s, ~1950000 total read)
2026-06-10 10:35:18,210 [INFO]   markets batch id<=2000000: read 50000 rows (22062/s, ~2000000 total read)
2026-06-10 10:35:21,096 [INFO]   markets batch id<=2050000: read 50000 rows (21916/s, ~2050000 total read)
2026-06-10 10:35:24,148 [INFO]   markets batch id<=2100000: read 50000 rows (21741/s, ~2100000 total read)
2026-06-10 10:35:27,034 [INFO]   markets batch id<=2150000: read 50000 rows (21613/s, ~2150000 total read)
2026-06-10 10:35:30,051 [INFO]   markets batch id<=2200000: read 50000 rows (21464/s, ~2200000 total read)
2026-06-10 10:35:33,347 [INFO]   markets batch id<=2250000: read 50000 rows (21268/s, ~2250000 total read)
2026-06-10 10:35:36,597 [INFO]   markets batch id<=2300000: read 50000 rows (21093/s, ~2300000 total read)
2026-06-10 10:35:40,026 [INFO]   markets batch id<=2350000: read 50000 rows (20895/s, ~2350000 total read)
2026-06-10 10:35:42,982 [INFO]   markets batch id<=2400000: read 50000 rows (20793/s, ~2400000 total read)
2026-06-10 10:35:45,890 [INFO]   markets batch id<=2450000: read 50000 rows (20704/s, ~2450000 total read)
2026-06-10 10:35:48,958 [INFO]   markets batch id<=2500000: read 50000 rows (20593/s, ~2500000 total read)
2026-06-10 10:35:51,904 [INFO]   markets batch id<=2550000: read 50000 rows (20507/s, ~2550000 total read)
2026-06-10 10:35:54,849 [INFO]   markets batch id<=2600000: read 50000 rows (20425/s, ~2600000 total read)
2026-06-10 10:35:57,836 [INFO]   markets batch id<=2650000: read 50000 rows (20341/s, ~2650000 total read)
2026-06-10 10:36:00,745 [INFO]   markets batch id<=2700000: read 50000 rows (20272/s, ~2700000 total read)
2026-06-10 10:36:03,951 [INFO]   markets batch id<=2750000: read 50000 rows (20162/s, ~2750000 total read)
2026-06-10 10:36:06,860 [INFO]   markets batch id<=2800000: read 50000 rows (20100/s, ~2800000 total read)
2026-06-10 10:36:09,770 [INFO]   markets batch id<=2850000: read 50000 rows (20040/s, ~2850000 total read)
2026-06-10 10:36:12,804 [INFO]   markets batch id<=2900000: read 50000 rows (19966/s, ~2900000 total read)
2026-06-10 10:36:15,769 [INFO]   markets batch id<=2950000: read 50000 rows (19904/s, ~2950000 total read)
2026-06-10 10:36:18,964 [INFO]   markets batch id<=3000000: read 50000 rows (19814/s, ~3000000 total read)
2026-06-10 10:36:21,923 [INFO]   markets batch id<=3050000: read 50000 rows (19758/s, ~3050000 total read)
2026-06-10 10:36:25,079 [INFO]   markets batch id<=3100000: read 50000 rows (19680/s, ~3100000 total read)
2026-06-10 10:36:28,091 [INFO]   markets batch id<=3150000: read 50000 rows (19622/s, ~3150000 total read)
2026-06-10 10:36:30,999 [INFO]   markets batch id<=3200000: read 50000 rows (19579/s, ~3200000 total read)
2026-06-10 10:36:33,917 [INFO]   markets batch id<=3250000: read 50000 rows (19536/s, ~3250000 total read)
2026-06-10 10:36:36,958 [INFO]   markets batch id<=3300000: read 50000 rows (19480/s, ~3300000 total read)
2026-06-10 10:36:39,966 [INFO]   markets batch id<=3350000: read 50000 rows (19430/s, ~3350000 total read)
2026-06-10 10:36:43,141 [INFO]   markets batch id<=3400000: read 50000 rows (19364/s, ~3400000 total read)
2026-06-10 10:36:46,170 [INFO]   markets batch id<=3450000: read 50000 rows (19315/s, ~3450000 total read)
2026-06-10 10:36:49,310 [INFO]   markets batch id<=3500000: read 50000 rows (19257/s, ~3500000 total read)
2026-06-10 10:36:51,550 [INFO]   markets batch id<=3550000: read 37303 rows (19225/s, ~3537303 total read)
2026-06-10 10:36:51,550 [INFO] fixture_markets migration done: read 3537303 sqlite rows in 184.0s
2026-06-10 10:36:51,581 [INFO] PG fixture_details: 20373
2026-06-10 10:36:51,664 [INFO] PG fixture_markets: 2395147
2026-06-10 10:36:51,949 [INFO] PG fixture_markets events: 20373
2026-06-10 10:36:51,956 [INFO] PG vfl_results_v2: 77777
2026-06-10 10:36:51,956 [INFO] PG vfl_seasons: 330
2026-06-10 10:36:51,957 [INFO] Done.
