2026-06-15 14:03:07,030 [INFO] =========================================
2026-06-15 14:03:07,030 [INFO] 🤖 AUTONOMOUS VFL TAPE SNIPER ONLINE 🤖
2026-06-15 14:03:07,030 [INFO] =========================================
2026-06-15 14:03:07,236 [INFO] PostgreSQL connection pool initialized
2026-06-15 14:03:58,921 [INFO] ALERT: 🤖 Autonomous Sniper Online.
Initial MSport Balance: ₦NGN 565.00
Stake configured to ₦150 per matchday.
2026-06-15 14:03:59,751 [INFO] 
--- NEW LIVE SEASON: vf:season:3100694 ---
2026-06-15 14:45:12,408 [INFO] 
--- NEW LIVE SEASON: vf:season:3100725 ---
2026-06-15 14:45:13,847 [INFO] Waiting for MD1 results... (0/8)
2026-06-15 14:45:30,635 [INFO] Waiting for MD1 results... (0/8)
2026-06-15 14:45:46,192 [INFO] Waiting for MD1 results... (0/8)
2026-06-15 14:46:02,371 [INFO] Waiting for MD1 results... (0/8)
2026-06-15 14:46:18,930 [INFO] Waiting for MD1 results... (0/8)
2026-06-15 14:46:34,749 [INFO] Waiting for MD1 results... (0/8)
2026-06-15 14:46:50,465 [INFO] Waiting for MD1 results... (0/8)
2026-06-15 14:47:06,039 [INFO] Waiting for MD1 results... (0/8)
2026-06-15 14:47:22,141 [INFO] Waiting for MD1 results... (0/8)
2026-06-15 14:47:37,801 [INFO] Waiting for MD1 results... (0/8)
2026-06-15 14:47:53,382 [INFO] Waiting for MD1 results... (0/8)
2026-06-15 14:48:09,284 [INFO] Waiting for MD1 results... (0/8)
2026-06-15 14:48:25,638 [INFO] Waiting for MD1 results... (0/8)
2026-06-15 14:48:42,043 [INFO] Waiting for MD1 results... (0/8)
2026-06-15 14:48:57,700 [INFO] Waiting for MD1 results... (0/8)
2026-06-15 14:49:14,555 [INFO] Waiting for MD1 results... (0/8)
2026-06-15 14:49:30,836 [INFO] Waiting for MD1 results... (0/8)
2026-06-15 14:49:47,002 [INFO] Waiting for MD1 results... (0/8)
2026-06-15 14:50:04,189 [INFO] Waiting for MD1 results... (0/8)
2026-06-15 14:50:20,492 [INFO] Waiting for MD1 results... (0/8)
2026-06-15 14:50:36,208 [INFO] Waiting for MD1 results... (0/8)
2026-06-15 16:37:14,452 [INFO] 
--- NEW LIVE SEASON: vf:season:3100750 ---
2026-06-15 16:37:14,888 [INFO] Waiting for MD1 results... (0/8)
2026-06-15 16:37:30,630 [INFO] Waiting for MD1 results... (0/8)
2026-06-15 16:37:46,635 [INFO] Waiting for MD1 results... (0/8)
2026-06-15 16:38:02,537 [INFO] Waiting for MD1 results... (0/8)
2026-06-15 16:38:18,931 [INFO] Waiting for MD1 results... (0/8)
2026-06-15 16:38:34,754 [INFO] Waiting for MD1 results... (0/8)
2026-06-15 16:38:51,276 [INFO] Waiting for MD1 results... (0/8)
2026-06-15 16:39:06,986 [INFO] Waiting for MD1 results... (0/8)
2026-06-15 16:39:22,831 [INFO] Waiting for MD1 results... (0/8)
2026-06-15 16:39:38,567 [INFO] Waiting for MD1 results... (0/8)
2026-06-15 16:39:54,399 [INFO] Waiting for MD1 results... (0/8)
2026-06-15 16:40:10,696 [INFO] Waiting for MD1 results... (0/8)
2026-06-15 16:40:26,506 [INFO] Waiting for MD1 results... (0/8)
2026-06-15 16:40:42,214 [INFO] Waiting for MD1 results... (0/8)
2026-06-15 16:40:57,914 [INFO] Waiting for MD1 results... (0/8)
2026-06-15 16:41:14,060 [INFO] Waiting for MD1 results... (0/8)
2026-06-15 16:41:29,958 [INFO] Waiting for MD1 results... (0/8)
2026-06-15 16:41:46,117 [INFO] Waiting for MD1 results... (0/8)
2026-06-15 16:42:01,945 [INFO] Waiting for MD1 results... (0/8)
2026-06-15 16:42:18,487 [INFO] Waiting for MD1 results... (0/8)
2026-06-15 16:42:34,774 [INFO] Waiting for MD1 results... (0/8)
2026-06-15 16:52:34,817 [INFO] =========================================
2026-06-15 16:52:34,817 [INFO] 🤖 AUTONOMOUS VFL TAPE SNIPER ONLINE 🤖
2026-06-15 16:52:34,817 [INFO] =========================================
2026-06-15 16:52:35,024 [INFO] PostgreSQL connection pool initialized
2026-06-15 16:53:23,969 [INFO] ALERT: 🤖 Autonomous Sniper Online.
Initial MSport Balance: ₦NGN 565.00
Stake configured to ₦150 per matchday.
2026-06-15 16:53:25,363 [INFO] 
--- NEW LIVE SEASON: vf:season:3100750 ---
2026-06-15 17:11:53,099 [INFO] =========================================
2026-06-15 17:11:53,101 [INFO] 🤖 AUTONOMOUS VFL TAPE SNIPER ONLINE 🤖
2026-06-15 17:11:53,101 [INFO] =========================================
2026-06-15 17:11:53,172 [INFO] PostgreSQL connection pool initialized
2026-06-15 17:12:42,620 [INFO] ALERT: 🤖 Autonomous Sniper Online.
Initial MSport Balance: ₦NGN 565.00
Stake configured to ₦150 per matchday.
2026-06-15 17:12:43,399 [INFO] 
--- NEW LIVE SEASON: vf:season:3100750 ---
2026-06-15 17:12:43,399 [INFO] 👀 Polling MSport: Tracking Season vf:season:3100750 - MatchDay 10 Active.
2026-06-15 17:15:48,225 [INFO] 👀 Polling MSport: Tracking Season vf:season:3100750 - MatchDay 11 Active.
2026-06-15 17:19:39,081 [INFO] 👀 Polling MSport: Tracking Season vf:season:3100750 - MatchDay 12 Active.
2026-06-15 17:23:13,851 [INFO] 👀 Polling MSport: Tracking Season vf:season:3100750 - MatchDay 13 Active.
2026-06-15 17:26:51,331 [INFO] 👀 Polling MSport: Tracking Season vf:season:3100750 - MatchDay 14 Active.
2026-06-15 17:30:42,077 [INFO] 👀 Polling MSport: Tracking Season vf:season:3100750 - MatchDay 15 Active.
2026-06-15 17:34:27,547 [INFO] 👀 Polling MSport: Tracking Season vf:season:3100750 - MatchDay 16 Active.
2026-06-15 17:37:56,483 [INFO] 👀 Polling MSport: Tracking Season vf:season:3100750 - MatchDay 17 Active.
2026-06-15 17:41:32,462 [INFO] 👀 Polling MSport: Tracking Season vf:season:3100750 - MatchDay 18 Active.
2026-06-15 17:45:06,853 [INFO] 👀 Polling MSport: Tracking Season vf:season:3100750 - MatchDay 19 Active.
2026-06-15 17:48:56,599 [INFO] 👀 Polling MSport: Tracking Season vf:season:3100750 - MatchDay 20 Active.
2026-06-15 17:52:31,014 [INFO] 👀 Polling MSport: Tracking Season vf:season:3100750 - MatchDay 21 Active.
2026-06-15 17:56:05,954 [INFO] 👀 Polling MSport: Tracking Season vf:season:3100750 - MatchDay 22 Active.
2026-06-15 17:59:55,997 [INFO] 👀 Polling MSport: Tracking Season vf:season:3100750 - MatchDay 23 Active.
2026-06-15 18:03:30,904 [INFO] 👀 Polling MSport: Tracking Season vf:season:3100750 - MatchDay 24 Active.
2026-06-15 18:07:05,696 [INFO] 👀 Polling MSport: Tracking Season vf:season:3100750 - MatchDay 25 Active.
2026-06-15 18:10:55,943 [INFO] 👀 Polling MSport: Tracking Season vf:season:3100750 - MatchDay 26 Active.
2026-06-15 18:14:30,454 [INFO] 👀 Polling MSport: Tracking Season vf:season:3100750 - MatchDay 27 Active.
2026-06-15 18:18:04,890 [INFO] 👀 Polling MSport: Tracking Season vf:season:3100750 - MatchDay 28 Active.
2026-06-15 18:21:54,680 [INFO] 👀 Polling MSport: Tracking Season vf:season:3100750 - MatchDay 29 Active.
2026-06-15 18:25:29,140 [INFO] 👀 Polling MSport: Tracking Season vf:season:3100750 - MatchDay 30 Active.
2026-06-15 18:29:03,771 [INFO] 
--- NEW LIVE SEASON: vf:season:3100784 ---
2026-06-15 18:29:03,772 [INFO] 👀 Polling MSport: Tracking Season vf:season:3100784 - MatchDay 1 Active.
2026-06-15 18:29:05,089 [INFO] Waiting for MD1 results... (0/8)
2026-06-15 18:29:21,674 [INFO] Waiting for MD1 results... (0/8)
2026-06-15 18:29:37,905 [INFO] Waiting for MD1 results... (0/8)
2026-06-15 18:29:54,099 [INFO] Waiting for MD1 results... (0/8)
2026-06-15 18:30:09,947 [INFO] Waiting for MD1 results... (0/8)
2026-06-15 18:30:25,960 [INFO] Waiting for MD1 results... (0/8)
2026-06-15 18:30:41,959 [INFO] Waiting for MD1 results... (0/8)
2026-06-15 18:30:57,914 [INFO] Waiting for MD1 results... (0/8)
2026-06-15 18:31:14,114 [INFO] Waiting for MD1 results... (0/8)
2026-06-15 18:31:30,102 [INFO] Waiting for MD1 results... (0/8)
2026-06-15 18:31:45,996 [INFO] Waiting for MD1 results... (0/8)
2026-06-15 18:32:02,089 [INFO] Waiting for MD1 results... (0/8)
2026-06-15 18:32:18,842 [INFO] Waiting for MD1 results... (0/8)
2026-06-15 18:32:34,829 [INFO] Waiting for MD1 results... (0/8)
2026-06-15 18:32:51,656 [INFO] Waiting for MD1 results... (0/8)
2026-06-15 18:33:08,262 [INFO] Waiting for MD1 results... (0/8)
2026-06-15 18:33:24,695 [INFO] Waiting for MD1 results... (0/8)
2026-06-15 18:33:40,922 [INFO] Waiting for MD1 results... (0/8)
2026-06-15 18:33:57,073 [INFO] Waiting for MD1 results... (0/8)
2026-06-15 18:34:13,125 [INFO] Waiting for MD1 results... (0/8)
2026-06-15 18:34:29,724 [INFO] Waiting for MD1 results... (0/8)
2026-06-15 18:34:44,973 [INFO] 👀 Polling MSport: Tracking Season vf:season:3100784 - MatchDay 2 Active.
2026-06-15 18:38:34,651 [INFO] 👀 Polling MSport: Tracking Season vf:season:3100784 - MatchDay 3 Active.
2026-06-15 18:42:08,801 [INFO] 👀 Polling MSport: Tracking Season vf:season:3100784 - MatchDay 4 Active.
2026-06-15 18:45:58,416 [INFO] 👀 Polling MSport: Tracking Season vf:season:3100784 - MatchDay 5 Active.
2026-06-15 18:49:32,993 [INFO] 👀 Polling MSport: Tracking Season vf:season:3100784 - MatchDay 6 Active.
2026-06-15 18:53:07,476 [INFO] 👀 Polling MSport: Tracking Season vf:season:3100784 - MatchDay 7 Active.
2026-06-15 18:56:58,032 [INFO] 👀 Polling MSport: Tracking Season vf:season:3100784 - MatchDay 8 Active.
2026-06-15 19:00:32,773 [INFO] 👀 Polling MSport: Tracking Season vf:season:3100784 - MatchDay 9 Active.
2026-06-15 19:04:07,401 [INFO] 👀 Polling MSport: Tracking Season vf:season:3100784 - MatchDay 10 Active.
2026-06-15 19:07:57,141 [INFO] 👀 Polling MSport: Tracking Season vf:season:3100784 - MatchDay 11 Active.
2026-06-15 19:11:32,525 [INFO] 👀 Polling MSport: Tracking Season vf:season:3100784 - MatchDay 12 Active.
2026-06-15 19:15:07,212 [INFO] 👀 Polling MSport: Tracking Season vf:season:3100784 - MatchDay 13 Active.
2026-06-15 19:18:42,012 [INFO] 👀 Polling MSport: Tracking Season vf:season:3100784 - MatchDay 14 Active.
2026-06-15 19:22:31,978 [INFO] 👀 Polling MSport: Tracking Season vf:season:3100784 - MatchDay 15 Active.
2026-06-15 19:26:07,034 [INFO] 👀 Polling MSport: Tracking Season vf:season:3100784 - MatchDay 16 Active.
2026-06-15 19:29:57,325 [INFO] 👀 Polling MSport: Tracking Season vf:season:3100784 - MatchDay 17 Active.
2026-06-15 19:33:31,913 [INFO] 👀 Polling MSport: Tracking Season vf:season:3100784 - MatchDay 18 Active.
2026-06-15 19:37:06,045 [INFO] 👀 Polling MSport: Tracking Season vf:season:3100784 - MatchDay 19 Active.
2026-06-15 19:40:56,023 [INFO] 👀 Polling MSport: Tracking Season vf:season:3100784 - MatchDay 20 Active.
2026-06-15 19:44:30,677 [INFO] 👀 Polling MSport: Tracking Season vf:season:3100784 - MatchDay 21 Active.
2026-06-15 19:48:05,039 [INFO] 👀 Polling MSport: Tracking Season vf:season:3100784 - MatchDay 22 Active.
2026-06-15 19:51:54,652 [INFO] 👀 Polling MSport: Tracking Season vf:season:3100784 - MatchDay 23 Active.
2026-06-15 19:55:28,795 [INFO] 👀 Polling MSport: Tracking Season vf:season:3100784 - MatchDay 24 Active.
2026-06-15 19:59:18,545 [INFO] 👀 Polling MSport: Tracking Season vf:season:3100784 - MatchDay 25 Active.
2026-06-15 20:02:53,014 [INFO] 👀 Polling MSport: Tracking Season vf:season:3100784 - MatchDay 26 Active.
2026-06-15 20:06:27,782 [INFO] 👀 Polling MSport: Tracking Season vf:season:3100784 - MatchDay 27 Active.
2026-06-15 20:10:17,517 [INFO] 👀 Polling MSport: Tracking Season vf:season:3100784 - MatchDay 28 Active.
2026-06-15 20:13:51,949 [INFO] 👀 Polling MSport: Tracking Season vf:season:3100784 - MatchDay 29 Active.
2026-06-15 20:17:26,836 [INFO] 👀 Polling MSport: Tracking Season vf:season:3100784 - MatchDay 30 Active.
2026-06-15 20:21:16,668 [INFO] 
--- NEW LIVE SEASON: vf:season:3100809 ---
2026-06-15 20:21:16,671 [INFO] 👀 Polling MSport: Tracking Season vf:season:3100809 - MatchDay 1 Active.
2026-06-15 20:21:18,226 [INFO] Waiting for MD1 results... (0/8)
2026-06-15 20:21:34,485 [INFO] Waiting for MD1 results... (0/8)
2026-06-15 20:21:51,521 [INFO] Waiting for MD1 results... (0/8)
2026-06-15 20:22:07,727 [INFO] Waiting for MD1 results... (0/8)
2026-06-15 20:22:23,714 [INFO] Waiting for MD1 results... (0/8)
2026-06-15 20:22:40,371 [INFO] Waiting for MD1 results... (0/8)
2026-06-15 20:22:57,606 [INFO] Waiting for MD1 results... (0/8)
2026-06-15 20:23:17,101 [INFO] Waiting for MD1 results... (0/8)
2026-06-15 20:23:34,571 [INFO] Waiting for MD1 results... (0/8)
2026-06-15 20:23:50,803 [INFO] Waiting for MD1 results... (0/8)
2026-06-15 20:24:07,885 [INFO] Waiting for MD1 results... (0/8)
2026-06-15 20:24:24,330 [INFO] Waiting for MD1 results... (0/8)
2026-06-15 20:24:41,914 [INFO] Waiting for MD1 results... (0/8)
2026-06-15 20:24:58,079 [INFO] Waiting for MD1 results... (0/8)
2026-06-15 20:25:14,110 [INFO] Waiting for MD1 results... (0/8)
2026-06-15 20:25:30,824 [INFO] Waiting for MD1 results... (0/8)
2026-06-15 20:25:47,269 [INFO] Waiting for MD1 results... (0/8)
2026-06-15 20:26:04,182 [INFO] Waiting for MD1 results... (0/8)
2026-06-15 20:26:20,668 [INFO] Waiting for MD1 results... (0/8)
2026-06-15 20:26:37,530 [INFO] Waiting for MD1 results... (0/8)
2026-06-15 20:26:52,762 [INFO] 👀 Polling MSport: Tracking Season vf:season:3100809 - MatchDay 2 Active.
2026-06-15 20:30:27,841 [INFO] 👀 Polling MSport: Tracking Season vf:season:3100809 - MatchDay 3 Active.
2026-06-15 20:34:17,691 [INFO] 👀 Polling MSport: Tracking Season vf:season:3100809 - MatchDay 4 Active.
2026-06-15 20:37:54,221 [INFO] 👀 Polling MSport: Tracking Season vf:season:3100809 - MatchDay 5 Active.
2026-06-15 20:41:28,471 [INFO] 👀 Polling MSport: Tracking Season vf:season:3100809 - MatchDay 6 Active.
2026-06-15 20:45:03,270 [INFO] 👀 Polling MSport: Tracking Season vf:season:3100809 - MatchDay 7 Active.
2026-06-15 20:48:53,094 [INFO] 👀 Polling MSport: Tracking Season vf:season:3100809 - MatchDay 8 Active.
2026-06-15 20:52:27,411 [INFO] 👀 Polling MSport: Tracking Season vf:season:3100809 - MatchDay 9 Active.
2026-06-15 20:56:17,016 [INFO] 👀 Polling MSport: Tracking Season vf:season:3100809 - MatchDay 10 Active.
2026-06-15 20:59:51,505 [INFO] 👀 Polling MSport: Tracking Season vf:season:3100809 - MatchDay 11 Active.
2026-06-15 21:03:25,961 [INFO] 👀 Polling MSport: Tracking Season vf:season:3100809 - MatchDay 12 Active.
2026-06-15 21:07:15,452 [INFO] 👀 Polling MSport: Tracking Season vf:season:3100809 - MatchDay 13 Active.
2026-06-15 21:10:49,995 [INFO] 👀 Polling MSport: Tracking Season vf:season:3100809 - MatchDay 14 Active.
2026-06-15 21:14:24,335 [INFO] 👀 Polling MSport: Tracking Season vf:season:3100809 - MatchDay 15 Active.
2026-06-15 21:18:14,544 [INFO] 👀 Polling MSport: Tracking Season vf:season:3100809 - MatchDay 16 Active.
2026-06-15 21:21:48,968 [INFO] 👀 Polling MSport: Tracking Season vf:season:3100809 - MatchDay 17 Active.
2026-06-15 21:25:38,771 [INFO] 👀 Polling MSport: Tracking Season vf:season:3100809 - MatchDay 18 Active.
2026-06-15 21:29:13,452 [INFO] 👀 Polling MSport: Tracking Season vf:season:3100809 - MatchDay 19 Active.
2026-06-15 21:32:48,032 [INFO] 👀 Polling MSport: Tracking Season vf:season:3100809 - MatchDay 20 Active.
2026-06-15 21:36:37,441 [INFO] 👀 Polling MSport: Tracking Season vf:season:3100809 - MatchDay 21 Active.
2026-06-15 21:40:11,504 [INFO] 👀 Polling MSport: Tracking Season vf:season:3100809 - MatchDay 22 Active.
2026-06-15 21:43:45,717 [INFO] 👀 Polling MSport: Tracking Season vf:season:3100809 - MatchDay 23 Active.
2026-06-15 21:47:34,927 [INFO] 👀 Polling MSport: Tracking Season vf:season:3100809 - MatchDay 24 Active.
2026-06-15 21:51:08,966 [INFO] 👀 Polling MSport: Tracking Season vf:season:3100809 - MatchDay 25 Active.
2026-06-15 21:54:58,433 [INFO] 👀 Polling MSport: Tracking Season vf:season:3100809 - MatchDay 26 Active.
2026-06-15 21:58:32,837 [INFO] 👀 Polling MSport: Tracking Season vf:season:3100809 - MatchDay 27 Active.
2026-06-15 22:02:06,596 [INFO] 👀 Polling MSport: Tracking Season vf:season:3100809 - MatchDay 28 Active.
2026-06-15 22:05:55,076 [INFO] 👀 Polling MSport: Tracking Season vf:season:3100809 - MatchDay 29 Active.
2026-06-15 22:09:28,766 [INFO] 👀 Polling MSport: Tracking Season vf:season:3100809 - MatchDay 30 Active.
2026-06-15 22:13:17,437 [INFO] 
--- NEW LIVE SEASON: vf:season:3100840 ---
2026-06-15 22:13:17,438 [INFO] 👀 Polling MSport: Tracking Season vf:season:3100840 - MatchDay 1 Active.
2026-06-15 22:13:18,678 [INFO] Waiting for MD1 results... (0/8)
2026-06-15 22:13:34,851 [INFO] Waiting for MD1 results... (0/8)
2026-06-15 22:13:51,343 [INFO] Waiting for MD1 results... (0/8)
2026-06-15 22:14:07,253 [INFO] Waiting for MD1 results... (0/8)
2026-06-15 22:14:24,567 [INFO] Waiting for MD1 results... (0/8)
2026-06-15 22:14:40,860 [INFO] Waiting for MD1 results... (0/8)
2026-06-15 22:14:58,031 [INFO] Waiting for MD1 results... (0/8)
2026-06-15 22:15:14,304 [INFO] Waiting for MD1 results... (0/8)
2026-06-15 22:15:30,681 [INFO] Waiting for MD1 results... (0/8)
2026-06-15 22:15:46,542 [INFO] Waiting for MD1 results... (0/8)
2026-06-15 22:16:03,883 [INFO] Waiting for MD1 results... (0/8)
2026-06-15 22:16:33,351 [INFO] Waiting for MD1 results... (0/8)
2026-06-15 22:16:50,683 [INFO] Waiting for MD1 results... (0/8)
2026-06-15 22:17:10,176 [INFO] Waiting for MD1 results... (0/8)
2026-06-15 22:17:28,878 [INFO] Waiting for MD1 results... (0/8)
2026-06-15 22:17:44,980 [INFO] Waiting for MD1 results... (0/8)
2026-06-15 22:18:01,085 [INFO] Waiting for MD1 results... (0/8)
2026-06-15 22:18:17,232 [INFO] Waiting for MD1 results... (0/8)
2026-06-15 22:18:33,755 [INFO] Waiting for MD1 results... (0/8)
2026-06-15 22:18:48,915 [INFO] 👀 Polling MSport: Tracking Season vf:season:3100840 - MatchDay 2 Active.
2026-06-15 22:22:22,198 [INFO] 👀 Polling MSport: Tracking Season vf:season:3100840 - MatchDay 3 Active.
2026-06-15 22:26:10,720 [INFO] 👀 Polling MSport: Tracking Season vf:season:3100840 - MatchDay 4 Active.
2026-06-15 22:29:44,014 [INFO] 👀 Polling MSport: Tracking Season vf:season:3100840 - MatchDay 5 Active.
2026-06-15 22:33:32,209 [INFO] 👀 Polling MSport: Tracking Season vf:season:3100840 - MatchDay 6 Active.
2026-06-15 22:37:06,251 [INFO] 👀 Polling MSport: Tracking Season vf:season:3100840 - MatchDay 7 Active.
2026-06-15 22:40:54,464 [INFO] 👀 Polling MSport: Tracking Season vf:season:3100840 - MatchDay 8 Active.
2026-06-15 22:44:27,565 [INFO] 👀 Polling MSport: Tracking Season vf:season:3100840 - MatchDay 9 Active.
2026-06-15 22:48:16,041 [INFO] 👀 Polling MSport: Tracking Season vf:season:3100840 - MatchDay 10 Active.
2026-06-15 22:51:49,122 [INFO] 👀 Polling MSport: Tracking Season vf:season:3100840 - MatchDay 11 Active.
2026-06-15 22:55:37,649 [INFO] 👀 Polling MSport: Tracking Season vf:season:3100840 - MatchDay 12 Active.
2026-06-15 22:59:10,660 [INFO] 👀 Polling MSport: Tracking Season vf:season:3100840 - MatchDay 13 Active.
2026-06-15 23:02:44,524 [INFO] 👀 Polling MSport: Tracking Season vf:season:3100840 - MatchDay 14 Active.
2026-06-15 23:06:33,982 [INFO] 👀 Polling MSport: Tracking Season vf:season:3100840 - MatchDay 15 Active.
2026-06-15 23:10:07,192 [INFO] 👀 Polling MSport: Tracking Season vf:season:3100840 - MatchDay 16 Active.
2026-06-15 23:13:56,018 [INFO] 👀 Polling MSport: Tracking Season vf:season:3100840 - MatchDay 17 Active.
2026-06-15 23:17:30,258 [INFO] 👀 Polling MSport: Tracking Season vf:season:3100840 - MatchDay 18 Active.
2026-06-15 23:21:18,639 [INFO] 👀 Polling MSport: Tracking Season vf:season:3100840 - MatchDay 19 Active.
2026-06-15 23:24:52,318 [INFO] 👀 Polling MSport: Tracking Season vf:season:3100840 - MatchDay 20 Active.
2026-06-15 23:28:25,736 [INFO] 👀 Polling MSport: Tracking Season vf:season:3100840 - MatchDay 21 Active.
2026-06-15 23:32:15,123 [INFO] 👀 Polling MSport: Tracking Season vf:season:3100840 - MatchDay 22 Active.
2026-06-15 23:35:48,145 [INFO] 👀 Polling MSport: Tracking Season vf:season:3100840 - MatchDay 23 Active.
2026-06-15 23:39:36,245 [INFO] 👀 Polling MSport: Tracking Season vf:season:3100840 - MatchDay 24 Active.
2026-06-15 23:43:09,019 [INFO] 👀 Polling MSport: Tracking Season vf:season:3100840 - MatchDay 25 Active.
2026-06-15 23:46:57,554 [INFO] 👀 Polling MSport: Tracking Season vf:season:3100840 - MatchDay 26 Active.
2026-06-15 23:50:30,775 [INFO] 👀 Polling MSport: Tracking Season vf:season:3100840 - MatchDay 27 Active.
2026-06-15 23:54:19,605 [INFO] 👀 Polling MSport: Tracking Season vf:season:3100840 - MatchDay 28 Active.
2026-06-15 23:57:52,585 [INFO] 👀 Polling MSport: Tracking Season vf:season:3100840 - MatchDay 29 Active.
2026-06-16 00:01:26,469 [INFO] 👀 Polling MSport: Tracking Season vf:season:3100840 - MatchDay 30 Active.
2026-06-16 00:05:14,673 [INFO] 
--- NEW LIVE SEASON: vf:season:3100866 ---
2026-06-16 00:05:14,674 [INFO] 👀 Polling MSport: Tracking Season vf:season:3100866 - MatchDay 1 Active.
2026-06-16 00:05:15,820 [INFO] Waiting for MD1 results... (0/8)
2026-06-16 00:05:32,149 [INFO] Waiting for MD1 results... (0/8)
2026-06-16 00:05:47,855 [INFO] Waiting for MD1 results... (0/8)
2026-06-16 00:06:04,505 [INFO] Waiting for MD1 results... (0/8)
2026-06-16 00:06:20,280 [INFO] Waiting for MD1 results... (0/8)
2026-06-16 00:06:36,182 [INFO] Waiting for MD1 results... (0/8)
2026-06-16 00:06:52,562 [INFO] Waiting for MD1 results... (0/8)
2026-06-16 00:07:09,127 [INFO] Waiting for MD1 results... (0/8)
2026-06-16 00:07:25,642 [INFO] Waiting for MD1 results... (0/8)
2026-06-16 00:07:42,708 [INFO] Waiting for MD1 results... (0/8)
2026-06-16 00:07:59,685 [INFO] Waiting for MD1 results... (0/8)
2026-06-16 00:08:15,545 [INFO] Waiting for MD1 results... (0/8)
2026-06-16 00:08:31,941 [INFO] Waiting for MD1 results... (0/8)
2026-06-16 00:08:48,740 [INFO] Waiting for MD1 results... (0/8)
2026-06-16 00:09:04,776 [INFO] Waiting for MD1 results... (0/8)
2026-06-16 00:09:21,212 [INFO] Waiting for MD1 results... (0/8)
2026-06-16 00:09:37,619 [INFO] Waiting for MD1 results... (0/8)
2026-06-16 00:09:53,967 [INFO] Waiting for MD1 results... (0/8)
2026-06-16 00:10:09,980 [INFO] Waiting for MD1 results... (0/8)
2026-06-16 00:10:26,557 [INFO] Waiting for MD1 results... (0/8)
2026-06-16 00:10:42,384 [INFO] Waiting for MD1 results... (0/8)
2026-06-16 00:10:57,593 [INFO] 👀 Polling MSport: Tracking Season vf:season:3100866 - MatchDay 2 Active.
2026-06-16 00:14:30,645 [INFO] 👀 Polling MSport: Tracking Season vf:season:3100866 - MatchDay 3 Active.
2026-06-16 00:18:04,290 [INFO] 👀 Polling MSport: Tracking Season vf:season:3100866 - MatchDay 4 Active.
2026-06-16 00:21:52,653 [INFO] 👀 Polling MSport: Tracking Season vf:season:3100866 - MatchDay 5 Active.
2026-06-16 00:25:26,261 [INFO] 👀 Polling MSport: Tracking Season vf:season:3100866 - MatchDay 6 Active.
2026-06-16 00:29:14,640 [INFO] 👀 Polling MSport: Tracking Season vf:season:3100866 - MatchDay 7 Active.
2026-06-16 00:32:47,684 [INFO] 👀 Polling MSport: Tracking Season vf:season:3100866 - MatchDay 8 Active.
2026-06-16 00:36:35,962 [INFO] 👀 Polling MSport: Tracking Season vf:season:3100866 - MatchDay 9 Active.
2026-06-16 00:40:08,827 [INFO] 👀 Polling MSport: Tracking Season vf:season:3100866 - MatchDay 10 Active.
2026-06-16 00:43:56,979 [INFO] 👀 Polling MSport: Tracking Season vf:season:3100866 - MatchDay 11 Active.
2026-06-16 00:47:30,115 [INFO] 👀 Polling MSport: Tracking Season vf:season:3100866 - MatchDay 12 Active.
2026-06-16 00:51:18,241 [INFO] 👀 Polling MSport: Tracking Season vf:season:3100866 - MatchDay 13 Active.
2026-06-16 00:54:51,139 [INFO] 👀 Polling MSport: Tracking Season vf:season:3100866 - MatchDay 14 Active.
2026-06-16 00:58:39,133 [INFO] 👀 Polling MSport: Tracking Season vf:season:3100866 - MatchDay 15 Active.
2026-06-16 01:02:12,222 [INFO] 👀 Polling MSport: Tracking Season vf:season:3100866 - MatchDay 16 Active.
2026-06-16 01:06:00,301 [INFO] 👀 Polling MSport: Tracking Season vf:season:3100866 - MatchDay 17 Active.
2026-06-16 01:09:33,401 [INFO] 👀 Polling MSport: Tracking Season vf:season:3100866 - MatchDay 18 Active.
2026-06-16 01:13:06,900 [INFO] 👀 Polling MSport: Tracking Season vf:season:3100866 - MatchDay 19 Active.
2026-06-16 01:16:55,039 [INFO] 👀 Polling MSport: Tracking Season vf:season:3100866 - MatchDay 20 Active.
2026-06-16 01:20:28,275 [INFO] 👀 Polling MSport: Tracking Season vf:season:3100866 - MatchDay 21 Active.
2026-06-16 01:24:16,811 [INFO] 👀 Polling MSport: Tracking Season vf:season:3100866 - MatchDay 22 Active.
2026-06-16 01:27:49,880 [INFO] 👀 Polling MSport: Tracking Season vf:season:3100866 - MatchDay 23 Active.
2026-06-16 01:31:22,880 [INFO] 👀 Polling MSport: Tracking Season vf:season:3100866 - MatchDay 24 Active.
2026-06-16 01:35:11,087 [INFO] 👀 Polling MSport: Tracking Season vf:season:3100866 - MatchDay 25 Active.
2026-06-16 01:38:44,515 [INFO] 👀 Polling MSport: Tracking Season vf:season:3100866 - MatchDay 26 Active.
2026-06-16 01:42:32,705 [INFO] 👀 Polling MSport: Tracking Season vf:season:3100866 - MatchDay 27 Active.
2026-06-16 01:46:05,909 [INFO] 👀 Polling MSport: Tracking Season vf:season:3100866 - MatchDay 28 Active.
2026-06-16 01:49:54,125 [INFO] 👀 Polling MSport: Tracking Season vf:season:3100866 - MatchDay 29 Active.
2026-06-16 01:53:27,192 [INFO] 👀 Polling MSport: Tracking Season vf:season:3100866 - MatchDay 30 Active.
2026-06-16 01:57:15,738 [INFO] 
--- NEW LIVE SEASON: vf:season:3100896 ---
2026-06-16 01:57:15,739 [INFO] 👀 Polling MSport: Tracking Season vf:season:3100896 - MatchDay 1 Active.
2026-06-16 01:57:17,038 [INFO] Waiting for MD1 results... (0/8)
2026-06-16 01:57:32,983 [INFO] Waiting for MD1 results... (0/8)
2026-06-16 01:57:49,623 [INFO] Waiting for MD1 results... (0/8)
2026-06-16 01:58:05,759 [INFO] Waiting for MD1 results... (0/8)
2026-06-16 01:58:21,771 [INFO] Waiting for MD1 results... (0/8)
2026-06-16 01:58:37,764 [INFO] Waiting for MD1 results... (0/8)
2026-06-16 01:58:53,545 [INFO] Waiting for MD1 results... (0/8)
2026-06-16 01:59:09,720 [INFO] Waiting for MD1 results... (0/8)
2026-06-16 01:59:25,476 [INFO] Waiting for MD1 results... (0/8)
2026-06-16 01:59:41,695 [INFO] Waiting for MD1 results... (0/8)
2026-06-16 01:59:57,709 [INFO] Waiting for MD1 results... (0/8)
2026-06-16 02:00:14,647 [INFO] Waiting for MD1 results... (0/8)
2026-06-16 02:00:30,417 [INFO] Waiting for MD1 results... (0/8)
2026-06-16 02:00:46,243 [INFO] Waiting for MD1 results... (0/8)
2026-06-16 02:01:02,634 [INFO] Waiting for MD1 results... (0/8)
2026-06-16 02:01:18,607 [INFO] Waiting for MD1 results... (0/8)
2026-06-16 02:01:35,001 [INFO] Waiting for MD1 results... (0/8)
2026-06-16 02:01:51,127 [INFO] Waiting for MD1 results... (0/8)
2026-06-16 02:02:08,416 [INFO] Waiting for MD1 results... (0/8)
2026-06-16 02:02:25,082 [INFO] Waiting for MD1 results... (0/8)
2026-06-16 02:02:40,855 [INFO] Waiting for MD1 results... (0/8)
2026-06-16 02:02:56,103 [INFO] 👀 Polling MSport: Tracking Season vf:season:3100896 - MatchDay 2 Active.
2026-06-16 02:06:29,488 [INFO] 👀 Polling MSport: Tracking Season vf:season:3100896 - MatchDay 3 Active.
2026-06-16 02:10:18,619 [INFO] 👀 Polling MSport: Tracking Season vf:season:3100896 - MatchDay 4 Active.
2026-06-16 02:13:52,349 [INFO] 👀 Polling MSport: Tracking Season vf:season:3100896 - MatchDay 5 Active.
2026-06-16 02:17:26,052 [INFO] 👀 Polling MSport: Tracking Season vf:season:3100896 - MatchDay 6 Active.
2026-06-16 02:21:14,765 [INFO] 👀 Polling MSport: Tracking Season vf:season:3100896 - MatchDay 7 Active.
2026-06-16 02:24:47,932 [INFO] 👀 Polling MSport: Tracking Season vf:season:3100896 - MatchDay 8 Active.
2026-06-16 02:28:36,212 [INFO] 👀 Polling MSport: Tracking Season vf:season:3100896 - MatchDay 9 Active.
2026-06-16 02:32:09,829 [INFO] 👀 Polling MSport: Tracking Season vf:season:3100896 - MatchDay 10 Active.
2026-06-16 02:35:58,290 [INFO] 👀 Polling MSport: Tracking Season vf:season:3100896 - MatchDay 11 Active.
2026-06-16 02:39:31,625 [INFO] 👀 Polling MSport: Tracking Season vf:season:3100896 - MatchDay 12 Active.
2026-06-16 02:43:19,791 [INFO] 👀 Polling MSport: Tracking Season vf:season:3100896 - MatchDay 13 Active.
2026-06-16 02:46:52,714 [INFO] 👀 Polling MSport: Tracking Season vf:season:3100896 - MatchDay 14 Active.
2026-06-16 02:50:40,900 [INFO] 👀 Polling MSport: Tracking Season vf:season:3100896 - MatchDay 15 Active.
2026-06-16 02:54:13,778 [INFO] 👀 Polling MSport: Tracking Season vf:season:3100896 - MatchDay 16 Active.
2026-06-16 02:57:47,117 [INFO] 👀 Polling MSport: Tracking Season vf:season:3100896 - MatchDay 17 Active.
2026-06-16 03:01:35,612 [INFO] 👀 Polling MSport: Tracking Season vf:season:3100896 - MatchDay 18 Active.
2026-06-16 03:05:08,529 [INFO] 👀 Polling MSport: Tracking Season vf:season:3100896 - MatchDay 19 Active.
2026-06-16 03:08:41,878 [INFO] 👀 Polling MSport: Tracking Season vf:season:3100896 - MatchDay 20 Active.
2026-06-16 03:12:30,691 [INFO] 👀 Polling MSport: Tracking Season vf:season:3100896 - MatchDay 21 Active.
2026-06-16 03:16:03,955 [INFO] 👀 Polling MSport: Tracking Season vf:season:3100896 - MatchDay 22 Active.
2026-06-16 03:19:52,080 [INFO] 👀 Polling MSport: Tracking Season vf:season:3100896 - MatchDay 23 Active.
2026-06-16 03:23:25,232 [INFO] 👀 Polling MSport: Tracking Season vf:season:3100896 - MatchDay 24 Active.
2026-06-16 03:27:14,115 [INFO] 👀 Polling MSport: Tracking Season vf:season:3100896 - MatchDay 25 Active.
2026-06-16 03:30:47,446 [INFO] 👀 Polling MSport: Tracking Season vf:season:3100896 - MatchDay 26 Active.
2026-06-16 03:34:36,013 [INFO] 👀 Polling MSport: Tracking Season vf:season:3100896 - MatchDay 27 Active.
2026-06-16 03:38:08,922 [INFO] 👀 Polling MSport: Tracking Season vf:season:3100896 - MatchDay 28 Active.
2026-06-16 03:41:57,015 [INFO] 👀 Polling MSport: Tracking Season vf:season:3100896 - MatchDay 29 Active.
2026-06-16 03:45:29,925 [INFO] 👀 Polling MSport: Tracking Season vf:season:3100896 - MatchDay 30 Active.
2026-06-16 03:49:18,419 [INFO] 
--- NEW LIVE SEASON: vf:season:3100924 ---
2026-06-16 03:49:18,419 [INFO] 👀 Polling MSport: Tracking Season vf:season:3100924 - MatchDay 1 Active.
2026-06-16 03:49:19,961 [INFO] Waiting for MD1 results... (0/8)
2026-06-16 03:49:36,506 [INFO] Waiting for MD1 results... (0/8)
2026-06-16 03:49:52,647 [INFO] Waiting for MD1 results... (0/8)
2026-06-16 03:50:08,372 [INFO] Waiting for MD1 results... (0/8)
2026-06-16 03:50:24,089 [INFO] Waiting for MD1 results... (0/8)
2026-06-16 03:50:39,837 [INFO] Waiting for MD1 results... (0/8)
2026-06-16 03:50:55,991 [INFO] Waiting for MD1 results... (0/8)
2026-06-16 03:51:12,898 [INFO] Waiting for MD1 results... (0/8)
2026-06-16 03:51:28,791 [INFO] Waiting for MD1 results... (0/8)
2026-06-16 03:51:44,522 [INFO] Waiting for MD1 results... (0/8)
2026-06-16 03:52:00,400 [INFO] Waiting for MD1 results... (0/8)
2026-06-16 03:52:16,755 [INFO] Waiting for MD1 results... (0/8)
2026-06-16 03:52:32,929 [INFO] Waiting for MD1 results... (0/8)
2026-06-16 03:52:49,028 [INFO] Waiting for MD1 results... (0/8)
2026-06-16 03:53:06,207 [INFO] Waiting for MD1 results... (0/8)
2026-06-16 03:53:22,324 [INFO] Waiting for MD1 results... (0/8)
2026-06-16 03:53:38,331 [INFO] Waiting for MD1 results... (0/8)
2026-06-16 03:53:54,222 [INFO] Waiting for MD1 results... (0/8)
2026-06-16 03:54:10,083 [INFO] Waiting for MD1 results... (0/8)
2026-06-16 03:54:25,989 [INFO] Waiting for MD1 results... (0/8)
2026-06-16 03:54:41,800 [INFO] Waiting for MD1 results... (0/8)
2026-06-16 03:54:57,021 [INFO] 👀 Polling MSport: Tracking Season vf:season:3100924 - MatchDay 2 Active.
2026-06-16 03:58:29,946 [INFO] 👀 Polling MSport: Tracking Season vf:season:3100924 - MatchDay 3 Active.
2026-06-16 04:02:18,449 [INFO] 👀 Polling MSport: Tracking Season vf:season:3100924 - MatchDay 4 Active.
2026-06-16 04:05:51,774 [INFO] 👀 Polling MSport: Tracking Season vf:season:3100924 - MatchDay 5 Active.
2026-06-16 04:09:24,984 [INFO] 👀 Polling MSport: Tracking Season vf:season:3100924 - MatchDay 6 Active.
2026-06-16 04:13:13,176 [INFO] 👀 Polling MSport: Tracking Season vf:season:3100924 - MatchDay 7 Active.
2026-06-16 04:16:46,708 [INFO] 👀 Polling MSport: Tracking Season vf:season:3100924 - MatchDay 8 Active.
2026-06-16 04:20:35,327 [INFO] 👀 Polling MSport: Tracking Season vf:season:3100924 - MatchDay 9 Active.
2026-06-16 04:24:06,000 [INFO] 👀 Polling MSport: Tracking Season vf:season:3100924 - MatchDay 10 Active.
2026-06-16 04:28:06,492 [INFO] 👀 Polling MSport: Tracking Season vf:season:3100924 - MatchDay 11 Active.
2026-06-16 04:31:26,391 [INFO] 👀 Polling MSport: Tracking Season vf:season:3100924 - MatchDay 12 Active.
2026-06-16 04:35:03,355 [INFO] 👀 Polling MSport: Tracking Season vf:season:3100924 - MatchDay 13 Active.
2026-06-16 04:38:49,874 [INFO] 👀 Polling MSport: Tracking Season vf:season:3100924 - MatchDay 14 Active.
2026-06-16 04:42:34,868 [INFO] 👀 Polling MSport: Tracking Season vf:season:3100924 - MatchDay 15 Active.
2026-06-16 04:46:14,039 [INFO] 👀 Polling MSport: Tracking Season vf:season:3100924 - MatchDay 16 Active.
2026-06-16 04:50:36,955 [INFO] 👀 Polling MSport: Tracking Season vf:season:3100924 - MatchDay 17 Active.
2026-06-16 04:53:46,862 [INFO] 👀 Polling MSport: Tracking Season vf:season:3100924 - MatchDay 18 Active.
2026-06-16 04:58:05,459 [INFO] 👀 Polling MSport: Tracking Season vf:season:3100924 - MatchDay 19 Active.
2026-06-16 05:02:31,204 [INFO] 👀 Polling MSport: Tracking Season vf:season:3100924 - MatchDay 20 Active.
2026-06-16 06:18:51,294 [INFO] 
--- NEW LIVE SEASON: vf:season:3100955 ---
2026-06-16 06:18:53,312 [INFO] 👀 Polling MSport: Tracking Season vf:season:3100955 - MatchDay 10 Active.
2026-06-16 06:22:19,747 [INFO] 👀 Polling MSport: Tracking Season vf:season:3100955 - MatchDay 11 Active.
2026-06-16 06:23:25,632 [INFO] 👀 Polling MSport: Tracking Season vf:season:3100955 - MatchDay 12 Active.
2026-06-16 07:24:31,826 [INFO] 👀 Polling MSport: Tracking Season vf:season:3100955 - MatchDay 28 Active.
2026-06-16 07:25:55,895 [INFO] 👀 Polling MSport: Tracking Season vf:season:3100955 - MatchDay 29 Active.
2026-06-16 07:29:43,906 [INFO] 👀 Polling MSport: Tracking Season vf:season:3100955 - MatchDay 30 Active.
2026-06-16 08:17:17,906 [INFO] =========================================
2026-06-16 08:17:17,907 [INFO] 🤖 AUTONOMOUS VFL TAPE SNIPER ONLINE 🤖
2026-06-16 08:17:17,907 [INFO] =========================================
2026-06-16 08:17:18,080 [INFO] PostgreSQL connection pool initialized
2026-06-16 08:18:08,052 [INFO] ALERT: 🤖 Autonomous Sniper Online.
Initial MSport Balance: ₦NGN 525.00
Stake configured to ₦150 per matchday.
2026-06-16 08:18:09,050 [INFO] 
--- NEW LIVE SEASON: vf:season:3100985 ---
2026-06-16 08:18:09,051 [INFO] 👀 Polling MSport: Tracking Season vf:season:3100985 - MatchDay 12 Active.
2026-06-16 08:19:09,937 [INFO] 👀 Polling MSport: Tracking Season vf:season:3100985 - MatchDay 13 Active.
2026-06-16 08:22:58,160 [INFO] 👀 Polling MSport: Tracking Season vf:season:3100985 - MatchDay 14 Active.
2026-06-16 08:26:31,036 [INFO] 👀 Polling MSport: Tracking Season vf:season:3100985 - MatchDay 15 Active.
2026-06-16 08:30:04,462 [INFO] 👀 Polling MSport: Tracking Season vf:season:3100985 - MatchDay 16 Active.
2026-06-16 08:30:42,898 [INFO] =========================================
2026-06-16 08:30:42,898 [INFO] 🤖 AUTONOMOUS VFL TAPE SNIPER ONLINE 🤖
2026-06-16 08:30:42,898 [INFO] =========================================
2026-06-16 08:30:42,917 [INFO] PostgreSQL connection pool initialized
2026-06-16 08:30:48,639 [INFO] ALERT: 🤖 Autonomous Sniper Online.
Initial MSport Balance: ₦NGN 525.00
Stake configured to ₦150 per matchday.
2026-06-16 08:30:49,180 [INFO] 
--- NEW LIVE SEASON: vf:season:3100985 ---
2026-06-16 08:30:49,180 [INFO] 👀 Polling MSport: Tracking Season vf:season:3100985 - MatchDay 16 Active.
2026-06-16 08:30:49,803 [INFO] 🎯 Fetched MD1 results directly from MSport API (DB Fallback).
2026-06-16 08:33:52,666 [INFO] 👀 Polling MSport: Tracking Season vf:season:3100985 - MatchDay 17 Active.
2026-06-16 08:37:25,637 [INFO] 👀 Polling MSport: Tracking Season vf:season:3100985 - MatchDay 18 Active.
2026-06-16 08:41:13,945 [INFO] 👀 Polling MSport: Tracking Season vf:season:3100985 - MatchDay 19 Active.
2026-06-16 08:44:46,919 [INFO] 👀 Polling MSport: Tracking Season vf:season:3100985 - MatchDay 20 Active.
2026-06-16 08:48:35,047 [INFO] 👀 Polling MSport: Tracking Season vf:season:3100985 - MatchDay 21 Active.
2026-06-16 08:52:07,978 [INFO] 👀 Polling MSport: Tracking Season vf:season:3100985 - MatchDay 22 Active.
2026-06-16 08:55:55,975 [INFO] 👀 Polling MSport: Tracking Season vf:season:3100985 - MatchDay 23 Active.
2026-06-16 08:59:29,424 [INFO] 👀 Polling MSport: Tracking Season vf:season:3100985 - MatchDay 24 Active.
2026-06-16 09:03:02,413 [INFO] 👀 Polling MSport: Tracking Season vf:season:3100985 - MatchDay 25 Active.
2026-06-16 09:06:51,048 [INFO] 👀 Polling MSport: Tracking Season vf:season:3100985 - MatchDay 26 Active.
2026-06-16 09:10:24,574 [INFO] 👀 Polling MSport: Tracking Season vf:season:3100985 - MatchDay 27 Active.
2026-06-16 09:14:12,832 [INFO] 👀 Polling MSport: Tracking Season vf:season:3100985 - MatchDay 28 Active.
2026-06-16 09:17:46,023 [INFO] 👀 Polling MSport: Tracking Season vf:season:3100985 - MatchDay 29 Active.
2026-06-16 09:21:34,244 [INFO] 👀 Polling MSport: Tracking Season vf:season:3100985 - MatchDay 30 Active.
2026-06-16 09:25:07,972 [INFO] 
--- NEW LIVE SEASON: vf:season:3101012 ---
2026-06-16 09:25:07,972 [INFO] 👀 Polling MSport: Tracking Season vf:season:3101012 - MatchDay 1 Active.
2026-06-16 09:25:08,984 [INFO] Waiting for MD1 results... (0/8)
2026-06-16 09:25:25,164 [INFO] Waiting for MD1 results... (0/8)
2026-06-16 09:25:41,119 [INFO] Waiting for MD1 results... (0/8)
2026-06-16 09:25:57,330 [INFO] Waiting for MD1 results... (0/8)
2026-06-16 09:26:13,066 [INFO] Waiting for MD1 results... (0/8)
2026-06-16 09:26:28,898 [INFO] Waiting for MD1 results... (0/8)
2026-06-16 09:26:45,040 [INFO] Waiting for MD1 results... (0/8)
2026-06-16 09:27:01,019 [INFO] Waiting for MD1 results... (0/8)
2026-06-16 09:27:16,808 [INFO] Waiting for MD1 results... (0/8)
2026-06-16 09:27:33,443 [INFO] Waiting for MD1 results... (0/8)
2026-06-16 09:27:49,318 [INFO] Waiting for MD1 results... (0/8)
2026-06-16 09:28:05,889 [INFO] Waiting for MD1 results... (0/8)
2026-06-16 09:28:22,213 [INFO] Waiting for MD1 results... (0/8)
2026-06-16 09:28:38,296 [INFO] Waiting for MD1 results... (0/8)
2026-06-16 09:28:54,057 [INFO] Waiting for MD1 results... (0/8)
2026-06-16 09:29:10,479 [INFO] Waiting for MD1 results... (0/8)
2026-06-16 09:29:26,804 [INFO] Waiting for MD1 results... (0/8)
2026-06-16 09:29:43,079 [INFO] Waiting for MD1 results... (0/8)
2026-06-16 09:29:58,939 [INFO] Waiting for MD1 results... (0/8)
2026-06-16 09:30:14,926 [INFO] Waiting for MD1 results... (0/8)
2026-06-16 09:30:31,029 [INFO] Waiting for MD1 results... (0/8)
2026-06-16 09:30:46,213 [INFO] 👀 Polling MSport: Tracking Season vf:season:3101012 - MatchDay 2 Active.
2026-06-16 09:30:46,764 [INFO] Waiting for MD1 results... (0/8)
2026-06-16 09:31:02,834 [INFO] Waiting for MD1 results... (0/8)
2026-06-16 09:31:18,798 [INFO] Waiting for MD1 results... (0/8)
2026-06-16 09:31:34,646 [INFO] Waiting for MD1 results... (0/8)
2026-06-16 09:31:50,483 [INFO] Waiting for MD1 results... (0/8)
2026-06-16 09:32:06,203 [INFO] Waiting for MD1 results... (0/8)
2026-06-16 09:32:22,226 [INFO] Waiting for MD1 results... (0/8)
2026-06-16 09:32:37,958 [INFO] Waiting for MD1 results... (0/8)
2026-06-16 09:32:53,828 [INFO] Waiting for MD1 results... (0/8)
2026-06-16 09:33:09,701 [INFO] Waiting for MD1 results... (0/8)
2026-06-16 09:33:25,648 [INFO] 🎯 Fetched MD1 results directly from MSport API (DB Fallback).
2026-06-16 09:34:26,526 [INFO] 👀 Polling MSport: Tracking Season vf:season:3101012 - MatchDay 3 Active.
2026-06-16 09:38:14,770 [INFO] 👀 Polling MSport: Tracking Season vf:season:3101012 - MatchDay 4 Active.
2026-06-16 09:41:47,813 [INFO] 👀 Polling MSport: Tracking Season vf:season:3101012 - MatchDay 5 Active.
2026-06-16 09:45:36,054 [INFO] 👀 Polling MSport: Tracking Season vf:season:3101012 - MatchDay 6 Active.
2026-06-16 09:49:09,147 [INFO] 👀 Polling MSport: Tracking Season vf:season:3101012 - MatchDay 7 Active.
2026-06-16 09:52:57,244 [INFO] 👀 Polling MSport: Tracking Season vf:season:3101012 - MatchDay 8 Active.
2026-06-16 09:56:30,135 [INFO] 👀 Polling MSport: Tracking Season vf:season:3101012 - MatchDay 9 Active.
2026-06-16 10:00:18,312 [INFO] 👀 Polling MSport: Tracking Season vf:season:3101012 - MatchDay 10 Active.
2026-06-16 10:03:52,035 [INFO] 👀 Polling MSport: Tracking Season vf:season:3101012 - MatchDay 11 Active.
2026-06-16 10:07:40,652 [INFO] 👀 Polling MSport: Tracking Season vf:season:3101012 - MatchDay 12 Active.
2026-06-16 10:11:13,834 [INFO] 👀 Polling MSport: Tracking Season vf:season:3101012 - MatchDay 13 Active.
2026-06-16 10:14:46,884 [INFO] 👀 Polling MSport: Tracking Season vf:season:3101012 - MatchDay 14 Active.
2026-06-16 10:18:35,341 [INFO] 👀 Polling MSport: Tracking Season vf:season:3101012 - MatchDay 15 Active.
2026-06-16 10:22:08,434 [INFO] 👀 Polling MSport: Tracking Season vf:season:3101012 - MatchDay 16 Active.
2026-06-16 10:25:56,858 [INFO] 👀 Polling MSport: Tracking Season vf:season:3101012 - MatchDay 17 Active.
2026-06-16 10:29:29,839 [INFO] 👀 Polling MSport: Tracking Season vf:season:3101012 - MatchDay 18 Active.
2026-06-16 10:33:02,839 [INFO] 👀 Polling MSport: Tracking Season vf:season:3101012 - MatchDay 19 Active.
2026-06-16 10:36:51,179 [INFO] 👀 Polling MSport: Tracking Season vf:season:3101012 - MatchDay 20 Active.
2026-06-16 10:40:24,174 [INFO] 👀 Polling MSport: Tracking Season vf:season:3101012 - MatchDay 21 Active.
2026-06-16 10:44:12,431 [INFO] 👀 Polling MSport: Tracking Season vf:season:3101012 - MatchDay 22 Active.
2026-06-16 10:47:45,256 [INFO] 👀 Polling MSport: Tracking Season vf:season:3101012 - MatchDay 23 Active.
2026-06-16 10:51:33,548 [INFO] 👀 Polling MSport: Tracking Season vf:season:3101012 - MatchDay 24 Active.
2026-06-16 10:55:06,545 [INFO] 👀 Polling MSport: Tracking Season vf:season:3101012 - MatchDay 25 Active.
2026-06-16 10:58:54,676 [INFO] 👀 Polling MSport: Tracking Season vf:season:3101012 - MatchDay 26 Active.
2026-06-16 11:02:28,007 [INFO] 👀 Polling MSport: Tracking Season vf:season:3101012 - MatchDay 27 Active.
2026-06-16 11:06:16,412 [INFO] 👀 Polling MSport: Tracking Season vf:season:3101012 - MatchDay 28 Active.
2026-06-16 11:09:49,492 [INFO] 👀 Polling MSport: Tracking Season vf:season:3101012 - MatchDay 29 Active.
2026-06-16 11:13:37,899 [INFO] 👀 Polling MSport: Tracking Season vf:season:3101012 - MatchDay 30 Active.
2026-06-16 11:17:12,606 [INFO] 
--- NEW LIVE SEASON: vf:season:3101041 ---
2026-06-16 11:17:12,606 [INFO] 👀 Polling MSport: Tracking Season vf:season:3101041 - MatchDay 1 Active.
2026-06-16 11:17:13,627 [INFO] Waiting for MD1 results... (0/8)
2026-06-16 11:17:29,929 [INFO] Waiting for MD1 results... (0/8)
2026-06-16 11:17:46,561 [INFO] Waiting for MD1 results... (0/8)
2026-06-16 11:18:02,378 [INFO] Waiting for MD1 results... (0/8)
2026-06-16 11:18:18,579 [INFO] Waiting for MD1 results... (0/8)
2026-06-16 11:18:34,636 [INFO] Waiting for MD1 results... (0/8)
2026-06-16 11:18:50,444 [INFO] Waiting for MD1 results... (0/8)
2026-06-16 11:19:06,855 [INFO] Waiting for MD1 results... (0/8)
2026-06-16 11:19:22,766 [INFO] Waiting for MD1 results... (0/8)
2026-06-16 11:19:38,892 [INFO] Waiting for MD1 results... (0/8)
2026-06-16 11:19:54,813 [INFO] Waiting for MD1 results... (0/8)
2026-06-16 11:20:10,623 [INFO] Waiting for MD1 results... (0/8)
2026-06-16 11:20:26,667 [INFO] Waiting for MD1 results... (0/8)
2026-06-16 11:20:42,791 [INFO] Waiting for MD1 results... (0/8)
2026-06-16 11:20:58,793 [INFO] Waiting for MD1 results... (0/8)
2026-06-16 11:21:14,829 [INFO] Waiting for MD1 results... (0/8)
2026-06-16 11:21:30,985 [INFO] Waiting for MD1 results... (0/8)
2026-06-16 11:21:47,105 [INFO] Waiting for MD1 results... (0/8)
2026-06-16 11:22:03,044 [INFO] Waiting for MD1 results... (0/8)
2026-06-16 11:22:19,474 [INFO] Waiting for MD1 results... (0/8)
2026-06-16 11:22:35,542 [INFO] Waiting for MD1 results... (0/8)
2026-06-16 11:22:50,728 [INFO] 👀 Polling MSport: Tracking Season vf:season:3101041 - MatchDay 2 Active.
2026-06-16 11:22:51,727 [INFO] Waiting for MD1 results... (0/8)
2026-06-16 11:23:07,941 [INFO] Waiting for MD1 results... (0/8)
2026-06-16 11:23:24,306 [INFO] Waiting for MD1 results... (0/8)
2026-06-16 11:23:40,129 [INFO] Waiting for MD1 results... (0/8)
2026-06-16 11:23:56,322 [INFO] Waiting for MD1 results... (0/8)
2026-06-16 11:24:12,055 [INFO] Waiting for MD1 results... (0/8)
2026-06-16 11:24:28,133 [INFO] Waiting for MD1 results... (0/8)
2026-06-16 11:24:44,546 [INFO] Waiting for MD1 results... (0/8)
2026-06-16 11:25:00,742 [INFO] Waiting for MD1 results... (0/8)
2026-06-16 11:25:16,708 [INFO] Waiting for MD1 results... (0/8)
2026-06-16 11:25:32,842 [INFO] 🎯 Fetched MD1 results directly from MSport API (DB Fallback).
2026-06-16 11:26:33,733 [INFO] 👀 Polling MSport: Tracking Season vf:season:3101041 - MatchDay 3 Active.
2026-06-16 11:30:06,988 [INFO] 👀 Polling MSport: Tracking Season vf:season:3101041 - MatchDay 4 Active.
2026-06-16 11:33:55,760 [INFO] 👀 Polling MSport: Tracking Season vf:season:3101041 - MatchDay 5 Active.
2026-06-16 11:37:28,856 [INFO] 👀 Polling MSport: Tracking Season vf:season:3101041 - MatchDay 6 Active.
2026-06-16 11:41:01,922 [INFO] 👀 Polling MSport: Tracking Season vf:season:3101041 - MatchDay 7 Active.
2026-06-16 11:44:50,107 [INFO] 👀 Polling MSport: Tracking Season vf:season:3101041 - MatchDay 8 Active.
2026-06-16 11:48:23,187 [INFO] 👀 Polling MSport: Tracking Season vf:season:3101041 - MatchDay 9 Active.
2026-06-16 11:52:11,488 [INFO] 👀 Polling MSport: Tracking Season vf:season:3101041 - MatchDay 10 Active.
2026-06-16 11:55:44,466 [INFO] 👀 Polling MSport: Tracking Season vf:season:3101041 - MatchDay 11 Active.
2026-06-16 11:59:32,655 [INFO] 👀 Polling MSport: Tracking Season vf:season:3101041 - MatchDay 12 Active.
2026-06-16 12:03:06,043 [INFO] 👀 Polling MSport: Tracking Season vf:season:3101041 - MatchDay 13 Active.
2026-06-16 12:06:55,214 [INFO] 👀 Polling MSport: Tracking Season vf:season:3101041 - MatchDay 14 Active.
2026-06-16 12:10:28,152 [INFO] 👀 Polling MSport: Tracking Season vf:season:3101041 - MatchDay 15 Active.
2026-06-16 12:14:16,385 [INFO] 👀 Polling MSport: Tracking Season vf:season:3101041 - MatchDay 16 Active.
2026-06-16 12:17:49,720 [INFO] 👀 Polling MSport: Tracking Season vf:season:3101041 - MatchDay 17 Active.
2026-06-16 12:21:38,206 [INFO] 👀 Polling MSport: Tracking Season vf:season:3101041 - MatchDay 18 Active.
2026-06-16 12:25:11,382 [INFO] 👀 Polling MSport: Tracking Season vf:season:3101041 - MatchDay 19 Active.
2026-06-16 12:28:44,614 [INFO] 👀 Polling MSport: Tracking Season vf:season:3101041 - MatchDay 20 Active.
2026-06-16 12:32:33,040 [INFO] 👀 Polling MSport: Tracking Season vf:season:3101041 - MatchDay 21 Active.
2026-06-16 12:36:06,298 [INFO] 👀 Polling MSport: Tracking Season vf:season:3101041 - MatchDay 22 Active.
2026-06-16 12:39:54,607 [INFO] 👀 Polling MSport: Tracking Season vf:season:3101041 - MatchDay 23 Active.
2026-06-16 12:43:27,861 [INFO] 👀 Polling MSport: Tracking Season vf:season:3101041 - MatchDay 24 Active.
2026-06-16 12:47:16,122 [INFO] 👀 Polling MSport: Tracking Season vf:season:3101041 - MatchDay 25 Active.
2026-06-16 12:50:49,219 [INFO] 👀 Polling MSport: Tracking Season vf:season:3101041 - MatchDay 26 Active.
2026-06-16 12:54:37,583 [INFO] 👀 Polling MSport: Tracking Season vf:season:3101041 - MatchDay 27 Active.
2026-06-16 12:58:10,685 [INFO] 👀 Polling MSport: Tracking Season vf:season:3101041 - MatchDay 28 Active.
2026-06-16 13:01:43,581 [INFO] 👀 Polling MSport: Tracking Season vf:season:3101041 - MatchDay 29 Active.
2026-06-16 13:05:32,326 [INFO] 👀 Polling MSport: Tracking Season vf:season:3101041 - MatchDay 30 Active.
2026-06-16 13:09:05,893 [INFO] 
--- NEW LIVE SEASON: vf:season:3101069 ---
2026-06-16 13:09:05,893 [INFO] 👀 Polling MSport: Tracking Season vf:season:3101069 - MatchDay 1 Active.
2026-06-16 13:09:07,286 [INFO] Waiting for MD1 results... (0/8)
2026-06-16 13:09:23,207 [INFO] Waiting for MD1 results... (0/8)
2026-06-16 13:09:39,416 [INFO] Waiting for MD1 results... (0/8)
2026-06-16 13:09:55,357 [INFO] Waiting for MD1 results... (0/8)
2026-06-16 13:10:11,329 [INFO] Waiting for MD1 results... (0/8)
2026-06-16 13:10:27,163 [INFO] Waiting for MD1 results... (0/8)
2026-06-16 13:10:44,205 [INFO] Waiting for MD1 results... (0/8)
2026-06-16 13:11:00,765 [INFO] Waiting for MD1 results... (0/8)
2026-06-16 13:11:16,631 [INFO] Waiting for MD1 results... (0/8)
2026-06-16 13:11:33,092 [INFO] Waiting for MD1 results... (0/8)
2026-06-16 13:11:49,020 [INFO] Waiting for MD1 results... (0/8)
2026-06-16 13:12:04,849 [INFO] Waiting for MD1 results... (0/8)
2026-06-16 13:12:20,997 [INFO] Waiting for MD1 results... (0/8)
2026-06-16 13:12:37,057 [INFO] Waiting for MD1 results... (0/8)
2026-06-16 13:12:53,390 [INFO] Waiting for MD1 results... (0/8)
2026-06-16 13:13:09,268 [INFO] Waiting for MD1 results... (0/8)
2026-06-16 13:13:25,081 [INFO] Waiting for MD1 results... (0/8)
2026-06-16 13:13:41,711 [INFO] Waiting for MD1 results... (0/8)
2026-06-16 13:13:57,739 [INFO] Waiting for MD1 results... (0/8)
2026-06-16 13:14:14,407 [INFO] Waiting for MD1 results... (0/8)
2026-06-16 13:14:30,511 [INFO] Waiting for MD1 results... (0/8)
2026-06-16 13:14:45,716 [INFO] 👀 Polling MSport: Tracking Season vf:season:3101069 - MatchDay 2 Active.
2026-06-16 13:14:46,722 [INFO] Waiting for MD1 results... (0/8)
2026-06-16 13:15:02,792 [INFO] Waiting for MD1 results... (0/8)
2026-06-16 13:15:19,155 [INFO] Waiting for MD1 results... (0/8)
2026-06-16 13:15:35,246 [INFO] Waiting for MD1 results... (0/8)
2026-06-16 13:15:51,681 [INFO] Waiting for MD1 results... (0/8)
2026-06-16 13:16:07,998 [INFO] Waiting for MD1 results... (0/8)
2026-06-16 13:16:24,346 [INFO] Waiting for MD1 results... (0/8)
2026-06-16 13:16:40,358 [INFO] Waiting for MD1 results... (0/8)
2026-06-16 13:16:56,320 [INFO] Waiting for MD1 results... (0/8)
2026-06-16 13:17:12,476 [INFO] Waiting for MD1 results... (0/8)
2026-06-16 13:17:28,487 [INFO] 🎯 Fetched MD1 results directly from MSport API (DB Fallback).
2026-06-16 13:18:29,567 [INFO] 👀 Polling MSport: Tracking Season vf:season:3101069 - MatchDay 3 Active.
2026-06-16 13:22:18,049 [INFO] 👀 Polling MSport: Tracking Season vf:season:3101069 - MatchDay 4 Active.
2026-06-16 13:25:51,811 [INFO] 👀 Polling MSport: Tracking Season vf:season:3101069 - MatchDay 5 Active.
2026-06-16 13:29:24,897 [INFO] 👀 Polling MSport: Tracking Season vf:season:3101069 - MatchDay 6 Active.
