2026-06-13 21:00:02,735 [INFO] Browser launched
2026-06-13 21:00:03,028 [INFO] Browser context and page created
2026-06-13 21:00:03,028 [INFO] Navigation attempt 1/3 to https://www.msport.com/ng/web/virtual
2026-06-13 21:00:07,945 [INFO] Navigation OK — URL: https://www.msport.com/ng/web/welcome
2026-06-13 21:00:07,951 [DEBUG] Playwright event listeners installed
2026-06-13 21:00:07,956 [WARNING] Requestly SDK not found at /tmp/node_modules/@requestly/web-sdk/dist/requestly-web-sdk.min.js — skipping Layer 2
2026-06-13 21:02:08,114 [INFO] HEARTBEAT — elapsed=126s events=46 requestly=0 url=https://www.msport.com/ng/web/welcome
2026-06-13 21:04:08,513 [INFO] HEARTBEAT — elapsed=246s events=71 requestly=0 url=https://www.msport.com/ng/web/welcome
2026-06-13 21:06:08,772 [INFO] HEARTBEAT — elapsed=367s events=98 requestly=0 url=https://www.msport.com/ng/web/welcome
2026-06-13 21:08:08,966 [INFO] HEARTBEAT — elapsed=487s events=124 requestly=0 url=https://www.msport.com/ng/web/welcome
2026-06-13 21:10:09,186 [INFO] HEARTBEAT — elapsed=607s events=150 requestly=0 url=https://www.msport.com/ng/web/welcome
2026-06-13 21:12:09,299 [INFO] HEARTBEAT — elapsed=727s events=176 requestly=0 url=https://www.msport.com/ng/web/welcome
2026-06-13 21:14:09,442 [INFO] HEARTBEAT — elapsed=847s events=203 requestly=0 url=https://www.msport.com/ng/web/welcome
2026-06-13 21:16:09,587 [INFO] HEARTBEAT — elapsed=968s events=229 requestly=0 url=https://www.msport.com/ng/web/welcome
2026-06-13 21:18:09,706 [INFO] HEARTBEAT — elapsed=1088s events=256 requestly=0 url=https://www.msport.com/ng/web/welcome
2026-06-13 21:20:09,982 [INFO] HEARTBEAT — elapsed=1208s events=283 requestly=0 url=https://www.msport.com/ng/web/welcome
2026-06-13 21:22:10,391 [INFO] HEARTBEAT — elapsed=1328s events=309 requestly=0 url=https://www.msport.com/ng/web/welcome
2026-06-13 21:24:10,537 [INFO] HEARTBEAT — elapsed=1448s events=335 requestly=0 url=https://www.msport.com/ng/web/welcome
2026-06-13 21:26:10,662 [INFO] HEARTBEAT — elapsed=1569s events=362 requestly=0 url=https://www.msport.com/ng/web/welcome
2026-06-13 21:28:10,782 [INFO] HEARTBEAT — elapsed=1689s events=388 requestly=0 url=https://www.msport.com/ng/web/welcome
2026-06-13 21:30:02,166 [INFO] Capture complete (1800s elapsed)
2026-06-13 21:30:02,166 [INFO] Finalizing capture (status=completed, duration=1800s)
2026-06-13 21:30:02,947 [DEBUG] Browser closed
2026-06-13 21:30:02,953 [INFO] Index metadata written: /home/ubuntu/faith-workspace/vfl-empire/network-capture/2026-06-13_210002/index.json
2026-06-13 21:30:02,953 [INFO] Capture finalized. Output: /home/ubuntu/faith-workspace/vfl-empire/network-capture/2026-06-13_210002
2026-06-13 21:30:02,986 [INFO] Successfully captured 413 Playwright events and 0 Requestly events
