2026-06-06 01:00:01,816 [INFO] Browser launched
2026-06-06 01:00:01,882 [INFO] Browser context and page created
2026-06-06 01:00:01,882 [INFO] Navigation attempt 1/3 to https://www.msport.com/ng/web/virtual
2026-06-06 01:00:05,548 [INFO] Navigation OK — URL: https://www.msport.com/ng/web/welcome
2026-06-06 01:00:05,549 [DEBUG] Playwright event listeners installed
2026-06-06 01:00:05,549 [WARNING] Requestly SDK not found at /tmp/node_modules/@requestly/web-sdk/dist/requestly-web-sdk.min.js — skipping Layer 2
2026-06-06 01:02:05,666 [INFO] HEARTBEAT — elapsed=124s events=55 requestly=0 url=https://www.msport.com/ng/web/welcome
2026-06-06 01:04:05,766 [INFO] HEARTBEAT — elapsed=244s events=93 requestly=0 url=https://www.msport.com/ng/web/welcome
2026-06-06 01:06:05,838 [INFO] HEARTBEAT — elapsed=365s events=131 requestly=0 url=https://www.msport.com/ng/web/welcome
2026-06-06 01:08:05,911 [INFO] HEARTBEAT — elapsed=485s events=169 requestly=0 url=https://www.msport.com/ng/web/welcome
2026-06-06 01:10:05,979 [INFO] HEARTBEAT — elapsed=605s events=206 requestly=0 url=https://www.msport.com/ng/web/welcome
2026-06-06 01:12:06,054 [INFO] HEARTBEAT — elapsed=725s events=244 requestly=0 url=https://www.msport.com/ng/web/welcome
2026-06-06 01:14:06,160 [INFO] HEARTBEAT — elapsed=845s events=281 requestly=0 url=https://www.msport.com/ng/web/welcome
2026-06-06 01:16:06,252 [INFO] HEARTBEAT — elapsed=965s events=319 requestly=0 url=https://www.msport.com/ng/web/welcome
2026-06-06 01:18:06,321 [INFO] HEARTBEAT — elapsed=1085s events=357 requestly=0 url=https://www.msport.com/ng/web/welcome
2026-06-06 01:20:06,377 [INFO] HEARTBEAT — elapsed=1205s events=395 requestly=0 url=https://www.msport.com/ng/web/welcome
2026-06-06 01:22:06,438 [INFO] HEARTBEAT — elapsed=1325s events=434 requestly=0 url=https://www.msport.com/ng/web/welcome
2026-06-06 01:24:06,490 [INFO] HEARTBEAT — elapsed=1445s events=472 requestly=0 url=https://www.msport.com/ng/web/welcome
2026-06-06 01:26:06,574 [INFO] HEARTBEAT — elapsed=1565s events=508 requestly=0 url=https://www.msport.com/ng/web/welcome
2026-06-06 01:28:06,646 [INFO] HEARTBEAT — elapsed=1685s events=541 requestly=0 url=https://www.msport.com/ng/web/welcome
2026-06-06 01:30:01,309 [INFO] Capture complete (1800s elapsed)
2026-06-06 01:30:01,309 [INFO] Finalizing capture (status=completed, duration=1800s)
2026-06-06 01:30:01,466 [DEBUG] Browser closed
2026-06-06 01:30:01,472 [INFO] Index metadata written: /home/ubuntu/faith-workspace/vfl-empire/network-capture/2026-06-06_010001/index.json
2026-06-06 01:30:01,472 [INFO] Capture finalized. Output: /home/ubuntu/faith-workspace/vfl-empire/network-capture/2026-06-06_010001
2026-06-06 01:30:01,521 [INFO] Successfully captured 573 Playwright events and 0 Requestly events
