2026-06-05 14:00:02,605 [INFO] Browser launched
2026-06-05 14:00:02,888 [INFO] Browser context and page created
2026-06-05 14:00:02,888 [INFO] Navigation attempt 1/3 to https://www.msport.com/ng/web/virtual
2026-06-05 14:00:06,950 [INFO] Navigation OK — URL: https://www.msport.com/ng/web/welcome
2026-06-05 14:00:06,958 [DEBUG] Playwright event listeners installed
2026-06-05 14:00:06,958 [WARNING] Requestly SDK not found at /tmp/node_modules/@requestly/web-sdk/dist/requestly-web-sdk.min.js — skipping Layer 2
2026-06-05 14:02:07,081 [INFO] HEARTBEAT — elapsed=126s events=52 requestly=0 url=https://www.msport.com/ng/web/welcome
2026-06-05 14:04:07,183 [INFO] HEARTBEAT — elapsed=246s events=85 requestly=0 url=https://www.msport.com/ng/web/welcome
2026-06-05 14:06:07,414 [INFO] HEARTBEAT — elapsed=366s events=119 requestly=0 url=https://www.msport.com/ng/web/welcome
2026-06-05 14:08:07,485 [INFO] HEARTBEAT — elapsed=486s events=151 requestly=0 url=https://www.msport.com/ng/web/welcome
2026-06-05 14:10:07,582 [INFO] HEARTBEAT — elapsed=606s events=185 requestly=0 url=https://www.msport.com/ng/web/welcome
2026-06-05 14:12:07,670 [INFO] HEARTBEAT — elapsed=726s events=218 requestly=0 url=https://www.msport.com/ng/web/welcome
2026-06-05 14:14:07,754 [INFO] HEARTBEAT — elapsed=846s events=252 requestly=0 url=https://www.msport.com/ng/web/welcome
2026-06-05 14:16:07,827 [INFO] HEARTBEAT — elapsed=966s events=284 requestly=0 url=https://www.msport.com/ng/web/welcome
2026-06-05 14:18:07,942 [INFO] HEARTBEAT — elapsed=1086s events=317 requestly=0 url=https://www.msport.com/ng/web/welcome
2026-06-05 14:20:07,994 [INFO] HEARTBEAT — elapsed=1207s events=350 requestly=0 url=https://www.msport.com/ng/web/welcome
2026-06-05 14:22:08,078 [INFO] HEARTBEAT — elapsed=1327s events=382 requestly=0 url=https://www.msport.com/ng/web/welcome
2026-06-05 14:24:08,208 [INFO] HEARTBEAT — elapsed=1447s events=415 requestly=0 url=https://www.msport.com/ng/web/welcome
2026-06-05 14:26:08,361 [INFO] HEARTBEAT — elapsed=1567s events=449 requestly=0 url=https://www.msport.com/ng/web/welcome
2026-06-05 14:28:08,484 [INFO] HEARTBEAT — elapsed=1687s events=482 requestly=0 url=https://www.msport.com/ng/web/welcome
2026-06-05 14:30:01,503 [INFO] Capture complete (1800s elapsed)
2026-06-05 14:30:01,504 [INFO] Finalizing capture (status=completed, duration=1800s)
2026-06-05 14:30:01,607 [DEBUG] Browser closed
2026-06-05 14:30:01,611 [INFO] Index metadata written: /home/ubuntu/faith-workspace/vfl-empire/network-capture/2026-06-05_140001/index.json
2026-06-05 14:30:01,612 [INFO] Capture finalized. Output: /home/ubuntu/faith-workspace/vfl-empire/network-capture/2026-06-05_140001
2026-06-05 14:30:01,635 [INFO] Successfully captured 514 Playwright events and 0 Requestly events
