2026-06-04 17:00:01,825 [INFO] Browser launched
2026-06-04 17:00:01,935 [INFO] Browser context and page created
2026-06-04 17:00:01,935 [INFO] Navigation attempt 1/3 to https://www.msport.com/ng/web/virtual
2026-06-04 17:00:06,120 [INFO] Navigation OK — URL: https://www.msport.com/ng/web/welcome
2026-06-04 17:00:06,123 [DEBUG] Playwright event listeners installed
2026-06-04 17:00:06,124 [WARNING] Requestly SDK not found at /tmp/node_modules/@requestly/web-sdk/dist/requestly-web-sdk.min.js — skipping Layer 2
2026-06-04 17:02:06,228 [INFO] HEARTBEAT — elapsed=125s events=55 requestly=0 url=https://www.msport.com/ng/web/welcome
2026-06-04 17:04:06,299 [INFO] HEARTBEAT — elapsed=245s events=94 requestly=0 url=https://www.msport.com/ng/web/welcome
2026-06-04 17:06:06,346 [INFO] HEARTBEAT — elapsed=365s events=132 requestly=0 url=https://www.msport.com/ng/web/welcome
2026-06-04 17:08:06,399 [INFO] HEARTBEAT — elapsed=485s events=171 requestly=0 url=https://www.msport.com/ng/web/welcome
2026-06-04 17:10:06,478 [INFO] HEARTBEAT — elapsed=605s events=209 requestly=0 url=https://www.msport.com/ng/web/welcome
2026-06-04 17:12:06,528 [INFO] HEARTBEAT — elapsed=725s events=249 requestly=0 url=https://www.msport.com/ng/web/welcome
2026-06-04 17:14:06,584 [INFO] HEARTBEAT — elapsed=845s events=287 requestly=0 url=https://www.msport.com/ng/web/welcome
2026-06-04 17:16:06,658 [INFO] HEARTBEAT — elapsed=965s events=327 requestly=0 url=https://www.msport.com/ng/web/welcome
2026-06-04 17:18:06,731 [INFO] HEARTBEAT — elapsed=1085s events=366 requestly=0 url=https://www.msport.com/ng/web/welcome
2026-06-04 17:20:06,787 [INFO] HEARTBEAT — elapsed=1206s events=405 requestly=0 url=https://www.msport.com/ng/web/welcome
2026-06-04 17:22:06,858 [INFO] HEARTBEAT — elapsed=1326s events=443 requestly=0 url=https://www.msport.com/ng/web/welcome
2026-06-04 17:24:06,916 [INFO] HEARTBEAT — elapsed=1446s events=483 requestly=0 url=https://www.msport.com/ng/web/welcome
2026-06-04 17:26:07,005 [INFO] HEARTBEAT — elapsed=1566s events=521 requestly=0 url=https://www.msport.com/ng/web/welcome
2026-06-04 17:28:07,105 [INFO] HEARTBEAT — elapsed=1686s events=560 requestly=0 url=https://www.msport.com/ng/web/welcome
2026-06-04 17:30:01,294 [INFO] Capture complete (1800s elapsed)
2026-06-04 17:30:01,295 [INFO] Finalizing capture (status=completed, duration=1800s)
2026-06-04 17:30:01,407 [DEBUG] Browser closed
2026-06-04 17:30:01,411 [INFO] Index metadata written: /home/ubuntu/faith-workspace/vfl-empire/network-capture/2026-06-04_170001/index.json
2026-06-04 17:30:01,411 [INFO] Capture finalized. Output: /home/ubuntu/faith-workspace/vfl-empire/network-capture/2026-06-04_170001
2026-06-04 17:30:01,429 [INFO] Successfully captured 597 Playwright events and 0 Requestly events
