2026-06-03 11:00:02,275 [INFO] Browser launched
2026-06-03 11:00:02,375 [INFO] Browser context and page created
2026-06-03 11:00:02,375 [INFO] Navigation attempt 1/3 to https://www.msport.com/ng/web/virtual
2026-06-03 11:00:16,728 [DEBUG] networkidle wait timeout (non-critical)
2026-06-03 11:00:16,728 [INFO] Navigation OK — URL: https://www.msport.com/ng/web/welcome
2026-06-03 11:00:16,731 [DEBUG] Playwright event listeners installed
2026-06-03 11:00:16,731 [WARNING] Requestly SDK not found at /tmp/node_modules/@requestly/web-sdk/dist/requestly-web-sdk.min.js — skipping Layer 2
2026-06-03 11:02:16,841 [INFO] HEARTBEAT — elapsed=135s events=39 requestly=0 url=https://www.msport.com/ng/web/welcome
2026-06-03 11:04:16,898 [INFO] HEARTBEAT — elapsed=255s events=77 requestly=0 url=https://www.msport.com/ng/web/welcome
2026-06-03 11:06:16,961 [INFO] HEARTBEAT — elapsed=375s events=116 requestly=0 url=https://www.msport.com/ng/web/welcome
2026-06-03 11:08:17,016 [INFO] HEARTBEAT — elapsed=495s events=155 requestly=0 url=https://www.msport.com/ng/web/welcome
2026-06-03 11:10:17,146 [INFO] HEARTBEAT — elapsed=615s events=194 requestly=0 url=https://www.msport.com/ng/web/welcome
2026-06-03 11:12:17,242 [INFO] HEARTBEAT — elapsed=736s events=233 requestly=0 url=https://www.msport.com/ng/web/welcome
2026-06-03 11:14:17,302 [INFO] HEARTBEAT — elapsed=856s events=272 requestly=0 url=https://www.msport.com/ng/web/welcome
2026-06-03 11:16:17,389 [INFO] HEARTBEAT — elapsed=976s events=311 requestly=0 url=https://www.msport.com/ng/web/welcome
2026-06-03 11:18:17,470 [INFO] HEARTBEAT — elapsed=1096s events=350 requestly=0 url=https://www.msport.com/ng/web/welcome
2026-06-03 11:20:17,538 [INFO] HEARTBEAT — elapsed=1216s events=389 requestly=0 url=https://www.msport.com/ng/web/welcome
2026-06-03 11:22:17,597 [INFO] HEARTBEAT — elapsed=1336s events=427 requestly=0 url=https://www.msport.com/ng/web/welcome
2026-06-03 11:24:17,655 [INFO] HEARTBEAT — elapsed=1456s events=466 requestly=0 url=https://www.msport.com/ng/web/welcome
2026-06-03 11:26:17,730 [INFO] HEARTBEAT — elapsed=1576s events=505 requestly=0 url=https://www.msport.com/ng/web/welcome
2026-06-03 11:28:17,795 [INFO] HEARTBEAT — elapsed=1696s events=545 requestly=0 url=https://www.msport.com/ng/web/welcome
2026-06-03 11:30:01,686 [INFO] Capture complete (1800s elapsed)
2026-06-03 11:30:01,686 [INFO] Finalizing capture (status=completed, duration=1800s)
2026-06-03 11:30:01,821 [DEBUG] Browser closed
2026-06-03 11:30:01,824 [INFO] Index metadata written: /home/ubuntu/faith-workspace/vfl-empire/network-capture/2026-06-03_110001/index.json
2026-06-03 11:30:01,825 [INFO] Capture finalized. Output: /home/ubuntu/faith-workspace/vfl-empire/network-capture/2026-06-03_110001
2026-06-03 11:30:01,850 [INFO] Successfully captured 579 Playwright events and 0 Requestly events
