2026-06-04 06:00:02,479 [INFO] Browser launched
2026-06-04 06:00:02,566 [INFO] Browser context and page created
2026-06-04 06:00:02,567 [INFO] Navigation attempt 1/3 to https://www.msport.com/ng/web/virtual
2026-06-04 06:00:17,302 [DEBUG] networkidle wait timeout (non-critical)
2026-06-04 06:00:17,302 [INFO] Navigation OK — URL: https://www.msport.com/ng/web/welcome
2026-06-04 06:00:17,304 [DEBUG] Playwright event listeners installed
2026-06-04 06:00:17,304 [WARNING] Requestly SDK not found at /tmp/node_modules/@requestly/web-sdk/dist/requestly-web-sdk.min.js — skipping Layer 2
2026-06-04 06:02:17,393 [INFO] HEARTBEAT — elapsed=135s events=38 requestly=0 url=https://www.msport.com/ng/web/welcome
2026-06-04 06:04:17,463 [INFO] HEARTBEAT — elapsed=256s events=77 requestly=0 url=https://www.msport.com/ng/web/welcome
2026-06-04 06:06:17,534 [INFO] HEARTBEAT — elapsed=376s events=116 requestly=0 url=https://www.msport.com/ng/web/welcome
2026-06-04 06:08:17,610 [INFO] HEARTBEAT — elapsed=496s events=154 requestly=0 url=https://www.msport.com/ng/web/welcome
2026-06-04 06:10:17,689 [INFO] HEARTBEAT — elapsed=616s events=193 requestly=0 url=https://www.msport.com/ng/web/welcome
2026-06-04 06:12:17,746 [INFO] HEARTBEAT — elapsed=736s events=232 requestly=0 url=https://www.msport.com/ng/web/welcome
2026-06-04 06:14:17,800 [INFO] HEARTBEAT — elapsed=856s events=271 requestly=0 url=https://www.msport.com/ng/web/welcome
2026-06-04 06:16:17,866 [INFO] HEARTBEAT — elapsed=976s events=310 requestly=0 url=https://www.msport.com/ng/web/welcome
2026-06-04 06:18:17,944 [INFO] HEARTBEAT — elapsed=1096s events=348 requestly=0 url=https://www.msport.com/ng/web/welcome
2026-06-04 06:20:18,002 [INFO] HEARTBEAT — elapsed=1216s events=387 requestly=0 url=https://www.msport.com/ng/web/welcome
2026-06-04 06:22:18,083 [INFO] HEARTBEAT — elapsed=1336s events=426 requestly=0 url=https://www.msport.com/ng/web/welcome
2026-06-04 06:24:18,233 [INFO] HEARTBEAT — elapsed=1456s events=465 requestly=0 url=https://www.msport.com/ng/web/welcome
2026-06-04 06:26:18,290 [INFO] HEARTBEAT — elapsed=1576s events=505 requestly=0 url=https://www.msport.com/ng/web/welcome
2026-06-04 06:28:18,350 [INFO] HEARTBEAT — elapsed=1696s events=544 requestly=0 url=https://www.msport.com/ng/web/welcome
2026-06-04 06:30:01,934 [INFO] Capture complete (1800s elapsed)
2026-06-04 06:30:01,934 [INFO] Finalizing capture (status=completed, duration=1800s)
2026-06-04 06:30:02,039 [DEBUG] Browser closed
2026-06-04 06:30:02,044 [INFO] Index metadata written: /home/ubuntu/faith-workspace/vfl-empire/network-capture/2026-06-04_060001/index.json
2026-06-04 06:30:02,045 [INFO] Capture finalized. Output: /home/ubuntu/faith-workspace/vfl-empire/network-capture/2026-06-04_060001
2026-06-04 06:30:02,080 [INFO] Successfully captured 578 Playwright events and 0 Requestly events
