2026-06-05 23:00:02,632 [INFO] Browser launched
2026-06-05 23:00:02,709 [INFO] Browser context and page created
2026-06-05 23:00:02,710 [INFO] Navigation attempt 1/3 to https://www.msport.com/ng/web/virtual
2026-06-05 23:00:17,070 [DEBUG] networkidle wait timeout (non-critical)
2026-06-05 23:00:17,075 [INFO] Navigation OK — URL: https://www.msport.com/ng/web/welcome
2026-06-05 23:00:17,085 [DEBUG] Playwright event listeners installed
2026-06-05 23:00:17,085 [WARNING] Requestly SDK not found at /tmp/node_modules/@requestly/web-sdk/dist/requestly-web-sdk.min.js — skipping Layer 2
2026-06-05 23:02:17,199 [INFO] HEARTBEAT — elapsed=135s events=38 requestly=0 url=https://www.msport.com/ng/web/welcome
2026-06-05 23:04:17,303 [INFO] HEARTBEAT — elapsed=255s events=76 requestly=0 url=https://www.msport.com/ng/web/welcome
2026-06-05 23:06:17,387 [INFO] HEARTBEAT — elapsed=375s events=114 requestly=0 url=https://www.msport.com/ng/web/welcome
2026-06-05 23:08:17,476 [INFO] HEARTBEAT — elapsed=495s events=153 requestly=0 url=https://www.msport.com/ng/web/welcome
2026-06-05 23:10:17,597 [INFO] HEARTBEAT — elapsed=616s events=191 requestly=0 url=https://www.msport.com/ng/web/welcome
2026-06-05 23:12:17,675 [INFO] HEARTBEAT — elapsed=736s events=230 requestly=0 url=https://www.msport.com/ng/web/welcome
2026-06-05 23:14:17,747 [INFO] HEARTBEAT — elapsed=856s events=269 requestly=0 url=https://www.msport.com/ng/web/welcome
2026-06-05 23:16:17,830 [INFO] HEARTBEAT — elapsed=976s events=308 requestly=0 url=https://www.msport.com/ng/web/welcome
2026-06-05 23:18:17,914 [INFO] HEARTBEAT — elapsed=1096s events=346 requestly=0 url=https://www.msport.com/ng/web/welcome
2026-06-05 23:20:18,001 [INFO] HEARTBEAT — elapsed=1216s events=386 requestly=0 url=https://www.msport.com/ng/web/welcome
2026-06-05 23:22:18,117 [INFO] HEARTBEAT — elapsed=1336s events=425 requestly=0 url=https://www.msport.com/ng/web/welcome
2026-06-05 23:24:18,221 [INFO] HEARTBEAT — elapsed=1456s events=464 requestly=0 url=https://www.msport.com/ng/web/welcome
2026-06-05 23:26:18,314 [INFO] HEARTBEAT — elapsed=1576s events=503 requestly=0 url=https://www.msport.com/ng/web/welcome
2026-06-05 23:28:18,410 [INFO] HEARTBEAT — elapsed=1696s events=541 requestly=0 url=https://www.msport.com/ng/web/welcome
2026-06-05 23:30:02,085 [INFO] Capture complete (1800s elapsed)
2026-06-05 23:30:02,085 [INFO] Finalizing capture (status=completed, duration=1800s)
2026-06-05 23:30:02,235 [DEBUG] Browser closed
2026-06-05 23:30:02,239 [INFO] Index metadata written: /home/ubuntu/faith-workspace/vfl-empire/network-capture/2026-06-05_230002/index.json
2026-06-05 23:30:02,240 [INFO] Capture finalized. Output: /home/ubuntu/faith-workspace/vfl-empire/network-capture/2026-06-05_230002
2026-06-05 23:30:02,275 [INFO] Successfully captured 575 Playwright events and 0 Requestly events
