2026-06-05 00:00:02,333 [INFO] Browser launched
2026-06-05 00:00:02,458 [INFO] Browser context and page created
2026-06-05 00:00:02,458 [INFO] Navigation attempt 1/3 to https://www.msport.com/ng/web/virtual
2026-06-05 00:00:16,437 [DEBUG] networkidle wait timeout (non-critical)
2026-06-05 00:00:16,437 [INFO] Navigation OK — URL: https://www.msport.com/ng/web/welcome
2026-06-05 00:00:16,440 [DEBUG] Playwright event listeners installed
2026-06-05 00:00:16,441 [WARNING] Requestly SDK not found at /tmp/node_modules/@requestly/web-sdk/dist/requestly-web-sdk.min.js — skipping Layer 2
2026-06-05 00:02:16,530 [INFO] HEARTBEAT — elapsed=135s events=37 requestly=0 url=https://www.msport.com/ng/web/welcome
2026-06-05 00:04:16,606 [INFO] HEARTBEAT — elapsed=255s events=75 requestly=0 url=https://www.msport.com/ng/web/welcome
2026-06-05 00:06:16,666 [INFO] HEARTBEAT — elapsed=375s events=113 requestly=0 url=https://www.msport.com/ng/web/welcome
2026-06-05 00:08:16,747 [INFO] HEARTBEAT — elapsed=495s events=150 requestly=0 url=https://www.msport.com/ng/web/welcome
2026-06-05 00:10:16,796 [INFO] HEARTBEAT — elapsed=615s events=189 requestly=0 url=https://www.msport.com/ng/web/welcome
2026-06-05 00:12:16,977 [INFO] HEARTBEAT — elapsed=735s events=226 requestly=0 url=https://www.msport.com/ng/web/welcome
2026-06-05 00:14:17,069 [INFO] HEARTBEAT — elapsed=855s events=265 requestly=0 url=https://www.msport.com/ng/web/welcome
2026-06-05 00:16:17,221 [INFO] HEARTBEAT — elapsed=975s events=302 requestly=0 url=https://www.msport.com/ng/web/welcome
2026-06-05 00:18:17,296 [INFO] HEARTBEAT — elapsed=1096s events=340 requestly=0 url=https://www.msport.com/ng/web/welcome
2026-06-05 00:20:17,376 [INFO] HEARTBEAT — elapsed=1216s events=378 requestly=0 url=https://www.msport.com/ng/web/welcome
2026-06-05 00:22:17,434 [INFO] HEARTBEAT — elapsed=1336s events=417 requestly=0 url=https://www.msport.com/ng/web/welcome
2026-06-05 00:24:17,508 [INFO] HEARTBEAT — elapsed=1456s events=455 requestly=0 url=https://www.msport.com/ng/web/welcome
2026-06-05 00:26:17,560 [INFO] HEARTBEAT — elapsed=1576s events=494 requestly=0 url=https://www.msport.com/ng/web/welcome
2026-06-05 00:28:17,629 [INFO] HEARTBEAT — elapsed=1696s events=532 requestly=0 url=https://www.msport.com/ng/web/welcome
2026-06-05 00:30:01,792 [INFO] Capture complete (1800s elapsed)
2026-06-05 00:30:01,793 [INFO] Finalizing capture (status=completed, duration=1800s)
2026-06-05 00:30:01,924 [DEBUG] Browser closed
2026-06-05 00:30:01,929 [INFO] Index metadata written: /home/ubuntu/faith-workspace/vfl-empire/network-capture/2026-06-05_000001/index.json
2026-06-05 00:30:01,930 [INFO] Capture finalized. Output: /home/ubuntu/faith-workspace/vfl-empire/network-capture/2026-06-05_000001
2026-06-05 00:30:01,967 [INFO] Successfully captured 565 Playwright events and 0 Requestly events
