2026-06-04 08:00:02,520 [INFO] Browser launched
2026-06-04 08:00:02,598 [INFO] Browser context and page created
2026-06-04 08:00:02,598 [INFO] Navigation attempt 1/3 to https://www.msport.com/ng/web/virtual
2026-06-04 08:00:16,828 [DEBUG] networkidle wait timeout (non-critical)
2026-06-04 08:00:16,828 [INFO] Navigation OK — URL: https://www.msport.com/ng/web/welcome
2026-06-04 08:00:16,831 [DEBUG] Playwright event listeners installed
2026-06-04 08:00:16,831 [WARNING] Requestly SDK not found at /tmp/node_modules/@requestly/web-sdk/dist/requestly-web-sdk.min.js — skipping Layer 2
2026-06-04 08:02:16,912 [INFO] HEARTBEAT — elapsed=135s events=38 requestly=0 url=https://www.msport.com/ng/web/welcome
2026-06-04 08:04:16,993 [INFO] HEARTBEAT — elapsed=255s events=77 requestly=0 url=https://www.msport.com/ng/web/welcome
2026-06-04 08:06:17,149 [INFO] HEARTBEAT — elapsed=375s events=115 requestly=0 url=https://www.msport.com/ng/web/welcome
2026-06-04 08:08:17,229 [INFO] HEARTBEAT — elapsed=495s events=154 requestly=0 url=https://www.msport.com/ng/web/welcome
2026-06-04 08:10:17,316 [INFO] HEARTBEAT — elapsed=615s events=193 requestly=0 url=https://www.msport.com/ng/web/welcome
2026-06-04 08:12:17,373 [INFO] HEARTBEAT — elapsed=735s events=231 requestly=0 url=https://www.msport.com/ng/web/welcome
2026-06-04 08:14:17,433 [INFO] HEARTBEAT — elapsed=856s events=270 requestly=0 url=https://www.msport.com/ng/web/welcome
2026-06-04 08:16:17,492 [INFO] HEARTBEAT — elapsed=976s events=309 requestly=0 url=https://www.msport.com/ng/web/welcome
2026-06-04 08:18:17,533 [INFO] HEARTBEAT — elapsed=1096s events=348 requestly=0 url=https://www.msport.com/ng/web/welcome
2026-06-04 08:20:17,592 [INFO] HEARTBEAT — elapsed=1216s events=386 requestly=0 url=https://www.msport.com/ng/web/welcome
2026-06-04 08:22:17,665 [INFO] HEARTBEAT — elapsed=1336s events=425 requestly=0 url=https://www.msport.com/ng/web/welcome
2026-06-04 08:24:17,748 [INFO] HEARTBEAT — elapsed=1456s events=464 requestly=0 url=https://www.msport.com/ng/web/welcome
2026-06-04 08:26:17,819 [INFO] HEARTBEAT — elapsed=1576s events=503 requestly=0 url=https://www.msport.com/ng/web/welcome
2026-06-04 08:28:17,919 [INFO] HEARTBEAT — elapsed=1696s events=542 requestly=0 url=https://www.msport.com/ng/web/welcome
2026-06-04 08:30:01,914 [INFO] Capture complete (1800s elapsed)
2026-06-04 08:30:01,914 [INFO] Finalizing capture (status=completed, duration=1800s)
2026-06-04 08:30:02,145 [DEBUG] Browser closed
2026-06-04 08:30:02,150 [INFO] Index metadata written: /home/ubuntu/faith-workspace/vfl-empire/network-capture/2026-06-04_080001/index.json
2026-06-04 08:30:02,151 [INFO] Capture finalized. Output: /home/ubuntu/faith-workspace/vfl-empire/network-capture/2026-06-04_080001
2026-06-04 08:30:02,214 [INFO] Successfully captured 576 Playwright events and 0 Requestly events
