2026-06-13 22:00:03,635 [INFO] Browser launched
2026-06-13 22:00:03,795 [INFO] Browser context and page created
2026-06-13 22:00:03,795 [INFO] Navigation attempt 1/3 to https://www.msport.com/ng/web/virtual
2026-06-13 22:00:08,980 [INFO] Navigation OK — URL: https://www.msport.com/ng/web/welcome
2026-06-13 22:00:08,982 [DEBUG] Playwright event listeners installed
2026-06-13 22:00:08,982 [WARNING] Requestly SDK not found at /tmp/node_modules/@requestly/web-sdk/dist/requestly-web-sdk.min.js — skipping Layer 2
2026-06-13 22:02:09,194 [INFO] HEARTBEAT — elapsed=127s events=45 requestly=0 url=https://www.msport.com/ng/web/welcome
2026-06-13 22:04:09,330 [INFO] HEARTBEAT — elapsed=247s events=71 requestly=0 url=https://www.msport.com/ng/web/welcome
2026-06-13 22:06:09,517 [INFO] HEARTBEAT — elapsed=367s events=97 requestly=0 url=https://www.msport.com/ng/web/welcome
2026-06-13 22:08:09,788 [INFO] HEARTBEAT — elapsed=487s events=124 requestly=0 url=https://www.msport.com/ng/web/welcome
2026-06-13 22:10:10,390 [INFO] HEARTBEAT — elapsed=608s events=150 requestly=0 url=https://www.msport.com/ng/web/welcome
2026-06-13 22:12:10,514 [INFO] HEARTBEAT — elapsed=728s events=176 requestly=0 url=https://www.msport.com/ng/web/welcome
2026-06-13 22:14:10,786 [INFO] HEARTBEAT — elapsed=848s events=203 requestly=0 url=https://www.msport.com/ng/web/welcome
2026-06-13 22:16:11,044 [INFO] HEARTBEAT — elapsed=969s events=229 requestly=0 url=https://www.msport.com/ng/web/welcome
2026-06-13 22:18:11,148 [INFO] HEARTBEAT — elapsed=1089s events=255 requestly=0 url=https://www.msport.com/ng/web/welcome
2026-06-13 22:20:11,417 [INFO] HEARTBEAT — elapsed=1209s events=281 requestly=0 url=https://www.msport.com/ng/web/welcome
2026-06-13 22:22:11,595 [INFO] HEARTBEAT — elapsed=1329s events=307 requestly=0 url=https://www.msport.com/ng/web/welcome
2026-06-13 22:24:12,128 [INFO] HEARTBEAT — elapsed=1450s events=333 requestly=0 url=https://www.msport.com/ng/web/welcome
2026-06-13 22:26:12,276 [INFO] HEARTBEAT — elapsed=1570s events=360 requestly=0 url=https://www.msport.com/ng/web/welcome
2026-06-13 22:28:12,584 [INFO] HEARTBEAT — elapsed=1690s events=387 requestly=0 url=https://www.msport.com/ng/web/welcome
2026-06-13 22:30:02,592 [INFO] Capture complete (1800s elapsed)
2026-06-13 22:30:02,592 [INFO] Finalizing capture (status=completed, duration=1800s)
2026-06-13 22:30:02,808 [DEBUG] Browser closed
2026-06-13 22:30:02,813 [INFO] Index metadata written: /home/ubuntu/faith-workspace/vfl-empire/network-capture/2026-06-13_220002/index.json
2026-06-13 22:30:02,813 [INFO] Capture finalized. Output: /home/ubuntu/faith-workspace/vfl-empire/network-capture/2026-06-13_220002
2026-06-13 22:30:02,961 [INFO] Successfully captured 411 Playwright events and 0 Requestly events
