2026-06-04 19:00:01,869 [INFO] Browser launched
2026-06-04 19:00:01,955 [INFO] Browser context and page created
2026-06-04 19:00:01,955 [INFO] Navigation attempt 1/3 to https://www.msport.com/ng/web/virtual
2026-06-04 19:00:16,048 [DEBUG] networkidle wait timeout (non-critical)
2026-06-04 19:00:16,048 [INFO] Navigation OK — URL: https://www.msport.com/ng/web/welcome
2026-06-04 19:00:16,051 [DEBUG] Playwright event listeners installed
2026-06-04 19:00:16,051 [WARNING] Requestly SDK not found at /tmp/node_modules/@requestly/web-sdk/dist/requestly-web-sdk.min.js — skipping Layer 2
2026-06-04 19:02:16,253 [INFO] HEARTBEAT — elapsed=135s events=38 requestly=0 url=https://www.msport.com/ng/web/welcome
2026-06-04 19:04:16,303 [INFO] HEARTBEAT — elapsed=255s events=76 requestly=0 url=https://www.msport.com/ng/web/welcome
2026-06-04 19:06:16,380 [INFO] HEARTBEAT — elapsed=375s events=113 requestly=0 url=https://www.msport.com/ng/web/welcome
2026-06-04 19:08:16,459 [INFO] HEARTBEAT — elapsed=495s events=151 requestly=0 url=https://www.msport.com/ng/web/welcome
2026-06-04 19:10:16,553 [INFO] HEARTBEAT — elapsed=615s events=189 requestly=0 url=https://www.msport.com/ng/web/welcome
2026-06-04 19:12:16,621 [INFO] HEARTBEAT — elapsed=735s events=227 requestly=0 url=https://www.msport.com/ng/web/welcome
2026-06-04 19:14:16,679 [INFO] HEARTBEAT — elapsed=855s events=265 requestly=0 url=https://www.msport.com/ng/web/welcome
2026-06-04 19:16:16,758 [INFO] HEARTBEAT — elapsed=975s events=303 requestly=0 url=https://www.msport.com/ng/web/welcome
2026-06-04 19:18:16,863 [INFO] HEARTBEAT — elapsed=1096s events=342 requestly=0 url=https://www.msport.com/ng/web/welcome
2026-06-04 19:20:16,924 [INFO] HEARTBEAT — elapsed=1216s events=380 requestly=0 url=https://www.msport.com/ng/web/welcome
2026-06-04 19:22:16,988 [INFO] HEARTBEAT — elapsed=1336s events=418 requestly=0 url=https://www.msport.com/ng/web/welcome
2026-06-04 19:24:17,069 [INFO] HEARTBEAT — elapsed=1456s events=456 requestly=0 url=https://www.msport.com/ng/web/welcome
2026-06-04 19:26:17,188 [INFO] HEARTBEAT — elapsed=1576s events=494 requestly=0 url=https://www.msport.com/ng/web/welcome
2026-06-04 19:28:17,271 [INFO] HEARTBEAT — elapsed=1696s events=532 requestly=0 url=https://www.msport.com/ng/web/welcome
2026-06-04 19:30:01,332 [INFO] Capture complete (1800s elapsed)
2026-06-04 19:30:01,334 [INFO] Finalizing capture (status=completed, duration=1800s)
2026-06-04 19:30:01,473 [DEBUG] Browser closed
2026-06-04 19:30:01,477 [INFO] Index metadata written: /home/ubuntu/faith-workspace/vfl-empire/network-capture/2026-06-04_190001/index.json
2026-06-04 19:30:01,477 [INFO] Capture finalized. Output: /home/ubuntu/faith-workspace/vfl-empire/network-capture/2026-06-04_190001
2026-06-04 19:30:01,497 [INFO] Successfully captured 565 Playwright events and 0 Requestly events
