2026-06-05 21:00:02,947 [INFO] Browser launched
2026-06-05 21:00:03,075 [INFO] Browser context and page created
2026-06-05 21:00:03,075 [INFO] Navigation attempt 1/3 to https://www.msport.com/ng/web/virtual
2026-06-05 21:00:07,699 [INFO] Navigation OK — URL: https://www.msport.com/ng/web/welcome
2026-06-05 21:00:07,702 [DEBUG] Playwright event listeners installed
2026-06-05 21:00:07,702 [WARNING] Requestly SDK not found at /tmp/node_modules/@requestly/web-sdk/dist/requestly-web-sdk.min.js — skipping Layer 2
2026-06-05 21:02:07,857 [INFO] HEARTBEAT — elapsed=126s events=50 requestly=0 url=https://www.msport.com/ng/web/welcome
2026-06-05 21:04:08,025 [INFO] HEARTBEAT — elapsed=246s events=82 requestly=0 url=https://www.msport.com/ng/web/welcome
2026-06-05 21:06:08,220 [INFO] HEARTBEAT — elapsed=366s events=114 requestly=0 url=https://www.msport.com/ng/web/welcome
2026-06-05 21:08:08,353 [INFO] HEARTBEAT — elapsed=486s events=147 requestly=0 url=https://www.msport.com/ng/web/welcome
2026-06-05 21:10:08,445 [INFO] HEARTBEAT — elapsed=607s events=178 requestly=0 url=https://www.msport.com/ng/web/welcome
2026-06-05 21:12:08,549 [INFO] HEARTBEAT — elapsed=727s events=210 requestly=0 url=https://www.msport.com/ng/web/welcome
2026-06-05 21:14:08,790 [INFO] HEARTBEAT — elapsed=847s events=243 requestly=0 url=https://www.msport.com/ng/web/welcome
2026-06-05 21:16:08,848 [INFO] HEARTBEAT — elapsed=967s events=276 requestly=0 url=https://www.msport.com/ng/web/welcome
2026-06-05 21:18:08,937 [INFO] HEARTBEAT — elapsed=1087s events=308 requestly=0 url=https://www.msport.com/ng/web/welcome
2026-06-05 21:20:08,996 [INFO] HEARTBEAT — elapsed=1207s events=341 requestly=0 url=https://www.msport.com/ng/web/welcome
2026-06-05 21:22:09,121 [INFO] HEARTBEAT — elapsed=1327s events=373 requestly=0 url=https://www.msport.com/ng/web/welcome
2026-06-05 21:24:09,267 [INFO] HEARTBEAT — elapsed=1447s events=404 requestly=0 url=https://www.msport.com/ng/web/welcome
2026-06-05 21:24:25,575 [WARNING] Received SIGTERM – initiating graceful shutdown...
2026-06-05 21:24:39,283 [WARNING] Health check failed: Page.evaluate: Target page, context or browser has been closed
2026-06-05 21:24:39,283 [WARNING] Page unresponsive — attempting reload
2026-06-05 21:24:39,283 [INFO] Reload attempt 1/2
2026-06-05 21:24:39,285 [WARNING] Reload attempt 1 failed: Page.reload: Target page, context or browser has been closed
2026-06-05 21:24:54,299 [INFO] Reload attempt 2/2
2026-06-05 21:24:54,301 [WARNING] Reload attempt 2 failed: Page.reload: Target page, context or browser has been closed
2026-06-05 21:24:54,301 [ERROR] Page crash recovery failed — saving partial data and exiting
2026-06-05 21:24:54,301 [INFO] Capture complete (1492s elapsed)
2026-06-05 21:24:54,301 [INFO] Finalizing capture (status=completed, duration=1492s)
2026-06-05 21:24:54,304 [DEBUG] Browser closed
2026-06-05 21:24:54,309 [INFO] Index metadata written: /home/ubuntu/faith-workspace/vfl-empire/network-capture/2026-06-05_210001/index.json
2026-06-05 21:24:54,309 [INFO] Capture finalized. Output: /home/ubuntu/faith-workspace/vfl-empire/network-capture/2026-06-05_210001
