2026-06-03 21:00:02,691 [INFO] Browser launched
2026-06-03 21:00:02,765 [INFO] Browser context and page created
2026-06-03 21:00:02,766 [INFO] Navigation attempt 1/3 to https://www.msport.com/ng/web/virtual
2026-06-03 21:00:06,546 [INFO] Navigation OK — URL: https://www.msport.com/ng/web/welcome
2026-06-03 21:00:06,548 [DEBUG] Playwright event listeners installed
2026-06-03 21:00:06,548 [WARNING] Requestly SDK not found at /tmp/node_modules/@requestly/web-sdk/dist/requestly-web-sdk.min.js — skipping Layer 2
2026-06-03 21:02:06,651 [INFO] HEARTBEAT — elapsed=124s events=57 requestly=0 url=https://www.msport.com/ng/web/welcome
2026-06-03 21:04:06,720 [INFO] HEARTBEAT — elapsed=245s events=95 requestly=0 url=https://www.msport.com/ng/web/welcome
2026-06-03 21:06:06,790 [INFO] HEARTBEAT — elapsed=365s events=134 requestly=0 url=https://www.msport.com/ng/web/welcome
2026-06-03 21:08:06,869 [INFO] HEARTBEAT — elapsed=485s events=173 requestly=0 url=https://www.msport.com/ng/web/welcome
2026-06-03 21:10:06,941 [INFO] HEARTBEAT — elapsed=605s events=212 requestly=0 url=https://www.msport.com/ng/web/welcome
2026-06-03 21:12:06,997 [INFO] HEARTBEAT — elapsed=725s events=251 requestly=0 url=https://www.msport.com/ng/web/welcome
2026-06-03 21:14:07,055 [INFO] HEARTBEAT — elapsed=845s events=289 requestly=0 url=https://www.msport.com/ng/web/welcome
2026-06-03 21:16:07,128 [INFO] HEARTBEAT — elapsed=965s events=328 requestly=0 url=https://www.msport.com/ng/web/welcome
2026-06-03 21:18:07,214 [INFO] HEARTBEAT — elapsed=1085s events=367 requestly=0 url=https://www.msport.com/ng/web/welcome
2026-06-03 21:20:07,299 [INFO] HEARTBEAT — elapsed=1205s events=406 requestly=0 url=https://www.msport.com/ng/web/welcome
2026-06-03 21:22:07,368 [INFO] HEARTBEAT — elapsed=1325s events=445 requestly=0 url=https://www.msport.com/ng/web/welcome
2026-06-03 21:24:07,487 [INFO] HEARTBEAT — elapsed=1445s events=484 requestly=0 url=https://www.msport.com/ng/web/welcome
2026-06-03 21:26:07,539 [INFO] HEARTBEAT — elapsed=1565s events=523 requestly=0 url=https://www.msport.com/ng/web/welcome
2026-06-03 21:28:07,595 [INFO] HEARTBEAT — elapsed=1685s events=562 requestly=0 url=https://www.msport.com/ng/web/welcome
2026-06-03 21:30:02,221 [INFO] Capture complete (1800s elapsed)
2026-06-03 21:30:02,221 [INFO] Finalizing capture (status=completed, duration=1800s)
2026-06-03 21:30:02,343 [DEBUG] Browser closed
2026-06-03 21:30:02,347 [INFO] Index metadata written: /home/ubuntu/faith-workspace/vfl-empire/network-capture/2026-06-03_210002/index.json
2026-06-03 21:30:02,347 [INFO] Capture finalized. Output: /home/ubuntu/faith-workspace/vfl-empire/network-capture/2026-06-03_210002
2026-06-03 21:30:02,373 [INFO] Successfully captured 598 Playwright events and 0 Requestly events
