2026-06-05 03:00:02,740 [INFO] Browser launched
2026-06-05 03:00:02,809 [INFO] Browser context and page created
2026-06-05 03:00:02,810 [INFO] Navigation attempt 1/3 to https://www.msport.com/ng/web/virtual
2026-06-05 03:00:06,315 [INFO] Navigation OK — URL: https://www.msport.com/ng/web/welcome
2026-06-05 03:00:06,318 [DEBUG] Playwright event listeners installed
2026-06-05 03:00:06,318 [WARNING] Requestly SDK not found at /tmp/node_modules/@requestly/web-sdk/dist/requestly-web-sdk.min.js — skipping Layer 2
2026-06-05 03:02:06,410 [INFO] HEARTBEAT — elapsed=124s events=57 requestly=0 url=https://www.msport.com/ng/web/welcome
2026-06-05 03:04:06,533 [INFO] HEARTBEAT — elapsed=244s events=93 requestly=0 url=https://www.msport.com/ng/web/welcome
2026-06-05 03:06:06,603 [INFO] HEARTBEAT — elapsed=364s events=131 requestly=0 url=https://www.msport.com/ng/web/welcome
2026-06-05 03:08:06,685 [INFO] HEARTBEAT — elapsed=485s events=169 requestly=0 url=https://www.msport.com/ng/web/welcome
2026-06-05 03:10:06,743 [INFO] HEARTBEAT — elapsed=605s events=206 requestly=0 url=https://www.msport.com/ng/web/welcome
2026-06-05 03:12:06,797 [INFO] HEARTBEAT — elapsed=725s events=244 requestly=0 url=https://www.msport.com/ng/web/welcome
2026-06-05 03:14:06,875 [INFO] HEARTBEAT — elapsed=845s events=282 requestly=0 url=https://www.msport.com/ng/web/welcome
2026-06-05 03:16:06,975 [INFO] HEARTBEAT — elapsed=965s events=320 requestly=0 url=https://www.msport.com/ng/web/welcome
2026-06-05 03:18:07,057 [INFO] HEARTBEAT — elapsed=1085s events=358 requestly=0 url=https://www.msport.com/ng/web/welcome
2026-06-05 03:20:07,160 [INFO] HEARTBEAT — elapsed=1205s events=396 requestly=0 url=https://www.msport.com/ng/web/welcome
2026-06-05 03:22:07,243 [INFO] HEARTBEAT — elapsed=1325s events=435 requestly=0 url=https://www.msport.com/ng/web/welcome
2026-06-05 03:24:07,349 [INFO] HEARTBEAT — elapsed=1445s events=472 requestly=0 url=https://www.msport.com/ng/web/welcome
2026-06-05 03:26:07,417 [INFO] HEARTBEAT — elapsed=1565s events=510 requestly=0 url=https://www.msport.com/ng/web/welcome
2026-06-05 03:28:07,466 [INFO] HEARTBEAT — elapsed=1685s events=548 requestly=0 url=https://www.msport.com/ng/web/welcome
2026-06-05 03:30:02,215 [INFO] Capture complete (1800s elapsed)
2026-06-05 03:30:02,215 [INFO] Finalizing capture (status=completed, duration=1800s)
2026-06-05 03:30:02,422 [DEBUG] Browser closed
2026-06-05 03:30:02,426 [INFO] Index metadata written: /home/ubuntu/faith-workspace/vfl-empire/network-capture/2026-06-05_030002/index.json
2026-06-05 03:30:02,426 [INFO] Capture finalized. Output: /home/ubuntu/faith-workspace/vfl-empire/network-capture/2026-06-05_030002
2026-06-05 03:30:02,453 [INFO] Successfully captured 584 Playwright events and 0 Requestly events
