2026-06-05 01:00:02,462 [INFO] Browser launched
2026-06-05 01:00:02,537 [INFO] Browser context and page created
2026-06-05 01:00:02,537 [INFO] Navigation attempt 1/3 to https://www.msport.com/ng/web/virtual
2026-06-05 01:00:16,817 [DEBUG] networkidle wait timeout (non-critical)
2026-06-05 01:00:16,817 [INFO] Navigation OK — URL: https://www.msport.com/ng/web/welcome
2026-06-05 01:00:16,825 [DEBUG] Playwright event listeners installed
2026-06-05 01:00:16,825 [WARNING] Requestly SDK not found at /tmp/node_modules/@requestly/web-sdk/dist/requestly-web-sdk.min.js — skipping Layer 2
2026-06-05 01:02:16,907 [INFO] HEARTBEAT — elapsed=135s events=38 requestly=0 url=https://www.msport.com/ng/web/welcome
2026-06-05 01:04:16,975 [INFO] HEARTBEAT — elapsed=255s events=73 requestly=0 url=https://www.msport.com/ng/web/welcome
2026-06-05 01:06:17,083 [INFO] HEARTBEAT — elapsed=375s events=111 requestly=0 url=https://www.msport.com/ng/web/welcome
2026-06-05 01:08:17,289 [INFO] HEARTBEAT — elapsed=495s events=148 requestly=0 url=https://www.msport.com/ng/web/welcome
2026-06-05 01:10:17,380 [INFO] HEARTBEAT — elapsed=616s events=186 requestly=0 url=https://www.msport.com/ng/web/welcome
2026-06-05 01:12:17,523 [INFO] HEARTBEAT — elapsed=736s events=223 requestly=0 url=https://www.msport.com/ng/web/welcome
2026-06-05 01:14:17,609 [INFO] HEARTBEAT — elapsed=856s events=260 requestly=0 url=https://www.msport.com/ng/web/welcome
2026-06-05 01:16:17,684 [INFO] HEARTBEAT — elapsed=976s events=297 requestly=0 url=https://www.msport.com/ng/web/welcome
2026-06-05 01:18:17,778 [INFO] HEARTBEAT — elapsed=1096s events=334 requestly=0 url=https://www.msport.com/ng/web/welcome
2026-06-05 01:20:17,858 [INFO] HEARTBEAT — elapsed=1216s events=372 requestly=0 url=https://www.msport.com/ng/web/welcome
2026-06-05 01:22:17,926 [INFO] HEARTBEAT — elapsed=1336s events=410 requestly=0 url=https://www.msport.com/ng/web/welcome
2026-06-05 01:24:18,006 [INFO] HEARTBEAT — elapsed=1456s events=447 requestly=0 url=https://www.msport.com/ng/web/welcome
2026-06-05 01:26:18,100 [INFO] HEARTBEAT — elapsed=1576s events=484 requestly=0 url=https://www.msport.com/ng/web/welcome
2026-06-05 01:28:18,187 [INFO] HEARTBEAT — elapsed=1696s events=522 requestly=0 url=https://www.msport.com/ng/web/welcome
2026-06-05 01:30:01,869 [INFO] Capture complete (1800s elapsed)
2026-06-05 01:30:01,870 [INFO] Finalizing capture (status=completed, duration=1800s)
2026-06-05 01:30:02,239 [DEBUG] Browser closed
2026-06-05 01:30:02,244 [INFO] Index metadata written: /home/ubuntu/faith-workspace/vfl-empire/network-capture/2026-06-05_010001/index.json
2026-06-05 01:30:02,245 [INFO] Capture finalized. Output: /home/ubuntu/faith-workspace/vfl-empire/network-capture/2026-06-05_010001
2026-06-05 01:30:02,273 [INFO] Successfully captured 555 Playwright events and 0 Requestly events
