2026-06-04 18:00:02,451 [INFO] Browser launched
2026-06-04 18:00:02,554 [INFO] Browser context and page created
2026-06-04 18:00:02,554 [INFO] Navigation attempt 1/3 to https://www.msport.com/ng/web/virtual
2026-06-04 18:00:17,168 [DEBUG] networkidle wait timeout (non-critical)
2026-06-04 18:00:17,168 [INFO] Navigation OK — URL: https://www.msport.com/ng/web/welcome
2026-06-04 18:00:17,177 [DEBUG] Playwright event listeners installed
2026-06-04 18:00:17,179 [WARNING] Requestly SDK not found at /tmp/node_modules/@requestly/web-sdk/dist/requestly-web-sdk.min.js — skipping Layer 2
2026-06-04 18:02:17,283 [INFO] HEARTBEAT — elapsed=135s events=38 requestly=0 url=https://www.msport.com/ng/web/welcome
2026-06-04 18:04:17,361 [INFO] HEARTBEAT — elapsed=256s events=75 requestly=0 url=https://www.msport.com/ng/web/welcome
2026-06-04 18:06:17,419 [INFO] HEARTBEAT — elapsed=376s events=114 requestly=0 url=https://www.msport.com/ng/web/welcome
2026-06-04 18:08:17,532 [INFO] HEARTBEAT — elapsed=496s events=151 requestly=0 url=https://www.msport.com/ng/web/welcome
2026-06-04 18:10:17,587 [INFO] HEARTBEAT — elapsed=616s events=189 requestly=0 url=https://www.msport.com/ng/web/welcome
2026-06-04 18:12:17,670 [INFO] HEARTBEAT — elapsed=736s events=227 requestly=0 url=https://www.msport.com/ng/web/welcome
2026-06-04 18:14:17,722 [INFO] HEARTBEAT — elapsed=856s events=265 requestly=0 url=https://www.msport.com/ng/web/welcome
2026-06-04 18:16:17,785 [INFO] HEARTBEAT — elapsed=976s events=303 requestly=0 url=https://www.msport.com/ng/web/welcome
2026-06-04 18:18:17,854 [INFO] HEARTBEAT — elapsed=1096s events=342 requestly=0 url=https://www.msport.com/ng/web/welcome
2026-06-04 18:20:17,925 [INFO] HEARTBEAT — elapsed=1216s events=380 requestly=0 url=https://www.msport.com/ng/web/welcome
2026-06-04 18:22:17,984 [INFO] HEARTBEAT — elapsed=1336s events=418 requestly=0 url=https://www.msport.com/ng/web/welcome
2026-06-04 18:24:18,069 [INFO] HEARTBEAT — elapsed=1456s events=456 requestly=0 url=https://www.msport.com/ng/web/welcome
2026-06-04 18:26:18,210 [INFO] HEARTBEAT — elapsed=1576s events=494 requestly=0 url=https://www.msport.com/ng/web/welcome
2026-06-04 18:28:18,266 [INFO] HEARTBEAT — elapsed=1696s events=533 requestly=0 url=https://www.msport.com/ng/web/welcome
2026-06-04 18:30:01,889 [INFO] Capture complete (1800s elapsed)
2026-06-04 18:30:01,889 [INFO] Finalizing capture (status=completed, duration=1800s)
2026-06-04 18:30:02,136 [DEBUG] Browser closed
2026-06-04 18:30:02,141 [INFO] Index metadata written: /home/ubuntu/faith-workspace/vfl-empire/network-capture/2026-06-04_180001/index.json
2026-06-04 18:30:02,142 [INFO] Capture finalized. Output: /home/ubuntu/faith-workspace/vfl-empire/network-capture/2026-06-04_180001
2026-06-04 18:30:02,174 [INFO] Successfully captured 566 Playwright events and 0 Requestly events
