2026-06-06 06:00:03,324 [INFO] Browser launched
2026-06-06 06:00:03,502 [INFO] Browser context and page created
2026-06-06 06:00:03,502 [INFO] Navigation attempt 1/3 to https://www.msport.com/ng/web/virtual
2026-06-06 06:00:08,123 [INFO] Navigation OK — URL: https://www.msport.com/ng/web/welcome
2026-06-06 06:00:08,127 [DEBUG] Playwright event listeners installed
2026-06-06 06:00:08,127 [WARNING] Requestly SDK not found at /tmp/node_modules/@requestly/web-sdk/dist/requestly-web-sdk.min.js — skipping Layer 2
2026-06-06 06:02:08,309 [INFO] HEARTBEAT — elapsed=126s events=55 requestly=0 url=https://www.msport.com/ng/web/welcome
2026-06-06 06:04:08,374 [INFO] HEARTBEAT — elapsed=246s events=94 requestly=0 url=https://www.msport.com/ng/web/welcome
2026-06-06 06:06:08,463 [INFO] HEARTBEAT — elapsed=366s events=133 requestly=0 url=https://www.msport.com/ng/web/welcome
2026-06-06 06:08:08,524 [INFO] HEARTBEAT — elapsed=486s events=171 requestly=0 url=https://www.msport.com/ng/web/welcome
2026-06-06 06:10:08,597 [INFO] HEARTBEAT — elapsed=606s events=210 requestly=0 url=https://www.msport.com/ng/web/welcome
2026-06-06 06:12:08,673 [INFO] HEARTBEAT — elapsed=726s events=248 requestly=0 url=https://www.msport.com/ng/web/welcome
2026-06-06 06:14:08,749 [INFO] HEARTBEAT — elapsed=846s events=286 requestly=0 url=https://www.msport.com/ng/web/welcome
2026-06-06 06:16:08,903 [INFO] HEARTBEAT — elapsed=966s events=324 requestly=0 url=https://www.msport.com/ng/web/welcome
2026-06-06 06:18:08,984 [INFO] HEARTBEAT — elapsed=1086s events=362 requestly=0 url=https://www.msport.com/ng/web/welcome
2026-06-06 06:20:09,082 [INFO] HEARTBEAT — elapsed=1207s events=401 requestly=0 url=https://www.msport.com/ng/web/welcome
2026-06-06 06:22:09,234 [INFO] HEARTBEAT — elapsed=1327s events=439 requestly=0 url=https://www.msport.com/ng/web/welcome
2026-06-06 06:24:09,355 [INFO] HEARTBEAT — elapsed=1447s events=477 requestly=0 url=https://www.msport.com/ng/web/welcome
2026-06-06 06:26:09,426 [INFO] HEARTBEAT — elapsed=1567s events=515 requestly=0 url=https://www.msport.com/ng/web/welcome
2026-06-06 06:28:09,467 [INFO] HEARTBEAT — elapsed=1687s events=555 requestly=0 url=https://www.msport.com/ng/web/welcome
2026-06-06 06:30:02,520 [INFO] Capture complete (1800s elapsed)
2026-06-06 06:30:02,520 [INFO] Finalizing capture (status=completed, duration=1800s)
2026-06-06 06:30:02,671 [DEBUG] Browser closed
2026-06-06 06:30:02,675 [INFO] Index metadata written: /home/ubuntu/faith-workspace/vfl-empire/network-capture/2026-06-06_060002/index.json
2026-06-06 06:30:02,675 [INFO] Capture finalized. Output: /home/ubuntu/faith-workspace/vfl-empire/network-capture/2026-06-06_060002
2026-06-06 06:30:02,699 [INFO] Successfully captured 589 Playwright events and 0 Requestly events
