2026-06-15 09:00:03,942 [INFO] Browser launched
2026-06-15 09:00:04,298 [INFO] Browser context and page created
2026-06-15 09:00:04,299 [INFO] Navigation attempt 1/3 to https://www.msport.com/ng/web/virtual
2026-06-15 09:00:10,283 [INFO] Navigation OK — URL: https://www.msport.com/ng/web/welcome
2026-06-15 09:00:10,302 [DEBUG] Playwright event listeners installed
2026-06-15 09:00:10,304 [WARNING] Requestly SDK not found at /tmp/node_modules/@requestly/web-sdk/dist/requestly-web-sdk.min.js — skipping Layer 2
2026-06-15 09:02:10,538 [INFO] HEARTBEAT — elapsed=128s events=26 requestly=0 url=https://www.msport.com/ng/web/welcome
2026-06-15 09:04:10,824 [INFO] HEARTBEAT — elapsed=249s events=53 requestly=0 url=https://www.msport.com/ng/web/welcome
2026-06-15 09:06:11,326 [INFO] HEARTBEAT — elapsed=369s events=77 requestly=0 url=https://www.msport.com/ng/web/welcome
2026-06-15 09:08:11,557 [INFO] HEARTBEAT — elapsed=489s events=103 requestly=0 url=https://www.msport.com/ng/web/welcome
2026-06-15 09:10:11,636 [INFO] HEARTBEAT — elapsed=609s events=128 requestly=0 url=https://www.msport.com/ng/web/welcome
2026-06-15 09:12:11,722 [INFO] HEARTBEAT — elapsed=729s events=154 requestly=0 url=https://www.msport.com/ng/web/welcome
2026-06-15 09:14:11,898 [INFO] HEARTBEAT — elapsed=850s events=179 requestly=0 url=https://www.msport.com/ng/web/welcome
2026-06-15 09:16:12,031 [INFO] HEARTBEAT — elapsed=970s events=204 requestly=0 url=https://www.msport.com/ng/web/welcome
2026-06-15 09:18:12,629 [INFO] HEARTBEAT — elapsed=1090s events=230 requestly=0 url=https://www.msport.com/ng/web/welcome
2026-06-15 09:20:12,835 [INFO] HEARTBEAT — elapsed=1211s events=256 requestly=0 url=https://www.msport.com/ng/web/welcome
2026-06-15 09:22:13,175 [INFO] HEARTBEAT — elapsed=1331s events=281 requestly=0 url=https://www.msport.com/ng/web/welcome
2026-06-15 09:24:13,294 [INFO] HEARTBEAT — elapsed=1451s events=306 requestly=0 url=https://www.msport.com/ng/web/welcome
2026-06-15 09:26:13,744 [INFO] HEARTBEAT — elapsed=1572s events=331 requestly=0 url=https://www.msport.com/ng/web/welcome
2026-06-15 09:28:13,866 [INFO] HEARTBEAT — elapsed=1692s events=357 requestly=0 url=https://www.msport.com/ng/web/welcome
2026-06-15 09:30:02,379 [INFO] Capture complete (1800s elapsed)
2026-06-15 09:30:02,382 [INFO] Finalizing capture (status=completed, duration=1800s)
2026-06-15 09:30:02,946 [DEBUG] Browser closed
2026-06-15 09:30:02,951 [INFO] Index metadata written: /home/ubuntu/faith-workspace/vfl-empire/network-capture/2026-06-15_090002/index.json
2026-06-15 09:30:02,952 [INFO] Capture finalized. Output: /home/ubuntu/faith-workspace/vfl-empire/network-capture/2026-06-15_090002
2026-06-15 09:30:02,972 [INFO] Successfully captured 380 Playwright events and 0 Requestly events
