2026-06-05 02:00:02,100 [INFO] Browser launched
2026-06-05 02:00:02,227 [INFO] Browser context and page created
2026-06-05 02:00:02,228 [INFO] Navigation attempt 1/3 to https://www.msport.com/ng/web/virtual
2026-06-05 02:00:16,757 [DEBUG] networkidle wait timeout (non-critical)
2026-06-05 02:00:16,757 [INFO] Navigation OK — URL: https://www.msport.com/ng/web/welcome
2026-06-05 02:00:16,759 [DEBUG] Playwright event listeners installed
2026-06-05 02:00:16,760 [WARNING] Requestly SDK not found at /tmp/node_modules/@requestly/web-sdk/dist/requestly-web-sdk.min.js — skipping Layer 2
2026-06-05 02:02:16,869 [INFO] HEARTBEAT — elapsed=135s events=36 requestly=0 url=https://www.msport.com/ng/web/welcome
2026-06-05 02:04:16,946 [INFO] HEARTBEAT — elapsed=255s events=72 requestly=0 url=https://www.msport.com/ng/web/welcome
2026-06-05 02:06:16,993 [INFO] HEARTBEAT — elapsed=375s events=109 requestly=0 url=https://www.msport.com/ng/web/welcome
2026-06-05 02:08:17,095 [INFO] HEARTBEAT — elapsed=496s events=146 requestly=0 url=https://www.msport.com/ng/web/welcome
2026-06-05 02:10:17,217 [INFO] HEARTBEAT — elapsed=616s events=183 requestly=0 url=https://www.msport.com/ng/web/welcome
2026-06-05 02:12:17,303 [INFO] HEARTBEAT — elapsed=736s events=219 requestly=0 url=https://www.msport.com/ng/web/welcome
2026-06-05 02:14:17,378 [INFO] HEARTBEAT — elapsed=856s events=256 requestly=0 url=https://www.msport.com/ng/web/welcome
2026-06-05 02:16:17,467 [INFO] HEARTBEAT — elapsed=976s events=293 requestly=0 url=https://www.msport.com/ng/web/welcome
2026-06-05 02:18:17,536 [INFO] HEARTBEAT — elapsed=1096s events=330 requestly=0 url=https://www.msport.com/ng/web/welcome
2026-06-05 02:20:17,600 [INFO] HEARTBEAT — elapsed=1216s events=367 requestly=0 url=https://www.msport.com/ng/web/welcome
2026-06-05 02:22:17,722 [INFO] HEARTBEAT — elapsed=1336s events=404 requestly=0 url=https://www.msport.com/ng/web/welcome
2026-06-05 02:24:17,790 [INFO] HEARTBEAT — elapsed=1456s events=440 requestly=0 url=https://www.msport.com/ng/web/welcome
2026-06-05 02:26:17,878 [INFO] HEARTBEAT — elapsed=1576s events=478 requestly=0 url=https://www.msport.com/ng/web/welcome
2026-06-05 02:28:17,928 [INFO] HEARTBEAT — elapsed=1696s events=515 requestly=0 url=https://www.msport.com/ng/web/welcome
2026-06-05 02:30:01,521 [INFO] Capture complete (1800s elapsed)
2026-06-05 02:30:01,522 [INFO] Finalizing capture (status=completed, duration=1800s)
2026-06-05 02:30:01,648 [DEBUG] Browser closed
2026-06-05 02:30:01,652 [INFO] Index metadata written: /home/ubuntu/faith-workspace/vfl-empire/network-capture/2026-06-05_020001/index.json
2026-06-05 02:30:01,652 [INFO] Capture finalized. Output: /home/ubuntu/faith-workspace/vfl-empire/network-capture/2026-06-05_020001
2026-06-05 02:30:01,671 [INFO] Successfully captured 546 Playwright events and 0 Requestly events
