2026-06-03 10:00:02,273 [INFO] Browser launched
2026-06-03 10:00:02,359 [INFO] Browser context and page created
2026-06-03 10:00:02,359 [INFO] Navigation attempt 1/3 to https://www.msport.com/ng/web/virtual
2026-06-03 10:00:16,740 [DEBUG] networkidle wait timeout (non-critical)
2026-06-03 10:00:16,740 [INFO] Navigation OK — URL: https://www.msport.com/ng/web/welcome
2026-06-03 10:00:16,742 [DEBUG] Playwright event listeners installed
2026-06-03 10:00:16,742 [WARNING] Requestly SDK not found at /tmp/node_modules/@requestly/web-sdk/dist/requestly-web-sdk.min.js — skipping Layer 2
2026-06-03 10:02:16,849 [INFO] HEARTBEAT — elapsed=135s events=40 requestly=0 url=https://www.msport.com/ng/web/welcome
2026-06-03 10:04:16,908 [INFO] HEARTBEAT — elapsed=255s events=78 requestly=0 url=https://www.msport.com/ng/web/welcome
2026-06-03 10:06:16,976 [INFO] HEARTBEAT — elapsed=375s events=117 requestly=0 url=https://www.msport.com/ng/web/welcome
2026-06-03 10:08:17,038 [INFO] HEARTBEAT — elapsed=495s events=156 requestly=0 url=https://www.msport.com/ng/web/welcome
2026-06-03 10:10:17,118 [INFO] HEARTBEAT — elapsed=615s events=195 requestly=0 url=https://www.msport.com/ng/web/welcome
2026-06-03 10:12:17,215 [INFO] HEARTBEAT — elapsed=736s events=234 requestly=0 url=https://www.msport.com/ng/web/welcome
2026-06-03 10:14:17,274 [INFO] HEARTBEAT — elapsed=856s events=273 requestly=0 url=https://www.msport.com/ng/web/welcome
2026-06-03 10:16:17,317 [INFO] HEARTBEAT — elapsed=976s events=313 requestly=0 url=https://www.msport.com/ng/web/welcome
2026-06-03 10:18:17,378 [INFO] HEARTBEAT — elapsed=1096s events=352 requestly=0 url=https://www.msport.com/ng/web/welcome
2026-06-03 10:20:17,468 [INFO] HEARTBEAT — elapsed=1216s events=391 requestly=0 url=https://www.msport.com/ng/web/welcome
2026-06-03 10:22:17,528 [INFO] HEARTBEAT — elapsed=1336s events=430 requestly=0 url=https://www.msport.com/ng/web/welcome
2026-06-03 10:24:17,607 [INFO] HEARTBEAT — elapsed=1456s events=469 requestly=0 url=https://www.msport.com/ng/web/welcome
2026-06-03 10:26:17,679 [INFO] HEARTBEAT — elapsed=1576s events=509 requestly=0 url=https://www.msport.com/ng/web/welcome
2026-06-03 10:28:17,742 [INFO] HEARTBEAT — elapsed=1696s events=548 requestly=0 url=https://www.msport.com/ng/web/welcome
2026-06-03 10:30:01,686 [INFO] Capture complete (1800s elapsed)
2026-06-03 10:30:01,687 [INFO] Finalizing capture (status=completed, duration=1800s)
2026-06-03 10:30:01,871 [DEBUG] Browser closed
2026-06-03 10:30:01,880 [INFO] Index metadata written: /home/ubuntu/faith-workspace/vfl-empire/network-capture/2026-06-03_100001/index.json
2026-06-03 10:30:01,880 [INFO] Capture finalized. Output: /home/ubuntu/faith-workspace/vfl-empire/network-capture/2026-06-03_100001
2026-06-03 10:30:01,910 [INFO] Successfully captured 583 Playwright events and 0 Requestly events
