2026-06-15 20:00:03,952 [INFO] Browser launched
2026-06-15 20:00:04,331 [INFO] Browser context and page created
2026-06-15 20:00:04,331 [INFO] Navigation attempt 1/3 to https://www.msport.com/ng/web/virtual
2026-06-15 20:00:09,678 [INFO] Navigation OK — URL: https://www.msport.com/ng/web/welcome
2026-06-15 20:00:09,687 [DEBUG] Playwright event listeners installed
2026-06-15 20:00:09,691 [WARNING] Requestly SDK not found at /tmp/node_modules/@requestly/web-sdk/dist/requestly-web-sdk.min.js — skipping Layer 2
2026-06-15 20:02:10,005 [INFO] HEARTBEAT — elapsed=128s events=65 requestly=0 url=https://www.msport.com/ng/web/welcome
2026-06-15 20:04:10,659 [INFO] HEARTBEAT — elapsed=249s events=88 requestly=0 url=https://www.msport.com/ng/web/welcome
2026-06-15 20:06:11,066 [INFO] HEARTBEAT — elapsed=369s events=111 requestly=0 url=https://www.msport.com/ng/web/welcome
2026-06-15 20:08:11,892 [INFO] HEARTBEAT — elapsed=490s events=134 requestly=0 url=https://www.msport.com/ng/web/welcome
2026-06-15 20:10:12,203 [INFO] HEARTBEAT — elapsed=610s events=159 requestly=0 url=https://www.msport.com/ng/web/welcome
2026-06-15 20:12:12,326 [INFO] HEARTBEAT — elapsed=730s events=182 requestly=0 url=https://www.msport.com/ng/web/welcome
2026-06-15 20:14:12,754 [INFO] HEARTBEAT — elapsed=851s events=207 requestly=0 url=https://www.msport.com/ng/web/welcome
2026-06-15 20:16:13,126 [INFO] HEARTBEAT — elapsed=971s events=230 requestly=0 url=https://www.msport.com/ng/web/welcome
2026-06-15 20:18:13,346 [INFO] HEARTBEAT — elapsed=1091s events=254 requestly=0 url=https://www.msport.com/ng/web/welcome
2026-06-15 20:20:13,576 [INFO] HEARTBEAT — elapsed=1212s events=278 requestly=0 url=https://www.msport.com/ng/web/welcome
2026-06-15 20:22:13,700 [INFO] HEARTBEAT — elapsed=1332s events=302 requestly=0 url=https://www.msport.com/ng/web/welcome
2026-06-15 20:24:14,984 [INFO] HEARTBEAT — elapsed=1453s events=324 requestly=0 url=https://www.msport.com/ng/web/welcome
2026-06-15 20:26:15,107 [INFO] HEARTBEAT — elapsed=1573s events=346 requestly=0 url=https://www.msport.com/ng/web/welcome
2026-06-15 20:28:17,795 [INFO] HEARTBEAT — elapsed=1696s events=368 requestly=0 url=https://www.msport.com/ng/web/welcome
2026-06-15 20:30:02,140 [INFO] Capture complete (1800s elapsed)
2026-06-15 20:30:02,152 [INFO] Finalizing capture (status=completed, duration=1800s)
2026-06-15 20:30:03,591 [DEBUG] Browser closed
2026-06-15 20:30:03,601 [INFO] Index metadata written: /home/ubuntu/faith-workspace/vfl-empire/network-capture/2026-06-15_200002/index.json
2026-06-15 20:30:03,603 [INFO] Capture finalized. Output: /home/ubuntu/faith-workspace/vfl-empire/network-capture/2026-06-15_200002
2026-06-15 20:30:03,827 [INFO] Successfully captured 389 Playwright events and 0 Requestly events
