2026-06-04 22:00:02,586 [INFO] Browser launched
2026-06-04 22:00:02,673 [INFO] Browser context and page created
2026-06-04 22:00:02,673 [INFO] Navigation attempt 1/3 to https://www.msport.com/ng/web/virtual
2026-06-04 22:00:16,714 [DEBUG] networkidle wait timeout (non-critical)
2026-06-04 22:00:16,714 [INFO] Navigation OK — URL: https://www.msport.com/ng/web/welcome
2026-06-04 22:00:16,716 [DEBUG] Playwright event listeners installed
2026-06-04 22:00:16,716 [WARNING] Requestly SDK not found at /tmp/node_modules/@requestly/web-sdk/dist/requestly-web-sdk.min.js — skipping Layer 2
2026-06-04 22:02:16,816 [INFO] HEARTBEAT — elapsed=135s events=37 requestly=0 url=https://www.msport.com/ng/web/welcome
2026-06-04 22:04:16,903 [INFO] HEARTBEAT — elapsed=255s events=74 requestly=0 url=https://www.msport.com/ng/web/welcome
2026-06-04 22:06:16,956 [INFO] HEARTBEAT — elapsed=375s events=111 requestly=0 url=https://www.msport.com/ng/web/welcome
2026-06-04 22:08:17,018 [INFO] HEARTBEAT — elapsed=495s events=149 requestly=0 url=https://www.msport.com/ng/web/welcome
2026-06-04 22:10:17,185 [INFO] HEARTBEAT — elapsed=615s events=185 requestly=0 url=https://www.msport.com/ng/web/welcome
2026-06-04 22:12:17,272 [INFO] HEARTBEAT — elapsed=735s events=223 requestly=0 url=https://www.msport.com/ng/web/welcome
2026-06-04 22:14:17,353 [INFO] HEARTBEAT — elapsed=855s events=260 requestly=0 url=https://www.msport.com/ng/web/welcome
2026-06-04 22:16:17,408 [INFO] HEARTBEAT — elapsed=975s events=298 requestly=0 url=https://www.msport.com/ng/web/welcome
2026-06-04 22:18:17,471 [INFO] HEARTBEAT — elapsed=1095s events=335 requestly=0 url=https://www.msport.com/ng/web/welcome
2026-06-04 22:20:17,523 [INFO] HEARTBEAT — elapsed=1216s events=372 requestly=0 url=https://www.msport.com/ng/web/welcome
2026-06-04 22:22:17,569 [INFO] HEARTBEAT — elapsed=1336s events=410 requestly=0 url=https://www.msport.com/ng/web/welcome
2026-06-04 22:24:17,633 [INFO] HEARTBEAT — elapsed=1456s events=447 requestly=0 url=https://www.msport.com/ng/web/welcome
2026-06-04 22:26:17,722 [INFO] HEARTBEAT — elapsed=1576s events=485 requestly=0 url=https://www.msport.com/ng/web/welcome
2026-06-04 22:28:17,793 [INFO] HEARTBEAT — elapsed=1696s events=522 requestly=0 url=https://www.msport.com/ng/web/welcome
2026-06-04 22:30:02,011 [INFO] Capture complete (1800s elapsed)
2026-06-04 22:30:02,013 [INFO] Finalizing capture (status=completed, duration=1800s)
2026-06-04 22:30:02,283 [DEBUG] Browser closed
2026-06-04 22:30:02,287 [INFO] Index metadata written: /home/ubuntu/faith-workspace/vfl-empire/network-capture/2026-06-04_220001/index.json
2026-06-04 22:30:02,287 [INFO] Capture finalized. Output: /home/ubuntu/faith-workspace/vfl-empire/network-capture/2026-06-04_220001
2026-06-04 22:30:02,312 [INFO] Successfully captured 555 Playwright events and 0 Requestly events
