2026-06-15 02:00:02,895 [INFO] Browser launched
2026-06-15 02:00:03,071 [INFO] Browser context and page created
2026-06-15 02:00:03,072 [INFO] Navigation attempt 1/3 to https://www.msport.com/ng/web/virtual
2026-06-15 02:00:07,940 [INFO] Navigation OK — URL: https://www.msport.com/ng/web/welcome
2026-06-15 02:00:07,944 [DEBUG] Playwright event listeners installed
2026-06-15 02:00:07,944 [WARNING] Requestly SDK not found at /tmp/node_modules/@requestly/web-sdk/dist/requestly-web-sdk.min.js — skipping Layer 2
2026-06-15 02:02:08,213 [INFO] HEARTBEAT — elapsed=127s events=44 requestly=0 url=https://www.msport.com/ng/web/welcome
2026-06-15 02:04:08,738 [INFO] HEARTBEAT — elapsed=247s events=70 requestly=0 url=https://www.msport.com/ng/web/welcome
2026-06-15 02:06:08,857 [INFO] HEARTBEAT — elapsed=367s events=95 requestly=0 url=https://www.msport.com/ng/web/welcome
2026-06-15 02:08:09,263 [INFO] HEARTBEAT — elapsed=488s events=122 requestly=0 url=https://www.msport.com/ng/web/welcome
2026-06-15 02:10:09,440 [INFO] HEARTBEAT — elapsed=608s events=148 requestly=0 url=https://www.msport.com/ng/web/welcome
2026-06-15 02:12:10,023 [INFO] HEARTBEAT — elapsed=728s events=174 requestly=0 url=https://www.msport.com/ng/web/welcome
2026-06-15 02:14:10,394 [INFO] HEARTBEAT — elapsed=849s events=200 requestly=0 url=https://www.msport.com/ng/web/welcome
2026-06-15 02:16:10,626 [INFO] HEARTBEAT — elapsed=969s events=226 requestly=0 url=https://www.msport.com/ng/web/welcome
2026-06-15 02:18:10,931 [INFO] HEARTBEAT — elapsed=1089s events=251 requestly=0 url=https://www.msport.com/ng/web/welcome
2026-06-15 02:20:11,063 [INFO] HEARTBEAT — elapsed=1209s events=277 requestly=0 url=https://www.msport.com/ng/web/welcome
2026-06-15 02:22:11,253 [INFO] HEARTBEAT — elapsed=1330s events=304 requestly=0 url=https://www.msport.com/ng/web/welcome
2026-06-15 02:24:11,672 [INFO] HEARTBEAT — elapsed=1450s events=329 requestly=0 url=https://www.msport.com/ng/web/welcome
2026-06-15 02:26:11,767 [INFO] HEARTBEAT — elapsed=1570s events=355 requestly=0 url=https://www.msport.com/ng/web/welcome
2026-06-15 02:28:11,964 [INFO] HEARTBEAT — elapsed=1690s events=380 requestly=0 url=https://www.msport.com/ng/web/welcome
2026-06-15 02:30:01,597 [INFO] Capture complete (1800s elapsed)
2026-06-15 02:30:01,598 [INFO] Finalizing capture (status=completed, duration=1800s)
2026-06-15 02:30:01,736 [DEBUG] Browser closed
2026-06-15 02:30:01,741 [INFO] Index metadata written: /home/ubuntu/faith-workspace/vfl-empire/network-capture/2026-06-15_020001/index.json
2026-06-15 02:30:01,741 [INFO] Capture finalized. Output: /home/ubuntu/faith-workspace/vfl-empire/network-capture/2026-06-15_020001
2026-06-15 02:30:01,773 [INFO] Successfully captured 404 Playwright events and 0 Requestly events
