2026-06-06 02:00:02,418 [INFO] Browser launched
2026-06-06 02:00:02,489 [INFO] Browser context and page created
2026-06-06 02:00:02,489 [INFO] Navigation attempt 1/3 to https://www.msport.com/ng/web/virtual
2026-06-06 02:00:07,730 [INFO] Navigation OK — URL: https://www.msport.com/ng/web/welcome
2026-06-06 02:00:07,732 [DEBUG] Playwright event listeners installed
2026-06-06 02:00:07,732 [WARNING] Requestly SDK not found at /tmp/node_modules/@requestly/web-sdk/dist/requestly-web-sdk.min.js — skipping Layer 2
2026-06-06 02:02:07,845 [INFO] HEARTBEAT — elapsed=126s events=39 requestly=0 url=https://www.msport.com/ng/web/welcome
2026-06-06 02:04:07,904 [INFO] HEARTBEAT — elapsed=246s events=79 requestly=0 url=https://www.msport.com/ng/web/welcome
2026-06-06 02:06:07,963 [INFO] HEARTBEAT — elapsed=366s events=119 requestly=0 url=https://www.msport.com/ng/web/welcome
2026-06-06 02:06:50,600 [WARNING] Received SIGTERM – initiating graceful shutdown...
2026-06-06 02:07:08,000 [WARNING] Health check failed: Page.evaluate: Target page, context or browser has been closed
2026-06-06 02:07:08,001 [WARNING] Page unresponsive — attempting reload
2026-06-06 02:07:08,001 [INFO] Reload attempt 1/2
2026-06-06 02:07:08,002 [WARNING] Reload attempt 1 failed: Page.reload: Target page, context or browser has been closed
2026-06-06 02:07:23,017 [INFO] Reload attempt 2/2
2026-06-06 02:07:23,019 [WARNING] Reload attempt 2 failed: Page.reload: Target page, context or browser has been closed
2026-06-06 02:07:23,019 [ERROR] Page crash recovery failed — saving partial data and exiting
2026-06-06 02:07:23,019 [INFO] Capture complete (441s elapsed)
2026-06-06 02:07:23,019 [INFO] Finalizing capture (status=completed, duration=441s)
2026-06-06 02:07:23,020 [DEBUG] Browser closed
2026-06-06 02:07:23,023 [INFO] Index metadata written: /home/ubuntu/faith-workspace/vfl-empire/network-capture/2026-06-06_020001/index.json
2026-06-06 02:07:23,023 [INFO] Capture finalized. Output: /home/ubuntu/faith-workspace/vfl-empire/network-capture/2026-06-06_020001
