2026-06-15 13:00:05,429 [INFO] Browser launched
2026-06-15 13:00:06,418 [INFO] Browser context and page created
2026-06-15 13:00:06,424 [INFO] Navigation attempt 1/3 to https://www.msport.com/ng/web/virtual
2026-06-15 13:00:11,871 [INFO] Navigation OK — URL: https://www.msport.com/ng/web/welcome
2026-06-15 13:00:11,876 [DEBUG] Playwright event listeners installed
2026-06-15 13:00:11,877 [WARNING] Requestly SDK not found at /tmp/node_modules/@requestly/web-sdk/dist/requestly-web-sdk.min.js — skipping Layer 2
2026-06-15 13:02:12,343 [INFO] HEARTBEAT — elapsed=130s events=48 requestly=0 url=https://www.msport.com/ng/web/welcome
2026-06-15 13:04:12,644 [INFO] HEARTBEAT — elapsed=250s events=69 requestly=0 url=https://www.msport.com/ng/web/welcome
2026-06-15 13:06:12,926 [INFO] HEARTBEAT — elapsed=370s events=92 requestly=0 url=https://www.msport.com/ng/web/welcome
2026-06-15 13:08:13,329 [INFO] HEARTBEAT — elapsed=491s events=116 requestly=0 url=https://www.msport.com/ng/web/welcome
2026-06-15 13:10:13,657 [INFO] HEARTBEAT — elapsed=611s events=139 requestly=0 url=https://www.msport.com/ng/web/welcome
2026-06-15 13:12:13,986 [INFO] HEARTBEAT — elapsed=731s events=164 requestly=0 url=https://www.msport.com/ng/web/welcome
2026-06-15 13:14:14,381 [INFO] HEARTBEAT — elapsed=852s events=189 requestly=0 url=https://www.msport.com/ng/web/welcome
2026-06-15 13:16:14,625 [INFO] HEARTBEAT — elapsed=972s events=212 requestly=0 url=https://www.msport.com/ng/web/welcome
2026-06-15 13:18:15,003 [INFO] HEARTBEAT — elapsed=1092s events=235 requestly=0 url=https://www.msport.com/ng/web/welcome
2026-06-15 13:20:15,199 [INFO] HEARTBEAT — elapsed=1212s events=259 requestly=0 url=https://www.msport.com/ng/web/welcome
2026-06-15 13:22:15,654 [INFO] HEARTBEAT — elapsed=1333s events=281 requestly=0 url=https://www.msport.com/ng/web/welcome
2026-06-15 13:24:16,039 [INFO] HEARTBEAT — elapsed=1453s events=305 requestly=0 url=https://www.msport.com/ng/web/welcome
2026-06-15 13:26:16,412 [INFO] HEARTBEAT — elapsed=1574s events=330 requestly=0 url=https://www.msport.com/ng/web/welcome
2026-06-15 13:28:16,602 [INFO] HEARTBEAT — elapsed=1694s events=355 requestly=0 url=https://www.msport.com/ng/web/welcome
2026-06-15 13:30:02,835 [INFO] Capture complete (1800s elapsed)
2026-06-15 13:30:02,835 [INFO] Finalizing capture (status=completed, duration=1800s)
2026-06-15 13:30:03,220 [DEBUG] Browser closed
2026-06-15 13:30:03,325 [INFO] Index metadata written: /home/ubuntu/faith-workspace/vfl-empire/network-capture/2026-06-15_130002/index.json
2026-06-15 13:30:03,325 [INFO] Capture finalized. Output: /home/ubuntu/faith-workspace/vfl-empire/network-capture/2026-06-15_130002
2026-06-15 13:30:03,475 [INFO] Successfully captured 377 Playwright events and 0 Requestly events
