2026-06-06 04:00:02,254 [INFO] Browser launched
2026-06-06 04:00:02,386 [INFO] Browser context and page created
2026-06-06 04:00:02,386 [INFO] Navigation attempt 1/3 to https://www.msport.com/ng/web/virtual
2026-06-06 04:00:06,835 [INFO] Navigation OK — URL: https://www.msport.com/ng/web/welcome
2026-06-06 04:00:06,838 [DEBUG] Playwright event listeners installed
2026-06-06 04:00:06,839 [WARNING] Requestly SDK not found at /tmp/node_modules/@requestly/web-sdk/dist/requestly-web-sdk.min.js — skipping Layer 2
2026-06-06 04:02:06,944 [INFO] HEARTBEAT — elapsed=125s events=57 requestly=0 url=https://www.msport.com/ng/web/welcome
2026-06-06 04:04:07,009 [INFO] HEARTBEAT — elapsed=245s events=96 requestly=0 url=https://www.msport.com/ng/web/welcome
2026-06-06 04:06:07,094 [INFO] HEARTBEAT — elapsed=366s events=135 requestly=0 url=https://www.msport.com/ng/web/welcome
2026-06-06 04:08:07,213 [INFO] HEARTBEAT — elapsed=486s events=174 requestly=0 url=https://www.msport.com/ng/web/welcome
2026-06-06 04:10:07,288 [INFO] HEARTBEAT — elapsed=606s events=213 requestly=0 url=https://www.msport.com/ng/web/welcome
2026-06-06 04:12:07,363 [INFO] HEARTBEAT — elapsed=726s events=252 requestly=0 url=https://www.msport.com/ng/web/welcome
2026-06-06 04:14:07,434 [INFO] HEARTBEAT — elapsed=846s events=290 requestly=0 url=https://www.msport.com/ng/web/welcome
2026-06-06 04:16:07,496 [INFO] HEARTBEAT — elapsed=966s events=329 requestly=0 url=https://www.msport.com/ng/web/welcome
2026-06-06 04:18:07,569 [INFO] HEARTBEAT — elapsed=1086s events=369 requestly=0 url=https://www.msport.com/ng/web/welcome
2026-06-06 04:20:07,668 [INFO] HEARTBEAT — elapsed=1206s events=408 requestly=0 url=https://www.msport.com/ng/web/welcome
2026-06-06 04:22:07,749 [INFO] HEARTBEAT — elapsed=1326s events=446 requestly=0 url=https://www.msport.com/ng/web/welcome
2026-06-06 04:24:07,820 [INFO] HEARTBEAT — elapsed=1446s events=486 requestly=0 url=https://www.msport.com/ng/web/welcome
2026-06-06 04:26:07,892 [INFO] HEARTBEAT — elapsed=1566s events=525 requestly=0 url=https://www.msport.com/ng/web/welcome
2026-06-06 04:28:07,947 [INFO] HEARTBEAT — elapsed=1686s events=564 requestly=0 url=https://www.msport.com/ng/web/welcome
2026-06-06 04:30:01,539 [INFO] Capture complete (1800s elapsed)
2026-06-06 04:30:01,539 [INFO] Finalizing capture (status=completed, duration=1800s)
2026-06-06 04:30:01,643 [DEBUG] Browser closed
2026-06-06 04:30:01,647 [INFO] Index metadata written: /home/ubuntu/faith-workspace/vfl-empire/network-capture/2026-06-06_040001/index.json
2026-06-06 04:30:01,647 [INFO] Capture finalized. Output: /home/ubuntu/faith-workspace/vfl-empire/network-capture/2026-06-06_040001
2026-06-06 04:30:01,678 [INFO] Successfully captured 601 Playwright events and 0 Requestly events
