2026-06-04 10:00:01,892 [INFO] Browser launched
2026-06-04 10:00:01,995 [INFO] Browser context and page created
2026-06-04 10:00:01,996 [INFO] Navigation attempt 1/3 to https://www.msport.com/ng/web/virtual
2026-06-04 10:00:16,483 [DEBUG] networkidle wait timeout (non-critical)
2026-06-04 10:00:16,483 [INFO] Navigation OK — URL: https://www.msport.com/ng/web/welcome
2026-06-04 10:00:16,486 [DEBUG] Playwright event listeners installed
2026-06-04 10:00:16,486 [WARNING] Requestly SDK not found at /tmp/node_modules/@requestly/web-sdk/dist/requestly-web-sdk.min.js — skipping Layer 2
2026-06-04 10:02:16,591 [INFO] HEARTBEAT — elapsed=135s events=37 requestly=0 url=https://www.msport.com/ng/web/welcome
2026-06-04 10:04:16,657 [INFO] HEARTBEAT — elapsed=255s events=73 requestly=0 url=https://www.msport.com/ng/web/welcome
2026-06-04 10:06:16,731 [INFO] HEARTBEAT — elapsed=375s events=110 requestly=0 url=https://www.msport.com/ng/web/welcome
2026-06-04 10:08:16,809 [INFO] HEARTBEAT — elapsed=496s events=147 requestly=0 url=https://www.msport.com/ng/web/welcome
2026-06-04 10:10:16,881 [INFO] HEARTBEAT — elapsed=616s events=184 requestly=0 url=https://www.msport.com/ng/web/welcome
2026-06-04 10:12:16,962 [INFO] HEARTBEAT — elapsed=736s events=221 requestly=0 url=https://www.msport.com/ng/web/welcome
2026-06-04 10:14:17,023 [INFO] HEARTBEAT — elapsed=856s events=259 requestly=0 url=https://www.msport.com/ng/web/welcome
2026-06-04 10:16:17,137 [INFO] HEARTBEAT — elapsed=976s events=296 requestly=0 url=https://www.msport.com/ng/web/welcome
2026-06-04 10:18:17,267 [INFO] HEARTBEAT — elapsed=1096s events=333 requestly=0 url=https://www.msport.com/ng/web/welcome
2026-06-04 10:20:17,365 [INFO] HEARTBEAT — elapsed=1216s events=370 requestly=0 url=https://www.msport.com/ng/web/welcome
2026-06-04 10:22:17,448 [INFO] HEARTBEAT — elapsed=1336s events=407 requestly=0 url=https://www.msport.com/ng/web/welcome
2026-06-04 10:24:17,501 [INFO] HEARTBEAT — elapsed=1456s events=444 requestly=0 url=https://www.msport.com/ng/web/welcome
2026-06-04 10:26:17,579 [INFO] HEARTBEAT — elapsed=1576s events=481 requestly=0 url=https://www.msport.com/ng/web/welcome
2026-06-04 10:28:17,640 [INFO] HEARTBEAT — elapsed=1696s events=518 requestly=0 url=https://www.msport.com/ng/web/welcome
2026-06-04 10:30:01,260 [INFO] Capture complete (1800s elapsed)
2026-06-04 10:30:01,260 [INFO] Finalizing capture (status=completed, duration=1800s)
2026-06-04 10:30:01,389 [DEBUG] Browser closed
2026-06-04 10:30:01,393 [INFO] Index metadata written: /home/ubuntu/faith-workspace/vfl-empire/network-capture/2026-06-04_100001/index.json
2026-06-04 10:30:01,393 [INFO] Capture finalized. Output: /home/ubuntu/faith-workspace/vfl-empire/network-capture/2026-06-04_100001
2026-06-04 10:30:01,412 [INFO] Successfully captured 551 Playwright events and 0 Requestly events
