2026-06-14 23:00:03,661 [INFO] Browser launched
2026-06-14 23:00:03,763 [INFO] Browser context and page created
2026-06-14 23:00:03,764 [INFO] Navigation attempt 1/3 to https://www.msport.com/ng/web/virtual
2026-06-14 23:00:08,175 [INFO] Navigation OK — URL: https://www.msport.com/ng/web/welcome
2026-06-14 23:00:08,187 [DEBUG] Playwright event listeners installed
2026-06-14 23:00:08,187 [WARNING] Requestly SDK not found at /tmp/node_modules/@requestly/web-sdk/dist/requestly-web-sdk.min.js — skipping Layer 2
2026-06-14 23:02:08,458 [INFO] HEARTBEAT — elapsed=126s events=45 requestly=0 url=https://www.msport.com/ng/web/welcome
2026-06-14 23:04:09,074 [INFO] HEARTBEAT — elapsed=247s events=70 requestly=0 url=https://www.msport.com/ng/web/welcome
2026-06-14 23:06:09,247 [INFO] HEARTBEAT — elapsed=367s events=96 requestly=0 url=https://www.msport.com/ng/web/welcome
2026-06-14 23:08:09,413 [INFO] HEARTBEAT — elapsed=487s events=123 requestly=0 url=https://www.msport.com/ng/web/welcome
2026-06-14 23:10:09,543 [INFO] HEARTBEAT — elapsed=608s events=148 requestly=0 url=https://www.msport.com/ng/web/welcome
2026-06-14 23:12:09,677 [INFO] HEARTBEAT — elapsed=728s events=174 requestly=0 url=https://www.msport.com/ng/web/welcome
2026-06-14 23:14:09,988 [INFO] HEARTBEAT — elapsed=848s events=201 requestly=0 url=https://www.msport.com/ng/web/welcome
2026-06-14 23:16:10,237 [INFO] HEARTBEAT — elapsed=968s events=226 requestly=0 url=https://www.msport.com/ng/web/welcome
2026-06-14 23:18:10,588 [INFO] HEARTBEAT — elapsed=1089s events=251 requestly=0 url=https://www.msport.com/ng/web/welcome
2026-06-14 23:20:10,698 [INFO] HEARTBEAT — elapsed=1209s events=276 requestly=0 url=https://www.msport.com/ng/web/welcome
2026-06-14 23:22:11,021 [INFO] HEARTBEAT — elapsed=1329s events=302 requestly=0 url=https://www.msport.com/ng/web/welcome
2026-06-14 23:24:11,570 [INFO] HEARTBEAT — elapsed=1450s events=326 requestly=0 url=https://www.msport.com/ng/web/welcome
2026-06-14 23:26:11,666 [INFO] HEARTBEAT — elapsed=1570s events=352 requestly=0 url=https://www.msport.com/ng/web/welcome
2026-06-14 23:28:11,911 [INFO] HEARTBEAT — elapsed=1690s events=377 requestly=0 url=https://www.msport.com/ng/web/welcome
2026-06-14 23:30:01,987 [INFO] Capture complete (1800s elapsed)
2026-06-14 23:30:01,990 [INFO] Finalizing capture (status=completed, duration=1800s)
2026-06-14 23:30:02,710 [DEBUG] Browser closed
2026-06-14 23:30:02,739 [INFO] Index metadata written: /home/ubuntu/faith-workspace/vfl-empire/network-capture/2026-06-14_230001/index.json
2026-06-14 23:30:02,739 [INFO] Capture finalized. Output: /home/ubuntu/faith-workspace/vfl-empire/network-capture/2026-06-14_230001
2026-06-14 23:30:02,777 [INFO] Successfully captured 402 Playwright events and 0 Requestly events
