2026-06-05 19:00:03,230 [INFO] Browser launched
2026-06-05 19:00:03,585 [INFO] Browser context and page created
2026-06-05 19:00:03,586 [INFO] Navigation attempt 1/3 to https://www.msport.com/ng/web/virtual
2026-06-05 19:00:08,538 [INFO] Navigation OK — URL: https://www.msport.com/ng/web/welcome
2026-06-05 19:00:08,544 [DEBUG] Playwright event listeners installed
2026-06-05 19:00:08,544 [WARNING] Requestly SDK not found at /tmp/node_modules/@requestly/web-sdk/dist/requestly-web-sdk.min.js — skipping Layer 2
2026-06-05 19:02:08,673 [INFO] HEARTBEAT — elapsed=127s events=50 requestly=0 url=https://www.msport.com/ng/web/welcome
2026-06-05 19:04:08,773 [INFO] HEARTBEAT — elapsed=247s events=82 requestly=0 url=https://www.msport.com/ng/web/welcome
2026-06-05 19:06:08,860 [INFO] HEARTBEAT — elapsed=367s events=115 requestly=0 url=https://www.msport.com/ng/web/welcome
2026-06-05 19:08:08,957 [INFO] HEARTBEAT — elapsed=487s events=147 requestly=0 url=https://www.msport.com/ng/web/welcome
2026-06-05 19:10:09,031 [INFO] HEARTBEAT — elapsed=607s events=179 requestly=0 url=https://www.msport.com/ng/web/welcome
2026-06-05 19:12:09,254 [INFO] HEARTBEAT — elapsed=727s events=211 requestly=0 url=https://www.msport.com/ng/web/welcome
2026-06-05 19:14:09,411 [INFO] HEARTBEAT — elapsed=847s events=244 requestly=0 url=https://www.msport.com/ng/web/welcome
2026-06-05 19:16:09,580 [INFO] HEARTBEAT — elapsed=967s events=276 requestly=0 url=https://www.msport.com/ng/web/welcome
2026-06-05 19:18:09,672 [INFO] HEARTBEAT — elapsed=1088s events=308 requestly=0 url=https://www.msport.com/ng/web/welcome
2026-06-05 19:20:09,732 [INFO] HEARTBEAT — elapsed=1208s events=341 requestly=0 url=https://www.msport.com/ng/web/welcome
2026-06-05 19:22:09,808 [INFO] HEARTBEAT — elapsed=1328s events=373 requestly=0 url=https://www.msport.com/ng/web/welcome
2026-06-05 19:24:09,880 [INFO] HEARTBEAT — elapsed=1448s events=406 requestly=0 url=https://www.msport.com/ng/web/welcome
2026-06-05 19:26:09,953 [INFO] HEARTBEAT — elapsed=1568s events=438 requestly=0 url=https://www.msport.com/ng/web/welcome
2026-06-05 19:28:10,038 [INFO] HEARTBEAT — elapsed=1688s events=470 requestly=0 url=https://www.msport.com/ng/web/welcome
2026-06-05 19:30:02,211 [INFO] Capture complete (1800s elapsed)
2026-06-05 19:30:02,212 [INFO] Finalizing capture (status=completed, duration=1800s)
2026-06-05 19:30:02,535 [DEBUG] Browser closed
2026-06-05 19:30:02,540 [INFO] Index metadata written: /home/ubuntu/faith-workspace/vfl-empire/network-capture/2026-06-05_190002/index.json
2026-06-05 19:30:02,540 [INFO] Capture finalized. Output: /home/ubuntu/faith-workspace/vfl-empire/network-capture/2026-06-05_190002
2026-06-05 19:30:02,562 [INFO] Successfully captured 501 Playwright events and 0 Requestly events
