2026-06-16 02:00:04,773 [INFO] Browser launched
2026-06-16 02:00:04,913 [INFO] Browser context and page created
2026-06-16 02:00:04,913 [INFO] Navigation attempt 1/3 to https://www.msport.com/ng/web/virtual
2026-06-16 02:00:13,275 [INFO] Navigation OK — URL: https://www.msport.com/ng/web/welcome
2026-06-16 02:00:13,304 [DEBUG] Playwright event listeners installed
2026-06-16 02:00:13,306 [WARNING] Requestly SDK not found at /tmp/node_modules/@requestly/web-sdk/dist/requestly-web-sdk.min.js — skipping Layer 2
2026-06-16 02:02:13,762 [INFO] HEARTBEAT — elapsed=132s events=25 requestly=0 url=https://www.msport.com/ng/web/welcome
2026-06-16 02:04:14,082 [INFO] HEARTBEAT — elapsed=252s events=48 requestly=0 url=https://www.msport.com/ng/web/welcome
2026-06-16 02:06:14,613 [INFO] HEARTBEAT — elapsed=373s events=73 requestly=0 url=https://www.msport.com/ng/web/welcome
2026-06-16 02:08:16,787 [INFO] HEARTBEAT — elapsed=495s events=95 requestly=0 url=https://www.msport.com/ng/web/welcome
2026-06-16 02:10:17,242 [INFO] HEARTBEAT — elapsed=616s events=118 requestly=0 url=https://www.msport.com/ng/web/welcome
2026-06-16 02:12:18,574 [INFO] HEARTBEAT — elapsed=737s events=140 requestly=0 url=https://www.msport.com/ng/web/welcome
2026-06-16 02:14:18,864 [INFO] HEARTBEAT — elapsed=857s events=162 requestly=0 url=https://www.msport.com/ng/web/welcome
2026-06-16 02:16:19,399 [INFO] HEARTBEAT — elapsed=978s events=186 requestly=0 url=https://www.msport.com/ng/web/welcome
2026-06-16 02:18:19,874 [INFO] HEARTBEAT — elapsed=1098s events=208 requestly=0 url=https://www.msport.com/ng/web/welcome
2026-06-16 02:20:20,155 [INFO] HEARTBEAT — elapsed=1218s events=232 requestly=0 url=https://www.msport.com/ng/web/welcome
2026-06-16 02:22:20,869 [INFO] HEARTBEAT — elapsed=1339s events=253 requestly=0 url=https://www.msport.com/ng/web/welcome
2026-06-16 02:24:22,161 [INFO] HEARTBEAT — elapsed=1460s events=277 requestly=0 url=https://www.msport.com/ng/web/welcome
2026-06-16 02:26:23,168 [INFO] HEARTBEAT — elapsed=1581s events=299 requestly=0 url=https://www.msport.com/ng/web/welcome
2026-06-16 02:28:24,130 [INFO] HEARTBEAT — elapsed=1702s events=321 requestly=0 url=https://www.msport.com/ng/web/welcome
2026-06-16 02:30:01,884 [INFO] Capture complete (1800s elapsed)
2026-06-16 02:30:01,893 [INFO] Finalizing capture (status=completed, duration=1800s)
2026-06-16 02:30:03,257 [DEBUG] Browser closed
2026-06-16 02:30:03,331 [INFO] Index metadata written: /home/ubuntu/faith-workspace/vfl-empire/network-capture/2026-06-16_020001/index.json
2026-06-16 02:30:03,331 [INFO] Capture finalized. Output: /home/ubuntu/faith-workspace/vfl-empire/network-capture/2026-06-16_020001
2026-06-16 02:30:03,897 [INFO] Successfully captured 340 Playwright events and 0 Requestly events
