2026-06-04 15:00:01,848 [INFO] Browser launched
2026-06-04 15:00:01,934 [INFO] Browser context and page created
2026-06-04 15:00:01,934 [INFO] Navigation attempt 1/3 to https://www.msport.com/ng/web/virtual
2026-06-04 15:00:05,144 [INFO] Navigation OK — URL: https://www.msport.com/ng/web/welcome
2026-06-04 15:00:05,150 [DEBUG] Playwright event listeners installed
2026-06-04 15:00:05,150 [WARNING] Requestly SDK not found at /tmp/node_modules/@requestly/web-sdk/dist/requestly-web-sdk.min.js — skipping Layer 2
2026-06-04 15:02:05,286 [INFO] HEARTBEAT — elapsed=124s events=58 requestly=0 url=https://www.msport.com/ng/web/welcome
2026-06-04 15:04:05,381 [INFO] HEARTBEAT — elapsed=244s events=96 requestly=0 url=https://www.msport.com/ng/web/welcome
2026-06-04 15:06:05,502 [INFO] HEARTBEAT — elapsed=364s events=134 requestly=0 url=https://www.msport.com/ng/web/welcome
2026-06-04 15:08:05,582 [INFO] HEARTBEAT — elapsed=484s events=171 requestly=0 url=https://www.msport.com/ng/web/welcome
2026-06-04 15:10:05,653 [INFO] HEARTBEAT — elapsed=604s events=210 requestly=0 url=https://www.msport.com/ng/web/welcome
2026-06-04 15:12:05,724 [INFO] HEARTBEAT — elapsed=724s events=248 requestly=0 url=https://www.msport.com/ng/web/welcome
2026-06-04 15:14:05,819 [INFO] HEARTBEAT — elapsed=845s events=286 requestly=0 url=https://www.msport.com/ng/web/welcome
2026-06-04 15:16:05,904 [INFO] HEARTBEAT — elapsed=965s events=324 requestly=0 url=https://www.msport.com/ng/web/welcome
2026-06-04 15:18:05,953 [INFO] HEARTBEAT — elapsed=1085s events=362 requestly=0 url=https://www.msport.com/ng/web/welcome
2026-06-04 15:20:06,010 [INFO] HEARTBEAT — elapsed=1205s events=400 requestly=0 url=https://www.msport.com/ng/web/welcome
2026-06-04 15:22:06,106 [INFO] HEARTBEAT — elapsed=1325s events=437 requestly=0 url=https://www.msport.com/ng/web/welcome
2026-06-04 15:24:06,220 [INFO] HEARTBEAT — elapsed=1445s events=476 requestly=0 url=https://www.msport.com/ng/web/welcome
2026-06-04 15:26:06,277 [INFO] HEARTBEAT — elapsed=1565s events=515 requestly=0 url=https://www.msport.com/ng/web/welcome
2026-06-04 15:28:06,367 [INFO] HEARTBEAT — elapsed=1685s events=553 requestly=0 url=https://www.msport.com/ng/web/welcome
2026-06-04 15:30:01,322 [INFO] Capture complete (1800s elapsed)
2026-06-04 15:30:01,323 [INFO] Finalizing capture (status=completed, duration=1800s)
2026-06-04 15:30:01,431 [DEBUG] Browser closed
2026-06-04 15:30:01,434 [INFO] Index metadata written: /home/ubuntu/faith-workspace/vfl-empire/network-capture/2026-06-04_150001/index.json
2026-06-04 15:30:01,435 [INFO] Capture finalized. Output: /home/ubuntu/faith-workspace/vfl-empire/network-capture/2026-06-04_150001
2026-06-04 15:30:01,471 [INFO] Successfully captured 589 Playwright events and 0 Requestly events
