2026-06-04 02:00:01,783 [INFO] Browser launched
2026-06-04 02:00:01,859 [INFO] Browser context and page created
2026-06-04 02:00:01,859 [INFO] Navigation attempt 1/3 to https://www.msport.com/ng/web/virtual
2026-06-04 02:00:16,279 [DEBUG] networkidle wait timeout (non-critical)
2026-06-04 02:00:16,279 [INFO] Navigation OK — URL: https://www.msport.com/ng/web/welcome
2026-06-04 02:00:16,281 [DEBUG] Playwright event listeners installed
2026-06-04 02:00:16,281 [WARNING] Requestly SDK not found at /tmp/node_modules/@requestly/web-sdk/dist/requestly-web-sdk.min.js — skipping Layer 2
2026-06-04 02:02:16,357 [INFO] HEARTBEAT — elapsed=135s events=39 requestly=0 url=https://www.msport.com/ng/web/welcome
2026-06-04 02:04:16,440 [INFO] HEARTBEAT — elapsed=255s events=79 requestly=0 url=https://www.msport.com/ng/web/welcome
2026-06-04 02:06:16,524 [INFO] HEARTBEAT — elapsed=375s events=116 requestly=0 url=https://www.msport.com/ng/web/welcome
2026-06-04 02:08:16,606 [INFO] HEARTBEAT — elapsed=495s events=156 requestly=0 url=https://www.msport.com/ng/web/welcome
2026-06-04 02:10:16,663 [INFO] HEARTBEAT — elapsed=615s events=194 requestly=0 url=https://www.msport.com/ng/web/welcome
2026-06-04 02:12:16,711 [INFO] HEARTBEAT — elapsed=735s events=234 requestly=0 url=https://www.msport.com/ng/web/welcome
2026-06-04 02:14:16,793 [INFO] HEARTBEAT — elapsed=856s events=273 requestly=0 url=https://www.msport.com/ng/web/welcome
2026-06-04 02:16:16,852 [INFO] HEARTBEAT — elapsed=976s events=313 requestly=0 url=https://www.msport.com/ng/web/welcome
2026-06-04 02:18:16,926 [INFO] HEARTBEAT — elapsed=1096s events=351 requestly=0 url=https://www.msport.com/ng/web/welcome
2026-06-04 02:20:16,994 [INFO] HEARTBEAT — elapsed=1216s events=390 requestly=0 url=https://www.msport.com/ng/web/welcome
2026-06-04 02:22:17,141 [INFO] HEARTBEAT — elapsed=1336s events=428 requestly=0 url=https://www.msport.com/ng/web/welcome
2026-06-04 02:24:17,287 [INFO] HEARTBEAT — elapsed=1456s events=466 requestly=0 url=https://www.msport.com/ng/web/welcome
2026-06-04 02:26:17,335 [INFO] HEARTBEAT — elapsed=1576s events=503 requestly=0 url=https://www.msport.com/ng/web/welcome
2026-06-04 02:28:17,420 [INFO] HEARTBEAT — elapsed=1696s events=540 requestly=0 url=https://www.msport.com/ng/web/welcome
2026-06-04 02:30:01,258 [INFO] Capture complete (1800s elapsed)
2026-06-04 02:30:01,258 [INFO] Finalizing capture (status=completed, duration=1800s)
2026-06-04 02:30:01,354 [DEBUG] Browser closed
2026-06-04 02:30:01,359 [INFO] Index metadata written: /home/ubuntu/faith-workspace/vfl-empire/network-capture/2026-06-04_020001/index.json
2026-06-04 02:30:01,359 [INFO] Capture finalized. Output: /home/ubuntu/faith-workspace/vfl-empire/network-capture/2026-06-04_020001
2026-06-04 02:30:01,381 [INFO] Successfully captured 573 Playwright events and 0 Requestly events
