2026-06-06 00:00:02,470 [INFO] Browser launched
2026-06-06 00:00:02,557 [INFO] Browser context and page created
2026-06-06 00:00:02,557 [INFO] Navigation attempt 1/3 to https://www.msport.com/ng/web/virtual
2026-06-06 00:00:16,706 [DEBUG] networkidle wait timeout (non-critical)
2026-06-06 00:00:16,706 [INFO] Navigation OK — URL: https://www.msport.com/ng/web/welcome
2026-06-06 00:00:16,708 [DEBUG] Playwright event listeners installed
2026-06-06 00:00:16,708 [WARNING] Requestly SDK not found at /tmp/node_modules/@requestly/web-sdk/dist/requestly-web-sdk.min.js — skipping Layer 2
2026-06-06 00:02:16,823 [INFO] HEARTBEAT — elapsed=135s events=36 requestly=0 url=https://www.msport.com/ng/web/welcome
2026-06-06 00:04:16,885 [INFO] HEARTBEAT — elapsed=255s events=72 requestly=0 url=https://www.msport.com/ng/web/welcome
2026-06-06 00:06:16,939 [INFO] HEARTBEAT — elapsed=375s events=109 requestly=0 url=https://www.msport.com/ng/web/welcome
2026-06-06 00:08:17,021 [INFO] HEARTBEAT — elapsed=495s events=146 requestly=0 url=https://www.msport.com/ng/web/welcome
2026-06-06 00:10:17,135 [INFO] HEARTBEAT — elapsed=615s events=183 requestly=0 url=https://www.msport.com/ng/web/welcome
2026-06-06 00:12:17,244 [INFO] HEARTBEAT — elapsed=735s events=220 requestly=0 url=https://www.msport.com/ng/web/welcome
2026-06-06 00:14:17,321 [INFO] HEARTBEAT — elapsed=855s events=258 requestly=0 url=https://www.msport.com/ng/web/welcome
2026-06-06 00:16:17,410 [INFO] HEARTBEAT — elapsed=975s events=295 requestly=0 url=https://www.msport.com/ng/web/welcome
2026-06-06 00:18:17,502 [INFO] HEARTBEAT — elapsed=1096s events=331 requestly=0 url=https://www.msport.com/ng/web/welcome
2026-06-06 00:20:17,563 [INFO] HEARTBEAT — elapsed=1216s events=368 requestly=0 url=https://www.msport.com/ng/web/welcome
2026-06-06 00:22:17,610 [INFO] HEARTBEAT — elapsed=1336s events=405 requestly=0 url=https://www.msport.com/ng/web/welcome
2026-06-06 00:24:17,682 [INFO] HEARTBEAT — elapsed=1456s events=443 requestly=0 url=https://www.msport.com/ng/web/welcome
2026-06-06 00:26:17,761 [INFO] HEARTBEAT — elapsed=1576s events=480 requestly=0 url=https://www.msport.com/ng/web/welcome
2026-06-06 00:28:17,852 [INFO] HEARTBEAT — elapsed=1696s events=517 requestly=0 url=https://www.msport.com/ng/web/welcome
2026-06-06 00:30:01,923 [INFO] Capture complete (1800s elapsed)
2026-06-06 00:30:01,925 [INFO] Finalizing capture (status=completed, duration=1800s)
2026-06-06 00:30:02,066 [DEBUG] Browser closed
2026-06-06 00:30:02,073 [INFO] Index metadata written: /home/ubuntu/faith-workspace/vfl-empire/network-capture/2026-06-06_000001/index.json
2026-06-06 00:30:02,073 [INFO] Capture finalized. Output: /home/ubuntu/faith-workspace/vfl-empire/network-capture/2026-06-06_000001
2026-06-06 00:30:02,107 [INFO] Successfully captured 549 Playwright events and 0 Requestly events
