2026-06-16 00:00:03,817 [INFO] Browser launched
2026-06-16 00:00:04,025 [INFO] Browser context and page created
2026-06-16 00:00:04,025 [INFO] Navigation attempt 1/3 to https://www.msport.com/ng/web/virtual
2026-06-16 00:00:08,323 [INFO] Navigation OK — URL: https://www.msport.com/ng/web/welcome
2026-06-16 00:00:08,331 [DEBUG] Playwright event listeners installed
2026-06-16 00:00:08,332 [WARNING] Requestly SDK not found at /tmp/node_modules/@requestly/web-sdk/dist/requestly-web-sdk.min.js — skipping Layer 2
2026-06-16 00:02:08,889 [INFO] HEARTBEAT — elapsed=127s events=43 requestly=0 url=https://www.msport.com/ng/web/welcome
2026-06-16 00:04:09,150 [INFO] HEARTBEAT — elapsed=247s events=67 requestly=0 url=https://www.msport.com/ng/web/welcome
2026-06-16 00:06:09,556 [INFO] HEARTBEAT — elapsed=368s events=91 requestly=0 url=https://www.msport.com/ng/web/welcome
2026-06-16 00:08:10,216 [INFO] HEARTBEAT — elapsed=489s events=114 requestly=0 url=https://www.msport.com/ng/web/welcome
2026-06-16 00:10:10,429 [INFO] HEARTBEAT — elapsed=609s events=139 requestly=0 url=https://www.msport.com/ng/web/welcome
2026-06-16 00:12:10,801 [INFO] HEARTBEAT — elapsed=729s events=160 requestly=0 url=https://www.msport.com/ng/web/welcome
2026-06-16 00:14:10,987 [INFO] HEARTBEAT — elapsed=849s events=185 requestly=0 url=https://www.msport.com/ng/web/welcome
2026-06-16 00:16:11,183 [INFO] HEARTBEAT — elapsed=969s events=209 requestly=0 url=https://www.msport.com/ng/web/welcome
2026-06-16 00:18:11,787 [INFO] HEARTBEAT — elapsed=1090s events=231 requestly=0 url=https://www.msport.com/ng/web/welcome
2026-06-16 00:20:12,784 [INFO] HEARTBEAT — elapsed=1211s events=254 requestly=0 url=https://www.msport.com/ng/web/welcome
2026-06-16 00:22:13,950 [INFO] HEARTBEAT — elapsed=1332s events=277 requestly=0 url=https://www.msport.com/ng/web/welcome
2026-06-16 00:24:14,109 [INFO] HEARTBEAT — elapsed=1452s events=301 requestly=0 url=https://www.msport.com/ng/web/welcome
2026-06-16 00:26:14,429 [INFO] HEARTBEAT — elapsed=1573s events=324 requestly=0 url=https://www.msport.com/ng/web/welcome
2026-06-16 00:28:14,741 [INFO] HEARTBEAT — elapsed=1693s events=347 requestly=0 url=https://www.msport.com/ng/web/welcome
2026-06-16 00:30:01,721 [INFO] Capture complete (1800s elapsed)
2026-06-16 00:30:01,723 [INFO] Finalizing capture (status=completed, duration=1800s)
2026-06-16 00:30:03,185 [DEBUG] Browser closed
2026-06-16 00:30:03,208 [INFO] Index metadata written: /home/ubuntu/faith-workspace/vfl-empire/network-capture/2026-06-16_000001/index.json
2026-06-16 00:30:03,209 [INFO] Capture finalized. Output: /home/ubuntu/faith-workspace/vfl-empire/network-capture/2026-06-16_000001
2026-06-16 00:30:03,582 [INFO] Successfully captured 368 Playwright events and 0 Requestly events
