2026-06-05 06:00:02,391 [INFO] Browser launched
2026-06-05 06:00:02,618 [INFO] Browser context and page created
2026-06-05 06:00:02,618 [INFO] Navigation attempt 1/3 to https://www.msport.com/ng/web/virtual
2026-06-05 06:00:06,730 [INFO] Navigation OK — URL: https://www.msport.com/ng/web/welcome
2026-06-05 06:00:06,732 [DEBUG] Playwright event listeners installed
2026-06-05 06:00:06,732 [WARNING] Requestly SDK not found at /tmp/node_modules/@requestly/web-sdk/dist/requestly-web-sdk.min.js — skipping Layer 2
2026-06-05 06:02:06,860 [INFO] HEARTBEAT — elapsed=125s events=54 requestly=0 url=https://www.msport.com/ng/web/welcome
2026-06-05 06:04:07,121 [INFO] HEARTBEAT — elapsed=246s events=89 requestly=0 url=https://www.msport.com/ng/web/welcome
2026-06-05 06:06:07,346 [INFO] HEARTBEAT — elapsed=366s events=124 requestly=0 url=https://www.msport.com/ng/web/welcome
2026-06-05 06:08:07,448 [INFO] HEARTBEAT — elapsed=486s events=160 requestly=0 url=https://www.msport.com/ng/web/welcome
2026-06-05 06:10:07,594 [INFO] HEARTBEAT — elapsed=606s events=195 requestly=0 url=https://www.msport.com/ng/web/welcome
2026-06-05 06:12:07,666 [INFO] HEARTBEAT — elapsed=726s events=227 requestly=0 url=https://www.msport.com/ng/web/welcome
2026-06-05 06:14:07,740 [INFO] HEARTBEAT — elapsed=846s events=262 requestly=0 url=https://www.msport.com/ng/web/welcome
2026-06-05 06:16:07,808 [INFO] HEARTBEAT — elapsed=966s events=298 requestly=0 url=https://www.msport.com/ng/web/welcome
2026-06-05 06:18:07,868 [INFO] HEARTBEAT — elapsed=1086s events=334 requestly=0 url=https://www.msport.com/ng/web/welcome
2026-06-05 06:20:07,958 [INFO] HEARTBEAT — elapsed=1206s events=369 requestly=0 url=https://www.msport.com/ng/web/welcome
2026-06-05 06:22:08,033 [INFO] HEARTBEAT — elapsed=1326s events=405 requestly=0 url=https://www.msport.com/ng/web/welcome
2026-06-05 06:24:08,140 [INFO] HEARTBEAT — elapsed=1447s events=443 requestly=0 url=https://www.msport.com/ng/web/welcome
2026-06-05 06:26:08,234 [INFO] HEARTBEAT — elapsed=1567s events=479 requestly=0 url=https://www.msport.com/ng/web/welcome
2026-06-05 06:28:08,368 [INFO] HEARTBEAT — elapsed=1687s events=518 requestly=0 url=https://www.msport.com/ng/web/welcome
2026-06-05 06:30:01,563 [INFO] Capture complete (1800s elapsed)
2026-06-05 06:30:01,563 [INFO] Finalizing capture (status=completed, duration=1800s)
2026-06-05 06:30:01,674 [DEBUG] Browser closed
2026-06-05 06:30:01,678 [INFO] Index metadata written: /home/ubuntu/faith-workspace/vfl-empire/network-capture/2026-06-05_060001/index.json
2026-06-05 06:30:01,678 [INFO] Capture finalized. Output: /home/ubuntu/faith-workspace/vfl-empire/network-capture/2026-06-05_060001
2026-06-05 06:30:01,700 [INFO] Successfully captured 552 Playwright events and 0 Requestly events
