2026-06-14 06:00:02,577 [INFO] Browser launched
2026-06-14 06:00:02,796 [INFO] Browser context and page created
2026-06-14 06:00:02,796 [INFO] Navigation attempt 1/3 to https://www.msport.com/ng/web/virtual
2026-06-14 06:00:08,502 [INFO] Navigation OK — URL: https://www.msport.com/ng/web/welcome
2026-06-14 06:00:08,505 [DEBUG] Playwright event listeners installed
2026-06-14 06:00:08,505 [WARNING] Requestly SDK not found at /tmp/node_modules/@requestly/web-sdk/dist/requestly-web-sdk.min.js — skipping Layer 2
2026-06-14 06:02:08,649 [INFO] HEARTBEAT — elapsed=127s events=45 requestly=0 url=https://www.msport.com/ng/web/welcome
2026-06-14 06:04:08,797 [INFO] HEARTBEAT — elapsed=247s events=71 requestly=0 url=https://www.msport.com/ng/web/welcome
2026-06-14 06:06:08,903 [INFO] HEARTBEAT — elapsed=367s events=98 requestly=0 url=https://www.msport.com/ng/web/welcome
2026-06-14 06:08:08,990 [INFO] HEARTBEAT — elapsed=487s events=124 requestly=0 url=https://www.msport.com/ng/web/welcome
2026-06-14 06:10:09,167 [INFO] HEARTBEAT — elapsed=607s events=151 requestly=0 url=https://www.msport.com/ng/web/welcome
2026-06-14 06:12:09,599 [INFO] HEARTBEAT — elapsed=728s events=177 requestly=0 url=https://www.msport.com/ng/web/welcome
2026-06-14 06:14:09,715 [INFO] HEARTBEAT — elapsed=848s events=205 requestly=0 url=https://www.msport.com/ng/web/welcome
2026-06-14 06:16:09,920 [INFO] HEARTBEAT — elapsed=968s events=231 requestly=0 url=https://www.msport.com/ng/web/welcome
2026-06-14 06:18:09,996 [INFO] HEARTBEAT — elapsed=1088s events=258 requestly=0 url=https://www.msport.com/ng/web/welcome
2026-06-14 06:20:10,123 [INFO] HEARTBEAT — elapsed=1208s events=285 requestly=0 url=https://www.msport.com/ng/web/welcome
2026-06-14 06:22:10,343 [INFO] HEARTBEAT — elapsed=1329s events=312 requestly=0 url=https://www.msport.com/ng/web/welcome
2026-06-14 06:24:10,507 [INFO] HEARTBEAT — elapsed=1449s events=337 requestly=0 url=https://www.msport.com/ng/web/welcome
2026-06-14 06:26:10,830 [INFO] HEARTBEAT — elapsed=1569s events=364 requestly=0 url=https://www.msport.com/ng/web/welcome
2026-06-14 06:28:10,927 [INFO] HEARTBEAT — elapsed=1689s events=391 requestly=0 url=https://www.msport.com/ng/web/welcome
2026-06-14 06:30:01,842 [INFO] Capture complete (1800s elapsed)
2026-06-14 06:30:01,842 [INFO] Finalizing capture (status=completed, duration=1800s)
2026-06-14 06:30:02,152 [DEBUG] Browser closed
2026-06-14 06:30:02,224 [INFO] Index metadata written: /home/ubuntu/faith-workspace/vfl-empire/network-capture/2026-06-14_060001/index.json
2026-06-14 06:30:02,225 [INFO] Capture finalized. Output: /home/ubuntu/faith-workspace/vfl-empire/network-capture/2026-06-14_060001
2026-06-14 06:30:02,349 [INFO] Successfully captured 416 Playwright events and 0 Requestly events
